python : 2026-03-02 17:55:23,571 modules.ml_screener [DEBUG] [ML Progress] Init
ialising 0% —  Starting Martin Luk Pullback Scan…
位於 線路:1 字元:51
+ ... \SEPA-StockLab"; python test_ml_mini.py >test_output.log 2>&1; Get-It ...
+                      ~~~~~~~~~~~~~~~~~~~~~~~~~~~~~~~~~~~~~~~~~~~~
    + CategoryInfo          : NotSpecified: (2026-03-02 17:5... Pullback Scan… 
   :String) [], RemoteException
    + FullyQualifiedErrorId : NativeCommandError
 
2026-03-02 17:55:23,571 modules.ml_screener [INFO] ════════════════════════════
═════════════════════════════════════
2026-03-02 17:55:23,571 modules.ml_screener [INFO]   MARTIN LUK PULLBACK SCAN [
STANDARD] — 2026-03-02 17:55
2026-03-02 17:55:23,571 modules.ml_screener [INFO] ════════════════════════════
═════════════════════════════════════
2026-03-02 17:55:23,955 modules.market_env [INFO] [Progress 5%] Fetching index 
data — Downloading SPY, QQQ, IWM, DIA…
2026-03-02 17:55:23,955 modules.market_env [INFO] Fetching market index data fo
r {'SPY': 'S&P 500', 'QQQ': 'NASDAQ 100', 'IWM': 'Russell 2000', 'DIA': 'Dow Jo
nes'} …
2026-03-02 17:55:23,955 modules.market_env [INFO] [Progress 5%] Fetching index 
data — Downloading SPY (1/4)…
2026-03-02 17:55:24,173 modules.market_env [INFO]   SPY: fetched 251 rows, last
 close=685.99
2026-03-02 17:55:24,173 modules.market_env [INFO] [Progress 8%] Fetching index 
data — Downloading QQQ (2/4)…
2026-03-02 17:55:24,205 modules.market_env [INFO]   QQQ: fetched 251 rows, last
 close=607.29
2026-03-02 17:55:24,205 modules.market_env [INFO] [Progress 11%] Fetching index
 data — Downloading IWM (3/4)…
2026-03-02 17:55:24,237 modules.market_env [INFO]   IWM: fetched 251 rows, last
 close=261.41
2026-03-02 17:55:24,237 modules.market_env [INFO] [Progress 14%] Fetching index
 data — Downloading DIA (4/4)…
2026-03-02 17:55:24,266 modules.market_env [INFO]   DIA: fetched 251 rows, last
 close=489.66
2026-03-02 17:55:24,266 modules.market_env [INFO] Successfully fetched 4/4 indi
ces: ['SPY', 'QQQ', 'IWM', 'DIA']
2026-03-02 17:55:24,266 modules.market_env [INFO] [Progress 20%] Analysing inde
x trends — SPY / QQQ / IWM trend analysis…
2026-03-02 17:55:24,266 modules.market_env [INFO] --- Analysing index trends --
-
2026-03-02 17:55:24,267 modules.market_env [INFO]   SPY trend: {'status': 'UPTR
END', 'close': 685.99, 'ytd_pct': 16.8, 'sma200_rising': True, 'above_smas': {'
sma50': True, 'sma150': True, 'sma200': True}, 'trend_score': 4, 'pct_from_52w_
high': -1.4}
2026-03-02 17:55:24,267 modules.market_env [INFO]   QQQ trend: {'status': 'UPTR
END', 'close': 607.29, 'ytd_pct': 20.1, 'sma200_rising': True, 'above_smas': {'
sma50': False, 'sma150': True, 'sma200': True}, 'trend_score': 3, 'pct_from_52w
_high': -4.4}
2026-03-02 17:55:24,268 modules.market_env [INFO]   IWM trend: {'status': 'UPTR
END', 'close': 261.41, 'ytd_pct': 23.2, 'sma200_rising': True, 'above_smas': {'
sma50': True, 'sma150': True, 'sma200': True}, 'trend_score': 4, 'pct_from_52w_
high': -3.1}
2026-03-02 17:55:24,268 modules.market_env [INFO]   DIA trend: {'status': 'UPTR
END', 'close': 489.66, 'ytd_pct': 13.4, 'sma200_rising': True, 'above_smas': {'
sma50': True, 'sma150': True, 'sma200': True}, 'trend_score': 4, 'pct_from_52w_
high': -2.3}
2026-03-02 17:55:24,268 modules.market_env [INFO] [Progress 30%] Counting distr
ibution days — Checking last 25 sessions…
2026-03-02 17:55:24,268 modules.market_env [INFO] --- Counting distribution day
s ---
2026-03-02 17:55:24,271 modules.market_env [INFO]   SPY dist_days=6  QQQ dist_d
ays=6
2026-03-02 17:55:24,271 modules.market_env [INFO] [Progress 40%] Measuring mark
et breadth — Fetching %% stocks above SMA200 (finviz)…
2026-03-02 17:55:24,271 modules.market_env [INFO] --- Measuring breadth (%%abov
e SMA200) ---
2026-03-02 17:55:24,271 modules.market_env [INFO] [Progress 42%] Measuring mark
et breadth — Counting stocks above SMA200…
2026-03-02 17:55:24,272 urllib3.connectionpool [DEBUG] Starting new HTTPS conne
ction (1): finviz.com:443
2026-03-02 17:55:24,699 urllib3.connectionpool [DEBUG] https://finviz.com:443 "
GET /screener.ashx?v=111&f=geo_usa,sh_avgvol_o100,sh_price_o5,ta_sma200_pa HTTP
/1.1" 200 None
2026-03-02 17:55:24,721 modules.market_env [DEBUG] Breadth: n_above=2751
2026-03-02 17:55:24,721 modules.market_env [INFO] [Progress 46%] Measuring mark
et breadth — Counting total stocks…
2026-03-02 17:55:24,722 urllib3.connectionpool [DEBUG] Starting new HTTPS conne
ction (1): finviz.com:443
2026-03-02 17:55:25,151 urllib3.connectionpool [DEBUG] https://finviz.com:443 "
GET /screener.ashx?v=111&f=geo_usa,sh_avgvol_o100,sh_price_o5 HTTP/1.1" 200 Non
e
2026-03-02 17:55:25,173 modules.market_env [DEBUG] Breadth: n_total=4243
2026-03-02 17:55:25,173 modules.market_env [INFO] Breadth result: 2751/4243 = 6
4.8%
2026-03-02 17:55:25,173 modules.market_env [INFO]   breadth_pct=64.8
2026-03-02 17:55:25,174 modules.market_env [INFO] [Progress 55%] Computing NH/N
L ratio — Fetching 52-week new highs & lows (finviz)…
2026-03-02 17:55:25,174 modules.market_env [INFO] --- Computing NH/NL ratio ---
2026-03-02 17:55:25,174 modules.market_env [INFO] [Progress 57%] Computing NH/N
L ratio — Counting 52-week new highs…
2026-03-02 17:55:25,174 urllib3.connectionpool [DEBUG] Starting new HTTPS conne
ction (1): finviz.com:443
2026-03-02 17:55:25,606 urllib3.connectionpool [DEBUG] https://finviz.com:443 "
GET /screener.ashx?v=111&f=geo_usa,sh_avgvol_o100,sh_price_o5,ta_highlow52w_nh 
HTTP/1.1" 200 None
2026-03-02 17:55:25,631 modules.market_env [DEBUG] NH/NL: n_nh=373
2026-03-02 17:55:25,631 modules.market_env [INFO] [Progress 62%] Computing NH/N
L ratio — Counting 52-week new lows…
2026-03-02 17:55:25,632 urllib3.connectionpool [DEBUG] Starting new HTTPS conne
ction (1): finviz.com:443
2026-03-02 17:55:26,064 urllib3.connectionpool [DEBUG] https://finviz.com:443 "
GET /screener.ashx?v=111&f=geo_usa,sh_avgvol_o100,sh_price_o5,ta_highlow52w_nl 
HTTP/1.1" 200 None
2026-03-02 17:55:26,088 modules.market_env [DEBUG] NH/NL: n_nl=78
2026-03-02 17:55:26,089 modules.market_env [INFO] NH/NL result: 373 NH, 78 NL →
 ratio=82.7%
2026-03-02 17:55:26,089 modules.market_env [INFO]   nh_nl_ratio=82.7
2026-03-02 17:55:26,089 modules.market_env [INFO] [Progress 70%] Fetching secto
r rankings — Querying sector performance (finviz)…
2026-03-02 17:55:26,089 modules.market_env [INFO] --- Fetching sector rankings 
---
2026-03-02 17:55:26,090 urllib3.connectionpool [DEBUG] Starting new HTTPS conne
ction (1): finviz.com:443
2026-03-02 17:55:26,510 urllib3.connectionpool [DEBUG] https://finviz.com:443 "
GET /groups.ashx?v=140&g=sector&o=name HTTP/1.1" 200 None
2026-03-02 17:55:26,525 modules.market_env [INFO] Sector rankings: 11 sectors f
etched
2026-03-02 17:55:26,529 modules.market_env [DEBUG] Sector data:
                      Name Perf Week  Perf Month  Perf Quart  Perf Half  Perf Y
ear  Perf YTD    Avg Volume  Rel Volume  Change        Volume
0          Basic Materials     4.23%      0.0580      0.3529     0.4201     0.5
990    0.2618  8.173500e+08        0.87  0.0074  7.148300e+08
1   Communication Services     0.68%     -0.0278     -0.0129     0.1053     0.2
607   -0.0093  7.189900e+08        1.48  0.0132  1.070000e+09
2        Consumer Cyclical    -1.17%     -0.0539     -0.0161    -0.0117     0.0
609   -0.0339  1.120000e+09        1.10 -0.0034  1.230000e+09
3       Consumer Defensive     2.40%      0.0900      0.1550     0.1357     0.1
380    0.1536  4.680800e+08        1.09  0.0145  5.112900e+08
4                   Energy     2.07%      0.1007      0.2375     0.2460     0.2
736    0.2285  7.025100e+08        1.15  0.0157  8.058800e+08
5                Financial    -2.27%     -0.0303      0.0116     0.0104     0.1
171   -0.0339  1.490000e+09        1.43 -0.0218  2.130000e+09
6               Healthcare     1.36%      0.0259      0.0152     0.1655     0.1
020    0.0338  1.400000e+09        1.27  0.0133  1.780000e+09
7              Industrials    -0.11%      0.0691      0.1800     0.1782     0.3
434    0.1520  1.080000e+09        1.15 -0.0013  1.250000e+09
8              Real Estate     0.65%      0.0611      0.0532     0.0334     0.0
219    0.0780  4.614100e+08        1.50  0.0004  6.910300e+08
9               Technology    -1.65%     -0.0568     -0.0163     0.0348     0.1
920   -0.0314  2.520000e+09        1.26 -0.0190  3.190000e+09
10               Utilities     2.31%      0.0822      0.0826     0.1416     0.2
384    0.1148  2.200900e+08        1.45  0.0048  3.183100e+08
2026-03-02 17:55:26,532 modules.market_env [DEBUG] Sector classify: col=Perf We
ek  top=['Basic Materials', 'Consumer Defensive', 'Utilities']  bot=['Financial
', 'Technology', 'Consumer Cyclical']
2026-03-02 17:55:26,532 modules.market_env [INFO]   leading=['Basic Materials',
 'Consumer Defensive', 'Utilities']  lagging=['Financial', 'Technology', 'Consu
mer Cyclical']
2026-03-02 17:55:26,532 modules.market_env [INFO] [Progress 85%] Classifying re
gime — Computing regime & action matrix…
2026-03-02 17:55:26,532 modules.market_env [INFO] --- Classifying regime ---
2026-03-02 17:55:26,532 modules.market_env [DEBUG] Regime inputs: spy_score=4 q
qq_score=3 iwm_score=4 avg=3.7 dist=6 breadth=64.8 nh_nl=82.7
2026-03-02 17:55:26,532 modules.market_env [DEBUG] Regime signals: bull=4 bear=
1 spy_dir=UPTREND
2026-03-02 17:55:26,532 modules.market_env [INFO]   regime=BULL_UNCONFIRMED  ac
tion={'max_open_positions': 4, 'max_portfolio_pct': 60, 'stop_mode': 'NORMAL', 
'note': 'Buy select setups; raise stops on winners  [DIST DAY WARNING: reduce e
xposure]'}
2026-03-02 17:55:26,533 modules.market_env [INFO] Assessment complete: regime=B
ULL_UNCONFIRMED, breadth=64.8, nh_nl=82.7, dist_days=6
2026-03-02 17:55:26,533 modules.market_env [INFO] [Progress 100%] Complete — Re
gime: BULL_UNCONFIRMED
2026-03-02 17:55:26,533 modules.ml_screener [DEBUG] [ML Progress] Stage 1 2% — 
 連接 NASDAQ FTP 中… Connecting to NASDAQ FTP…
2026-03-02 17:55:26,534 modules.ml_screener [INFO] [ML Stage1] Source: NASDAQ F
TP (price>5, vol>300000)
2026-03-02 17:55:26,534 modules.ml_screener [DEBUG] [ML Progress] Stage 1 3% — 
 下載 NASDAQ 股票清單… Downloading NASDAQ ticker list…
2026-03-02 17:55:26,539 modules.nasdaq_universe [INFO] [NASDAQ Universe] File c
ache HIT — 0.4h old, 4141 rows → 2604 pass filter (price\u22655.00, vol\u226530
0000)
2026-03-02 17:55:26,542 modules.ml_screener [DEBUG] [ML Progress] Stage 1 10% —
  \u2713 Stage 1 完成 (NASDAQ FTP): 2,604 個候選股票
2026-03-02 17:55:26,542 modules.ml_screener [INFO] [ML Stage1] \u2713 NASDAQ FT
P: 2604 candidates in 0.0s
2026-03-02 17:55:26,542 modules.ml_screener [INFO] [ML Scan] Stage1: 2604 candi
dates
2026-03-02 17:55:26,542 modules.ml_screener [DEBUG] [ML Progress] Stage 2 12% —
  下載 2604 個股票歷史數據… Downloading history…
2026-03-02 17:55:26,542 modules.ml_screener [INFO] [ML Stage2] Processing 2604 
candidates
2026-03-02 17:56:40,003 modules.data_pipeline [INFO] [Batch] 23/2604 tickers ne
ed download (2581 cached)
2026-03-02 17:56:40,003 modules.ml_screener [DEBUG] [ML Progress] Stage 2 47% —
  Downloading batch 1/1 (23 tickers)
2026-03-02 17:56:40,003 modules.data_pipeline [DEBUG] [Batch 1] Downloading 23 
tickers: ['AGBK', 'BOBS', 'BTGO', 'CTAAU', 'DBCA', 'EIKN', 'EQPT', 'FCNCN', 'FJ
ET', 'FPS', 'FVAV', 'GENB', 'ILLUU', 'INFQ', 'LIFE', 'MDLN', 'MWH', 'OFRM', 'PI
CS', 'RNA', 'TRGSU', 'WPAC', 'YSS']
2026-03-02 17:56:40,004 yfinance [DEBUG] Entering download()
2026-03-02 17:56:40,004 yfinance [DEBUG] Disabling multithreading because DEBUG
 logging enabled
2026-03-02 17:56:40,004 yfinance [DEBUG]  Entering history()
2026-03-02 17:56:40,010 peewee [DEBUG] ('CREATE TABLE IF NOT EXISTS "_tz_kv" ("
key" VARCHAR(255) NOT NULL PRIMARY KEY, "value" VARCHAR(255)) WITHOUT ROWID', [
])
2026-03-02 17:56:40,010 peewee [DEBUG] ('SELECT "t1"."key", "t1"."value" FROM "
_tz_kv" AS "t1" WHERE ("t1"."key" = ?) LIMIT ? OFFSET ?', ['EQPT', 1, 0])
2026-03-02 17:56:40,034 yfinance [DEBUG]   Entering history()
2026-03-02 17:56:40,034 yfinance [DEBUG] EQPT: Yahoo GET parameters: {'range': 
'1y', 'interval': '1d', 'includePrePost': False, 'events': 'div,splits,capitalG
ains'}
2026-03-02 17:56:40,034 yfinance [DEBUG]    Entering get()
2026-03-02 17:56:40,034 yfinance [DEBUG]     Entering _make_request()
2026-03-02 17:56:40,034 yfinance [DEBUG] url=https://query2.finance.yahoo.com/v
8/finance/chart/EQPT
2026-03-02 17:56:40,034 yfinance [DEBUG] params={'range': '1y', 'interval': '1d
', 'includePrePost': False, 'events': 'div,splits,capitalGains'}
2026-03-02 17:56:40,034 yfinance [DEBUG]      Entering _get_cookie_and_crumb()
2026-03-02 17:56:40,034 yfinance [DEBUG] cookie_mode = 'basic'
2026-03-02 17:56:40,034 yfinance [DEBUG]       Entering _get_cookie_and_crumb_b
asic()
2026-03-02 17:56:40,034 yfinance [DEBUG]        Entering _get_cookie_basic()
2026-03-02 17:56:40,034 yfinance [DEBUG]         Entering _load_cookie_curlCffi
()
2026-03-02 17:56:40,035 peewee [DEBUG] ('CREATE TABLE IF NOT EXISTS "_cookiesch
ema" ("strategy" VARCHAR(255) NOT NULL PRIMARY KEY, "fetch_date" DATETIME NOT N
ULL, "cookie_bytes" BLOB NOT NULL) WITHOUT ROWID', [])
2026-03-02 17:56:40,036 peewee [DEBUG] ('SELECT "t1"."strategy", "t1"."fetch_da
te", "t1"."cookie_bytes" FROM "_cookieschema" AS "t1" WHERE ("t1"."strategy" = 
?) LIMIT ? OFFSET ?', ['curlCffi', 1, 0])
2026-03-02 17:56:40,036 yfinance [DEBUG]         Exiting _load_cookie_curlCffi(
)
2026-03-02 17:56:40,036 yfinance [DEBUG] reusing persistent cookie
2026-03-02 17:56:40,036 yfinance [DEBUG]        Exiting _get_cookie_basic()
2026-03-02 17:56:40,036 yfinance [DEBUG]        Entering _get_crumb_basic()
2026-03-02 17:56:40,036 yfinance [DEBUG]         Entering _get_cookie_basic()
2026-03-02 17:56:40,036 yfinance [DEBUG] reusing cookie
2026-03-02 17:56:40,036 yfinance [DEBUG]         Exiting _get_cookie_basic()
2026-03-02 17:56:40,339 yfinance [DEBUG] crumb = 'poodch7Iy7Z'
2026-03-02 17:56:40,339 yfinance [DEBUG]        Exiting _get_crumb_basic()
2026-03-02 17:56:40,339 yfinance [DEBUG]       Exiting _get_cookie_and_crumb_ba
sic()
2026-03-02 17:56:40,340 yfinance [DEBUG]      Exiting _get_cookie_and_crumb()
2026-03-02 17:56:40,426 yfinance [DEBUG] response code=200
2026-03-02 17:56:40,426 yfinance [DEBUG]     Exiting _make_request()
2026-03-02 17:56:40,427 yfinance [DEBUG]    Exiting get()
2026-03-02 17:56:40,430 yfinance [DEBUG] EQPT: yfinance received OHLC data: 202
6-01-23 14:30:00 -> 2026-02-27 14:30:00
2026-03-02 17:56:40,434 yfinance [DEBUG] EQPT: OHLC after cleaning: 2026-01-23 
09:30:00-05:00 -> 2026-02-27 09:30:00-05:00
2026-03-02 17:56:40,436 yfinance [DEBUG] EQPT: OHLC after combining events: 202
6-01-23 00:00:00-05:00 -> 2026-02-27 00:00:00-05:00
2026-03-02 17:56:40,440 yfinance [DEBUG] EQPT: yfinance returning OHLC: 2026-01
-23 00:00:00-05:00 -> 2026-02-27 00:00:00-05:00
2026-03-02 17:56:40,441 yfinance [DEBUG]   Exiting history()
2026-03-02 17:56:40,441 yfinance [DEBUG]  Exiting history()
2026-03-02 17:56:40,441 yfinance [DEBUG]  Entering history()
2026-03-02 17:56:40,441 peewee [DEBUG] ('SELECT "t1"."key", "t1"."value" FROM "
_tz_kv" AS "t1" WHERE ("t1"."key" = ?) LIMIT ? OFFSET ?', ['AGBK', 1, 0])
2026-03-02 17:56:40,441 yfinance [DEBUG]   Entering history()
2026-03-02 17:56:40,441 yfinance [DEBUG] AGBK: Yahoo GET parameters: {'range': 
'1y', 'interval': '1d', 'includePrePost': False, 'events': 'div,splits,capitalG
ains'}
2026-03-02 17:56:40,441 yfinance [DEBUG]    Entering get()
2026-03-02 17:56:40,441 yfinance [DEBUG]     Entering _make_request()
2026-03-02 17:56:40,441 yfinance [DEBUG] url=https://query2.finance.yahoo.com/v
8/finance/chart/AGBK
2026-03-02 17:56:40,441 yfinance [DEBUG] params={'range': '1y', 'interval': '1d
', 'includePrePost': False, 'events': 'div,splits,capitalGains'}
2026-03-02 17:56:40,441 yfinance [DEBUG]      Entering _get_cookie_and_crumb()
2026-03-02 17:56:40,441 yfinance [DEBUG] cookie_mode = 'basic'
2026-03-02 17:56:40,441 yfinance [DEBUG]       Entering _get_cookie_and_crumb_b
asic()
2026-03-02 17:56:40,441 yfinance [DEBUG]        Entering _get_cookie_basic()
2026-03-02 17:56:40,441 yfinance [DEBUG] reusing cookie
2026-03-02 17:56:40,441 yfinance [DEBUG]        Exiting _get_cookie_basic()
2026-03-02 17:56:40,441 yfinance [DEBUG]        Entering _get_crumb_basic()
2026-03-02 17:56:40,441 yfinance [DEBUG] reusing crumb
2026-03-02 17:56:40,441 yfinance [DEBUG]        Exiting _get_crumb_basic()
2026-03-02 17:56:40,441 yfinance [DEBUG]       Exiting _get_cookie_and_crumb_ba
sic()
2026-03-02 17:56:40,441 yfinance [DEBUG]      Exiting _get_cookie_and_crumb()
2026-03-02 17:56:40,493 yfinance [DEBUG] response code=200
2026-03-02 17:56:40,494 yfinance [DEBUG]     Exiting _make_request()
2026-03-02 17:56:40,494 yfinance [DEBUG]    Exiting get()
2026-03-02 17:56:40,496 yfinance [DEBUG] AGBK: yfinance received OHLC data: 202
6-02-11 14:30:00 -> 2026-02-27 14:30:00
2026-03-02 17:56:40,497 yfinance [DEBUG] AGBK: OHLC after cleaning: 2026-02-11 
09:30:00-05:00 -> 2026-02-27 09:30:00-05:00
2026-03-02 17:56:40,500 yfinance [DEBUG] AGBK: OHLC after combining events: 202
6-02-11 00:00:00-05:00 -> 2026-02-27 00:00:00-05:00
2026-03-02 17:56:40,505 yfinance [DEBUG] AGBK: yfinance returning OHLC: 2026-02
-11 00:00:00-05:00 -> 2026-02-27 00:00:00-05:00
2026-03-02 17:56:40,505 yfinance [DEBUG]   Exiting history()
2026-03-02 17:56:40,505 yfinance [DEBUG]  Exiting history()
2026-03-02 17:56:40,505 yfinance [DEBUG]  Entering history()
2026-03-02 17:56:40,505 peewee [DEBUG] ('SELECT "t1"."key", "t1"."value" FROM "
_tz_kv" AS "t1" WHERE ("t1"."key" = ?) LIMIT ? OFFSET ?', ['FCNCN', 1, 0])
2026-03-02 17:56:40,505 yfinance [DEBUG]   Entering history()
2026-03-02 17:56:40,505 yfinance [DEBUG] FCNCN: Yahoo GET parameters: {'range':
 '1y', 'interval': '1d', 'includePrePost': False, 'events': 'div,splits,capital
Gains'}
2026-03-02 17:56:40,505 yfinance [DEBUG]    Entering get()
2026-03-02 17:56:40,505 yfinance [DEBUG]     Entering _make_request()
2026-03-02 17:56:40,505 yfinance [DEBUG] url=https://query2.finance.yahoo.com/v
8/finance/chart/FCNCN
2026-03-02 17:56:40,505 yfinance [DEBUG] params={'range': '1y', 'interval': '1d
', 'includePrePost': False, 'events': 'div,splits,capitalGains'}
2026-03-02 17:56:40,506 yfinance [DEBUG]      Entering _get_cookie_and_crumb()
2026-03-02 17:56:40,506 yfinance [DEBUG] cookie_mode = 'basic'
2026-03-02 17:56:40,506 yfinance [DEBUG]       Entering _get_cookie_and_crumb_b
asic()
2026-03-02 17:56:40,506 yfinance [DEBUG]        Entering _get_cookie_basic()
2026-03-02 17:56:40,506 yfinance [DEBUG] reusing cookie
2026-03-02 17:56:40,506 yfinance [DEBUG]        Exiting _get_cookie_basic()
2026-03-02 17:56:40,506 yfinance [DEBUG]        Entering _get_crumb_basic()
2026-03-02 17:56:40,506 yfinance [DEBUG] reusing crumb
2026-03-02 17:56:40,506 yfinance [DEBUG]        Exiting _get_crumb_basic()
2026-03-02 17:56:40,506 yfinance [DEBUG]       Exiting _get_cookie_and_crumb_ba
sic()
2026-03-02 17:56:40,506 yfinance [DEBUG]      Exiting _get_cookie_and_crumb()
2026-03-02 17:56:40,558 yfinance [DEBUG] response code=200
2026-03-02 17:56:40,558 yfinance [DEBUG]     Exiting _make_request()
2026-03-02 17:56:40,558 yfinance [DEBUG]    Exiting get()
2026-03-02 17:56:40,559 yfinance [DEBUG] FCNCN: yfinance received OHLC data: 20
26-01-30 14:30:00 -> 2026-02-27 14:30:00
2026-03-02 17:56:40,560 yfinance [DEBUG] FCNCN: OHLC after cleaning: 2026-01-30
 09:30:00-05:00 -> 2026-02-27 09:30:00-05:00
2026-03-02 17:56:40,562 yfinance [DEBUG] FCNCN: OHLC after combining events: 20
26-01-30 00:00:00-05:00 -> 2026-02-27 00:00:00-05:00
2026-03-02 17:56:40,566 yfinance [DEBUG] FCNCN: yfinance returning OHLC: 2026-0
1-30 00:00:00-05:00 -> 2026-02-27 00:00:00-05:00
2026-03-02 17:56:40,566 yfinance [DEBUG]   Exiting history()
2026-03-02 17:56:40,567 yfinance [DEBUG]  Exiting history()
2026-03-02 17:56:40,567 yfinance [DEBUG]  Entering history()
2026-03-02 17:56:40,567 peewee [DEBUG] ('SELECT "t1"."key", "t1"."value" FROM "
_tz_kv" AS "t1" WHERE ("t1"."key" = ?) LIMIT ? OFFSET ?', ['TRGSU', 1, 0])
2026-03-02 17:56:40,567 yfinance [DEBUG]   Entering history()
2026-03-02 17:56:40,567 yfinance [DEBUG] TRGSU: Yahoo GET parameters: {'range':
 '1y', 'interval': '1d', 'includePrePost': False, 'events': 'div,splits,capital
Gains'}
2026-03-02 17:56:40,567 yfinance [DEBUG]    Entering get()
2026-03-02 17:56:40,567 yfinance [DEBUG]     Entering _make_request()
2026-03-02 17:56:40,568 yfinance [DEBUG] url=https://query2.finance.yahoo.com/v
8/finance/chart/TRGSU
2026-03-02 17:56:40,568 yfinance [DEBUG] params={'range': '1y', 'interval': '1d
', 'includePrePost': False, 'events': 'div,splits,capitalGains'}
2026-03-02 17:56:40,568 yfinance [DEBUG]      Entering _get_cookie_and_crumb()
2026-03-02 17:56:40,568 yfinance [DEBUG] cookie_mode = 'basic'
2026-03-02 17:56:40,568 yfinance [DEBUG]       Entering _get_cookie_and_crumb_b
asic()
2026-03-02 17:56:40,568 yfinance [DEBUG]        Entering _get_cookie_basic()
2026-03-02 17:56:40,568 yfinance [DEBUG] reusing cookie
2026-03-02 17:56:40,568 yfinance [DEBUG]        Exiting _get_cookie_basic()
2026-03-02 17:56:40,568 yfinance [DEBUG]        Entering _get_crumb_basic()
2026-03-02 17:56:40,568 yfinance [DEBUG] reusing crumb
2026-03-02 17:56:40,568 yfinance [DEBUG]        Exiting _get_crumb_basic()
2026-03-02 17:56:40,568 yfinance [DEBUG]       Exiting _get_cookie_and_crumb_ba
sic()
2026-03-02 17:56:40,568 yfinance [DEBUG]      Exiting _get_cookie_and_crumb()
2026-03-02 17:56:40,626 yfinance [DEBUG] response code=200
2026-03-02 17:56:40,626 yfinance [DEBUG]     Exiting _make_request()
2026-03-02 17:56:40,627 yfinance [DEBUG]    Exiting get()
2026-03-02 17:56:40,628 yfinance [DEBUG] TRGSU: yfinance received OHLC data: 20
26-02-26 14:30:00 -> 2026-02-27 14:30:00
2026-03-02 17:56:40,629 yfinance [DEBUG] TRGSU: OHLC after cleaning: 2026-02-26
 09:30:00-05:00 -> 2026-02-27 09:30:00-05:00
2026-03-02 17:56:40,631 yfinance [DEBUG] TRGSU: OHLC after combining events: 20
26-02-26 00:00:00-05:00 -> 2026-02-27 00:00:00-05:00
2026-03-02 17:56:40,635 yfinance [DEBUG] TRGSU: yfinance returning OHLC: 2026-0
2-26 00:00:00-05:00 -> 2026-02-27 00:00:00-05:00
2026-03-02 17:56:40,635 yfinance [DEBUG]   Exiting history()
2026-03-02 17:56:40,636 yfinance [DEBUG]  Exiting history()
2026-03-02 17:56:40,636 yfinance [DEBUG]  Entering history()
2026-03-02 17:56:40,636 peewee [DEBUG] ('SELECT "t1"."key", "t1"."value" FROM "
_tz_kv" AS "t1" WHERE ("t1"."key" = ?) LIMIT ? OFFSET ?', ['DBCA', 1, 0])
2026-03-02 17:56:40,636 yfinance [DEBUG]   Entering history()
2026-03-02 17:56:40,636 yfinance [DEBUG] DBCA: Yahoo GET parameters: {'range': 
'1y', 'interval': '1d', 'includePrePost': False, 'events': 'div,splits,capitalG
ains'}
2026-03-02 17:56:40,636 yfinance [DEBUG]    Entering get()
2026-03-02 17:56:40,636 yfinance [DEBUG]     Entering _make_request()
2026-03-02 17:56:40,636 yfinance [DEBUG] url=https://query2.finance.yahoo.com/v
8/finance/chart/DBCA
2026-03-02 17:56:40,637 yfinance [DEBUG] params={'range': '1y', 'interval': '1d
', 'includePrePost': False, 'events': 'div,splits,capitalGains'}
2026-03-02 17:56:40,637 yfinance [DEBUG]      Entering _get_cookie_and_crumb()
2026-03-02 17:56:40,637 yfinance [DEBUG] cookie_mode = 'basic'
2026-03-02 17:56:40,637 yfinance [DEBUG]       Entering _get_cookie_and_crumb_b
asic()
2026-03-02 17:56:40,637 yfinance [DEBUG]        Entering _get_cookie_basic()
2026-03-02 17:56:40,637 yfinance [DEBUG] reusing cookie
2026-03-02 17:56:40,637 yfinance [DEBUG]        Exiting _get_cookie_basic()
2026-03-02 17:56:40,637 yfinance [DEBUG]        Entering _get_crumb_basic()
2026-03-02 17:56:40,637 yfinance [DEBUG] reusing crumb
2026-03-02 17:56:40,637 yfinance [DEBUG]        Exiting _get_crumb_basic()
2026-03-02 17:56:40,637 yfinance [DEBUG]       Exiting _get_cookie_and_crumb_ba
sic()
2026-03-02 17:56:40,637 yfinance [DEBUG]      Exiting _get_cookie_and_crumb()
2026-03-02 17:56:40,788 yfinance [DEBUG] response code=200
2026-03-02 17:56:40,788 yfinance [DEBUG]     Exiting _make_request()
2026-03-02 17:56:40,788 yfinance [DEBUG]    Exiting get()
2026-03-02 17:56:40,789 yfinance [DEBUG] DBCA: yfinance received OHLC data: 202
6-02-25 14:30:00 -> 2026-02-27 14:30:00
2026-03-02 17:56:40,789 yfinance [DEBUG] DBCA: OHLC after cleaning: 2026-02-25 
09:30:00-05:00 -> 2026-02-27 09:30:00-05:00
2026-03-02 17:56:40,791 yfinance [DEBUG] DBCA: OHLC after combining events: 202
6-02-25 00:00:00-05:00 -> 2026-02-27 00:00:00-05:00
2026-03-02 17:56:40,796 yfinance [DEBUG] DBCA: yfinance returning OHLC: 2026-02
-25 00:00:00-05:00 -> 2026-02-27 00:00:00-05:00
2026-03-02 17:56:40,796 yfinance [DEBUG]   Exiting history()
2026-03-02 17:56:40,796 yfinance [DEBUG]  Exiting history()
2026-03-02 17:56:40,796 yfinance [DEBUG]  Entering history()
2026-03-02 17:56:40,796 peewee [DEBUG] ('SELECT "t1"."key", "t1"."value" FROM "
_tz_kv" AS "t1" WHERE ("t1"."key" = ?) LIMIT ? OFFSET ?', ['LIFE', 1, 0])
2026-03-02 17:56:40,797 yfinance [DEBUG]   Entering history()
2026-03-02 17:56:40,797 yfinance [DEBUG] LIFE: Yahoo GET parameters: {'range': 
'1y', 'interval': '1d', 'includePrePost': False, 'events': 'div,splits,capitalG
ains'}
2026-03-02 17:56:40,797 yfinance [DEBUG]    Entering get()
2026-03-02 17:56:40,797 yfinance [DEBUG]     Entering _make_request()
2026-03-02 17:56:40,797 yfinance [DEBUG] url=https://query2.finance.yahoo.com/v
8/finance/chart/LIFE
2026-03-02 17:56:40,797 yfinance [DEBUG] params={'range': '1y', 'interval': '1d
', 'includePrePost': False, 'events': 'div,splits,capitalGains'}
2026-03-02 17:56:40,797 yfinance [DEBUG]      Entering _get_cookie_and_crumb()
2026-03-02 17:56:40,797 yfinance [DEBUG] cookie_mode = 'basic'
2026-03-02 17:56:40,797 yfinance [DEBUG]       Entering _get_cookie_and_crumb_b
asic()
2026-03-02 17:56:40,797 yfinance [DEBUG]        Entering _get_cookie_basic()
2026-03-02 17:56:40,797 yfinance [DEBUG] reusing cookie
2026-03-02 17:56:40,797 yfinance [DEBUG]        Exiting _get_cookie_basic()
2026-03-02 17:56:40,797 yfinance [DEBUG]        Entering _get_crumb_basic()
2026-03-02 17:56:40,797 yfinance [DEBUG] reusing crumb
2026-03-02 17:56:40,797 yfinance [DEBUG]        Exiting _get_crumb_basic()
2026-03-02 17:56:40,797 yfinance [DEBUG]       Exiting _get_cookie_and_crumb_ba
sic()
2026-03-02 17:56:40,797 yfinance [DEBUG]      Exiting _get_cookie_and_crumb()
2026-03-02 17:56:40,857 yfinance [DEBUG] response code=200
2026-03-02 17:56:40,857 yfinance [DEBUG]     Exiting _make_request()
2026-03-02 17:56:40,857 yfinance [DEBUG]    Exiting get()
2026-03-02 17:56:40,858 yfinance [DEBUG] LIFE: yfinance received OHLC data: 202
6-01-29 14:30:00 -> 2026-02-27 14:30:00
2026-03-02 17:56:40,859 yfinance [DEBUG] LIFE: OHLC after cleaning: 2026-01-29 
09:30:00-05:00 -> 2026-02-27 09:30:00-05:00
2026-03-02 17:56:40,862 yfinance [DEBUG] LIFE: OHLC after combining events: 202
6-01-29 00:00:00-05:00 -> 2026-02-27 00:00:00-05:00
2026-03-02 17:56:40,866 yfinance [DEBUG] LIFE: yfinance returning OHLC: 2026-01
-29 00:00:00-05:00 -> 2026-02-27 00:00:00-05:00
2026-03-02 17:56:40,867 yfinance [DEBUG]   Exiting history()
2026-03-02 17:56:40,867 yfinance [DEBUG]  Exiting history()
2026-03-02 17:56:40,867 yfinance [DEBUG]  Entering history()
2026-03-02 17:56:40,867 peewee [DEBUG] ('SELECT "t1"."key", "t1"."value" FROM "
_tz_kv" AS "t1" WHERE ("t1"."key" = ?) LIMIT ? OFFSET ?', ['PICS', 1, 0])
2026-03-02 17:56:40,867 yfinance [DEBUG]   Entering history()
2026-03-02 17:56:40,867 yfinance [DEBUG] PICS: Yahoo GET parameters: {'range': 
'1y', 'interval': '1d', 'includePrePost': False, 'events': 'div,splits,capitalG
ains'}
2026-03-02 17:56:40,867 yfinance [DEBUG]    Entering get()
2026-03-02 17:56:40,867 yfinance [DEBUG]     Entering _make_request()
2026-03-02 17:56:40,868 yfinance [DEBUG] url=https://query2.finance.yahoo.com/v
8/finance/chart/PICS
2026-03-02 17:56:40,868 yfinance [DEBUG] params={'range': '1y', 'interval': '1d
', 'includePrePost': False, 'events': 'div,splits,capitalGains'}
2026-03-02 17:56:40,868 yfinance [DEBUG]      Entering _get_cookie_and_crumb()
2026-03-02 17:56:40,868 yfinance [DEBUG] cookie_mode = 'basic'
2026-03-02 17:56:40,868 yfinance [DEBUG]       Entering _get_cookie_and_crumb_b
asic()
2026-03-02 17:56:40,868 yfinance [DEBUG]        Entering _get_cookie_basic()
2026-03-02 17:56:40,868 yfinance [DEBUG] reusing cookie
2026-03-02 17:56:40,868 yfinance [DEBUG]        Exiting _get_cookie_basic()
2026-03-02 17:56:40,868 yfinance [DEBUG]        Entering _get_crumb_basic()
2026-03-02 17:56:40,868 yfinance [DEBUG] reusing crumb
2026-03-02 17:56:40,868 yfinance [DEBUG]        Exiting _get_crumb_basic()
2026-03-02 17:56:40,868 yfinance [DEBUG]       Exiting _get_cookie_and_crumb_ba
sic()
2026-03-02 17:56:40,868 yfinance [DEBUG]      Exiting _get_cookie_and_crumb()
2026-03-02 17:56:40,918 yfinance [DEBUG] response code=200
2026-03-02 17:56:40,918 yfinance [DEBUG]     Exiting _make_request()
2026-03-02 17:56:40,918 yfinance [DEBUG]    Exiting get()
2026-03-02 17:56:40,919 yfinance [DEBUG] PICS: yfinance received OHLC data: 202
6-01-29 14:30:00 -> 2026-02-27 14:30:00
2026-03-02 17:56:40,920 yfinance [DEBUG] PICS: OHLC after cleaning: 2026-01-29 
09:30:00-05:00 -> 2026-02-27 09:30:00-05:00
2026-03-02 17:56:40,922 yfinance [DEBUG] PICS: OHLC after combining events: 202
6-01-29 00:00:00-05:00 -> 2026-02-27 00:00:00-05:00
2026-03-02 17:56:40,927 yfinance [DEBUG] PICS: yfinance returning OHLC: 2026-01
-29 00:00:00-05:00 -> 2026-02-27 00:00:00-05:00
2026-03-02 17:56:40,927 yfinance [DEBUG]   Exiting history()
2026-03-02 17:56:40,927 yfinance [DEBUG]  Exiting history()
2026-03-02 17:56:40,928 yfinance [DEBUG]  Entering history()
2026-03-02 17:56:40,928 peewee [DEBUG] ('SELECT "t1"."key", "t1"."value" FROM "
_tz_kv" AS "t1" WHERE ("t1"."key" = ?) LIMIT ? OFFSET ?', ['EIKN', 1, 0])
2026-03-02 17:56:40,928 yfinance [DEBUG]   Entering history()
2026-03-02 17:56:40,928 yfinance [DEBUG] EIKN: Yahoo GET parameters: {'range': 
'1y', 'interval': '1d', 'includePrePost': False, 'events': 'div,splits,capitalG
ains'}
2026-03-02 17:56:40,928 yfinance [DEBUG]    Entering get()
2026-03-02 17:56:40,928 yfinance [DEBUG]     Entering _make_request()
2026-03-02 17:56:40,928 yfinance [DEBUG] url=https://query2.finance.yahoo.com/v
8/finance/chart/EIKN
2026-03-02 17:56:40,928 yfinance [DEBUG] params={'range': '1y', 'interval': '1d
', 'includePrePost': False, 'events': 'div,splits,capitalGains'}
2026-03-02 17:56:40,928 yfinance [DEBUG]      Entering _get_cookie_and_crumb()
2026-03-02 17:56:40,928 yfinance [DEBUG] cookie_mode = 'basic'
2026-03-02 17:56:40,928 yfinance [DEBUG]       Entering _get_cookie_and_crumb_b
asic()
2026-03-02 17:56:40,928 yfinance [DEBUG]        Entering _get_cookie_basic()
2026-03-02 17:56:40,928 yfinance [DEBUG] reusing cookie
2026-03-02 17:56:40,928 yfinance [DEBUG]        Exiting _get_cookie_basic()
2026-03-02 17:56:40,928 yfinance [DEBUG]        Entering _get_crumb_basic()
2026-03-02 17:56:40,928 yfinance [DEBUG] reusing crumb
2026-03-02 17:56:40,928 yfinance [DEBUG]        Exiting _get_crumb_basic()
2026-03-02 17:56:40,929 yfinance [DEBUG]       Exiting _get_cookie_and_crumb_ba
sic()
2026-03-02 17:56:40,929 yfinance [DEBUG]      Exiting _get_cookie_and_crumb()
2026-03-02 17:56:40,980 yfinance [DEBUG] response code=200
2026-03-02 17:56:40,980 yfinance [DEBUG]     Exiting _make_request()
2026-03-02 17:56:40,980 yfinance [DEBUG]    Exiting get()
2026-03-02 17:56:40,981 yfinance [DEBUG] EIKN: yfinance received OHLC data: 202
6-02-05 14:30:00 -> 2026-02-27 14:30:00
2026-03-02 17:56:40,981 yfinance [DEBUG] EIKN: OHLC after cleaning: 2026-02-05 
09:30:00-05:00 -> 2026-02-27 09:30:00-05:00
2026-03-02 17:56:40,984 yfinance [DEBUG] EIKN: OHLC after combining events: 202
6-02-05 00:00:00-05:00 -> 2026-02-27 00:00:00-05:00
2026-03-02 17:56:40,988 yfinance [DEBUG] EIKN: yfinance returning OHLC: 2026-02
-05 00:00:00-05:00 -> 2026-02-27 00:00:00-05:00
2026-03-02 17:56:40,989 yfinance [DEBUG]   Exiting history()
2026-03-02 17:56:40,989 yfinance [DEBUG]  Exiting history()
2026-03-02 17:56:40,989 yfinance [DEBUG]  Entering history()
2026-03-02 17:56:40,989 peewee [DEBUG] ('SELECT "t1"."key", "t1"."value" FROM "
_tz_kv" AS "t1" WHERE ("t1"."key" = ?) LIMIT ? OFFSET ?', ['FJET', 1, 0])
2026-03-02 17:56:40,989 yfinance [DEBUG]   Entering history()
2026-03-02 17:56:40,989 yfinance [DEBUG] FJET: Yahoo GET parameters: {'range': 
'1y', 'interval': '1d', 'includePrePost': False, 'events': 'div,splits,capitalG
ains'}
2026-03-02 17:56:40,989 yfinance [DEBUG]    Entering get()
2026-03-02 17:56:40,989 yfinance [DEBUG]     Entering _make_request()
2026-03-02 17:56:40,990 yfinance [DEBUG] url=https://query2.finance.yahoo.com/v
8/finance/chart/FJET
2026-03-02 17:56:40,990 yfinance [DEBUG] params={'range': '1y', 'interval': '1d
', 'includePrePost': False, 'events': 'div,splits,capitalGains'}
2026-03-02 17:56:40,990 yfinance [DEBUG]      Entering _get_cookie_and_crumb()
2026-03-02 17:56:40,990 yfinance [DEBUG] cookie_mode = 'basic'
2026-03-02 17:56:40,990 yfinance [DEBUG]       Entering _get_cookie_and_crumb_b
asic()
2026-03-02 17:56:40,990 yfinance [DEBUG]        Entering _get_cookie_basic()
2026-03-02 17:56:40,990 yfinance [DEBUG] reusing cookie
2026-03-02 17:56:40,990 yfinance [DEBUG]        Exiting _get_cookie_basic()
2026-03-02 17:56:40,990 yfinance [DEBUG]        Entering _get_crumb_basic()
2026-03-02 17:56:40,990 yfinance [DEBUG] reusing crumb
2026-03-02 17:56:40,990 yfinance [DEBUG]        Exiting _get_crumb_basic()
2026-03-02 17:56:40,990 yfinance [DEBUG]       Exiting _get_cookie_and_crumb_ba
sic()
2026-03-02 17:56:40,990 yfinance [DEBUG]      Exiting _get_cookie_and_crumb()
2026-03-02 17:56:41,042 yfinance [DEBUG] response code=200
2026-03-02 17:56:41,042 yfinance [DEBUG]     Exiting _make_request()
2026-03-02 17:56:41,042 yfinance [DEBUG]    Exiting get()
2026-03-02 17:56:41,043 yfinance [DEBUG] FJET: yfinance received OHLC data: 202
5-12-18 14:30:00 -> 2026-02-27 14:30:00
2026-03-02 17:56:41,043 yfinance [DEBUG] FJET: OHLC after cleaning: 2025-12-18 
09:30:00-05:00 -> 2026-02-27 09:30:00-05:00
2026-03-02 17:56:41,046 yfinance [DEBUG] FJET: OHLC after combining events: 202
5-12-18 00:00:00-05:00 -> 2026-02-27 00:00:00-05:00
2026-03-02 17:56:41,050 yfinance [DEBUG] FJET: yfinance returning OHLC: 2025-12
-18 00:00:00-05:00 -> 2026-02-27 00:00:00-05:00
2026-03-02 17:56:41,051 yfinance [DEBUG]   Exiting history()
2026-03-02 17:56:41,051 yfinance [DEBUG]  Exiting history()
2026-03-02 17:56:41,051 yfinance [DEBUG]  Entering history()
2026-03-02 17:56:41,051 peewee [DEBUG] ('SELECT "t1"."key", "t1"."value" FROM "
_tz_kv" AS "t1" WHERE ("t1"."key" = ?) LIMIT ? OFFSET ?', ['FPS', 1, 0])
2026-03-02 17:56:41,051 yfinance [DEBUG]   Entering history()
2026-03-02 17:56:41,051 yfinance [DEBUG] FPS: Yahoo GET parameters: {'range': '
1y', 'interval': '1d', 'includePrePost': False, 'events': 'div,splits,capitalGa
ins'}
2026-03-02 17:56:41,051 yfinance [DEBUG]    Entering get()
2026-03-02 17:56:41,051 yfinance [DEBUG]     Entering _make_request()
2026-03-02 17:56:41,051 yfinance [DEBUG] url=https://query2.finance.yahoo.com/v
8/finance/chart/FPS
2026-03-02 17:56:41,051 yfinance [DEBUG] params={'range': '1y', 'interval': '1d
', 'includePrePost': False, 'events': 'div,splits,capitalGains'}
2026-03-02 17:56:41,052 yfinance [DEBUG]      Entering _get_cookie_and_crumb()
2026-03-02 17:56:41,052 yfinance [DEBUG] cookie_mode = 'basic'
2026-03-02 17:56:41,052 yfinance [DEBUG]       Entering _get_cookie_and_crumb_b
asic()
2026-03-02 17:56:41,052 yfinance [DEBUG]        Entering _get_cookie_basic()
2026-03-02 17:56:41,052 yfinance [DEBUG] reusing cookie
2026-03-02 17:56:41,052 yfinance [DEBUG]        Exiting _get_cookie_basic()
2026-03-02 17:56:41,052 yfinance [DEBUG]        Entering _get_crumb_basic()
2026-03-02 17:56:41,052 yfinance [DEBUG] reusing crumb
2026-03-02 17:56:41,052 yfinance [DEBUG]        Exiting _get_crumb_basic()
2026-03-02 17:56:41,052 yfinance [DEBUG]       Exiting _get_cookie_and_crumb_ba
sic()
2026-03-02 17:56:41,052 yfinance [DEBUG]      Exiting _get_cookie_and_crumb()
2026-03-02 17:56:41,112 yfinance [DEBUG] response code=200
2026-03-02 17:56:41,112 yfinance [DEBUG]     Exiting _make_request()
2026-03-02 17:56:41,112 yfinance [DEBUG]    Exiting get()
2026-03-02 17:56:41,113 yfinance [DEBUG] FPS: yfinance received OHLC data: 2026
-02-05 14:30:00 -> 2026-02-27 14:30:00
2026-03-02 17:56:41,114 yfinance [DEBUG] FPS: OHLC after cleaning: 2026-02-05 0
9:30:00-05:00 -> 2026-02-27 09:30:00-05:00
2026-03-02 17:56:41,116 yfinance [DEBUG] FPS: OHLC after combining events: 2026
-02-05 00:00:00-05:00 -> 2026-02-27 00:00:00-05:00
2026-03-02 17:56:41,121 yfinance [DEBUG] FPS: yfinance returning OHLC: 2026-02-
05 00:00:00-05:00 -> 2026-02-27 00:00:00-05:00
2026-03-02 17:56:41,121 yfinance [DEBUG]   Exiting history()
2026-03-02 17:56:41,121 yfinance [DEBUG]  Exiting history()
2026-03-02 17:56:41,122 yfinance [DEBUG]  Entering history()
2026-03-02 17:56:41,122 peewee [DEBUG] ('SELECT "t1"."key", "t1"."value" FROM "
_tz_kv" AS "t1" WHERE ("t1"."key" = ?) LIMIT ? OFFSET ?', ['CTAAU', 1, 0])
2026-03-02 17:56:41,122 yfinance [DEBUG]   Entering history()
2026-03-02 17:56:41,122 yfinance [DEBUG] CTAAU: Yahoo GET parameters: {'range':
 '1y', 'interval': '1d', 'includePrePost': False, 'events': 'div,splits,capital
Gains'}
2026-03-02 17:56:41,122 yfinance [DEBUG]    Entering get()
2026-03-02 17:56:41,122 yfinance [DEBUG]     Entering _make_request()
2026-03-02 17:56:41,122 yfinance [DEBUG] url=https://query2.finance.yahoo.com/v
8/finance/chart/CTAAU
2026-03-02 17:56:41,122 yfinance [DEBUG] params={'range': '1y', 'interval': '1d
', 'includePrePost': False, 'events': 'div,splits,capitalGains'}
2026-03-02 17:56:41,122 yfinance [DEBUG]      Entering _get_cookie_and_crumb()
2026-03-02 17:56:41,122 yfinance [DEBUG] cookie_mode = 'basic'
2026-03-02 17:56:41,122 yfinance [DEBUG]       Entering _get_cookie_and_crumb_b
asic()
2026-03-02 17:56:41,122 yfinance [DEBUG]        Entering _get_cookie_basic()
2026-03-02 17:56:41,122 yfinance [DEBUG] reusing cookie
2026-03-02 17:56:41,122 yfinance [DEBUG]        Exiting _get_cookie_basic()
2026-03-02 17:56:41,122 yfinance [DEBUG]        Entering _get_crumb_basic()
2026-03-02 17:56:41,122 yfinance [DEBUG] reusing crumb
2026-03-02 17:56:41,122 yfinance [DEBUG]        Exiting _get_crumb_basic()
2026-03-02 17:56:41,122 yfinance [DEBUG]       Exiting _get_cookie_and_crumb_ba
sic()
2026-03-02 17:56:41,122 yfinance [DEBUG]      Exiting _get_cookie_and_crumb()
2026-03-02 17:56:41,174 yfinance [DEBUG] response code=200
2026-03-02 17:56:41,174 yfinance [DEBUG]     Exiting _make_request()
2026-03-02 17:56:41,174 yfinance [DEBUG]    Exiting get()
2026-03-02 17:56:41,175 yfinance [DEBUG] CTAAU: yfinance received OHLC data: 20
26-02-24 14:30:00 -> 2026-02-27 14:30:00
2026-03-02 17:56:41,176 yfinance [DEBUG] CTAAU: OHLC after cleaning: 2026-02-24
 09:30:00-05:00 -> 2026-02-27 09:30:00-05:00
2026-03-02 17:56:41,179 yfinance [DEBUG] CTAAU: OHLC after combining events: 20
26-02-24 00:00:00-05:00 -> 2026-02-27 00:00:00-05:00
2026-03-02 17:56:41,184 yfinance [DEBUG] CTAAU: yfinance returning OHLC: 2026-0
2-24 00:00:00-05:00 -> 2026-02-27 00:00:00-05:00
2026-03-02 17:56:41,184 yfinance [DEBUG]   Exiting history()
2026-03-02 17:56:41,184 yfinance [DEBUG]  Exiting history()
2026-03-02 17:56:41,184 yfinance [DEBUG]  Entering history()
2026-03-02 17:56:41,185 peewee [DEBUG] ('SELECT "t1"."key", "t1"."value" FROM "
_tz_kv" AS "t1" WHERE ("t1"."key" = ?) LIMIT ? OFFSET ?', ['WPAC', 1, 0])
2026-03-02 17:56:41,185 yfinance [DEBUG]   Entering history()
2026-03-02 17:56:41,185 yfinance [DEBUG] WPAC: Yahoo GET parameters: {'range': 
'1y', 'interval': '1d', 'includePrePost': False, 'events': 'div,splits,capitalG
ains'}
2026-03-02 17:56:41,185 yfinance [DEBUG]    Entering get()
2026-03-02 17:56:41,185 yfinance [DEBUG]     Entering _make_request()
2026-03-02 17:56:41,185 yfinance [DEBUG] url=https://query2.finance.yahoo.com/v
8/finance/chart/WPAC
2026-03-02 17:56:41,185 yfinance [DEBUG] params={'range': '1y', 'interval': '1d
', 'includePrePost': False, 'events': 'div,splits,capitalGains'}
2026-03-02 17:56:41,185 yfinance [DEBUG]      Entering _get_cookie_and_crumb()
2026-03-02 17:56:41,185 yfinance [DEBUG] cookie_mode = 'basic'
2026-03-02 17:56:41,185 yfinance [DEBUG]       Entering _get_cookie_and_crumb_b
asic()
2026-03-02 17:56:41,185 yfinance [DEBUG]        Entering _get_cookie_basic()
2026-03-02 17:56:41,185 yfinance [DEBUG] reusing cookie
2026-03-02 17:56:41,185 yfinance [DEBUG]        Exiting _get_cookie_basic()
2026-03-02 17:56:41,185 yfinance [DEBUG]        Entering _get_crumb_basic()
2026-03-02 17:56:41,185 yfinance [DEBUG] reusing crumb
2026-03-02 17:56:41,185 yfinance [DEBUG]        Exiting _get_crumb_basic()
2026-03-02 17:56:41,185 yfinance [DEBUG]       Exiting _get_cookie_and_crumb_ba
sic()
2026-03-02 17:56:41,185 yfinance [DEBUG]      Exiting _get_cookie_and_crumb()
2026-03-02 17:56:41,255 yfinance [DEBUG] response code=200
2026-03-02 17:56:41,255 yfinance [DEBUG]     Exiting _make_request()
2026-03-02 17:56:41,255 yfinance [DEBUG]    Exiting get()
2026-03-02 17:56:41,256 yfinance [DEBUG] WPAC: yfinance received OHLC data: 202
6-02-24 14:30:00 -> 2026-02-27 14:30:00
2026-03-02 17:56:41,257 yfinance [DEBUG] WPAC: OHLC after cleaning: 2026-02-24 
09:30:00-05:00 -> 2026-02-27 09:30:00-05:00
2026-03-02 17:56:41,259 yfinance [DEBUG] WPAC: OHLC after combining events: 202
6-02-24 00:00:00-05:00 -> 2026-02-27 00:00:00-05:00
2026-03-02 17:56:41,264 yfinance [DEBUG] WPAC: yfinance returning OHLC: 2026-02
-24 00:00:00-05:00 -> 2026-02-27 00:00:00-05:00
2026-03-02 17:56:41,264 yfinance [DEBUG]   Exiting history()
2026-03-02 17:56:41,264 yfinance [DEBUG]  Exiting history()
2026-03-02 17:56:41,264 yfinance [DEBUG]  Entering history()
2026-03-02 17:56:41,264 peewee [DEBUG] ('SELECT "t1"."key", "t1"."value" FROM "
_tz_kv" AS "t1" WHERE ("t1"."key" = ?) LIMIT ? OFFSET ?', ['YSS', 1, 0])
2026-03-02 17:56:41,265 yfinance [DEBUG]   Entering history()
2026-03-02 17:56:41,265 yfinance [DEBUG] YSS: Yahoo GET parameters: {'range': '
1y', 'interval': '1d', 'includePrePost': False, 'events': 'div,splits,capitalGa
ins'}
2026-03-02 17:56:41,265 yfinance [DEBUG]    Entering get()
2026-03-02 17:56:41,265 yfinance [DEBUG]     Entering _make_request()
2026-03-02 17:56:41,265 yfinance [DEBUG] url=https://query2.finance.yahoo.com/v
8/finance/chart/YSS
2026-03-02 17:56:41,265 yfinance [DEBUG] params={'range': '1y', 'interval': '1d
', 'includePrePost': False, 'events': 'div,splits,capitalGains'}
2026-03-02 17:56:41,265 yfinance [DEBUG]      Entering _get_cookie_and_crumb()
2026-03-02 17:56:41,265 yfinance [DEBUG] cookie_mode = 'basic'
2026-03-02 17:56:41,265 yfinance [DEBUG]       Entering _get_cookie_and_crumb_b
asic()
2026-03-02 17:56:41,265 yfinance [DEBUG]        Entering _get_cookie_basic()
2026-03-02 17:56:41,265 yfinance [DEBUG] reusing cookie
2026-03-02 17:56:41,265 yfinance [DEBUG]        Exiting _get_cookie_basic()
2026-03-02 17:56:41,265 yfinance [DEBUG]        Entering _get_crumb_basic()
2026-03-02 17:56:41,265 yfinance [DEBUG] reusing crumb
2026-03-02 17:56:41,265 yfinance [DEBUG]        Exiting _get_crumb_basic()
2026-03-02 17:56:41,265 yfinance [DEBUG]       Exiting _get_cookie_and_crumb_ba
sic()
2026-03-02 17:56:41,265 yfinance [DEBUG]      Exiting _get_cookie_and_crumb()
2026-03-02 17:56:41,321 yfinance [DEBUG] response code=200
2026-03-02 17:56:41,321 yfinance [DEBUG]     Exiting _make_request()
2026-03-02 17:56:41,322 yfinance [DEBUG]    Exiting get()
2026-03-02 17:56:41,322 yfinance [DEBUG] YSS: yfinance received OHLC data: 2026
-01-29 14:30:00 -> 2026-02-27 14:30:00
2026-03-02 17:56:41,323 yfinance [DEBUG] YSS: OHLC after cleaning: 2026-01-29 0
9:30:00-05:00 -> 2026-02-27 09:30:00-05:00
2026-03-02 17:56:41,326 yfinance [DEBUG] YSS: OHLC after combining events: 2026
-01-29 00:00:00-05:00 -> 2026-02-27 00:00:00-05:00
2026-03-02 17:56:41,331 yfinance [DEBUG] YSS: yfinance returning OHLC: 2026-01-
29 00:00:00-05:00 -> 2026-02-27 00:00:00-05:00
2026-03-02 17:56:41,331 yfinance [DEBUG]   Exiting history()
2026-03-02 17:56:41,331 yfinance [DEBUG]  Exiting history()
2026-03-02 17:56:41,331 yfinance [DEBUG]  Entering history()
2026-03-02 17:56:41,331 peewee [DEBUG] ('SELECT "t1"."key", "t1"."value" FROM "
_tz_kv" AS "t1" WHERE ("t1"."key" = ?) LIMIT ? OFFSET ?', ['INFQ', 1, 0])
2026-03-02 17:56:41,332 yfinance [DEBUG]   Entering history()
2026-03-02 17:56:41,332 yfinance [DEBUG] INFQ: Yahoo GET parameters: {'range': 
'1y', 'interval': '1d', 'includePrePost': False, 'events': 'div,splits,capitalG
ains'}
2026-03-02 17:56:41,332 yfinance [DEBUG]    Entering get()
2026-03-02 17:56:41,332 yfinance [DEBUG]     Entering _make_request()
2026-03-02 17:56:41,332 yfinance [DEBUG] url=https://query2.finance.yahoo.com/v
8/finance/chart/INFQ
2026-03-02 17:56:41,332 yfinance [DEBUG] params={'range': '1y', 'interval': '1d
', 'includePrePost': False, 'events': 'div,splits,capitalGains'}
2026-03-02 17:56:41,332 yfinance [DEBUG]      Entering _get_cookie_and_crumb()
2026-03-02 17:56:41,332 yfinance [DEBUG] cookie_mode = 'basic'
2026-03-02 17:56:41,332 yfinance [DEBUG]       Entering _get_cookie_and_crumb_b
asic()
2026-03-02 17:56:41,332 yfinance [DEBUG]        Entering _get_cookie_basic()
2026-03-02 17:56:41,332 yfinance [DEBUG] reusing cookie
2026-03-02 17:56:41,332 yfinance [DEBUG]        Exiting _get_cookie_basic()
2026-03-02 17:56:41,332 yfinance [DEBUG]        Entering _get_crumb_basic()
2026-03-02 17:56:41,332 yfinance [DEBUG] reusing crumb
2026-03-02 17:56:41,332 yfinance [DEBUG]        Exiting _get_crumb_basic()
2026-03-02 17:56:41,332 yfinance [DEBUG]       Exiting _get_cookie_and_crumb_ba
sic()
2026-03-02 17:56:41,332 yfinance [DEBUG]      Exiting _get_cookie_and_crumb()
2026-03-02 17:56:41,450 yfinance [DEBUG] response code=200
2026-03-02 17:56:41,450 yfinance [DEBUG]     Exiting _make_request()
2026-03-02 17:56:41,450 yfinance [DEBUG]    Exiting get()
2026-03-02 17:56:41,451 yfinance [DEBUG] INFQ: yfinance received OHLC data: 202
6-02-17 14:30:00 -> 2026-02-27 14:30:00
2026-03-02 17:56:41,451 yfinance [DEBUG] INFQ: OHLC after cleaning: 2026-02-17 
09:30:00-05:00 -> 2026-02-27 09:30:00-05:00
2026-03-02 17:56:41,454 yfinance [DEBUG] INFQ: OHLC after combining events: 202
6-02-17 00:00:00-05:00 -> 2026-02-27 00:00:00-05:00
2026-03-02 17:56:41,459 yfinance [DEBUG] INFQ: yfinance returning OHLC: 2026-02
-17 00:00:00-05:00 -> 2026-02-27 00:00:00-05:00
2026-03-02 17:56:41,459 yfinance [DEBUG]   Exiting history()
2026-03-02 17:56:41,459 yfinance [DEBUG]  Exiting history()
2026-03-02 17:56:41,459 yfinance [DEBUG]  Entering history()
2026-03-02 17:56:41,459 peewee [DEBUG] ('SELECT "t1"."key", "t1"."value" FROM "
_tz_kv" AS "t1" WHERE ("t1"."key" = ?) LIMIT ? OFFSET ?', ['BOBS', 1, 0])
2026-03-02 17:56:41,460 yfinance [DEBUG]   Entering history()
2026-03-02 17:56:41,460 yfinance [DEBUG] BOBS: Yahoo GET parameters: {'range': 
'1y', 'interval': '1d', 'includePrePost': False, 'events': 'div,splits,capitalG
ains'}
2026-03-02 17:56:41,460 yfinance [DEBUG]    Entering get()
2026-03-02 17:56:41,460 yfinance [DEBUG]     Entering _make_request()
2026-03-02 17:56:41,460 yfinance [DEBUG] url=https://query2.finance.yahoo.com/v
8/finance/chart/BOBS
2026-03-02 17:56:41,460 yfinance [DEBUG] params={'range': '1y', 'interval': '1d
', 'includePrePost': False, 'events': 'div,splits,capitalGains'}
2026-03-02 17:56:41,460 yfinance [DEBUG]      Entering _get_cookie_and_crumb()
2026-03-02 17:56:41,460 yfinance [DEBUG] cookie_mode = 'basic'
2026-03-02 17:56:41,460 yfinance [DEBUG]       Entering _get_cookie_and_crumb_b
asic()
2026-03-02 17:56:41,460 yfinance [DEBUG]        Entering _get_cookie_basic()
2026-03-02 17:56:41,460 yfinance [DEBUG] reusing cookie
2026-03-02 17:56:41,460 yfinance [DEBUG]        Exiting _get_cookie_basic()
2026-03-02 17:56:41,460 yfinance [DEBUG]        Entering _get_crumb_basic()
2026-03-02 17:56:41,460 yfinance [DEBUG] reusing crumb
2026-03-02 17:56:41,460 yfinance [DEBUG]        Exiting _get_crumb_basic()
2026-03-02 17:56:41,460 yfinance [DEBUG]       Exiting _get_cookie_and_crumb_ba
sic()
2026-03-02 17:56:41,460 yfinance [DEBUG]      Exiting _get_cookie_and_crumb()
2026-03-02 17:56:41,511 yfinance [DEBUG] response code=200
2026-03-02 17:56:41,511 yfinance [DEBUG]     Exiting _make_request()
2026-03-02 17:56:41,511 yfinance [DEBUG]    Exiting get()
2026-03-02 17:56:41,513 yfinance [DEBUG] BOBS: yfinance received OHLC data: 202
6-02-05 14:30:00 -> 2026-02-27 14:30:00
2026-03-02 17:56:41,513 yfinance [DEBUG] BOBS: OHLC after cleaning: 2026-02-05 
09:30:00-05:00 -> 2026-02-27 09:30:00-05:00
2026-03-02 17:56:41,516 yfinance [DEBUG] BOBS: OHLC after combining events: 202
6-02-05 00:00:00-05:00 -> 2026-02-27 00:00:00-05:00
2026-03-02 17:56:41,522 yfinance [DEBUG] BOBS: yfinance returning OHLC: 2026-02
-05 00:00:00-05:00 -> 2026-02-27 00:00:00-05:00
2026-03-02 17:56:41,522 yfinance [DEBUG]   Exiting history()
2026-03-02 17:56:41,522 yfinance [DEBUG]  Exiting history()
2026-03-02 17:56:41,523 yfinance [DEBUG]  Entering history()
2026-03-02 17:56:41,523 peewee [DEBUG] ('SELECT "t1"."key", "t1"."value" FROM "
_tz_kv" AS "t1" WHERE ("t1"."key" = ?) LIMIT ? OFFSET ?', ['BTGO', 1, 0])
2026-03-02 17:56:41,523 yfinance [DEBUG]   Entering history()
2026-03-02 17:56:41,523 yfinance [DEBUG] BTGO: Yahoo GET parameters: {'range': 
'1y', 'interval': '1d', 'includePrePost': False, 'events': 'div,splits,capitalG
ains'}
2026-03-02 17:56:41,523 yfinance [DEBUG]    Entering get()
2026-03-02 17:56:41,523 yfinance [DEBUG]     Entering _make_request()
2026-03-02 17:56:41,523 yfinance [DEBUG] url=https://query2.finance.yahoo.com/v
8/finance/chart/BTGO
2026-03-02 17:56:41,523 yfinance [DEBUG] params={'range': '1y', 'interval': '1d
', 'includePrePost': False, 'events': 'div,splits,capitalGains'}
2026-03-02 17:56:41,523 yfinance [DEBUG]      Entering _get_cookie_and_crumb()
2026-03-02 17:56:41,523 yfinance [DEBUG] cookie_mode = 'basic'
2026-03-02 17:56:41,523 yfinance [DEBUG]       Entering _get_cookie_and_crumb_b
asic()
2026-03-02 17:56:41,523 yfinance [DEBUG]        Entering _get_cookie_basic()
2026-03-02 17:56:41,523 yfinance [DEBUG] reusing cookie
2026-03-02 17:56:41,523 yfinance [DEBUG]        Exiting _get_cookie_basic()
2026-03-02 17:56:41,524 yfinance [DEBUG]        Entering _get_crumb_basic()
2026-03-02 17:56:41,524 yfinance [DEBUG] reusing crumb
2026-03-02 17:56:41,524 yfinance [DEBUG]        Exiting _get_crumb_basic()
2026-03-02 17:56:41,524 yfinance [DEBUG]       Exiting _get_cookie_and_crumb_ba
sic()
2026-03-02 17:56:41,524 yfinance [DEBUG]      Exiting _get_cookie_and_crumb()
2026-03-02 17:56:41,576 yfinance [DEBUG] response code=200
2026-03-02 17:56:41,576 yfinance [DEBUG]     Exiting _make_request()
2026-03-02 17:56:41,576 yfinance [DEBUG]    Exiting get()
2026-03-02 17:56:41,577 yfinance [DEBUG] BTGO: yfinance received OHLC data: 202
6-01-21 14:30:00 -> 2026-02-27 14:30:00
2026-03-02 17:56:41,578 yfinance [DEBUG] BTGO: OHLC after cleaning: 2026-01-21 
09:30:00-05:00 -> 2026-02-27 09:30:00-05:00
2026-03-02 17:56:41,581 yfinance [DEBUG] BTGO: OHLC after combining events: 202
6-01-21 00:00:00-05:00 -> 2026-02-27 00:00:00-05:00
2026-03-02 17:56:41,586 yfinance [DEBUG] BTGO: yfinance returning OHLC: 2026-01
-21 00:00:00-05:00 -> 2026-02-27 00:00:00-05:00
2026-03-02 17:56:41,586 yfinance [DEBUG]   Exiting history()
2026-03-02 17:56:41,586 yfinance [DEBUG]  Exiting history()
2026-03-02 17:56:41,586 yfinance [DEBUG]  Entering history()
2026-03-02 17:56:41,587 peewee [DEBUG] ('SELECT "t1"."key", "t1"."value" FROM "
_tz_kv" AS "t1" WHERE ("t1"."key" = ?) LIMIT ? OFFSET ?', ['MWH', 1, 0])
2026-03-02 17:56:41,587 yfinance [DEBUG]   Entering history()
2026-03-02 17:56:41,587 yfinance [DEBUG] MWH: Yahoo GET parameters: {'range': '
1y', 'interval': '1d', 'includePrePost': False, 'events': 'div,splits,capitalGa
ins'}
2026-03-02 17:56:41,587 yfinance [DEBUG]    Entering get()
2026-03-02 17:56:41,587 yfinance [DEBUG]     Entering _make_request()
2026-03-02 17:56:41,587 yfinance [DEBUG] url=https://query2.finance.yahoo.com/v
8/finance/chart/MWH
2026-03-02 17:56:41,587 yfinance [DEBUG] params={'range': '1y', 'interval': '1d
', 'includePrePost': False, 'events': 'div,splits,capitalGains'}
2026-03-02 17:56:41,587 yfinance [DEBUG]      Entering _get_cookie_and_crumb()
2026-03-02 17:56:41,587 yfinance [DEBUG] cookie_mode = 'basic'
2026-03-02 17:56:41,587 yfinance [DEBUG]       Entering _get_cookie_and_crumb_b
asic()
2026-03-02 17:56:41,587 yfinance [DEBUG]        Entering _get_cookie_basic()
2026-03-02 17:56:41,587 yfinance [DEBUG] reusing cookie
2026-03-02 17:56:41,587 yfinance [DEBUG]        Exiting _get_cookie_basic()
2026-03-02 17:56:41,587 yfinance [DEBUG]        Entering _get_crumb_basic()
2026-03-02 17:56:41,587 yfinance [DEBUG] reusing crumb
2026-03-02 17:56:41,587 yfinance [DEBUG]        Exiting _get_crumb_basic()
2026-03-02 17:56:41,587 yfinance [DEBUG]       Exiting _get_cookie_and_crumb_ba
sic()
2026-03-02 17:56:41,588 yfinance [DEBUG]      Exiting _get_cookie_and_crumb()
2026-03-02 17:56:41,637 yfinance [DEBUG] response code=200
2026-03-02 17:56:41,637 yfinance [DEBUG]     Exiting _make_request()
2026-03-02 17:56:41,637 yfinance [DEBUG]    Exiting get()
2026-03-02 17:56:41,638 yfinance [DEBUG] MWH: yfinance received OHLC data: 2026
-02-12 14:30:00 -> 2026-02-27 14:30:00
2026-03-02 17:56:41,639 yfinance [DEBUG] MWH: OHLC after cleaning: 2026-02-12 0
9:30:00-05:00 -> 2026-02-27 09:30:00-05:00
2026-03-02 17:56:41,641 yfinance [DEBUG] MWH: OHLC after combining events: 2026
-02-12 00:00:00-05:00 -> 2026-02-27 00:00:00-05:00
2026-03-02 17:56:41,646 yfinance [DEBUG] MWH: yfinance returning OHLC: 2026-02-
12 00:00:00-05:00 -> 2026-02-27 00:00:00-05:00
2026-03-02 17:56:41,646 yfinance [DEBUG]   Exiting history()
2026-03-02 17:56:41,646 yfinance [DEBUG]  Exiting history()
2026-03-02 17:56:41,646 yfinance [DEBUG]  Entering history()
2026-03-02 17:56:41,646 peewee [DEBUG] ('SELECT "t1"."key", "t1"."value" FROM "
_tz_kv" AS "t1" WHERE ("t1"."key" = ?) LIMIT ? OFFSET ?', ['RNA', 1, 0])
2026-03-02 17:56:41,647 yfinance [DEBUG]   Entering history()
2026-03-02 17:56:41,647 yfinance [DEBUG] RNA: Yahoo GET parameters: {'range': '
1y', 'interval': '1d', 'includePrePost': False, 'events': 'div,splits,capitalGa
ins'}
2026-03-02 17:56:41,647 yfinance [DEBUG]    Entering get()
2026-03-02 17:56:41,647 yfinance [DEBUG]     Entering _make_request()
2026-03-02 17:56:41,647 yfinance [DEBUG] url=https://query2.finance.yahoo.com/v
8/finance/chart/RNA
2026-03-02 17:56:41,647 yfinance [DEBUG] params={'range': '1y', 'interval': '1d
', 'includePrePost': False, 'events': 'div,splits,capitalGains'}
2026-03-02 17:56:41,647 yfinance [DEBUG]      Entering _get_cookie_and_crumb()
2026-03-02 17:56:41,647 yfinance [DEBUG] cookie_mode = 'basic'
2026-03-02 17:56:41,647 yfinance [DEBUG]       Entering _get_cookie_and_crumb_b
asic()
2026-03-02 17:56:41,647 yfinance [DEBUG]        Entering _get_cookie_basic()
2026-03-02 17:56:41,647 yfinance [DEBUG] reusing cookie
2026-03-02 17:56:41,647 yfinance [DEBUG]        Exiting _get_cookie_basic()
2026-03-02 17:56:41,647 yfinance [DEBUG]        Entering _get_crumb_basic()
2026-03-02 17:56:41,647 yfinance [DEBUG] reusing crumb
2026-03-02 17:56:41,647 yfinance [DEBUG]        Exiting _get_crumb_basic()
2026-03-02 17:56:41,647 yfinance [DEBUG]       Exiting _get_cookie_and_crumb_ba
sic()
2026-03-02 17:56:41,647 yfinance [DEBUG]      Exiting _get_cookie_and_crumb()
2026-03-02 17:56:41,698 yfinance [DEBUG] response code=200
2026-03-02 17:56:41,698 yfinance [DEBUG]     Exiting _make_request()
2026-03-02 17:56:41,698 yfinance [DEBUG]    Exiting get()
2026-03-02 17:56:41,699 yfinance [DEBUG] RNA: yfinance received OHLC data: 2026
-02-27 14:30:00 only
2026-03-02 17:56:41,700 yfinance [DEBUG] RNA: OHLC after cleaning: 2026-02-27 0
9:30:00-05:00 only
2026-03-02 17:56:41,702 yfinance [DEBUG] RNA: OHLC after combining events: 2026
-02-27 00:00:00-05:00 only
2026-03-02 17:56:41,708 yfinance [DEBUG] RNA: yfinance returning OHLC: 2026-02-
27 00:00:00-05:00 only
2026-03-02 17:56:41,709 yfinance [DEBUG]   Exiting history()
2026-03-02 17:56:41,709 yfinance [DEBUG]  Exiting history()
2026-03-02 17:56:41,709 yfinance [DEBUG]  Entering history()
2026-03-02 17:56:41,709 peewee [DEBUG] ('SELECT "t1"."key", "t1"."value" FROM "
_tz_kv" AS "t1" WHERE ("t1"."key" = ?) LIMIT ? OFFSET ?', ['ILLUU', 1, 0])
2026-03-02 17:56:41,709 yfinance [DEBUG]   Entering history()
2026-03-02 17:56:41,709 yfinance [DEBUG] ILLUU: Yahoo GET parameters: {'range':
 '1y', 'interval': '1d', 'includePrePost': False, 'events': 'div,splits,capital
Gains'}
2026-03-02 17:56:41,709 yfinance [DEBUG]    Entering get()
2026-03-02 17:56:41,710 yfinance [DEBUG]     Entering _make_request()
2026-03-02 17:56:41,710 yfinance [DEBUG] url=https://query2.finance.yahoo.com/v
8/finance/chart/ILLUU
2026-03-02 17:56:41,710 yfinance [DEBUG] params={'range': '1y', 'interval': '1d
', 'includePrePost': False, 'events': 'div,splits,capitalGains'}
2026-03-02 17:56:41,710 yfinance [DEBUG]      Entering _get_cookie_and_crumb()
2026-03-02 17:56:41,710 yfinance [DEBUG] cookie_mode = 'basic'
2026-03-02 17:56:41,710 yfinance [DEBUG]       Entering _get_cookie_and_crumb_b
asic()
2026-03-02 17:56:41,710 yfinance [DEBUG]        Entering _get_cookie_basic()
2026-03-02 17:56:41,710 yfinance [DEBUG] reusing cookie
2026-03-02 17:56:41,710 yfinance [DEBUG]        Exiting _get_cookie_basic()
2026-03-02 17:56:41,710 yfinance [DEBUG]        Entering _get_crumb_basic()
2026-03-02 17:56:41,710 yfinance [DEBUG] reusing crumb
2026-03-02 17:56:41,710 yfinance [DEBUG]        Exiting _get_crumb_basic()
2026-03-02 17:56:41,710 yfinance [DEBUG]       Exiting _get_cookie_and_crumb_ba
sic()
2026-03-02 17:56:41,710 yfinance [DEBUG]      Exiting _get_cookie_and_crumb()
2026-03-02 17:56:41,761 yfinance [DEBUG] response code=200
2026-03-02 17:56:41,761 yfinance [DEBUG]     Exiting _make_request()
2026-03-02 17:56:41,761 yfinance [DEBUG]    Exiting get()
2026-03-02 17:56:41,762 yfinance [DEBUG] ILLUU: yfinance received OHLC data: 20
26-02-27 14:30:00 only
2026-03-02 17:56:41,763 yfinance [DEBUG] ILLUU: OHLC after cleaning: 2026-02-27
 09:30:00-05:00 only
2026-03-02 17:56:41,766 yfinance [DEBUG] ILLUU: OHLC after combining events: 20
26-02-27 00:00:00-05:00 only
2026-03-02 17:56:41,773 yfinance [DEBUG] ILLUU: yfinance returning OHLC: 2026-0
2-27 00:00:00-05:00 only
2026-03-02 17:56:41,773 yfinance [DEBUG]   Exiting history()
2026-03-02 17:56:41,773 yfinance [DEBUG]  Exiting history()
2026-03-02 17:56:41,773 yfinance [DEBUG]  Entering history()
2026-03-02 17:56:41,773 peewee [DEBUG] ('SELECT "t1"."key", "t1"."value" FROM "
_tz_kv" AS "t1" WHERE ("t1"."key" = ?) LIMIT ? OFFSET ?', ['FVAV', 1, 0])
2026-03-02 17:56:41,774 yfinance [DEBUG]   Entering history()
2026-03-02 17:56:41,774 yfinance [DEBUG] FVAV: Yahoo GET parameters: {'range': 
'1y', 'interval': '1d', 'includePrePost': False, 'events': 'div,splits,capitalG
ains'}
2026-03-02 17:56:41,774 yfinance [DEBUG]    Entering get()
2026-03-02 17:56:41,774 yfinance [DEBUG]     Entering _make_request()
2026-03-02 17:56:41,774 yfinance [DEBUG] url=https://query2.finance.yahoo.com/v
8/finance/chart/FVAV
2026-03-02 17:56:41,774 yfinance [DEBUG] params={'range': '1y', 'interval': '1d
', 'includePrePost': False, 'events': 'div,splits,capitalGains'}
2026-03-02 17:56:41,774 yfinance [DEBUG]      Entering _get_cookie_and_crumb()
2026-03-02 17:56:41,774 yfinance [DEBUG] cookie_mode = 'basic'
2026-03-02 17:56:41,774 yfinance [DEBUG]       Entering _get_cookie_and_crumb_b
asic()
2026-03-02 17:56:41,774 yfinance [DEBUG]        Entering _get_cookie_basic()
2026-03-02 17:56:41,774 yfinance [DEBUG] reusing cookie
2026-03-02 17:56:41,774 yfinance [DEBUG]        Exiting _get_cookie_basic()
2026-03-02 17:56:41,774 yfinance [DEBUG]        Entering _get_crumb_basic()
2026-03-02 17:56:41,774 yfinance [DEBUG] reusing crumb
2026-03-02 17:56:41,774 yfinance [DEBUG]        Exiting _get_crumb_basic()
2026-03-02 17:56:41,774 yfinance [DEBUG]       Exiting _get_cookie_and_crumb_ba
sic()
2026-03-02 17:56:41,774 yfinance [DEBUG]      Exiting _get_cookie_and_crumb()
2026-03-02 17:56:41,826 yfinance [DEBUG] response code=200
2026-03-02 17:56:41,826 yfinance [DEBUG]     Exiting _make_request()
2026-03-02 17:56:41,826 yfinance [DEBUG]    Exiting get()
2026-03-02 17:56:41,827 yfinance [DEBUG] FVAV: yfinance received OHLC data: 202
6-02-26 14:30:00 -> 2026-02-27 14:30:00
2026-03-02 17:56:41,828 yfinance [DEBUG] FVAV: OHLC after cleaning: 2026-02-26 
09:30:00-05:00 -> 2026-02-27 09:30:00-05:00
2026-03-02 17:56:41,831 yfinance [DEBUG] FVAV: OHLC after combining events: 202
6-02-26 00:00:00-05:00 -> 2026-02-27 00:00:00-05:00
2026-03-02 17:56:41,836 yfinance [DEBUG] FVAV: yfinance returning OHLC: 2026-02
-26 00:00:00-05:00 -> 2026-02-27 00:00:00-05:00
2026-03-02 17:56:41,836 yfinance [DEBUG]   Exiting history()
2026-03-02 17:56:41,836 yfinance [DEBUG]  Exiting history()
2026-03-02 17:56:41,837 yfinance [DEBUG]  Entering history()
2026-03-02 17:56:41,837 peewee [DEBUG] ('SELECT "t1"."key", "t1"."value" FROM "
_tz_kv" AS "t1" WHERE ("t1"."key" = ?) LIMIT ? OFFSET ?', ['GENB', 1, 0])
2026-03-02 17:56:41,837 yfinance [DEBUG]   Entering history()
2026-03-02 17:56:41,837 yfinance [DEBUG] GENB: Yahoo GET parameters: {'range': 
'1y', 'interval': '1d', 'includePrePost': False, 'events': 'div,splits,capitalG
ains'}
2026-03-02 17:56:41,837 yfinance [DEBUG]    Entering get()
2026-03-02 17:56:41,837 yfinance [DEBUG]     Entering _make_request()
2026-03-02 17:56:41,837 yfinance [DEBUG] url=https://query2.finance.yahoo.com/v
8/finance/chart/GENB
2026-03-02 17:56:41,837 yfinance [DEBUG] params={'range': '1y', 'interval': '1d
', 'includePrePost': False, 'events': 'div,splits,capitalGains'}
2026-03-02 17:56:41,837 yfinance [DEBUG]      Entering _get_cookie_and_crumb()
2026-03-02 17:56:41,837 yfinance [DEBUG] cookie_mode = 'basic'
2026-03-02 17:56:41,837 yfinance [DEBUG]       Entering _get_cookie_and_crumb_b
asic()
2026-03-02 17:56:41,837 yfinance [DEBUG]        Entering _get_cookie_basic()
2026-03-02 17:56:41,837 yfinance [DEBUG] reusing cookie
2026-03-02 17:56:41,837 yfinance [DEBUG]        Exiting _get_cookie_basic()
2026-03-02 17:56:41,837 yfinance [DEBUG]        Entering _get_crumb_basic()
2026-03-02 17:56:41,837 yfinance [DEBUG] reusing crumb
2026-03-02 17:56:41,838 yfinance [DEBUG]        Exiting _get_crumb_basic()
2026-03-02 17:56:41,838 yfinance [DEBUG]       Exiting _get_cookie_and_crumb_ba
sic()
2026-03-02 17:56:41,838 yfinance [DEBUG]      Exiting _get_cookie_and_crumb()
2026-03-02 17:56:41,887 yfinance [DEBUG] response code=200
2026-03-02 17:56:41,887 yfinance [DEBUG]     Exiting _make_request()
2026-03-02 17:56:41,887 yfinance [DEBUG]    Exiting get()
2026-03-02 17:56:41,888 yfinance [DEBUG] GENB: yfinance received OHLC data: 202
6-02-27 14:30:00 only
2026-03-02 17:56:41,889 yfinance [DEBUG] GENB: OHLC after cleaning: 2026-02-27 
09:30:00-05:00 only
2026-03-02 17:56:41,892 yfinance [DEBUG] GENB: OHLC after combining events: 202
6-02-27 00:00:00-05:00 only
2026-03-02 17:56:41,898 yfinance [DEBUG] GENB: yfinance returning OHLC: 2026-02
-27 00:00:00-05:00 only
2026-03-02 17:56:41,898 yfinance [DEBUG]   Exiting history()
2026-03-02 17:56:41,898 yfinance [DEBUG]  Exiting history()
2026-03-02 17:56:41,899 yfinance [DEBUG]  Entering history()
2026-03-02 17:56:41,899 peewee [DEBUG] ('SELECT "t1"."key", "t1"."value" FROM "
_tz_kv" AS "t1" WHERE ("t1"."key" = ?) LIMIT ? OFFSET ?', ['OFRM', 1, 0])
2026-03-02 17:56:41,899 yfinance [DEBUG]   Entering history()
2026-03-02 17:56:41,899 yfinance [DEBUG] OFRM: Yahoo GET parameters: {'range': 
'1y', 'interval': '1d', 'includePrePost': False, 'events': 'div,splits,capitalG
ains'}
2026-03-02 17:56:41,899 yfinance [DEBUG]    Entering get()
2026-03-02 17:56:41,899 yfinance [DEBUG]     Entering _make_request()
2026-03-02 17:56:41,899 yfinance [DEBUG] url=https://query2.finance.yahoo.com/v
8/finance/chart/OFRM
2026-03-02 17:56:41,899 yfinance [DEBUG] params={'range': '1y', 'interval': '1d
', 'includePrePost': False, 'events': 'div,splits,capitalGains'}
2026-03-02 17:56:41,899 yfinance [DEBUG]      Entering _get_cookie_and_crumb()
2026-03-02 17:56:41,899 yfinance [DEBUG] cookie_mode = 'basic'
2026-03-02 17:56:41,899 yfinance [DEBUG]       Entering _get_cookie_and_crumb_b
asic()
2026-03-02 17:56:41,899 yfinance [DEBUG]        Entering _get_cookie_basic()
2026-03-02 17:56:41,899 yfinance [DEBUG] reusing cookie
2026-03-02 17:56:41,900 yfinance [DEBUG]        Exiting _get_cookie_basic()
2026-03-02 17:56:41,900 yfinance [DEBUG]        Entering _get_crumb_basic()
2026-03-02 17:56:41,900 yfinance [DEBUG] reusing crumb
2026-03-02 17:56:41,900 yfinance [DEBUG]        Exiting _get_crumb_basic()
2026-03-02 17:56:41,900 yfinance [DEBUG]       Exiting _get_cookie_and_crumb_ba
sic()
2026-03-02 17:56:41,900 yfinance [DEBUG]      Exiting _get_cookie_and_crumb()
2026-03-02 17:56:41,953 yfinance [DEBUG] response code=200
2026-03-02 17:56:41,953 yfinance [DEBUG]     Exiting _make_request()
2026-03-02 17:56:41,953 yfinance [DEBUG]    Exiting get()
2026-03-02 17:56:41,954 yfinance [DEBUG] OFRM: yfinance received OHLC data: 202
6-02-06 14:30:00 -> 2026-02-27 14:30:00
2026-03-02 17:56:41,955 yfinance [DEBUG] OFRM: OHLC after cleaning: 2026-02-06 
09:30:00-05:00 -> 2026-02-27 09:30:00-05:00
2026-03-02 17:56:41,958 yfinance [DEBUG] OFRM: OHLC after combining events: 202
6-02-06 00:00:00-05:00 -> 2026-02-27 00:00:00-05:00
2026-03-02 17:56:41,964 yfinance [DEBUG] OFRM: yfinance returning OHLC: 2026-02
-06 00:00:00-05:00 -> 2026-02-27 00:00:00-05:00
2026-03-02 17:56:41,964 yfinance [DEBUG]   Exiting history()
2026-03-02 17:56:41,964 yfinance [DEBUG]  Exiting history()
2026-03-02 17:56:41,964 yfinance [DEBUG]  Entering history()
2026-03-02 17:56:41,965 peewee [DEBUG] ('SELECT "t1"."key", "t1"."value" FROM "
_tz_kv" AS "t1" WHERE ("t1"."key" = ?) LIMIT ? OFFSET ?', ['MDLN', 1, 0])
2026-03-02 17:56:41,965 yfinance [DEBUG]   Entering history()
2026-03-02 17:56:41,965 yfinance [DEBUG] MDLN: Yahoo GET parameters: {'range': 
'1y', 'interval': '1d', 'includePrePost': False, 'events': 'div,splits,capitalG
ains'}
2026-03-02 17:56:41,965 yfinance [DEBUG]    Entering get()
2026-03-02 17:56:41,965 yfinance [DEBUG]     Entering _make_request()
2026-03-02 17:56:41,965 yfinance [DEBUG] url=https://query2.finance.yahoo.com/v
8/finance/chart/MDLN
2026-03-02 17:56:41,965 yfinance [DEBUG] params={'range': '1y', 'interval': '1d
', 'includePrePost': False, 'events': 'div,splits,capitalGains'}
2026-03-02 17:56:41,965 yfinance [DEBUG]      Entering _get_cookie_and_crumb()
2026-03-02 17:56:41,965 yfinance [DEBUG] cookie_mode = 'basic'
2026-03-02 17:56:41,965 yfinance [DEBUG]       Entering _get_cookie_and_crumb_b
asic()
2026-03-02 17:56:41,965 yfinance [DEBUG]        Entering _get_cookie_basic()
2026-03-02 17:56:41,965 yfinance [DEBUG] reusing cookie
2026-03-02 17:56:41,965 yfinance [DEBUG]        Exiting _get_cookie_basic()
2026-03-02 17:56:41,965 yfinance [DEBUG]        Entering _get_crumb_basic()
2026-03-02 17:56:41,965 yfinance [DEBUG] reusing crumb
2026-03-02 17:56:41,965 yfinance [DEBUG]        Exiting _get_crumb_basic()
2026-03-02 17:56:41,965 yfinance [DEBUG]       Exiting _get_cookie_and_crumb_ba
sic()
2026-03-02 17:56:41,965 yfinance [DEBUG]      Exiting _get_cookie_and_crumb()
2026-03-02 17:56:42,026 yfinance [DEBUG] response code=200
2026-03-02 17:56:42,026 yfinance [DEBUG]     Exiting _make_request()
2026-03-02 17:56:42,026 yfinance [DEBUG]    Exiting get()
2026-03-02 17:56:42,027 yfinance [DEBUG] MDLN: yfinance received OHLC data: 202
5-12-17 14:30:00 -> 2026-02-27 14:30:00
2026-03-02 17:56:42,028 yfinance [DEBUG] MDLN: OHLC after cleaning: 2025-12-17 
09:30:00-05:00 -> 2026-02-27 09:30:00-05:00
2026-03-02 17:56:42,030 yfinance [DEBUG] MDLN: OHLC after combining events: 202
5-12-17 00:00:00-05:00 -> 2026-02-27 00:00:00-05:00
2026-03-02 17:56:42,035 yfinance [DEBUG] MDLN: yfinance returning OHLC: 2025-12
-17 00:00:00-05:00 -> 2026-02-27 00:00:00-05:00
2026-03-02 17:56:42,035 yfinance [DEBUG]   Exiting history()
2026-03-02 17:56:42,035 yfinance [DEBUG]  Exiting history()
2026-03-02 17:56:42,043 yfinance [DEBUG] Exiting download()
2026-03-02 17:56:42,043 modules.data_pipeline [DEBUG] [Batch 1] Download return
ed type DataFrame
2026-03-02 17:56:42,043 modules.data_pipeline [DEBUG] [Batch 1] Raw data shape:
 (49, 115), MultiIndex: True
2026-03-02 17:56:42,063 modules.data_pipeline [INFO] [Batch] Enriched 2581/2604
 tickers total
2026-03-02 17:56:42,064 modules.ml_screener [DEBUG] [ML Progress] Stage 2 48% —
  應用 ML EMA/ADR/動量過濾… Applying ML filters…
2026-03-02 17:56:42,069 modules.ml_screener [DEBUG] [ML S2 VETO] A ADR=3.0% < 4
.0%
2026-03-02 17:56:42,073 modules.ml_screener [DEBUG] [ML S2 VETO] AAL below EMA5
0
2026-03-02 17:56:42,078 modules.ml_screener [DEBUG] [ML S2 VETO] AAMI ADR=3.9% 
< 4.0%
2026-03-02 17:56:42,082 modules.ml_screener [DEBUG] [ML S2 VETO] AAT ADR=2.4% <
 4.0%
2026-03-02 17:56:42,086 modules.ml_screener [DEBUG] [ML S2 VETO] AB ADR=2.6% < 
4.0%
2026-03-02 17:56:42,086 modules.ml_screener [DEBUG] [ML S2 VETO] AAUC ADR=0.9% 
< 4.0%
2026-03-02 17:56:42,087 modules.ml_screener [DEBUG] [ML S2 VETO] AAPL ADR=2.6% 
< 4.0%
2026-03-02 17:56:42,089 modules.ml_screener [DEBUG] [ML S2 VETO] ABBV ADR=2.5% 
< 4.0%
2026-03-02 17:56:42,090 modules.ml_screener [DEBUG] [ML S2 VETO] ABCB ADR=3.1% 
< 4.0%
2026-03-02 17:56:42,092 modules.ml_screener [DEBUG] [ML S2 VETO] ABEO ADR=4.0% 
< 4.0%
2026-03-02 17:56:42,094 modules.ml_screener [DEBUG] [ML S2 VETO] ABM ADR=3.0% <
 4.0%
2026-03-02 17:56:42,097 modules.ml_screener [DEBUG] [ML S2 VETO] ABR below EMA5
0
2026-03-02 17:56:42,098 modules.ml_screener [DEBUG] [ML S2 VETO] ABNB ADR=3.8% 
< 4.0%
2026-03-02 17:56:42,099 modules.ml_screener [DEBUG] [ML S2 VETO] ABVX ADR=3.9% 
< 4.0%
2026-03-02 17:56:42,099 modules.ml_screener [DEBUG] [ML S2 VETO] ABT ADR=1.7% <
 4.0%
2026-03-02 17:56:42,113 modules.ml_screener [DEBUG] [ML Progress] Stage 2 48% —
 ABBV 已檢查 1/2604…
2026-03-02 17:56:42,114 modules.ml_screener [DEBUG] [ML S2 VETO] ACA ADR=4.0% <
 4.0%
2026-03-02 17:56:42,116 modules.ml_screener [DEBUG] [ML S2 VETO] ABX $Vol=49839
59 < 5000000
2026-03-02 17:56:42,119 modules.ml_screener [DEBUG] [ML S2 VETO] ACEL ADR=2.8% 
< 4.0%
2026-03-02 17:56:42,120 modules.ml_screener [DEBUG] [ML S2 VETO] ACAD below EMA
50
2026-03-02 17:56:42,128 modules.ml_screener [DEBUG] [ML S2 VETO] ACGL ADR=2.5% 
< 4.0%
2026-03-02 17:56:42,129 modules.ml_screener [DEBUG] [ML S2 VETO] ACHR below EMA
50
2026-03-02 17:56:42,134 modules.ml_screener [DEBUG] [ML S2 VETO] ACI ADR=3.0% <
 4.0%
2026-03-02 17:56:42,134 modules.ml_screener [DEBUG] [ML Progress] Stage 2 48% —
 AAMI 已檢查 2/2604…
2026-03-02 17:56:42,138 modules.ml_screener [DEBUG] [ML S2 VETO] ACIC $Vol=3854
275 < 5000000
2026-03-02 17:56:42,145 modules.ml_screener [DEBUG] [ML S2 VETO] ACIW ADR=4.0% 
< 4.0%
2026-03-02 17:56:42,145 modules.ml_screener [DEBUG] [ML S2 WEEKLY VETO] ACHC we
ekly downtrend (W-EMA10<W-EMA40)
2026-03-02 17:56:42,146 modules.ml_screener [DEBUG] [ML S2 VETO] ACLX ADR=2.9% 
< 4.0%
2026-03-02 17:56:42,151 modules.ml_screener [DEBUG] [ML S2 VETO] ACLS below EMA
50
2026-03-02 17:56:42,152 modules.ml_screener [DEBUG] [ML S2 VETO] ACM below EMA5
0
2026-03-02 17:56:42,153 modules.ml_screener [DEBUG] [ML S2 VETO] AAON momentum 
3M=10.3 6M=19.7
2026-03-02 17:56:42,159 modules.ml_screener [DEBUG] [ML S2 VETO] AAP momentum 3
M=6.9 6M=-11.5
2026-03-02 17:56:42,159 modules.ml_screener [DEBUG] [ML S2 VETO] ACP ADR=1.0% <
 4.0%
2026-03-02 17:56:42,160 modules.ml_screener [DEBUG] [ML Progress] Stage 2 48% —
 AAUC 已檢查 3/2604…
2026-03-02 17:56:42,161 modules.ml_screener [DEBUG] [ML S2 VETO] ACRE ADR=3.9% 
< 4.0%
2026-03-02 17:56:42,162 modules.ml_screener [DEBUG] [ML S2 VETO] ACN below EMA5
0
2026-03-02 17:56:42,164 modules.ml_screener [DEBUG] [ML S2 VETO] ADBE ADR=3.5% 
< 4.0%
2026-03-02 17:56:42,165 modules.ml_screener [DEBUG] [ML S2 VETO] ADAM ADR=3.2% 
< 4.0%
2026-03-02 17:56:42,166 modules.ml_screener [DEBUG] [ML S2 VETO] ADC ADR=1.8% <
 4.0%
2026-03-02 17:56:42,167 modules.ml_screener [DEBUG] [ML S2 VETO] ADI ADR=2.9% <
 4.0%
2026-03-02 17:56:42,167 modules.ml_screener [DEBUG] [ML S2 VETO] ADM ADR=2.8% <
 4.0%
2026-03-02 17:56:42,170 modules.ml_screener [DEBUG] [ML S2 VETO] ADNT ADR=3.6% 
< 4.0%
2026-03-02 17:56:42,172 modules.ml_screener [DEBUG] [ML S2 VETO] ADPT below EMA
50
2026-03-02 17:56:42,172 modules.ml_screener [DEBUG] [ML S2 VETO] ADP ADR=3.0% <
 4.0%
2026-03-02 17:56:42,173 modules.ml_screener [DEBUG] [ML S2 VETO] ADMA below EMA
50
2026-03-02 17:56:42,173 modules.ml_screener [DEBUG] [ML Progress] Stage 2 48% —
 ABM 已檢查 4/2604…
2026-03-02 17:56:42,176 modules.ml_screener [DEBUG] [ML S2 VETO] ADSK below EMA
50
2026-03-02 17:56:42,180 modules.ml_screener [DEBUG] [ML S2 VETO] ADUS below EMA
50
2026-03-02 17:56:42,183 modules.ml_screener [DEBUG] [ML S2 VETO] ADT ADR=2.7% <
 4.0%
2026-03-02 17:56:42,185 modules.ml_screener [DEBUG] [ML S2 VETO] AEE ADR=1.8% <
 4.0%
2026-03-02 17:56:42,189 modules.ml_screener [DEBUG] [ML S2 VETO] AEG ADR=2.1% <
 4.0%
2026-03-02 17:56:42,201 modules.ml_screener [DEBUG] [ML S2 VETO] AER ADR=2.1% <
 4.0%
2026-03-02 17:56:42,201 modules.ml_screener [DEBUG] [ML S2 VETO] AERO no rising
 EMAs
2026-03-02 17:56:42,204 modules.ml_screener [DEBUG] [ML Progress] Stage 2 48% —
 ABCB 已檢查 5/2604…
2026-03-02 17:56:42,206 modules.ml_screener [DEBUG] [ML S2 VETO] AEP ADR=2.1% <
 4.0%
2026-03-02 17:56:42,211 modules.ml_screener [DEBUG] [ML S2 VETO] AESI below EMA
50
2026-03-02 17:56:42,214 modules.ml_screener [DEBUG] [ML S2 VETO] AES ADR=2.7% <
 4.0%
2026-03-02 17:56:42,214 modules.ml_screener [DEBUG] [ML S2 VETO] AFG ADR=1.9% <
 4.0%
2026-03-02 17:56:42,218 modules.ml_screener [DEBUG] [ML S2 VETO] AFL ADR=2.1% <
 4.0%
2026-03-02 17:56:42,219 modules.ml_screener [DEBUG] [ML S2 VETO] AEVA below EMA
50
2026-03-02 17:56:42,223 modules.ml_screener [DEBUG] [ML S2 VETO] AFRM below EMA
50
2026-03-02 17:56:42,226 modules.ml_screener [DEBUG] [ML S2 VETO] AGCO ADR=3.1% 
< 4.0%
2026-03-02 17:56:42,231 modules.ml_screener [DEBUG] [ML Progress] Stage 2 48% —
 AAPL 已檢查 6/2604…
2026-03-02 17:56:42,235 modules.ml_screener [DEBUG] [ML S2 VETO] AGNC ADR=2.0% 
< 4.0%
2026-03-02 17:56:42,240 modules.ml_screener [DEBUG] [ML S2 VETO] AGO ADR=2.2% <
 4.0%
2026-03-02 17:56:42,251 modules.ml_screener [DEBUG] [ML S2 VETO] AGYS below EMA
50
2026-03-02 17:56:42,255 modules.ml_screener [DEBUG] [ML S2 VETO] AHR ADR=2.3% <
 4.0%
2026-03-02 17:56:42,257 modules.ml_screener [DEBUG] [ML S2 VETO] AHH below EMA5
0
2026-03-02 17:56:42,265 modules.ml_screener [DEBUG] [ML S2 VETO] AHCO below EMA
50
2026-03-02 17:56:42,266 modules.ml_screener [DEBUG] [ML S2 VETO] AI below EMA50
2026-03-02 17:56:42,267 modules.ml_screener [DEBUG] [ML Progress] Stage 2 48% —
 AAL 已檢查 7/2604…
2026-03-02 17:56:42,270 modules.ml_screener [DEBUG] [ML S2 VETO] AIR ADR=2.8% <
 4.0%
2026-03-02 17:56:42,271 modules.ml_screener [DEBUG] [ML S2 VETO] AIRO $Vol=3724
852 < 5000000
2026-03-02 17:56:42,274 modules.ml_screener [DEBUG] [ML S2 VETO] AIG ADR=2.2% <
 4.0%
2026-03-02 17:56:42,276 modules.ml_screener [DEBUG] [ML S2 VETO] AIZ ADR=3.3% <
 4.0%
2026-03-02 17:56:42,281 modules.ml_screener [DEBUG] [ML S2 WEEKLY VETO] AGIO we
ekly downtrend (W-EMA10<W-EMA40)
2026-03-02 17:56:42,282 modules.ml_screener [DEBUG] [ML S2 VETO] AL ADR=0.1% < 
4.0%
2026-03-02 17:56:42,285 modules.ml_screener [DEBUG] [ML Progress] Stage 2 48% —
 ABEO 已檢查 8/2604…
2026-03-02 17:56:42,285 modules.ml_screener [DEBUG] [ML S2 VETO] AKR ADR=2.6% <
 4.0%
2026-03-02 17:56:42,287 modules.ml_screener [DEBUG] [ML S2 VETO] AJG below EMA5
0
2026-03-02 17:56:42,289 modules.ml_screener [DEBUG] [ML S2 VETO] ALAB below EMA
50
2026-03-02 17:56:42,290 modules.ml_screener [DEBUG] [ML S2 VETO] AIP momentum 3
M=29.7 6M=75.2
2026-03-02 17:56:42,291 modules.ml_screener [DEBUG] [ML S2 VETO] ALC ADR=2.0% <
 4.0%
2026-03-02 17:56:42,294 modules.ml_screener [DEBUG] [ML S2 VETO] ALDX $Vol=4008
288 < 5000000
2026-03-02 17:56:42,297 modules.ml_screener [DEBUG] [ML S2 VETO] AKAM momentum 
3M=13.7 6M=25.7
2026-03-02 17:56:42,297 modules.ml_screener [DEBUG] [ML S2 VETO] ALEX ADR=0.2% 
< 4.0%
2026-03-02 17:56:42,303 modules.ml_screener [DEBUG] [ML Progress] Stage 2 48% —
 AAT 已檢查 9/2604…
2026-03-02 17:56:42,303 modules.ml_screener [DEBUG] [ML S2 VETO] ALGN ADR=3.5% 
< 4.0%
2026-03-02 17:56:42,308 modules.ml_screener [DEBUG] [ML S2 VETO] ALH ADR=3.7% <
 4.0%
2026-03-02 17:56:42,309 modules.ml_screener [DEBUG] [ML S2 VETO] ALKS ADR=3.3% 
< 4.0%
2026-03-02 17:56:42,311 modules.ml_screener [DEBUG] [ML S2 VETO] ALHC below EMA
50
2026-03-02 17:56:42,312 modules.ml_screener [DEBUG] [ML S2 VETO] ALK below EMA5
0
2026-03-02 17:56:42,316 modules.ml_screener [DEBUG] [ML S2 VETO] ALLE ADR=2.7% 
< 4.0%
2026-03-02 17:56:42,317 modules.ml_screener [DEBUG] [ML S2 VETO] ALL ADR=2.6% <
 4.0%
2026-03-02 17:56:42,319 modules.ml_screener [DEBUG] [ML S2 VETO] ALKT below EMA
50
2026-03-02 17:56:42,321 modules.ml_screener [DEBUG] [ML S2 VETO] ALLT below EMA
50
2026-03-02 17:56:42,325 modules.ml_screener [DEBUG] [ML Progress] Stage 2 48% —
 A 已檢查 10/2604…
2026-03-02 17:56:42,326 modules.ml_screener [DEBUG] [ML S2 VETO] ALLY ADR=3.5% 
< 4.0%
2026-03-02 17:56:42,330 modules.ml_screener [DEBUG] [ML S2 VETO] ALMU below EMA
50
2026-03-02 17:56:42,332 modules.ml_screener [DEBUG] [ML S2 VETO] ALNY ADR=3.7% 
< 4.0%
2026-03-02 17:56:42,333 modules.ml_screener [DEBUG] [ML S2 VETO] ALRM ADR=3.6% 
< 4.0%
2026-03-02 17:56:42,334 modules.ml_screener [DEBUG] [ML S2 VETO] ALOY $Vol=3854
186 < 5000000
2026-03-02 17:56:42,339 modules.ml_screener [DEBUG] [ML S2 VETO] ALSN ADR=2.8% 
< 4.0%
2026-03-02 17:56:42,339 modules.ml_screener [DEBUG] [ML S2 VETO] AM ADR=2.6% < 
4.0%
2026-03-02 17:56:42,342 modules.ml_screener [DEBUG] [ML Progress] Stage 2 48% —
 AB 已檢查 11/2604…
2026-03-02 17:56:42,346 modules.ml_screener [DEBUG] [ML S2 VETO] ALV ADR=2.1% <
 4.0%
2026-03-02 17:56:42,348 modules.ml_screener [DEBUG] [ML S2 VETO] AMCR ADR=2.2% 
< 4.0%
2026-03-02 17:56:42,351 modules.ml_screener [DEBUG] [ML S2 VETO] AMBA below EMA
50
2026-03-02 17:56:42,351 modules.ml_screener [DEBUG] [ML S2 VETO] AMBQ no rising
 EMAs
2026-03-02 17:56:42,352 modules.ml_screener [DEBUG] [ML S2 VETO] AMCX $Vol=4474
148 < 5000000
2026-03-02 17:56:42,354 modules.ml_screener [DEBUG] [ML S2 VETO] AMD below EMA5
0
2026-03-02 17:56:42,355 modules.ml_screener [DEBUG] [ML S2 VETO] AME ADR=2.1% <
 4.0%
2026-03-02 17:56:42,357 modules.ml_screener [DEBUG] [ML S2 VETO] AMGN ADR=2.2% 
< 4.0%
2026-03-02 17:56:42,357 modules.ml_screener [DEBUG] [ML S2 VETO] AMH ADR=2.8% <
 4.0%
2026-03-02 17:56:42,359 modules.ml_screener [DEBUG] [ML Progress] Stage 2 48% —
 ABR 已檢查 12/2604…
2026-03-02 17:56:42,372 modules.ml_screener [DEBUG] [ML S2 VETO] AMPH below EMA
50
2026-03-02 17:56:42,376 modules.ml_screener [DEBUG] [ML S2 VETO] AMP ADR=3.8% <
 4.0%
2026-03-02 17:56:42,377 modules.ml_screener [DEBUG] [ML S2 VETO] AMPL below EMA
50
2026-03-02 17:56:42,378 modules.ml_screener [DEBUG] [ML S2 VETO] AMG momentum 3
M=20.6 6M=34.4
2026-03-02 17:56:42,380 modules.ml_screener [DEBUG] [ML S2 VETO] AMLX momentum 
3M=5.9 6M=60.5
2026-03-02 17:56:42,382 modules.ml_screener [DEBUG] [ML S2 VETO] AMPX below EMA
50
2026-03-02 17:56:42,383 modules.ml_screener [DEBUG] [ML S2 WEEKLY VETO] AMN wee
kly downtrend (W-EMA10<W-EMA40)
2026-03-02 17:56:42,386 modules.ml_screener [DEBUG] [ML S2 VETO] AMPY $Vol=3189
280 < 5000000
2026-03-02 17:56:42,388 modules.ml_screener [DEBUG] [ML Progress] Stage 2 48% —
 ABNB 已檢查 13/2604…
2026-03-02 17:56:42,388 modules.ml_screener [DEBUG] [ML S2 VETO] AMRX ADR=3.0% 
< 4.0%
2026-03-02 17:56:42,391 modules.ml_screener [DEBUG] [ML S2 VETO] AMSC below EMA
50
2026-03-02 17:56:42,393 modules.ml_screener [DEBUG] [ML S2 VETO] AMRC below EMA
50
2026-03-02 17:56:42,393 modules.ml_screener [DEBUG] [ML S2 VETO] AMRZ ADR=3.0% 
< 4.0%
2026-03-02 17:56:42,394 modules.ml_screener [DEBUG] [ML S2 VETO] AMR below EMA5
0
2026-03-02 17:56:42,395 modules.ml_screener [DEBUG] [ML S2 VETO] AMT ADR=3.2% <
 4.0%
2026-03-02 17:56:42,397 modules.ml_screener [DEBUG] [ML S2 VETO] AMTM below EMA
50
2026-03-02 17:56:42,398 modules.ml_screener [DEBUG] [ML S2 VETO] AN ADR=3.3% < 
4.0%
2026-03-02 17:56:42,399 modules.ml_screener [DEBUG] [ML S2 VETO] AMZN ADR=2.8% 
< 4.0%
2026-03-02 17:56:42,399 modules.ml_screener [DEBUG] [ML S2 VETO] AMX ADR=3.5% <
 4.0%
2026-03-02 17:56:42,399 modules.ml_screener [DEBUG] [ML S2 VETO] ANDE ADR=3.4% 
< 4.0%
2026-03-02 17:56:42,400 modules.ml_screener [DEBUG] [ML Progress] Stage 2 48% —
 ABVX 已檢查 14/2604…
2026-03-02 17:56:42,402 modules.ml_screener [DEBUG] [ML S2 VETO] ANET below EMA
50
2026-03-02 17:56:42,405 modules.ml_screener [DEBUG] [ML S2 VETO] ANF below EMA5
0
2026-03-02 17:56:42,406 modules.ml_screener [DEBUG] [ML S2 VETO] ANIP ADR=3.7% 
< 4.0%
2026-03-02 17:56:42,406 modules.ml_screener [DEBUG] [ML S2 VETO] ANGI below EMA
50
2026-03-02 17:56:42,408 modules.ml_screener [DEBUG] [ML S2 VETO] AOD ADR=1.2% <
 4.0%
2026-03-02 17:56:42,410 modules.ml_screener [DEBUG] [ML S2 VETO] ANPA below EMA
50
2026-03-02 17:56:42,410 modules.ml_screener [DEBUG] [ML S2 VETO] AON ADR=3.2% <
 4.0%
2026-03-02 17:56:42,411 modules.ml_screener [DEBUG] [ML S2 VETO] ANNX no rising
 EMAs
2026-03-02 17:56:42,412 modules.ml_screener [DEBUG] [ML S2 VETO] AOS ADR=2.3% <
 4.0%
2026-03-02 17:56:42,414 modules.ml_screener [DEBUG] [ML S2 VETO] AORT below EMA
50
2026-03-02 17:56:42,415 modules.ml_screener [DEBUG] [ML Progress] Stage 2 48% —
 ABT 已檢查 15/2604…
2026-03-02 17:56:42,416 modules.ml_screener [DEBUG] [ML S2 VETO] AP $Vol=277236
3 < 5000000
2026-03-02 17:56:42,425 modules.ml_screener [DEBUG] [ML S2 VETO] APG ADR=3.0% <
 4.0%
2026-03-02 17:56:42,426 modules.ml_screener [DEBUG] [ML S2 VETO] APAM ADR=3.0% 
< 4.0%
2026-03-02 17:56:42,428 modules.ml_screener [DEBUG] [ML S2 VETO] APLD below EMA
50
2026-03-02 17:56:42,430 modules.ml_screener [DEBUG] [ML S2 VETO] APD ADR=2.2% <
 4.0%
2026-03-02 17:56:42,433 modules.ml_screener [DEBUG] [ML Progress] Stage 2 48% —
 ACA 已檢查 16/2604…
2026-03-02 17:56:42,435 modules.ml_screener [DEBUG] [ML S2 VETO] APLS below EMA
50
2026-03-02 17:56:42,436 modules.ml_screener [DEBUG] [ML S2 VETO] APLE ADR=2.7% 
< 4.0%
2026-03-02 17:56:42,438 modules.ml_screener [DEBUG] [ML S2 VETO] APO below EMA5
0
2026-03-02 17:56:42,441 modules.ml_screener [DEBUG] [ML S2 VETO] APPF below EMA
50
2026-03-02 17:56:42,443 modules.ml_screener [DEBUG] [ML S2 VETO] APP below EMA5
0
2026-03-02 17:56:42,445 modules.ml_screener [DEBUG] [ML S2 VETO] APTV ADR=3.6% 
< 4.0%
2026-03-02 17:56:42,450 modules.ml_screener [DEBUG] [ML S2 VETO] APPN below EMA
50
2026-03-02 17:56:42,451 modules.ml_screener [DEBUG] [ML S2 VETO] AQN ADR=1.8% <
 4.0%
2026-03-02 17:56:42,451 modules.ml_screener [DEBUG] [ML Progress] Stage 2 48% —
 ABX 已檢查 17/2604…
2026-03-02 17:56:42,453 modules.ml_screener [DEBUG] [ML S2 VETO] APA momentum 3
M=27.5 6M=37.2
2026-03-02 17:56:42,462 modules.ml_screener [DEBUG] [ML S2 VETO] APH momentum 3
M=7.1 6M=33.1
2026-03-02 17:56:42,462 modules.ml_screener [DEBUG] [ML S2 VETO] ARCC ADR=2.5% 
< 4.0%
2026-03-02 17:56:42,464 modules.ml_screener [DEBUG] [ML S2 VETO] ARCT $Vol=3187
754 < 5000000
2026-03-02 17:56:42,465 modules.ml_screener [DEBUG] [ML S2 VETO] ARCO ADR=3.4% 
< 4.0%
2026-03-02 17:56:42,468 modules.ml_screener [DEBUG] [ML S2 VETO] ARDT ADR=3.7% 
< 4.0%
2026-03-02 17:56:42,469 modules.ml_screener [DEBUG] [ML S2 VETO] ARDX below EMA
50
2026-03-02 17:56:42,470 modules.ml_screener [DEBUG] [ML S2 VETO] ARE ADR=3.8% <
 4.0%
2026-03-02 17:56:42,474 modules.ml_screener [DEBUG] [ML S2 VETO] ARES below EMA
50
2026-03-02 17:56:42,474 modules.ml_screener [DEBUG] [ML Progress] Stage 2 48% —
 ACEL 已檢查 18/2604…
2026-03-02 17:56:42,475 modules.ml_screener [DEBUG] [ML S2 VETO] AR momentum 3M
=4.9 6M=17.6
2026-03-02 17:56:42,477 modules.ml_screener [DEBUG] [ML S2 VETO] ARGX ADR=2.8% 
< 4.0%
2026-03-02 17:56:42,485 modules.ml_screener [DEBUG] [ML S2 VETO] ARHS below EMA
50
2026-03-02 17:56:42,486 modules.ml_screener [DEBUG] [ML S2 VETO] ARI ADR=1.8% <
 4.0%
2026-03-02 17:56:42,487 modules.ml_screener [DEBUG] [ML S2 VETO] ARKO $Vol=3288
038 < 5000000
2026-03-02 17:56:42,492 modules.ml_screener [DEBUG] [ML S2 VETO] ARLP ADR=2.8% 
< 4.0%
2026-03-02 17:56:42,498 modules.ml_screener [INFO] [ML S2 PASS] AAOI ADR=12.0% 
$Vol=$338.3M
2026-03-02 17:56:42,499 modules.ml_screener [DEBUG] [ML S2 VETO] AROC ADR=3.1% 
< 4.0%
2026-03-02 17:56:42,499 modules.ml_screener [DEBUG] [ML S2 VETO] ARMK ADR=3.6% 
< 4.0%
2026-03-02 17:56:42,507 modules.ml_screener [DEBUG] [ML S2 VETO] ARR ADR=2.4% <
 4.0%
2026-03-02 17:56:42,509 modules.ml_screener [DEBUG] [ML S2 VETO] ARRY below EMA
50
2026-03-02 17:56:42,517 modules.ml_screener [DEBUG] [ML S2 WEEKLY VETO] ARM wee
kly downtrend (W-EMA10<W-EMA40)
2026-03-02 17:56:42,518 modules.ml_screener [DEBUG] [ML S2 VETO] ARW ADR=3.1% <
 4.0%
2026-03-02 17:56:42,519 modules.ml_screener [DEBUG] [ML S2 WEEKLY VETO] ARLO we
ekly downtrend (W-EMA10<W-EMA40)
2026-03-02 17:56:42,523 modules.ml_screener [DEBUG] [ML S2 VETO] ARX no rising 
EMAs
2026-03-02 17:56:42,526 modules.ml_screener [DEBUG] [ML Progress] Stage 2 48% —
 AAOI 已檢查 19/2604…
2026-03-02 17:56:42,527 modules.ml_screener [DEBUG] [ML S2 VETO] ARQT momentum 
3M=-3.3 6M=72.3
2026-03-02 17:56:42,531 modules.ml_screener [DEBUG] [ML S2 VETO] ARVN momentum 
3M=15.1 6M=64.2
2026-03-02 17:56:42,533 modules.ml_screener [DEBUG] [ML S2 VETO] AS below EMA50
2026-03-02 17:56:42,535 modules.ml_screener [DEBUG] [ML S2 VETO] ASAN below EMA
50
2026-03-02 17:56:42,535 modules.ml_screener [DEBUG] [ML S2 VETO] ASB ADR=3.1% <
 4.0%
2026-03-02 17:56:42,536 modules.ml_screener [DEBUG] [ML S2 VETO] ASC ADR=3.5% <
 4.0%
2026-03-02 17:56:42,539 modules.ml_screener [DEBUG] [ML S2 VETO] ASGN below EMA
50
2026-03-02 17:56:42,539 modules.ml_screener [DEBUG] [ML S2 VETO] ASH ADR=3.5% <
 4.0%
2026-03-02 17:56:42,546 modules.ml_screener [DEBUG] [ML S2 VETO] ASML ADR=2.8% 
< 4.0%
2026-03-02 17:56:42,546 modules.ml_screener [DEBUG] [ML Progress] Stage 2 48% —
 ACAD 已檢查 20/2604…
2026-03-02 17:56:42,559 modules.ml_screener [DEBUG] [ML S2 VETO] ASPI below EMA
50
2026-03-02 17:56:42,567 modules.ml_screener [DEBUG] [ML S2 VETO] ASST below EMA
50
2026-03-02 17:56:42,571 modules.ml_screener [DEBUG] [ML S2 WEEKLY VETO] ASIX we
ekly downtrend (W-EMA10<W-EMA40)
2026-03-02 17:56:42,573 modules.ml_screener [DEBUG] [ML S2 VETO] ASTS below EMA
50
2026-03-02 17:56:42,576 modules.ml_screener [DEBUG] [ML S2 VETO] ASTH below EMA
50
2026-03-02 17:56:42,579 modules.ml_screener [INFO] [ML S2 PASS] AA ADR=5.5% $Vo
l=$431.4M
2026-03-02 17:56:42,579 modules.ml_screener [DEBUG] [ML S2 VETO] ATAT ADR=3.3% 
< 4.0%
2026-03-02 17:56:42,582 modules.ml_screener [DEBUG] [ML S2 VETO] ASX ADR=3.4% <
 4.0%
2026-03-02 17:56:42,586 modules.ml_screener [DEBUG] [ML S2 VETO] ATEC below EMA
50
2026-03-02 17:56:42,590 modules.ml_screener [DEBUG] [ML S2 VETO] ASND momentum 
3M=10.1 6M=21.0
2026-03-02 17:56:42,590 modules.ml_screener [DEBUG] [ML S2 VETO] ATEN ADR=3.5% 
< 4.0%
2026-03-02 17:56:42,595 modules.ml_screener [DEBUG] [ML S2 VETO] ATI ADR=3.2% <
 4.0%
2026-03-02 17:56:42,596 modules.ml_screener [DEBUG] [ML S2 VETO] ATHM ADR=3.3% 
< 4.0%
2026-03-02 17:56:42,598 modules.ml_screener [DEBUG] [ML Progress] Stage 2 48% —
 AA 已檢查 21/2604…
2026-03-02 17:56:42,598 modules.ml_screener [DEBUG] [ML S2 VETO] ATMU ADR=3.4% 
< 4.0%
2026-03-02 17:56:42,599 modules.ml_screener [DEBUG] [ML S2 VETO] ATO ADR=1.5% <
 4.0%
2026-03-02 17:56:42,602 modules.ml_screener [DEBUG] [ML S2 VETO] ATLX $Vol=2144
502 < 5000000
2026-03-02 17:56:42,602 modules.ml_screener [DEBUG] [ML S2 VETO] ATR ADR=2.2% <
 4.0%
2026-03-02 17:56:42,607 modules.ml_screener [DEBUG] [ML S2 VETO] ATRC below EMA
50
2026-03-02 17:56:42,618 modules.ml_screener [DEBUG] [ML S2 VETO] AUB ADR=3.3% <
 4.0%
2026-03-02 17:56:42,624 modules.ml_screener [DEBUG] [ML S2 VETO] AUNA ADR=3.8% 
< 4.0%
2026-03-02 17:56:42,625 modules.ml_screener [DEBUG] [ML Progress] Stage 2 48% —
 ACGL 已檢查 22/2604…
2026-03-02 17:56:42,629 modules.ml_screener [DEBUG] [ML S2 VETO] AVA ADR=1.9% <
 4.0%
2026-03-02 17:56:42,629 modules.ml_screener [DEBUG] [ML S2 VETO] AUPH ADR=3.4% 
< 4.0%
2026-03-02 17:56:42,635 modules.ml_screener [DEBUG] [ML S2 VETO] AVAH below EMA
50
2026-03-02 17:56:42,638 modules.ml_screener [DEBUG] [ML S2 VETO] AVAV below EMA
50
2026-03-02 17:56:42,642 modules.ml_screener [DEBUG] [ML S2 VETO] AVNT ADR=3.7% 
< 4.0%
2026-03-02 17:56:42,643 modules.ml_screener [DEBUG] [ML S2 VETO] AVB ADR=2.1% <
 4.0%
2026-03-02 17:56:42,645 modules.ml_screener [DEBUG] [ML S2 VETO] AVGO below EMA
50
2026-03-02 17:56:42,647 modules.ml_screener [DEBUG] [ML S2 VETO] AVO ADR=2.9% <
 4.0%
2026-03-02 17:56:42,649 modules.ml_screener [DEBUG] [ML Progress] Stage 2 48% —
 ACHR 已檢查 23/2604…
2026-03-02 17:56:42,652 modules.ml_screener [DEBUG] [ML S2 VETO] AVT ADR=2.5% <
 4.0%
2026-03-02 17:56:42,653 modules.ml_screener [DEBUG] [ML S2 VETO] AVR $Vol=49725
55 < 5000000
2026-03-02 17:56:42,658 modules.ml_screener [DEBUG] [ML S2 VETO] AVPT below EMA
50
2026-03-02 17:56:42,661 modules.ml_screener [DEBUG] [ML S2 VETO] AVTR below EMA
50
2026-03-02 17:56:42,665 modules.ml_screener [DEBUG] [ML S2 VETO] AVY ADR=2.0% <
 4.0%
2026-03-02 17:56:42,668 modules.ml_screener [DEBUG] [ML S2 VETO] AWF ADR=0.5% <
 4.0%
2026-03-02 17:56:42,669 modules.ml_screener [DEBUG] [ML S2 VETO] AVBP momentum 
3M=14.7 6M=19.6
2026-03-02 17:56:42,670 modules.ml_screener [DEBUG] [ML S2 VETO] AWI ADR=3.3% <
 4.0%
2026-03-02 17:56:42,670 modules.ml_screener [DEBUG] [ML S2 VETO] AWK ADR=2.8% <
 4.0%
2026-03-02 17:56:42,672 modules.ml_screener [DEBUG] [ML S2 VETO] AX below EMA50
2026-03-02 17:56:42,672 modules.ml_screener [DEBUG] [ML Progress] Stage 2 48% —
 ACI 已檢查 24/2604…
2026-03-02 17:56:42,676 modules.ml_screener [DEBUG] [ML S2 VETO] AXIA ADR=2.5% 
< 4.0%
2026-03-02 17:56:42,678 modules.ml_screener [DEBUG] [ML S2 VETO] AVNS momentum 
3M=25.6 6M=18.8
2026-03-02 17:56:42,682 modules.ml_screener [DEBUG] [ML S2 VETO] AXGN below EMA
50
2026-03-02 17:56:42,683 modules.ml_screener [DEBUG] [ML S2 VETO] AXP ADR=3.2% <
 4.0%
2026-03-02 17:56:42,685 modules.ml_screener [DEBUG] [ML S2 VETO] AXTA ADR=2.8% 
< 4.0%
2026-03-02 17:56:42,685 modules.ml_screener [DEBUG] [ML S2 VETO] AXSM ADR=3.2% 
< 4.0%
2026-03-02 17:56:42,686 modules.ml_screener [DEBUG] [ML S2 VETO] AXS ADR=2.7% <
 4.0%
2026-03-02 17:56:42,689 modules.ml_screener [DEBUG] [ML S2 VETO] AYI ADR=3.5% <
 4.0%
2026-03-02 17:56:42,692 modules.ml_screener [DEBUG] [ML S2 VETO] AZ $Vol=293278
2 < 5000000
2026-03-02 17:56:42,692 modules.ml_screener [DEBUG] [ML Progress] Stage 2 48% —
 ACIC 已檢查 25/2604…
2026-03-02 17:56:42,694 modules.ml_screener [DEBUG] [ML S2 WEEKLY VETO] AXON we
ekly downtrend (W-EMA10<W-EMA40)
2026-03-02 17:56:42,695 modules.ml_screener [DEBUG] [ML S2 VETO] AZN ADR=1.9% <
 4.0%
2026-03-02 17:56:42,698 modules.ml_screener [DEBUG] [ML S2 VETO] B ADR=3.6% < 4
.0%
2026-03-02 17:56:42,699 modules.ml_screener [DEBUG] [ML S2 VETO] AZTA below EMA
50
2026-03-02 17:56:42,700 modules.ml_screener [DEBUG] [ML S2 VETO] BA ADR=2.7% < 
4.0%
2026-03-02 17:56:42,703 modules.ml_screener [DEBUG] [ML S2 VETO] BAH below EMA5
0
2026-03-02 17:56:42,703 modules.ml_screener [DEBUG] [ML S2 VETO] BABA ADR=2.6% 
< 4.0%
2026-03-02 17:56:42,704 modules.ml_screener [DEBUG] [ML S2 VETO] BAC ADR=3.0% <
 4.0%
2026-03-02 17:56:42,705 modules.ml_screener [DEBUG] [ML S2 VETO] BAM ADR=3.5% <
 4.0%
2026-03-02 17:56:42,705 modules.ml_screener [DEBUG] [ML S2 VETO] BALL ADR=2.0% 
< 4.0%
2026-03-02 17:56:42,707 modules.ml_screener [DEBUG] [ML Progress] Stage 2 48% —
 ACIW 已檢查 26/2604…
2026-03-02 17:56:42,708 modules.ml_screener [DEBUG] [ML S2 VETO] BANC ADR=3.8% 
< 4.0%
2026-03-02 17:56:42,711 modules.ml_screener [DEBUG] [ML S2 VETO] BANR ADR=3.2% 
< 4.0%
2026-03-02 17:56:42,712 modules.ml_screener [DEBUG] [ML S2 VETO] BAR ADR=1.6% <
 4.0%
2026-03-02 17:56:42,714 modules.ml_screener [DEBUG] [ML S2 VETO] BATRK ADR=2.7%
 < 4.0%
2026-03-02 17:56:42,717 modules.ml_screener [DEBUG] [ML S2 VETO] BAP ADR=3.2% <
 4.0%
2026-03-02 17:56:42,719 modules.ml_screener [DEBUG] [ML S2 VETO] BAX below EMA5
0
2026-03-02 17:56:42,722 modules.ml_screener [DEBUG] [ML S2 VETO] BBAR below EMA
50
2026-03-02 17:56:42,725 modules.ml_screener [DEBUG] [ML S2 VETO] BBBY below EMA
50
2026-03-02 17:56:42,726 modules.ml_screener [DEBUG] [ML Progress] Stage 2 48% —
 ACHC 已檢查 27/2604…
2026-03-02 17:56:42,726 modules.ml_screener [DEBUG] [ML S2 VETO] BBDC ADR=2.6% 
< 4.0%
2026-03-02 17:56:42,729 modules.ml_screener [DEBUG] [ML S2 VETO] BBIO below EMA
50
2026-03-02 17:56:42,731 modules.ml_screener [DEBUG] [ML S2 WEEKLY VETO] BAND we
ekly downtrend (W-EMA10<W-EMA40)
2026-03-02 17:56:42,733 modules.ml_screener [DEBUG] [ML S2 VETO] BBOT $Vol=3159
892 < 5000000
2026-03-02 17:56:42,739 modules.ml_screener [DEBUG] [ML S2 VETO] BBNX below EMA
50
2026-03-02 17:56:42,739 modules.ml_screener [DEBUG] [ML S2 VETO] BBSI below EMA
50
2026-03-02 17:56:42,740 modules.ml_screener [DEBUG] [ML S2 VETO] BBT ADR=3.7% <
 4.0%
2026-03-02 17:56:42,742 modules.ml_screener [DEBUG] [ML S2 VETO] BBW below EMA5
0
2026-03-02 17:56:42,743 modules.ml_screener [DEBUG] [ML S2 VETO] BBVA ADR=1.9% 
< 4.0%
2026-03-02 17:56:42,745 modules.ml_screener [DEBUG] [ML Progress] Stage 2 48% —
 ACLX 已檢查 28/2604…
2026-03-02 17:56:42,747 modules.ml_screener [DEBUG] [ML S2 VETO] BBY ADR=3.6% <
 4.0%
2026-03-02 17:56:42,747 modules.ml_screener [DEBUG] [ML S2 VETO] BC ADR=3.8% < 
4.0%
2026-03-02 17:56:42,748 modules.ml_screener [DEBUG] [ML S2 VETO] BCAT ADR=1.1% 
< 4.0%
2026-03-02 17:56:42,752 modules.ml_screener [DEBUG] [ML S2 VETO] BCE ADR=1.5% <
 4.0%
2026-03-02 17:56:42,755 modules.ml_screener [DEBUG] [ML S2 VETO] BCO ADR=3.6% <
 4.0%
2026-03-02 17:56:42,759 modules.ml_screener [DEBUG] [ML S2 VETO] BCS ADR=2.9% <
 4.0%
2026-03-02 17:56:42,760 modules.ml_screener [DEBUG] [ML S2 VETO] BCSF ADR=3.7% 
< 4.0%
2026-03-02 17:56:42,765 modules.ml_screener [DEBUG] [ML Progress] Stage 2 48% —
 ACLS 已檢查 29/2604…
2026-03-02 17:56:42,767 modules.ml_screener [DEBUG] [ML S2 WEEKLY VETO] BBWI we
ekly downtrend (W-EMA10<W-EMA40)
2026-03-02 17:56:42,768 modules.ml_screener [DEBUG] [ML S2 VETO] BCYC $Vol=2630
759 < 5000000
2026-03-02 17:56:42,770 modules.ml_screener [DEBUG] [ML S2 VETO] BDX ADR=3.2% <
 4.0%
2026-03-02 17:56:42,775 modules.ml_screener [DEBUG] [ML S2 VETO] BDJ ADR=1.1% <
 4.0%
2026-03-02 17:56:42,777 modules.ml_screener [DEBUG] [ML S2 VETO] BEKE ADR=2.5% 
< 4.0%
2026-03-02 17:56:42,779 modules.ml_screener [DEBUG] [ML S2 VETO] BCAX momentum 
3M=10.5 6M=39.6
2026-03-02 17:56:42,781 modules.ml_screener [DEBUG] [ML S2 VETO] BEN ADR=2.8% <
 4.0%
2026-03-02 17:56:42,781 modules.ml_screener [DEBUG] [ML S2 WEEKLY VETO] BCRX we
ekly downtrend (W-EMA10<W-EMA40)
2026-03-02 17:56:42,781 modules.ml_screener [DEBUG] [ML Progress] Stage 2 48% —
 ACM 已檢查 30/2604…
2026-03-02 17:56:42,783 modules.ml_screener [DEBUG] [ML S2 VETO] BEP ADR=2.8% <
 4.0%
2026-03-02 17:56:42,787 modules.ml_screener [DEBUG] [ML S2 VETO] BEPC ADR=3.2% 
< 4.0%
2026-03-02 17:56:42,787 modules.ml_screener [DEBUG] [ML S2 VETO] BCC momentum 3
M=23.8 6M=-5.3
2026-03-02 17:56:42,790 modules.ml_screener [DEBUG] [ML S2 VETO] BFAM below EMA
50
2026-03-02 17:56:42,791 modules.ml_screener [DEBUG] [ML S2 VETO] BETA no rising
 EMAs
2026-03-02 17:56:42,792 modules.ml_screener [DEBUG] [ML S2 VETO] BETR below EMA
50
2026-03-02 17:56:42,795 modules.ml_screener [DEBUG] [ML S2 VETO] BFH below EMA5
0
2026-03-02 17:56:42,797 modules.ml_screener [DEBUG] [ML S2 VETO] BG ADR=2.9% < 
4.0%
2026-03-02 17:56:42,799 modules.ml_screener [DEBUG] [ML Progress] Stage 2 48% —
 AAON 已檢查 31/2604…
2026-03-02 17:56:42,802 modules.ml_screener [DEBUG] [ML S2 VETO] BHC below EMA5
0
2026-03-02 17:56:42,803 modules.ml_screener [DEBUG] [ML S2 VETO] BHE ADR=3.4% <
 4.0%
2026-03-02 17:56:42,804 modules.ml_screener [DEBUG] [ML S2 VETO] BGS ADR=3.9% <
 4.0%
2026-03-02 17:56:42,807 modules.ml_screener [DEBUG] [ML S2 VETO] BHK ADR=0.7% <
 4.0%
2026-03-02 17:56:42,808 modules.ml_screener [DEBUG] [ML S2 VETO] BHF ADR=1.1% <
 4.0%
2026-03-02 17:56:42,811 modules.ml_screener [DEBUG] [ML S2 VETO] BHP ADR=2.5% <
 4.0%
2026-03-02 17:56:42,811 modules.ml_screener [DEBUG] [ML S2 VETO] BGC momentum 3
M=11.6 6M=-5.0
2026-03-02 17:56:42,813 modules.ml_screener [DEBUG] [ML S2 VETO] BHVN below EMA
50
2026-03-02 17:56:42,814 modules.ml_screener [DEBUG] [ML S2 VETO] BIDU ADR=3.1% 
< 4.0%
2026-03-02 17:56:42,814 modules.ml_screener [DEBUG] [ML S2 VETO] BIIB ADR=2.9% 
< 4.0%
2026-03-02 17:56:42,816 modules.ml_screener [DEBUG] [ML Progress] Stage 2 48% —
 AAP 已檢查 32/2604…
2026-03-02 17:56:42,817 modules.ml_screener [DEBUG] [ML S2 VETO] BILI ADR=2.6% 
< 4.0%
2026-03-02 17:56:42,818 modules.ml_screener [DEBUG] [ML S2 VETO] BILL below EMA
50
2026-03-02 17:56:42,819 modules.ml_screener [DEBUG] [ML S2 VETO] BIP ADR=2.1% <
 4.0%
2026-03-02 17:56:42,820 modules.ml_screener [DEBUG] [ML S2 VETO] BIPC ADR=2.2% 
< 4.0%
2026-03-02 17:56:42,825 modules.ml_screener [DEBUG] [ML S2 VETO] BJ ADR=3.1% < 
4.0%
2026-03-02 17:56:42,826 modules.ml_screener [DEBUG] [ML S2 VETO] BK ADR=3.6% < 
4.0%
2026-03-02 17:56:42,828 modules.ml_screener [DEBUG] [ML S2 VETO] BJRI below EMA
50
2026-03-02 17:56:42,832 modules.ml_screener [DEBUG] [ML S2 VETO] BKE ADR=2.6% <
 4.0%
2026-03-02 17:56:42,833 modules.ml_screener [DEBUG] [ML S2 VETO] BKH ADR=1.9% <
 4.0%
2026-03-02 17:56:42,833 modules.ml_screener [DEBUG] [ML Progress] Stage 2 48% —
 ACP 已檢查 33/2604…
2026-03-02 17:56:42,833 modules.ml_screener [DEBUG] [ML S2 VETO] BKD ADR=3.6% <
 4.0%
2026-03-02 17:56:42,837 modules.ml_screener [DEBUG] [ML S2 VETO] BKKT below EMA
50
2026-03-02 17:56:42,838 modules.ml_screener [DEBUG] [ML S2 VETO] BKNG below EMA
50
2026-03-02 17:56:42,842 modules.ml_screener [DEBUG] [ML S2 VETO] BKSY below EMA
50
2026-03-02 17:56:42,843 modules.ml_screener [DEBUG] [ML S2 VETO] BKR ADR=2.5% <
 4.0%
2026-03-02 17:56:42,843 modules.ml_screener [DEBUG] [ML S2 VETO] BKU ADR=3.2% <
 4.0%
2026-03-02 17:56:42,848 modules.ml_screener [DEBUG] [ML S2 VETO] BL below EMA50
2026-03-02 17:56:42,851 modules.ml_screener [DEBUG] [ML S2 VETO] BLCO ADR=3.5% 
< 4.0%
2026-03-02 17:56:42,853 modules.ml_screener [DEBUG] [ML S2 WEEKLY VETO] BIRK we
ekly downtrend (W-EMA10<W-EMA40)
2026-03-02 17:56:42,854 modules.ml_screener [DEBUG] [ML S2 VETO] BLD below EMA5
0
2026-03-02 17:56:42,856 modules.ml_screener [DEBUG] [ML Progress] Stage 2 48% —
 ACRE 已檢查 34/2604…
2026-03-02 17:56:42,860 modules.ml_screener [DEBUG] [ML S2 VETO] BLFS no rising
 EMAs
2026-03-02 17:56:42,861 modules.ml_screener [DEBUG] [ML S2 VETO] BKV momentum 3
M=19.5 6M=36.9
2026-03-02 17:56:42,863 modules.ml_screener [DEBUG] [ML S2 VETO] BLKB below EMA
50
2026-03-02 17:56:42,863 modules.ml_screener [DEBUG] [ML S2 VETO] BLK ADR=3.7% <
 4.0%
2026-03-02 17:56:42,866 modules.ml_screener [DEBUG] [ML S2 VETO] BLDR below EMA
50
2026-03-02 17:56:42,868 modules.ml_screener [DEBUG] [ML S2 VETO] BLLN no rising
 EMAs
2026-03-02 17:56:42,870 modules.ml_screener [DEBUG] [ML S2 VETO] BLMN below EMA
50
2026-03-02 17:56:42,872 modules.ml_screener [DEBUG] [ML S2 VETO] BLBD momentum 
3M=14.8 6M=0.2
2026-03-02 17:56:42,873 modules.ml_screener [DEBUG] [ML S2 VETO] BMA below EMA5
0
2026-03-02 17:56:42,875 modules.ml_screener [DEBUG] [ML S2 VETO] BLSH no rising
 EMAs
2026-03-02 17:56:42,875 modules.ml_screener [INFO] [ML S2 PASS] ACMR ADR=7.0% $
Vol=$106.7M
2026-03-02 17:56:42,875 modules.ml_screener [DEBUG] [ML S2 VETO] BMI ADR=3.5% <
 4.0%
2026-03-02 17:56:42,877 modules.ml_screener [DEBUG] [ML S2 VETO] BMNR below EMA
50
2026-03-02 17:56:42,878 modules.ml_screener [DEBUG] [ML S2 VETO] BMO ADR=2.1% <
 4.0%
2026-03-02 17:56:42,883 modules.ml_screener [DEBUG] [ML S2 VETO] BN ADR=3.0% < 
4.0%
2026-03-02 17:56:42,884 modules.ml_screener [DEBUG] [ML S2 VETO] BMY ADR=2.1% <
 4.0%
2026-03-02 17:56:42,885 modules.ml_screener [DEBUG] [ML S2 VETO] BNL ADR=2.2% <
 4.0%
2026-03-02 17:56:42,888 modules.ml_screener [DEBUG] [ML S2 VETO] BNS ADR=1.8% <
 4.0%
2026-03-02 17:56:42,889 modules.ml_screener [DEBUG] [ML S2 VETO] BNTX ADR=2.6% 
< 4.0%
2026-03-02 17:56:42,891 modules.ml_screener [DEBUG] [ML S2 VETO] BOH ADR=3.0% <
 4.0%
2026-03-02 17:56:42,892 modules.ml_screener [DEBUG] [ML Progress] Stage 2 48% —
 ACMR 已檢查 35/2604…
2026-03-02 17:56:42,892 modules.ml_screener [DEBUG] [ML S2 VETO] BOKF ADR=2.5% 
< 4.0%
2026-03-02 17:56:42,895 modules.ml_screener [DEBUG] [ML S2 VETO] BMRN momentum 
3M=17.4 6M=5.2
2026-03-02 17:56:42,902 modules.ml_screener [DEBUG] [ML S2 VETO] BOOT ADR=3.9% 
< 4.0%
2026-03-02 17:56:42,903 modules.ml_screener [DEBUG] [ML S2 VETO] BP ADR=2.1% < 
4.0%
2026-03-02 17:56:42,907 modules.ml_screener [DEBUG] [ML S2 VETO] BOOM $Vol=2809
054 < 5000000
2026-03-02 17:56:42,908 modules.ml_screener [DEBUG] [ML S2 VETO] BPRE ADR=3.5% 
< 4.0%
2026-03-02 17:56:42,909 modules.ml_screener [DEBUG] [ML S2 VETO] BOW below EMA5
0
2026-03-02 17:56:42,909 modules.ml_screener [DEBUG] [ML S2 VETO] BPOP ADR=3.2% 
< 4.0%
2026-03-02 17:56:42,910 modules.ml_screener [DEBUG] [ML S2 VETO] BOX ADR=3.8% <
 4.0%
2026-03-02 17:56:42,910 modules.ml_screener [DEBUG] [ML S2 VETO] BR ADR=3.0% < 
4.0%
2026-03-02 17:56:42,911 modules.ml_screener [DEBUG] [ML Progress] Stage 2 48% —
 ACN 已檢查 36/2604…
2026-03-02 17:56:42,913 modules.ml_screener [DEBUG] [ML S2 VETO] BRBR below EMA
50
2026-03-02 17:56:42,914 modules.ml_screener [DEBUG] [ML S2 VETO] BRCB no rising
 EMAs
2026-03-02 17:56:42,915 modules.ml_screener [DEBUG] [ML S2 VETO] BRO ADR=2.9% <
 4.0%
2026-03-02 17:56:42,917 modules.ml_screener [DEBUG] [ML S2 VETO] BRKR below EMA
50
2026-03-02 17:56:42,921 modules.ml_screener [DEBUG] [ML S2 VETO] BRSL ADR=3.0% 
< 4.0%
2026-03-02 17:56:42,921 modules.ml_screener [DEBUG] [ML S2 VETO] BRSP ADR=3.4% 
< 4.0%
2026-03-02 17:56:42,923 modules.ml_screener [DEBUG] [ML S2 VETO] BROS below EMA
50
2026-03-02 17:56:42,923 modules.ml_screener [DEBUG] [ML S2 VETO] BRX ADR=1.6% <
 4.0%
2026-03-02 17:56:42,925 modules.ml_screener [DEBUG] [ML S2 VETO] BSBR ADR=3.0% 
< 4.0%
2026-03-02 17:56:42,925 modules.ml_screener [DEBUG] [ML S2 VETO] BSM ADR=1.9% <
 4.0%
2026-03-02 17:56:42,927 modules.ml_screener [DEBUG] [ML S2 VETO] BRZE below EMA
50
2026-03-02 17:56:42,927 modules.ml_screener [DEBUG] [ML S2 VETO] BSX ADR=2.2% <
 4.0%
2026-03-02 17:56:42,927 modules.ml_screener [DEBUG] [ML Progress] Stage 2 48% —
 ADBE 已檢查 37/2604…
2026-03-02 17:56:42,931 modules.ml_screener [DEBUG] [ML S2 VETO] BTDR below EMA
50
2026-03-02 17:56:42,932 modules.ml_screener [DEBUG] [ML S2 VETO] BSY below EMA5
0
2026-03-02 17:56:42,932 modules.ml_screener [DEBUG] [ML S2 VETO] BTI ADR=1.7% <
 4.0%
2026-03-02 17:56:42,940 modules.ml_screener [DEBUG] [ML S2 VETO] BTU below EMA5
0
2026-03-02 17:56:42,941 modules.ml_screener [DEBUG] [ML S2 VETO] BTX ADR=2.4% <
 4.0%
2026-03-02 17:56:42,944 modules.ml_screener [DEBUG] [ML S2 VETO] BUD ADR=1.6% <
 4.0%
2026-03-02 17:56:42,945 modules.ml_screener [DEBUG] [ML S2 VETO] BULL below EMA
50
2026-03-02 17:56:42,945 modules.ml_screener [DEBUG] [ML S2 VETO] BUR ADR=3.7% <
 4.0%
2026-03-02 17:56:42,946 modules.ml_screener [DEBUG] [ML S2 VETO] BTZ ADR=0.6% <
 4.0%
2026-03-02 17:56:42,947 modules.ml_screener [DEBUG] [ML S2 VETO] BURL ADR=3.7% 
< 4.0%
2026-03-02 17:56:42,947 modules.ml_screener [DEBUG] [ML Progress] Stage 2 48% —
 ADAM 已檢查 38/2604…
2026-03-02 17:56:42,952 modules.ml_screener [DEBUG] [ML S2 VETO] BUSE ADR=2.9% 
< 4.0%
2026-03-02 17:56:42,952 modules.ml_screener [DEBUG] [ML S2 VETO] BTSG momentum 
3M=28.4 6M=73.1
2026-03-02 17:56:42,952 modules.ml_screener [DEBUG] [ML S2 VETO] BV ADR=3.4% < 
4.0%
2026-03-02 17:56:42,963 modules.ml_screener [DEBUG] [ML S2 VETO] BWIN no rising
 EMAs
2026-03-02 17:56:42,967 modules.ml_screener [DEBUG] [ML S2 VETO] BX below EMA50
2026-03-02 17:56:42,972 modules.ml_screener [DEBUG] [ML Progress] Stage 2 48% —
 ADC 已檢查 39/2604…
2026-03-02 17:56:42,973 modules.ml_screener [DEBUG] [ML S2 VETO] BXSL ADR=2.6% 
< 4.0%
2026-03-02 17:56:42,975 modules.ml_screener [DEBUG] [ML S2 VETO] BXMT ADR=2.3% 
< 4.0%
2026-03-02 17:56:42,975 modules.ml_screener [DEBUG] [ML S2 VETO] BXP ADR=4.0% <
 4.0%
2026-03-02 17:56:42,976 modules.ml_screener [DEBUG] [ML S2 VETO] BYD ADR=2.8% <
 4.0%
2026-03-02 17:56:42,978 modules.ml_screener [DEBUG] [ML S2 VETO] BYRN below EMA
50
2026-03-02 17:56:42,978 modules.ml_screener [DEBUG] [ML S2 VETO] BZ ADR=3.7% < 
4.0%
2026-03-02 17:56:42,983 modules.ml_screener [DEBUG] [ML S2 VETO] CAAP ADR=3.6% 
< 4.0%
2026-03-02 17:56:42,983 modules.ml_screener [DEBUG] [ML Progress] Stage 2 48% —
 ADI 已檢查 40/2604…
2026-03-02 17:56:42,983 modules.ml_screener [DEBUG] [ML S2 VETO] BZH ADR=3.4% <
 4.0%
2026-03-02 17:56:42,984 modules.ml_screener [DEBUG] [ML S2 VETO] C ADR=3.7% < 4
.0%
2026-03-02 17:56:42,986 modules.ml_screener [DEBUG] [ML S2 VETO] CADL below EMA
50
2026-03-02 17:56:42,987 modules.ml_screener [DEBUG] [ML S2 VETO] CAE ADR=3.5% <
 4.0%
2026-03-02 17:56:42,988 modules.ml_screener [DEBUG] [ML S2 VETO] CAG ADR=3.4% <
 4.0%
2026-03-02 17:56:42,990 modules.ml_screener [DEBUG] [ML S2 VETO] CAI below EMA5
0
2026-03-02 17:56:42,992 modules.ml_screener [DEBUG] [ML S2 VETO] CAL below EMA5
0
2026-03-02 17:56:42,993 modules.ml_screener [DEBUG] [ML S2 VETO] CALM ADR=3.1% 
< 4.0%
2026-03-02 17:56:42,996 modules.ml_screener [DEBUG] [ML S2 VETO] CAH ADR=2.3% <
 4.0%
2026-03-02 17:56:42,997 modules.ml_screener [DEBUG] [ML Progress] Stage 2 48% —
 ADM 已檢查 41/2604…
2026-03-02 17:56:42,999 modules.ml_screener [DEBUG] [ML S2 VETO] CALX below EMA
50
2026-03-02 17:56:43,000 modules.ml_screener [DEBUG] [ML S2 VETO] BWXT momentum 
3M=14.6 6M=24.6
2026-03-02 17:56:43,010 modules.ml_screener [DEBUG] [ML S2 VETO] CAR below EMA5
0
2026-03-02 17:56:43,014 modules.ml_screener [DEBUG] [ML S2 VETO] CARL $Vol=1803
512 < 5000000
2026-03-02 17:56:43,020 modules.ml_screener [DEBUG] [ML S2 VETO] CARS below EMA
50
2026-03-02 17:56:43,021 modules.ml_screener [DEBUG] [ML S2 VETO] CARG below EMA
50
2026-03-02 17:56:43,023 modules.ml_screener [DEBUG] [ML S2 VETO] CARR ADR=3.0% 
< 4.0%
2026-03-02 17:56:43,024 modules.ml_screener [DEBUG] [ML S2 VETO] CART below EMA
50
2026-03-02 17:56:43,025 modules.ml_screener [DEBUG] [ML S2 VETO] CASH ADR=3.6% 
< 4.0%
2026-03-02 17:56:43,025 modules.ml_screener [DEBUG] [ML Progress] Stage 2 48% —
 ADNT 已檢查 42/2604…
2026-03-02 17:56:43,027 modules.ml_screener [DEBUG] [ML S2 VETO] CASY ADR=2.2% 
< 4.0%
2026-03-02 17:56:43,028 modules.ml_screener [DEBUG] [ML S2 VETO] CAT ADR=3.2% <
 4.0%
2026-03-02 17:56:43,031 modules.ml_screener [DEBUG] [ML S2 VETO] CATY ADR=2.7% 
< 4.0%
2026-03-02 17:56:43,039 modules.ml_screener [DEBUG] [ML S2 VETO] CB ADR=2.0% < 
4.0%
2026-03-02 17:56:43,040 modules.ml_screener [DEBUG] [ML S2 VETO] CBC ADR=3.1% <
 4.0%
2026-03-02 17:56:43,045 modules.ml_screener [DEBUG] [ML S2 VETO] CBLL below EMA
50
2026-03-02 17:56:43,047 modules.ml_screener [DEBUG] [ML S2 VETO] CBRE below EMA
50
2026-03-02 17:56:43,051 modules.ml_screener [DEBUG] [ML S2 VETO] CBSH ADR=2.7% 
< 4.0%
2026-03-02 17:56:43,051 modules.ml_screener [DEBUG] [ML S2 VETO] CBT ADR=2.9% <
 4.0%
2026-03-02 17:56:43,052 modules.ml_screener [DEBUG] [ML Progress] Stage 2 48% —
 ADPT 已檢查 43/2604…
2026-03-02 17:56:43,063 modules.ml_screener [DEBUG] [ML S2 VETO] CCC below EMA5
0
2026-03-02 17:56:43,063 modules.ml_screener [DEBUG] [ML S2 VETO] CBZ below EMA5
0
2026-03-02 17:56:43,064 modules.ml_screener [DEBUG] [ML S2 VETO] CCEP ADR=2.0% 
< 4.0%
2026-03-02 17:56:43,065 modules.ml_screener [DEBUG] [ML S2 VETO] CCI ADR=3.6% <
 4.0%
2026-03-02 17:56:43,070 modules.ml_screener [DEBUG] [ML S2 VETO] CCL ADR=3.8% <
 4.0%
2026-03-02 17:56:43,070 modules.ml_screener [DEBUG] [ML S2 VETO] CCK ADR=2.3% <
 4.0%
2026-03-02 17:56:43,072 modules.ml_screener [DEBUG] [ML S2 VETO] CCOI below EMA
50
2026-03-02 17:56:43,080 modules.ml_screener [DEBUG] [ML S2 WEEKLY VETO] CBRL we
ekly downtrend (W-EMA10<W-EMA40)
2026-03-02 17:56:43,081 modules.ml_screener [DEBUG] [ML S2 VETO] CCRN $Vol=3928
931 < 5000000
2026-03-02 17:56:43,084 modules.ml_screener [DEBUG] [ML Progress] Stage 2 48% —
 ADP 已檢查 44/2604…
2026-03-02 17:56:43,087 modules.ml_screener [DEBUG] [ML S2 VETO] CDNL no rising
 EMAs
2026-03-02 17:56:43,090 modules.ml_screener [DEBUG] [ML S2 VETO] CDNA below EMA
50
2026-03-02 17:56:43,092 modules.ml_screener [DEBUG] [ML S2 VETO] CDNS below EMA
50
2026-03-02 17:56:43,093 modules.ml_screener [DEBUG] [ML S2 VETO] CDP ADR=2.0% <
 4.0%
2026-03-02 17:56:43,095 modules.ml_screener [DEBUG] [ML S2 VETO] CDW below EMA5
0
2026-03-02 17:56:43,101 modules.ml_screener [DEBUG] [ML S2 VETO] CDZI $Vol=4396
036 < 5000000
2026-03-02 17:56:43,106 modules.ml_screener [DEBUG] [ML S2 WEEKLY VETO] CDIO we
ekly downtrend (W-EMA10<W-EMA40)
2026-03-02 17:56:43,108 modules.ml_screener [DEBUG] [ML S2 VETO] CECO below EMA
50
2026-03-02 17:56:43,110 modules.ml_screener [INFO] [ML S2 PASS] AEHR ADR=11.7% 
$Vol=$49.5M
2026-03-02 17:56:43,116 modules.ml_screener [DEBUG] [ML S2 VETO] CEPT ADR=3.0% 
< 4.0%
2026-03-02 17:56:43,121 modules.ml_screener [DEBUG] [ML S2 VETO] CERT below EMA
50
2026-03-02 17:56:43,125 modules.ml_screener [DEBUG] [ML S2 VETO] CF ADR=3.5% < 
4.0%
2026-03-02 17:56:43,127 modules.ml_screener [DEBUG] [ML S2 VETO] CFG ADR=3.1% <
 4.0%
2026-03-02 17:56:43,129 modules.ml_screener [DEBUG] [ML S2 VETO] CEVA below EMA
50
2026-03-02 17:56:43,130 modules.ml_screener [DEBUG] [ML S2 VETO] CFFN ADR=2.7% 
< 4.0%
2026-03-02 17:56:43,130 modules.ml_screener [DEBUG] [ML S2 VETO] CFLT ADR=0.3% 
< 4.0%
2026-03-02 17:56:43,132 modules.ml_screener [DEBUG] [ML S2 WEEKLY VETO] CEG wee
kly downtrend (W-EMA10<W-EMA40)
2026-03-02 17:56:43,134 modules.ml_screener [DEBUG] [ML S2 VETO] CFR ADR=2.5% <
 4.0%
2026-03-02 17:56:43,138 modules.ml_screener [DEBUG] [ML Progress] Stage 2 48% —
 AEHR 已檢查 45/2604…
2026-03-02 17:56:43,141 modules.ml_screener [DEBUG] [ML S2 VETO] CG below EMA50
2026-03-02 17:56:43,144 modules.ml_screener [DEBUG] [ML S2 VETO] CGNT $Vol=4033
916 < 5000000
2026-03-02 17:56:43,145 modules.ml_screener [DEBUG] [ML S2 VETO] CGBD ADR=3.0% 
< 4.0%
2026-03-02 17:56:43,153 modules.ml_screener [DEBUG] [ML S2 VETO] CHA below EMA5
0
2026-03-02 17:56:43,159 modules.ml_screener [DEBUG] [ML S2 VETO] CHD ADR=2.3% <
 4.0%
2026-03-02 17:56:43,160 modules.ml_screener [DEBUG] [ML S2 VETO] CHDN ADR=3.9% 
< 4.0%
2026-03-02 17:56:43,162 modules.ml_screener [DEBUG] [ML S2 VETO] CHE ADR=2.6% <
 4.0%
2026-03-02 17:56:43,162 modules.ml_screener [DEBUG] [ML S2 VETO] CHCT ADR=3.0% 
< 4.0%
2026-03-02 17:56:43,162 modules.ml_screener [DEBUG] [ML S2 VETO] CHEF ADR=3.6% 
< 4.0%
2026-03-02 17:56:43,163 modules.ml_screener [DEBUG] [ML Progress] Stage 2 48% —
 ADMA 已檢查 46/2604…
2026-03-02 17:56:43,167 modules.ml_screener [DEBUG] [ML S2 VETO] CHKP ADR=3.9% 
< 4.0%
2026-03-02 17:56:43,169 modules.ml_screener [DEBUG] [ML S2 VETO] CHH ADR=3.5% <
 4.0%
2026-03-02 17:56:43,173 modules.ml_screener [DEBUG] [ML S2 VETO] CHTR ADR=3.7% 
< 4.0%
2026-03-02 17:56:43,175 modules.ml_screener [DEBUG] [ML S2 VETO] CI ADR=2.5% < 
4.0%
2026-03-02 17:56:43,177 modules.ml_screener [DEBUG] [ML S2 VETO] CHYM below EMA
50
2026-03-02 17:56:43,177 modules.ml_screener [DEBUG] [ML S2 VETO] CHRD ADR=3.4% 
< 4.0%
2026-03-02 17:56:43,180 modules.ml_screener [DEBUG] [ML S2 VETO] CHWY below EMA
50
2026-03-02 17:56:43,180 modules.ml_screener [DEBUG] [ML S2 VETO] CIB ADR=3.6% <
 4.0%
2026-03-02 17:56:43,186 modules.ml_screener [DEBUG] [ML S2 VETO] CIFR below EMA
50
2026-03-02 17:56:43,186 modules.ml_screener [DEBUG] [ML Progress] Stage 2 48% —
 ADSK 已檢查 47/2604…
2026-03-02 17:56:43,187 modules.ml_screener [DEBUG] [ML S2 VETO] CIGI below EMA
50
2026-03-02 17:56:43,191 modules.ml_screener [DEBUG] [ML S2 VETO] CINF ADR=2.3% 
< 4.0%
2026-03-02 17:56:43,191 modules.ml_screener [DEBUG] [ML S2 VETO] CHRW momentum 
3M=22.9 6M=45.9
2026-03-02 17:56:43,192 modules.ml_screener [DEBUG] [ML S2 VETO] CIM ADR=2.8% <
 4.0%
2026-03-02 17:56:43,193 modules.ml_screener [DEBUG] [ML S2 VETO] CION ADR=2.7% 
< 4.0%
2026-03-02 17:56:43,194 modules.ml_screener [DEBUG] [ML S2 VETO] CING $Vol=2340
219 < 5000000
2026-03-02 17:56:43,196 modules.ml_screener [DEBUG] [ML S2 VETO] CLB below EMA5
0
2026-03-02 17:56:43,200 modules.ml_screener [DEBUG] [ML S2 VETO] CL ADR=2.0% < 
4.0%
2026-03-02 17:56:43,200 modules.ml_screener [DEBUG] [ML Progress] Stage 2 48% —
 ADUS 已檢查 48/2604…
2026-03-02 17:56:43,200 modules.ml_screener [DEBUG] [ML S2 VETO] CLBK ADR=2.4% 
< 4.0%
2026-03-02 17:56:43,201 modules.ml_screener [DEBUG] [ML S2 VETO] CLBT below EMA
50
2026-03-02 17:56:43,202 modules.ml_screener [DEBUG] [ML S2 VETO] CLDT ADR=3.2% 
< 4.0%
2026-03-02 17:56:43,206 modules.ml_screener [DEBUG] [ML S2 VETO] CLF below EMA5
0
2026-03-02 17:56:43,208 modules.ml_screener [DEBUG] [ML S2 VETO] CLM ADR=3.1% <
 4.0%
2026-03-02 17:56:43,208 modules.ml_screener [DEBUG] [ML S2 VETO] CLH ADR=3.0% <
 4.0%
2026-03-02 17:56:43,214 modules.ml_screener [DEBUG] [ML S2 VETO] CLS below EMA5
0
2026-03-02 17:56:43,217 modules.ml_screener [DEBUG] [ML S2 VETO] CLPT below EMA
50
2026-03-02 17:56:43,217 modules.ml_screener [DEBUG] [ML Progress] Stage 2 48% —
 ADT 已檢查 49/2604…
2026-03-02 17:56:43,219 modules.ml_screener [DEBUG] [ML S2 VETO] CLDX momentum 
3M=20.7 6M=33.1
2026-03-02 17:56:43,220 modules.ml_screener [DEBUG] [ML S2 VETO] CLSK below EMA
50
2026-03-02 17:56:43,223 modules.ml_screener [DEBUG] [ML S2 VETO] CLW $Vol=48842
00 < 5000000
2026-03-02 17:56:43,223 modules.ml_screener [DEBUG] [ML S2 VETO] CLX ADR=2.5% <
 4.0%
2026-03-02 17:56:43,224 modules.ml_screener [DEBUG] [ML S2 VETO] CLYM $Vol=3718
122 < 5000000
2026-03-02 17:56:43,225 modules.ml_screener [DEBUG] [ML S2 VETO] CM ADR=1.9% < 
4.0%
2026-03-02 17:56:43,226 modules.ml_screener [DEBUG] [ML S2 VETO] CMBT ADR=2.9% 
< 4.0%
2026-03-02 17:56:43,227 modules.ml_screener [DEBUG] [ML S2 VETO] CMC ADR=3.1% <
 4.0%
2026-03-02 17:56:43,229 modules.ml_screener [DEBUG] [ML S2 VETO] CMCSA ADR=2.2%
 < 4.0%
2026-03-02 17:56:43,229 modules.ml_screener [DEBUG] [ML S2 VETO] CME ADR=2.3% <
 4.0%
2026-03-02 17:56:43,230 modules.ml_screener [DEBUG] [ML S2 VETO] CMCO below EMA
50
2026-03-02 17:56:43,230 modules.ml_screener [DEBUG] [ML S2 VETO] CMG ADR=3.2% <
 4.0%
2026-03-02 17:56:43,230 modules.ml_screener [DEBUG] [ML Progress] Stage 2 48% —
 AEE 已檢查 50/2604…
2026-03-02 17:56:43,232 modules.ml_screener [DEBUG] [ML S2 VETO] CMI ADR=2.9% <
 4.0%
2026-03-02 17:56:43,237 modules.ml_screener [DEBUG] [ML S2 VETO] CMRE ADR=3.5% 
< 4.0%
2026-03-02 17:56:43,240 modules.ml_screener [DEBUG] [ML S2 VETO] CMPX below EMA
50
2026-03-02 17:56:43,242 modules.ml_screener [DEBUG] [ML S2 VETO] CMTL $Vol=1671
186 < 5000000
2026-03-02 17:56:43,242 modules.ml_screener [DEBUG] [ML S2 VETO] CMS ADR=1.7% <
 4.0%
2026-03-02 17:56:43,243 modules.ml_screener [DEBUG] [ML S2 VETO] CNA ADR=2.2% <
 4.0%
2026-03-02 17:56:43,246 modules.ml_screener [DEBUG] [ML S2 VETO] CNC ADR=3.9% <
 4.0%
2026-03-02 17:56:43,246 modules.ml_screener [DEBUG] [ML S2 VETO] CNH ADR=3.8% <
 4.0%
2026-03-02 17:56:43,248 modules.ml_screener [DEBUG] [ML Progress] Stage 2 48% —
 AEG 已檢查 51/2604…
2026-03-02 17:56:43,254 modules.ml_screener [DEBUG] [ML S2 VETO] CNM ADR=3.2% <
 4.0%
2026-03-02 17:56:43,255 modules.ml_screener [DEBUG] [ML S2 VETO] CNMD ADR=3.6% 
< 4.0%
2026-03-02 17:56:43,256 modules.ml_screener [DEBUG] [ML S2 VETO] CNNE below EMA
50
2026-03-02 17:56:43,257 modules.ml_screener [DEBUG] [ML S2 VETO] CNI ADR=2.1% <
 4.0%
2026-03-02 17:56:43,259 modules.ml_screener [DEBUG] [ML S2 VETO] CNOB ADR=3.3% 
< 4.0%
2026-03-02 17:56:43,260 modules.ml_screener [DEBUG] [ML S2 VETO] CNO ADR=2.8% <
 4.0%
2026-03-02 17:56:43,261 modules.ml_screener [DEBUG] [ML S2 VETO] CNP ADR=1.9% <
 4.0%
2026-03-02 17:56:43,263 modules.ml_screener [DEBUG] [ML S2 VETO] CNK momentum 3
M=-5.9 6M=9.3
2026-03-02 17:56:43,264 modules.ml_screener [DEBUG] [ML S2 VETO] CNR below EMA5
0
2026-03-02 17:56:43,265 modules.ml_screener [DEBUG] [ML S2 VETO] CNQ ADR=2.5% <
 4.0%
2026-03-02 17:56:43,269 modules.ml_screener [INFO] [ML S2 PASS] AEIS ADR=4.6% $
Vol=$300.8M
2026-03-02 17:56:43,270 modules.ml_screener [DEBUG] [ML S2 VETO] CNX ADR=3.7% <
 4.0%
2026-03-02 17:56:43,273 modules.ml_screener [DEBUG] [ML S2 VETO] CNXC below EMA
50
2026-03-02 17:56:43,281 modules.ml_screener [DEBUG] [ML S2 VETO] CNTA momentum 
3M=-4.1 6M=61.3
2026-03-02 17:56:43,283 modules.ml_screener [DEBUG] [ML S2 VETO] COF ADR=3.9% <
 4.0%
2026-03-02 17:56:43,287 modules.ml_screener [DEBUG] [ML S2 VETO] COIN below EMA
50
2026-03-02 17:56:43,297 modules.ml_screener [DEBUG] [ML S2 VETO] COLB ADR=3.3% 
< 4.0%
2026-03-02 17:56:43,298 modules.ml_screener [DEBUG] [ML Progress] Stage 2 48% —
 AEIS 已檢查 52/2604…
2026-03-02 17:56:43,302 modules.ml_screener [DEBUG] [ML S2 VETO] COCO momentum 
3M=22.8 6M=67.6
2026-03-02 17:56:43,307 modules.ml_screener [DEBUG] [ML S2 VETO] COLL ADR=3.7% 
< 4.0%
2026-03-02 17:56:43,308 modules.ml_screener [DEBUG] [ML S2 VETO] COLM ADR=3.4% 
< 4.0%
2026-03-02 17:56:43,311 modules.ml_screener [DEBUG] [ML S2 VETO] COMP below EMA
50
2026-03-02 17:56:43,311 modules.ml_screener [DEBUG] [ML S2 VETO] CON ADR=3.0% <
 4.0%
2026-03-02 17:56:43,312 modules.ml_screener [DEBUG] [ML S2 VETO] COO ADR=2.2% <
 4.0%
2026-03-02 17:56:43,313 modules.ml_screener [DEBUG] [ML S2 VETO] COP ADR=2.4% <
 4.0%
2026-03-02 17:56:43,314 modules.ml_screener [DEBUG] [ML S2 VETO] COR ADR=2.3% <
 4.0%
2026-03-02 17:56:43,315 modules.ml_screener [DEBUG] [ML S2 WEEKLY VETO] CODI we
ekly downtrend (W-EMA10<W-EMA40)
2026-03-02 17:56:43,315 modules.ml_screener [DEBUG] [ML Progress] Stage 2 48% —
 AER 已檢查 53/2604…
2026-03-02 17:56:43,318 modules.ml_screener [DEBUG] [ML S2 VETO] CORT below EMA
50
2026-03-02 17:56:43,319 modules.ml_screener [DEBUG] [ML S2 VETO] COKE momentum 
3M=23.9 6M=73.0
2026-03-02 17:56:43,322 modules.ml_screener [DEBUG] [ML S2 VETO] CORZ below EMA
50
2026-03-02 17:56:43,323 modules.ml_screener [DEBUG] [ML S2 VETO] COST ADR=2.1% 
< 4.0%
2026-03-02 17:56:43,325 modules.ml_screener [DEBUG] [ML S2 VETO] COUR below EMA
50
2026-03-02 17:56:43,325 modules.ml_screener [DEBUG] [ML S2 VETO] CP ADR=2.0% < 
4.0%
2026-03-02 17:56:43,327 modules.ml_screener [DEBUG] [ML S2 WEEKLY VETO] COLD we
ekly downtrend (W-EMA10<W-EMA40)
2026-03-02 17:56:43,328 modules.ml_screener [DEBUG] [ML S2 VETO] CPB ADR=3.1% <
 4.0%
2026-03-02 17:56:43,330 modules.ml_screener [DEBUG] [ML S2 VETO] CPRT ADR=3.5% 
< 4.0%
2026-03-02 17:56:43,330 modules.ml_screener [INFO] [ML S2 PASS] ADTN ADR=5.5% $
Vol=$14.0M
2026-03-02 17:56:43,332 modules.ml_screener [DEBUG] [ML S2 VETO] CPNG below EMA
50
2026-03-02 17:56:43,335 modules.ml_screener [DEBUG] [ML S2 VETO] CPRX ADR=4.0% 
< 4.0%
2026-03-02 17:56:43,336 modules.ml_screener [DEBUG] [ML S2 VETO] CPRI below EMA
50
2026-03-02 17:56:43,338 modules.ml_screener [DEBUG] [ML S2 VETO] CPT ADR=2.2% <
 4.0%
2026-03-02 17:56:43,340 modules.ml_screener [DEBUG] [ML S2 VETO] CRBG below EMA
50
2026-03-02 17:56:43,341 modules.ml_screener [DEBUG] [ML S2 VETO] CRC ADR=3.0% <
 4.0%
2026-03-02 17:56:43,343 modules.ml_screener [DEBUG] [ML S2 VETO] CR ADR=2.8% < 
4.0%
2026-03-02 17:56:43,346 modules.ml_screener [DEBUG] [ML S2 VETO] CRF ADR=2.7% <
 4.0%
2026-03-02 17:56:43,347 modules.ml_screener [DEBUG] [ML S2 VETO] CPAY momentum 
3M=17.6 6M=-0.0
2026-03-02 17:56:43,349 modules.ml_screener [DEBUG] [ML S2 VETO] CRDO below EMA
50
2026-03-02 17:56:43,350 modules.ml_screener [DEBUG] [ML Progress] Stage 2 48% —
 ADTN 已檢查 54/2604…
2026-03-02 17:56:43,354 modules.ml_screener [DEBUG] [ML S2 VETO] CRI below EMA5
0
2026-03-02 17:56:43,355 modules.ml_screener [DEBUG] [ML S2 VETO] CRH ADR=3.0% <
 4.0%
2026-03-02 17:56:43,357 modules.ml_screener [DEBUG] [ML S2 VETO] CRK below EMA5
0
2026-03-02 17:56:43,359 modules.ml_screener [DEBUG] [ML S2 VETO] CRL below EMA5
0
2026-03-02 17:56:43,361 modules.ml_screener [DEBUG] [ML S2 VETO] CRCL momentum 
3M=19.7 6M=-34.5
2026-03-02 17:56:43,362 modules.ml_screener [DEBUG] [ML S2 VETO] CRMD ADR=3.7% 
< 4.0%
2026-03-02 17:56:43,363 modules.ml_screener [DEBUG] [ML S2 VETO] CRM below EMA5
0
2026-03-02 17:56:43,365 modules.ml_screener [DEBUG] [ML S2 VETO] CRML below EMA
50
2026-03-02 17:56:43,366 modules.ml_screener [DEBUG] [ML S2 VETO] CRNC below EMA
50
2026-03-02 17:56:43,369 modules.ml_screener [DEBUG] [ML S2 VETO] CRNX below EMA
50
2026-03-02 17:56:43,370 modules.ml_screener [DEBUG] [ML Progress] Stage 2 48% —
 AERO 已檢查 55/2604…
2026-03-02 17:56:43,391 modules.ml_screener [INFO] [ML S2 PASS] AEM ADR=4.1% $V
ol=$602.4M
2026-03-02 17:56:43,371 modules.ml_screener [DEBUG] [ML S2 VETO] CRGY momentum 
3M=29.4 6M=27.0
2026-03-02 17:56:43,378 modules.ml_screener [DEBUG] [ML S2 VETO] CRSR below EMA
50
2026-03-02 17:56:43,380 modules.ml_screener [DEBUG] [ML S2 VETO] CRTO below EMA
50
2026-03-02 17:56:43,382 modules.ml_screener [DEBUG] [ML S2 VETO] CRUS ADR=3.3% 
< 4.0%
2026-03-02 17:56:43,384 modules.ml_screener [DEBUG] [ML S2 VETO] CRWD below EMA
50
2026-03-02 17:56:43,386 modules.ml_screener [DEBUG] [ML S2 VETO] CROX momentum 
3M=14.6 6M=4.7
2026-03-02 17:56:43,390 modules.ml_screener [DEBUG] [ML S2 VETO] CRWV below EMA
50
2026-03-02 17:56:43,391 modules.ml_screener [DEBUG] [ML S2 VETO] CSCO ADR=2.9% 
< 4.0%
2026-03-02 17:56:43,373 modules.ml_screener [DEBUG] [ML S2 VETO] CRS ADR=3.7% <
 4.0%
2026-03-02 17:56:43,392 modules.ml_screener [DEBUG] [ML Progress] Stage 2 48% —
 AEM 已檢查 56/2604…
2026-03-02 17:56:43,394 modules.ml_screener [DEBUG] [ML S2 VETO] CSGP below EMA
50
2026-03-02 17:56:43,397 modules.ml_screener [DEBUG] [ML S2 VETO] CSIQ below EMA
50
2026-03-02 17:56:43,398 modules.ml_screener [DEBUG] [ML S2 VETO] CRSP momentum 
3M=18.5 6M=12.3
2026-03-02 17:56:43,403 modules.ml_screener [DEBUG] [ML S2 VETO] CSL ADR=3.2% <
 4.0%
2026-03-02 17:56:43,404 modules.ml_screener [DEBUG] [ML S2 VETO] CSTL below EMA
50
2026-03-02 17:56:43,407 modules.ml_screener [DEBUG] [ML S2 VETO] CSX ADR=2.0% <
 4.0%
2026-03-02 17:56:43,410 modules.ml_screener [DEBUG] [ML S2 VETO] CSWC ADR=2.0% 
< 4.0%
2026-03-02 17:56:43,411 modules.ml_screener [DEBUG] [ML Progress] Stage 2 48% —
 AEP 已檢查 57/2604…
2026-03-02 17:56:43,412 modules.ml_screener [DEBUG] [ML S2 VETO] CTEV below EMA
50
2026-03-02 17:56:43,412 modules.ml_screener [DEBUG] [ML S2 VETO] CTAS ADR=2.1% 
< 4.0%
2026-03-02 17:56:43,413 modules.ml_screener [DEBUG] [ML S2 VETO] CTLP ADR=2.3% 
< 4.0%
2026-03-02 17:56:43,417 modules.ml_screener [DEBUG] [ML S2 VETO] CTOS ADR=3.7% 
< 4.0%
2026-03-02 17:56:43,419 modules.ml_screener [DEBUG] [ML S2 VETO] CTRA ADR=3.0% 
< 4.0%
2026-03-02 17:56:43,420 modules.ml_screener [DEBUG] [ML S2 VETO] CTRE ADR=2.2% 
< 4.0%
2026-03-02 17:56:43,424 modules.ml_screener [DEBUG] [ML S2 VETO] CTSH below EMA
50
2026-03-02 17:56:43,425 modules.ml_screener [DEBUG] [ML S2 VETO] CTVA ADR=1.9% 
< 4.0%
2026-03-02 17:56:43,428 modules.ml_screener [INFO] [ML S2 PASS] AEO ADR=4.9% $V
ol=$111.2M
2026-03-02 17:56:43,430 modules.ml_screener [DEBUG] [ML S2 VETO] CUBI below EMA
50
2026-03-02 17:56:43,431 modules.ml_screener [DEBUG] [ML S2 VETO] CUK ADR=3.7% <
 4.0%
2026-03-02 17:56:43,434 modules.ml_screener [DEBUG] [ML S2 VETO] CUBE ADR=2.6% 
< 4.0%
2026-03-02 17:56:43,437 modules.ml_screener [DEBUG] [ML S2 VETO] CURB ADR=2.4% 
< 4.0%
2026-03-02 17:56:43,438 modules.ml_screener [DEBUG] [ML S2 VETO] CUZ below EMA5
0
2026-03-02 17:56:43,439 modules.ml_screener [DEBUG] [ML S2 VETO] CVE ADR=3.4% <
 4.0%
2026-03-02 17:56:43,440 modules.ml_screener [DEBUG] [ML S2 VETO] CV $Vol=117886
4 < 5000000
2026-03-02 17:56:43,441 modules.ml_screener [DEBUG] [ML S2 VETO] CVBF ADR=2.7% 
< 4.0%
2026-03-02 17:56:43,444 modules.ml_screener [DEBUG] [ML Progress] Stage 2 48% —
 AEO 已檢查 58/2604…
2026-03-02 17:56:43,445 modules.ml_screener [DEBUG] [ML S2 VETO] CVRX $Vol=3017
366 < 5000000
2026-03-02 17:56:43,446 modules.ml_screener [DEBUG] [ML S2 VETO] CVNA below EMA
50
2026-03-02 17:56:43,447 modules.ml_screener [DEBUG] [ML S2 VETO] CVLT ADR=3.8% 
< 4.0%
2026-03-02 17:56:43,449 modules.ml_screener [DEBUG] [ML S2 VETO] CVI below EMA5
0
2026-03-02 17:56:43,449 modules.ml_screener [DEBUG] [ML S2 VETO] CVS ADR=3.2% <
 4.0%
2026-03-02 17:56:43,453 modules.ml_screener [DEBUG] [ML S2 VETO] CVSA below EMA
50
2026-03-02 17:56:43,454 modules.ml_screener [DEBUG] [ML S2 VETO] CWAN ADR=1.2% 
< 4.0%
2026-03-02 17:56:43,454 modules.ml_screener [DEBUG] [ML S2 VETO] CW ADR=3.9% < 
4.0%
2026-03-02 17:56:43,454 modules.ml_screener [DEBUG] [ML S2 VETO] CVX ADR=1.7% <
 4.0%
2026-03-02 17:56:43,455 modules.ml_screener [DEBUG] [ML S2 VETO] CWEN ADR=3.0% 
< 4.0%
2026-03-02 17:56:43,458 modules.ml_screener [DEBUG] [ML S2 VETO] CWK below EMA5
0
2026-03-02 17:56:43,458 modules.ml_screener [DEBUG] [ML Progress] Stage 2 48% —
 AESI 已檢查 59/2604…
2026-03-02 17:56:43,460 modules.ml_screener [DEBUG] [ML S2 VETO] CWH below EMA5
0
2026-03-02 17:56:43,461 modules.ml_screener [DEBUG] [ML S2 VETO] CWST ADR=3.8% 
< 4.0%
2026-03-02 17:56:43,461 modules.ml_screener [DEBUG] [ML S2 VETO] CWT ADR=2.1% <
 4.0%
2026-03-02 17:56:43,463 modules.ml_screener [DEBUG] [ML S2 VETO] CX ADR=3.4% < 
4.0%
2026-03-02 17:56:43,464 modules.ml_screener [DEBUG] [ML S2 VETO] CXM below EMA5
0
2026-03-02 17:56:43,467 modules.ml_screener [DEBUG] [ML S2 VETO] CXT below EMA5
0
2026-03-02 17:56:43,471 modules.ml_screener [DEBUG] [ML S2 VETO] CXW below EMA5
0
2026-03-02 17:56:43,474 modules.ml_screener [DEBUG] [ML S2 VETO] CYTK below EMA
50
2026-03-02 17:56:43,476 modules.ml_screener [DEBUG] [ML S2 VETO] D ADR=2.2% < 4
.0%
2026-03-02 17:56:43,476 modules.ml_screener [DEBUG] [ML S2 VETO] CYRX $Vol=2954
659 < 5000000
2026-03-02 17:56:43,478 modules.ml_screener [DEBUG] [ML Progress] Stage 2 48% —
 AES 已檢查 60/2604…
2026-03-02 17:56:43,483 modules.ml_screener [DEBUG] [ML S2 VETO] DAL below EMA5
0
2026-03-02 17:56:43,486 modules.ml_screener [DEBUG] [ML S2 VETO] DAN ADR=3.6% <
 4.0%
2026-03-02 17:56:43,486 modules.ml_screener [DEBUG] [ML S2 VETO] DAR ADR=2.9% <
 4.0%
2026-03-02 17:56:43,488 modules.ml_screener [DEBUG] [ML S2 WEEKLY VETO] CZR wee
kly downtrend (W-EMA10<W-EMA40)
2026-03-02 17:56:43,490 modules.ml_screener [DEBUG] [ML S2 VETO] DASH below EMA
50
2026-03-02 17:56:43,495 modules.ml_screener [DEBUG] [ML S2 VETO] DAWN below EMA
50
2026-03-02 17:56:43,497 modules.ml_screener [DEBUG] [ML S2 VETO] DAVE no rising
 EMAs
2026-03-02 17:56:43,497 modules.ml_screener [DEBUG] [ML S2 VETO] DB ADR=1.9% < 
4.0%
2026-03-02 17:56:43,500 modules.ml_screener [DEBUG] [ML Progress] Stage 2 48% —
 AFG 已檢查 61/2604…
2026-03-02 17:56:43,501 modules.ml_screener [DEBUG] [ML S2 VETO] DBRG ADR=0.4% 
< 4.0%
2026-03-02 17:56:43,508 modules.ml_screener [DEBUG] [ML S2 VETO] DCH below EMA5
0
2026-03-02 17:56:43,513 modules.ml_screener [DEBUG] [ML S2 VETO] DBX ADR=3.6% <
 4.0%
2026-03-02 17:56:43,513 modules.ml_screener [DEBUG] [ML S2 VETO] DCI ADR=2.8% <
 4.0%
2026-03-02 17:56:43,515 modules.ml_screener [DEBUG] [ML S2 VETO] DBD momentum 3
M=28.7 6M=27.0
2026-03-02 17:56:43,518 modules.ml_screener [DEBUG] [ML S2 VETO] DDOG below EMA
50
2026-03-02 17:56:43,519 modules.ml_screener [DEBUG] [ML S2 VETO] DD ADR=3.0% < 
4.0%
2026-03-02 17:56:43,519 modules.ml_screener [DEBUG] [ML S2 VETO] DEA ADR=2.5% <
 4.0%
2026-03-02 17:56:43,521 modules.ml_screener [INFO] [ML S2 PASS] AG ADR=7.2% $Vo
l=$667.6M
2026-03-02 17:56:43,523 modules.ml_screener [DEBUG] [ML S2 VETO] DECK ADR=2.9% 
< 4.0%
2026-03-02 17:56:43,525 modules.ml_screener [DEBUG] [ML S2 VETO] DCTH below EMA
50
2026-03-02 17:56:43,531 modules.ml_screener [DEBUG] [ML S2 VETO] DEC ADR=3.4% <
 4.0%
2026-03-02 17:56:43,532 modules.ml_screener [DEBUG] [ML S2 VETO] DE ADR=3.2% < 
4.0%
2026-03-02 17:56:43,533 modules.ml_screener [DEBUG] [ML S2 VETO] DEI below EMA5
0
2026-03-02 17:56:43,535 modules.ml_screener [DEBUG] [ML S2 VETO] DFH below EMA5
0
2026-03-02 17:56:43,535 modules.ml_screener [DEBUG] [ML S2 VETO] DG ADR=3.0% < 
4.0%
2026-03-02 17:56:43,537 modules.ml_screener [DEBUG] [ML S2 VETO] DEO ADR=2.0% <
 4.0%
2026-03-02 17:56:43,540 modules.ml_screener [DEBUG] [ML Progress] Stage 2 48% —
 AG 已檢查 62/2604…
2026-03-02 17:56:43,546 modules.ml_screener [DEBUG] [ML S2 VETO] DGX ADR=2.7% <
 4.0%
2026-03-02 17:56:43,547 modules.ml_screener [DEBUG] [ML S2 VETO] DHR ADR=2.5% <
 4.0%
2026-03-02 17:56:43,548 modules.ml_screener [DEBUG] [ML S2 VETO] DHI ADR=3.1% <
 4.0%
2026-03-02 17:56:43,551 modules.ml_screener [DEBUG] [ML S2 VETO] DELL momentum 
3M=24.6 6M=12.6
2026-03-02 17:56:43,552 modules.ml_screener [DEBUG] [ML S2 VETO] DIN below EMA5
0
2026-03-02 17:56:43,553 modules.ml_screener [DEBUG] [ML S2 VETO] DHT ADR=3.6% <
 4.0%
2026-03-02 17:56:43,557 modules.ml_screener [DEBUG] [ML S2 VETO] DINO below EMA
50
2026-03-02 17:56:43,560 modules.ml_screener [DEBUG] [ML Progress] Stage 2 48% —
 AFL 已檢查 63/2604…
2026-03-02 17:56:43,564 modules.ml_screener [DEBUG] [ML S2 VETO] DIS ADR=2.7% <
 4.0%
2026-03-02 17:56:43,567 modules.ml_screener [DEBUG] [ML S2 VETO] DKNG below EMA
50
2026-03-02 17:56:43,569 modules.ml_screener [DEBUG] [ML S2 VETO] DJT below EMA5
0
2026-03-02 17:56:43,572 modules.ml_screener [DEBUG] [ML S2 VETO] DKS ADR=3.6% <
 4.0%
2026-03-02 17:56:43,574 modules.ml_screener [DEBUG] [ML S2 VETO] DLB ADR=3.1% <
 4.0%
2026-03-02 17:56:43,574 modules.ml_screener [DEBUG] [ML S2 VETO] DGII momentum 
3M=22.6 6M=42.5
2026-03-02 17:56:43,577 modules.ml_screener [DEBUG] [ML S2 VETO] DLR ADR=2.3% <
 4.0%
2026-03-02 17:56:43,578 modules.ml_screener [DEBUG] [ML S2 VETO] DLO below EMA5
0
2026-03-02 17:56:43,578 modules.ml_screener [DEBUG] [ML Progress] Stage 2 48% —
 AEVA 已檢查 64/2604…
2026-03-02 17:56:43,578 modules.ml_screener [DEBUG] [ML S2 VETO] DLTR ADR=3.5% 
< 4.0%
2026-03-02 17:56:43,579 modules.ml_screener [DEBUG] [ML S2 VETO] DLX ADR=3.3% <
 4.0%
2026-03-02 17:56:43,581 modules.ml_screener [DEBUG] [ML S2 VETO] DMII ADR=0.1% 
< 4.0%
2026-03-02 17:56:43,584 modules.ml_screener [DEBUG] [ML S2 VETO] DNA below EMA5
0
2026-03-02 17:56:43,588 modules.ml_screener [DEBUG] [ML S2 VETO] DNOW below EMA
50
2026-03-02 17:56:43,589 modules.ml_screener [DEBUG] [ML S2 VETO] DNP ADR=1.1% <
 4.0%
2026-03-02 17:56:43,591 modules.ml_screener [DEBUG] [ML S2 VETO] DOC ADR=2.6% <
 4.0%
2026-03-02 17:56:43,597 modules.ml_screener [DEBUG] [ML S2 VETO] DOCN below EMA
50
2026-03-02 17:56:43,597 modules.ml_screener [INFO] [ML S2 PASS] AGI ADR=5.6% $V
ol=$215.0M
2026-03-02 17:56:43,613 modules.ml_screener [DEBUG] [ML Progress] Stage 2 48% —
 AGI 已檢查 65/2604…
2026-03-02 17:56:43,600 modules.ml_screener [DEBUG] [ML S2 VETO] DNLI momentum 
3M=25.2 6M=35.8
2026-03-02 17:56:43,601 modules.ml_screener [DEBUG] [ML S2 VETO] DK momentum 3M
=-5.6 6M=41.9
2026-03-02 17:56:43,603 modules.ml_screener [DEBUG] [ML S2 VETO] DORM ADR=3.6% 
< 4.0%
2026-03-02 17:56:43,604 modules.ml_screener [DEBUG] [ML S2 VETO] DOCU below EMA
50
2026-03-02 17:56:43,605 modules.ml_screener [DEBUG] [ML S2 VETO] DOLE ADR=3.0% 
< 4.0%
2026-03-02 17:56:43,606 modules.ml_screener [DEBUG] [ML S2 VETO] DOV ADR=2.2% <
 4.0%
2026-03-02 17:56:43,609 modules.ml_screener [DEBUG] [ML S2 VETO] DOX ADR=3.6% <
 4.0%
2026-03-02 17:56:43,599 modules.ml_screener [DEBUG] [ML S2 VETO] DOCS below EMA
50
2026-03-02 17:56:43,614 modules.ml_screener [DEBUG] [ML S2 VETO] DPZ ADR=2.9% <
 4.0%
2026-03-02 17:56:43,615 modules.ml_screener [DEBUG] [ML Progress] Stage 2 48% —
 AFRM 已檢查 66/2604…
2026-03-02 17:56:43,617 modules.ml_screener [DEBUG] [ML S2 VETO] DQ below EMA50
2026-03-02 17:56:43,618 modules.ml_screener [DEBUG] [ML S2 VETO] DPRO below EMA
50
2026-03-02 17:56:43,623 modules.ml_screener [DEBUG] [ML S2 VETO] DRDB ADR=0.2% 
< 4.0%
2026-03-02 17:56:43,624 modules.ml_screener [DEBUG] [ML S2 VETO] DRH ADR=3.3% <
 4.0%
2026-03-02 17:56:43,626 modules.ml_screener [DEBUG] [ML S2 VETO] DRI ADR=2.4% <
 4.0%
2026-03-02 17:56:43,631 modules.ml_screener [DEBUG] [ML S2 VETO] DRVN below EMA
50
2026-03-02 17:56:43,634 modules.ml_screener [DEBUG] [ML S2 VETO] DSGX below EMA
50
2026-03-02 17:56:43,635 modules.ml_screener [DEBUG] [ML S2 VETO] DRTS $Vol=2408
987 < 5000000
2026-03-02 17:56:43,636 modules.ml_screener [DEBUG] [ML Progress] Stage 2 48% —
 AGCO 已檢查 67/2604…
2026-03-02 17:56:43,636 modules.ml_screener [DEBUG] [ML S2 VETO] DSU ADR=0.6% <
 4.0%
2026-03-02 17:56:43,640 modules.ml_screener [DEBUG] [ML S2 VETO] DT below EMA50
2026-03-02 17:56:43,641 modules.ml_screener [DEBUG] [ML S2 VETO] DSL ADR=0.7% <
 4.0%
2026-03-02 17:56:43,643 modules.ml_screener [DEBUG] [ML S2 VETO] DRS momentum 3
M=29.8 6M=3.5
2026-03-02 17:56:43,643 modules.ml_screener [DEBUG] [ML S2 VETO] DTM ADR=2.5% <
 4.0%
2026-03-02 17:56:43,644 modules.ml_screener [DEBUG] [ML S2 VETO] DUK ADR=1.9% <
 4.0%
2026-03-02 17:56:43,646 modules.ml_screener [DEBUG] [ML S2 VETO] DUOT $Vol=2784
202 < 5000000
2026-03-02 17:56:43,646 modules.ml_screener [DEBUG] [ML S2 VETO] DTE ADR=2.3% <
 4.0%
2026-03-02 17:56:43,648 modules.ml_screener [DEBUG] [ML S2 VETO] DUOL below EMA
50
2026-03-02 17:56:43,650 modules.ml_screener [DEBUG] [ML S2 VETO] DVA ADR=3.2% <
 4.0%
2026-03-02 17:56:43,650 modules.ml_screener [INFO] [ML S2 PASS] AGX ADR=6.1% $V
ol=$169.3M
2026-03-02 17:56:43,651 modules.ml_screener [DEBUG] [ML S2 VETO] DV no rising E
MAs
2026-03-02 17:56:43,651 modules.ml_screener [DEBUG] [ML S2 VETO] DVN ADR=3.0% <
 4.0%
2026-03-02 17:56:43,653 modules.ml_screener [DEBUG] [ML S2 VETO] DXCM ADR=3.8% 
< 4.0%
2026-03-02 17:56:43,654 modules.ml_screener [DEBUG] [ML S2 VETO] DX ADR=1.7% < 
4.0%
2026-03-02 17:56:43,655 modules.ml_screener [DEBUG] [ML S2 VETO] DXC below EMA5
0
2026-03-02 17:56:43,657 modules.ml_screener [DEBUG] [ML S2 VETO] DXYZ below EMA
50
2026-03-02 17:56:43,661 modules.ml_screener [DEBUG] [ML S2 VETO] E ADR=1.3% < 4
.0%
2026-03-02 17:56:43,661 modules.ml_screener [DEBUG] [ML S2 VETO] EA ADR=0.7% < 
4.0%
2026-03-02 17:56:43,662 modules.ml_screener [DEBUG] [ML S2 VETO] DYN below EMA5
0
2026-03-02 17:56:43,664 modules.ml_screener [DEBUG] [ML Progress] Stage 2 48% —
 AGX 已檢查 68/2604…
2026-03-02 17:56:43,666 modules.ml_screener [DEBUG] [ML S2 VETO] EAT below EMA5
0
2026-03-02 17:56:43,669 modules.ml_screener [DEBUG] [ML S2 VETO] EBC ADR=3.3% <
 4.0%
2026-03-02 17:56:43,672 modules.ml_screener [DEBUG] [ML S2 VETO] EBS below EMA5
0
2026-03-02 17:56:43,674 modules.ml_screener [DEBUG] [ML S2 VETO] DY momentum 3M
=29.1 6M=64.3
2026-03-02 17:56:43,675 modules.ml_screener [DEBUG] [ML S2 VETO] ECAT ADR=1.2% 
< 4.0%
2026-03-02 17:56:43,676 modules.ml_screener [DEBUG] [ML S2 VETO] EC ADR=3.4% < 
4.0%
2026-03-02 17:56:43,682 modules.ml_screener [DEBUG] [ML S2 VETO] ECO ADR=3.5% <
 4.0%
2026-03-02 17:56:43,682 modules.ml_screener [DEBUG] [ML S2 VETO] ECL ADR=2.1% <
 4.0%
2026-03-02 17:56:43,683 modules.ml_screener [DEBUG] [ML S2 VETO] ECPG ADR=3.8% 
< 4.0%
2026-03-02 17:56:43,684 modules.ml_screener [DEBUG] [ML Progress] Stage 2 48% —
 AGNC 已檢查 69/2604…
2026-03-02 17:56:43,685 modules.ml_screener [DEBUG] [ML S2 VETO] ECVT ADR=3.5% 
< 4.0%
2026-03-02 17:56:43,686 modules.ml_screener [DEBUG] [ML S2 VETO] ED ADR=2.2% < 
4.0%
2026-03-02 17:56:43,689 modules.ml_screener [DEBUG] [ML S2 VETO] EBAY momentum 
3M=12.2 6M=-2.4
2026-03-02 17:56:43,693 modules.ml_screener [DEBUG] [ML S2 VETO] EDD ADR=1.1% <
 4.0%
2026-03-02 17:56:43,693 modules.ml_screener [DEBUG] [ML S2 VETO] EDU ADR=2.8% <
 4.0%
2026-03-02 17:56:43,695 modules.ml_screener [DEBUG] [ML S2 VETO] EEFT ADR=4.0% 
< 4.0%
2026-03-02 17:56:43,697 modules.ml_screener [DEBUG] [ML S2 VETO] EFC ADR=1.9% <
 4.0%
2026-03-02 17:56:43,700 modules.ml_screener [DEBUG] [ML S2 VETO] EFX ADR=3.9% <
 4.0%
2026-03-02 17:56:43,701 modules.ml_screener [DEBUG] [ML S2 VETO] EG ADR=2.3% < 
4.0%
2026-03-02 17:56:43,701 modules.ml_screener [DEBUG] [ML Progress] Stage 2 48% —
 AGO 已檢查 70/2604…
2026-03-02 17:56:43,710 modules.ml_screener [DEBUG] [ML S2 VETO] EGP ADR=1.9% <
 4.0%
2026-03-02 17:56:43,713 modules.ml_screener [DEBUG] [ML S2 VETO] EH ADR=3.6% < 
4.0%
2026-03-02 17:56:43,715 modules.ml_screener [DEBUG] [ML S2 VETO] EHAB ADR=2.2% 
< 4.0%
2026-03-02 17:56:43,720 modules.ml_screener [DEBUG] [ML S2 VETO] EHC ADR=3.1% <
 4.0%
2026-03-02 17:56:43,722 modules.ml_screener [DEBUG] [ML S2 VETO] EIX ADR=2.7% <
 4.0%
2026-03-02 17:56:43,723 modules.ml_screener [DEBUG] [ML S2 VETO] EL ADR=3.8% < 
4.0%
2026-03-02 17:56:43,728 modules.ml_screener [DEBUG] [ML S2 VETO] EIG below EMA5
0
2026-03-02 17:56:43,731 modules.ml_screener [DEBUG] [ML Progress] Stage 2 48% —
 AGYS 已檢查 71/2604…
2026-03-02 17:56:43,732 modules.ml_screener [DEBUG] [ML S2 VETO] ELS ADR=1.8% <
 4.0%
2026-03-02 17:56:43,733 modules.ml_screener [DEBUG] [ML S2 VETO] ELAN ADR=3.7% 
< 4.0%
2026-03-02 17:56:43,733 modules.ml_screener [DEBUG] [ML S2 VETO] ELV ADR=3.4% <
 4.0%
2026-03-02 17:56:43,735 modules.ml_screener [DEBUG] [ML S2 VETO] ELVA below EMA
50
2026-03-02 17:56:43,739 modules.ml_screener [DEBUG] [ML S2 VETO] EMBC ADR=3.9% 
< 4.0%
2026-03-02 17:56:43,740 modules.ml_screener [DEBUG] [ML S2 VETO] EMA ADR=2.1% <
 4.0%
2026-03-02 17:56:43,745 modules.ml_screener [DEBUG] [ML S2 VETO] EMBJ ADR=2.7% 
< 4.0%
2026-03-02 17:56:43,746 modules.ml_screener [DEBUG] [ML S2 VETO] EMN ADR=3.3% <
 4.0%
2026-03-02 17:56:43,748 modules.ml_screener [DEBUG] [ML S2 VETO] EME ADR=3.9% <
 4.0%
2026-03-02 17:56:43,748 modules.ml_screener [DEBUG] [ML S2 VETO] EMR ADR=3.7% <
 4.0%
2026-03-02 17:56:43,750 modules.ml_screener [DEBUG] [ML S2 WEEKLY VETO] ELF wee
kly downtrend (W-EMA10<W-EMA40)
2026-03-02 17:56:43,750 modules.ml_screener [DEBUG] [ML Progress] Stage 2 48% —
 AHR 已檢查 72/2604…
2026-03-02 17:56:43,754 modules.ml_screener [DEBUG] [ML S2 VETO] ENB ADR=1.8% <
 4.0%
2026-03-02 17:56:43,760 modules.ml_screener [DEBUG] [ML S2 VETO] ENR ADR=4.0% <
 4.0%
2026-03-02 17:56:43,764 modules.ml_screener [DEBUG] [ML S2 VETO] ENS ADR=3.7% <
 4.0%
2026-03-02 17:56:43,766 modules.ml_screener [DEBUG] [ML S2 VETO] ENSG ADR=3.1% 
< 4.0%
2026-03-02 17:56:43,768 modules.ml_screener [DEBUG] [ML S2 VETO] ENVX below EMA
50
2026-03-02 17:56:43,770 modules.ml_screener [DEBUG] [ML S2 VETO] EOSE below EMA
50
2026-03-02 17:56:43,771 modules.ml_screener [DEBUG] [ML S2 VETO] EOG ADR=2.8% <
 4.0%
2026-03-02 17:56:43,777 modules.ml_screener [DEBUG] [ML S2 WEEKLY VETO] ENOV we
ekly downtrend (W-EMA10<W-EMA40)
2026-03-02 17:56:43,777 modules.ml_screener [DEBUG] [ML Progress] Stage 2 48% —
 AHH 已檢查 73/2604…
2026-03-02 17:56:43,779 modules.ml_screener [DEBUG] [ML S2 VETO] EPAM below EMA
50
2026-03-02 17:56:43,780 modules.ml_screener [DEBUG] [ML S2 VETO] EPD ADR=1.9% <
 4.0%
2026-03-02 17:56:43,782 modules.ml_screener [DEBUG] [ML S2 VETO] EPC ADR=3.6% <
 4.0%
2026-03-02 17:56:43,783 modules.ml_screener [DEBUG] [ML S2 VETO] EPR ADR=2.4% <
 4.0%
2026-03-02 17:56:43,784 modules.ml_screener [DEBUG] [ML S2 VETO] EPRT ADR=1.9% 
< 4.0%
2026-03-02 17:56:43,785 modules.ml_screener [DEBUG] [ML S2 VETO] EQIX ADR=2.5% 
< 4.0%
2026-03-02 17:56:43,787 modules.ml_screener [DEBUG] [ML S2 VETO] EQH below EMA5
0
2026-03-02 17:56:43,787 modules.ml_screener [DEBUG] [ML S2 VETO] EQR ADR=2.3% <
 4.0%
2026-03-02 17:56:43,787 modules.ml_screener [DEBUG] [ML S2 VETO] EQNR ADR=1.9% 
< 4.0%
2026-03-02 17:56:43,789 modules.ml_screener [DEBUG] [ML S2 VETO] EQT ADR=3.3% <
 4.0%
2026-03-02 17:56:43,793 modules.ml_screener [DEBUG] [ML Progress] Stage 2 48% —
 AHCO 已檢查 74/2604…
2026-03-02 17:56:43,797 modules.ml_screener [DEBUG] [ML S2 VETO] ERIC ADR=1.6% 
< 4.0%
2026-03-02 17:56:43,799 modules.ml_screener [DEBUG] [ML S2 VETO] ERII below EMA
50
2026-03-02 17:56:43,804 modules.ml_screener [DEBUG] [ML S2 VETO] ES ADR=2.6% < 
4.0%
2026-03-02 17:56:43,806 modules.ml_screener [DEBUG] [ML S2 VETO] ESAB ADR=3.2% 
< 4.0%
2026-03-02 17:56:43,811 modules.ml_screener [DEBUG] [ML S2 VETO] ESNT ADR=2.3% 
< 4.0%
2026-03-02 17:56:43,818 modules.ml_screener [DEBUG] [ML S2 VETO] ESRT below EMA
50
2026-03-02 17:56:43,822 modules.ml_screener [DEBUG] [ML S2 VETO] ESS ADR=2.2% <
 4.0%
2026-03-02 17:56:43,824 modules.ml_screener [DEBUG] [ML S2 VETO] ESTC below EMA
50
2026-03-02 17:56:43,824 modules.ml_screener [DEBUG] [ML Progress] Stage 2 48% —
 AI 已檢查 75/2604…
2026-03-02 17:56:43,831 modules.ml_screener [DEBUG] [ML S2 VETO] ETD ADR=2.6% <
 4.0%
2026-03-02 17:56:43,831 modules.ml_screener [DEBUG] [ML S2 VETO] ETN ADR=3.0% <
 4.0%
2026-03-02 17:56:43,836 modules.ml_screener [DEBUG] [ML S2 VETO] ET ADR=2.0% < 
4.0%
2026-03-02 17:56:43,841 modules.ml_screener [DEBUG] [ML S2 VETO] ETOR below EMA
50
2026-03-02 17:56:43,841 modules.ml_screener [DEBUG] [ML S2 VETO] ETR ADR=2.2% <
 4.0%
2026-03-02 17:56:43,846 modules.ml_screener [DEBUG] [ML S2 VETO] EVER below EMA
50
2026-03-02 17:56:43,847 modules.ml_screener [DEBUG] [ML S2 VETO] ETW ADR=0.9% <
 4.0%
2026-03-02 17:56:43,848 modules.ml_screener [DEBUG] [ML S2 VETO] EVLV below EMA
50
2026-03-02 17:56:43,849 modules.ml_screener [INFO] [ML S2 PASS] AIN ADR=4.4% $V
ol=$18.4M
2026-03-02 17:56:43,850 modules.ml_screener [DEBUG] [ML S2 VETO] EVMN no rising
 EMAs
2026-03-02 17:56:43,854 modules.ml_screener [DEBUG] [ML S2 VETO] EVR below EMA5
0
2026-03-02 17:56:43,855 modules.ml_screener [DEBUG] [ML S2 VETO] EVTC ADR=3.8% 
< 4.0%
2026-03-02 17:56:43,856 modules.ml_screener [DEBUG] [ML S2 VETO] EVRG ADR=2.1% 
< 4.0%
2026-03-02 17:56:43,858 modules.ml_screener [DEBUG] [ML S2 VETO] EW ADR=3.2% < 
4.0%
2026-03-02 17:56:43,860 modules.ml_screener [DEBUG] [ML S2 VETO] EVV ADR=0.4% <
 4.0%
2026-03-02 17:56:43,860 modules.ml_screener [DEBUG] [ML S2 VETO] EWBC ADR=3.3% 
< 4.0%
2026-03-02 17:56:43,864 modules.ml_screener [DEBUG] [ML S2 VETO] EWCZ ADR=0.6% 
< 4.0%
2026-03-02 17:56:43,866 modules.ml_screener [DEBUG] [ML S2 VETO] ETON momentum 
3M=1.0 6M=-1.7
2026-03-02 17:56:43,868 modules.ml_screener [DEBUG] [ML S2 VETO] EXAS ADR=0.3% 
< 4.0%
2026-03-02 17:56:43,868 modules.ml_screener [DEBUG] [ML Progress] Stage 2 48% —
 AIN 已檢查 76/2604…
2026-03-02 17:56:43,868 modules.ml_screener [DEBUG] [ML S2 WEEKLY VETO] ETSY we
ekly downtrend (W-EMA10<W-EMA40)
2026-03-02 17:56:43,870 modules.ml_screener [DEBUG] [ML S2 VETO] EXC ADR=2.3% <
 4.0%
2026-03-02 17:56:43,873 modules.ml_screener [DEBUG] [ML S2 VETO] EXEL ADR=3.0% 
< 4.0%
2026-03-02 17:56:43,873 modules.ml_screener [DEBUG] [ML S2 VETO] EXG ADR=1.0% <
 4.0%
2026-03-02 17:56:43,874 modules.ml_screener [DEBUG] [ML S2 VETO] EXE ADR=3.9% <
 4.0%
2026-03-02 17:56:43,877 modules.ml_screener [DEBUG] [ML S2 VETO] EXLS below EMA
50
2026-03-02 17:56:43,883 modules.ml_screener [DEBUG] [ML S2 VETO] EXPE below EMA
50
2026-03-02 17:56:43,884 modules.ml_screener [DEBUG] [ML S2 VETO] EXP ADR=3.4% <
 4.0%
2026-03-02 17:56:43,887 modules.ml_screener [DEBUG] [ML S2 VETO] EXPD below EMA
50
2026-03-02 17:56:43,887 modules.ml_screener [DEBUG] [ML Progress] Stage 2 48% —
 AIR 已檢查 77/2604…
2026-03-02 17:56:43,889 modules.ml_screener [DEBUG] [ML S2 VETO] EXPI below EMA
50
2026-03-02 17:56:43,891 modules.ml_screener [DEBUG] [ML S2 VETO] EXPO no rising
 EMAs
2026-03-02 17:56:43,892 modules.ml_screener [DEBUG] [ML S2 VETO] EXR ADR=2.7% <
 4.0%
2026-03-02 17:56:43,899 modules.ml_screener [DEBUG] [ML S2 VETO] EYE below EMA5
0
2026-03-02 17:56:43,900 modules.ml_screener [DEBUG] [ML S2 VETO] EXTR ADR=3.6% 
< 4.0%
2026-03-02 17:56:43,900 modules.ml_screener [DEBUG] [ML S2 VETO] F ADR=2.8% < 4
.0%
2026-03-02 17:56:43,902 modules.ml_screener [DEBUG] [ML S2 VETO] FA below EMA50
2026-03-02 17:56:43,903 modules.ml_screener [DEBUG] [ML S2 VETO] EZPW ADR=3.3% 
< 4.0%
2026-03-02 17:56:43,907 modules.ml_screener [DEBUG] [ML S2 VETO] FAST ADR=2.5% 
< 4.0%
2026-03-02 17:56:43,907 modules.ml_screener [DEBUG] [ML Progress] Stage 2 48% —
 AIRO 已檢查 78/2604…
2026-03-02 17:56:43,907 modules.ml_screener [DEBUG] [ML S2 VETO] FANG ADR=3.3% 
< 4.0%
2026-03-02 17:56:43,908 modules.ml_screener [DEBUG] [ML S2 VETO] FAF ADR=3.0% <
 4.0%
2026-03-02 17:56:43,911 modules.ml_screener [DEBUG] [ML S2 VETO] EYPT momentum 
3M=23.0 6M=48.3
2026-03-02 17:56:43,912 modules.ml_screener [DEBUG] [ML S2 VETO] FBP ADR=2.9% <
 4.0%
2026-03-02 17:56:43,912 modules.ml_screener [DEBUG] [ML S2 VETO] FBRT ADR=3.0% 
< 4.0%
2026-03-02 17:56:43,913 modules.ml_screener [DEBUG] [ML S2 VETO] FBIN below EMA
50
2026-03-02 17:56:43,915 modules.ml_screener [DEBUG] [ML S2 VETO] FCF ADR=2.5% <
 4.0%
2026-03-02 17:56:43,920 modules.ml_screener [DEBUG] [ML S2 VETO] FCN below EMA5
0
2026-03-02 17:56:43,920 modules.ml_screener [DEBUG] [ML S2 VETO] FCPT ADR=2.1% 
< 4.0%
2026-03-02 17:56:43,929 modules.ml_screener [DEBUG] [ML Progress] Stage 2 48% —
 AIG 已檢查 79/2604…
2026-03-02 17:56:43,933 modules.ml_screener [DEBUG] [ML S2 VETO] FDS below EMA5
0
2026-03-02 17:56:43,936 modules.ml_screener [DEBUG] [ML S2 VETO] FDUS ADR=2.5% 
< 4.0%
2026-03-02 17:56:43,938 modules.ml_screener [DEBUG] [ML S2 VETO] FDX ADR=2.4% <
 4.0%
2026-03-02 17:56:43,940 modules.ml_screener [DEBUG] [ML S2 VETO] FELE ADR=2.9% 
< 4.0%
2026-03-02 17:56:43,940 modules.ml_screener [DEBUG] [ML S2 VETO] FE ADR=1.9% < 
4.0%
2026-03-02 17:56:43,944 modules.ml_screener [DEBUG] [ML S2 VETO] FERG ADR=3.0% 
< 4.0%
2026-03-02 17:56:43,948 modules.ml_screener [DEBUG] [ML S2 VETO] FER ADR=1.7% <
 4.0%
2026-03-02 17:56:43,948 modules.ml_screener [DEBUG] [ML S2 VETO] FDMT momentum 
3M=-10.6 6M=49.5
2026-03-02 17:56:43,949 modules.ml_screener [DEBUG] [ML S2 VETO] FFBC ADR=3.3% 
< 4.0%
2026-03-02 17:56:43,952 modules.ml_screener [DEBUG] [ML S2 VETO] FFIV ADR=3.3% 
< 4.0%
2026-03-02 17:56:43,952 modules.ml_screener [DEBUG] [ML Progress] Stage 2 48% —
 AIZ 已檢查 80/2604…
2026-03-02 17:56:43,971 modules.ml_screener [DEBUG] [ML Progress] Stage 2 48% —
 AGIO 已檢查 81/2604…
2026-03-02 17:56:43,956 modules.ml_screener [DEBUG] [ML S2 VETO] FFWM below EMA
50
2026-03-02 17:56:43,958 modules.ml_screener [DEBUG] [ML S2 VETO] FGL $Vol=40544
37 < 5000000
2026-03-02 17:56:43,959 modules.ml_screener [DEBUG] [ML S2 VETO] FG below EMA50
2026-03-02 17:56:43,961 modules.ml_screener [DEBUG] [ML S2 VETO] FHB ADR=3.2% <
 4.0%
2026-03-02 17:56:43,962 modules.ml_screener [DEBUG] [ML S2 VETO] FHI ADR=3.2% <
 4.0%
2026-03-02 17:56:43,962 modules.ml_screener [DEBUG] [ML S2 VETO] FHN ADR=3.1% <
 4.0%
2026-03-02 17:56:43,965 modules.ml_screener [DEBUG] [ML S2 VETO] FIBK ADR=3.2% 
< 4.0%
2026-03-02 17:56:43,969 modules.ml_screener [DEBUG] [ML S2 VETO] FICO below EMA
50
2026-03-02 17:56:43,970 modules.ml_screener [DEBUG] [ML S2 VETO] FIG no rising 
EMAs
2026-03-02 17:56:43,953 modules.ml_screener [DEBUG] [ML S2 VETO] FFIN ADR=3.2% 
< 4.0%
2026-03-02 17:56:43,972 modules.ml_screener [DEBUG] [ML S2 VETO] FIGR no rising
 EMAs
2026-03-02 17:56:43,972 modules.ml_screener [DEBUG] [ML Progress] Stage 2 48% —
 AL 已檢查 82/2604…
2026-03-02 17:56:43,977 modules.ml_screener [DEBUG] [ML S2 VETO] FIHL ADR=2.6% 
< 4.0%
2026-03-02 17:56:43,981 modules.ml_screener [DEBUG] [ML S2 VETO] FIS ADR=3.3% <
 4.0%
2026-03-02 17:56:43,982 modules.ml_screener [DEBUG] [ML S2 VETO] FINV ADR=3.7% 
< 4.0%
2026-03-02 17:56:43,985 modules.ml_screener [DEBUG] [ML S2 VETO] FISV below EMA
50
2026-03-02 17:56:43,987 modules.ml_screener [DEBUG] [ML S2 VETO] FITB ADR=3.1% 
< 4.0%
2026-03-02 17:56:43,988 modules.ml_screener [DEBUG] [ML S2 VETO] FIVN below EMA
50
2026-03-02 17:56:43,990 modules.ml_screener [DEBUG] [ML S2 VETO] FIVE ADR=3.7% 
< 4.0%
2026-03-02 17:56:43,994 modules.ml_screener [DEBUG] [ML S2 VETO] FLEX below EMA
50
2026-03-02 17:56:43,995 modules.ml_screener [DEBUG] [ML Progress] Stage 2 48% —
 AKR 已檢查 83/2604…
2026-03-02 17:56:43,999 modules.ml_screener [DEBUG] [ML S2 VETO] FLG below EMA5
0
2026-03-02 17:56:44,002 modules.ml_screener [DEBUG] [ML S2 VETO] FLNG ADR=2.4% 
< 4.0%
2026-03-02 17:56:44,004 modules.ml_screener [DEBUG] [ML S2 VETO] FLNC below EMA
50
2026-03-02 17:56:44,006 modules.ml_screener [DEBUG] [ML S2 VETO] FLO below EMA5
0
2026-03-02 17:56:44,008 modules.ml_screener [DEBUG] [ML S2 VETO] FLGT below EMA
50
2026-03-02 17:56:44,015 modules.ml_screener [DEBUG] [ML S2 VETO] FLUT below EMA
50
2026-03-02 17:56:44,017 modules.ml_screener [DEBUG] [ML S2 VETO] FLY no rising 
EMAs
2026-03-02 17:56:44,018 modules.ml_screener [INFO] [ML S2 PASS] ALB ADR=5.3% $V
ol=$507.1M
2026-03-02 17:56:44,018 modules.ml_screener [DEBUG] [ML S2 VETO] FLS ADR=3.0% <
 4.0%
2026-03-02 17:56:44,021 modules.ml_screener [DEBUG] [ML S2 VETO] FLYW below EMA
50
2026-03-02 17:56:44,025 modules.ml_screener [DEBUG] [ML S2 VETO] FMC below EMA5
0
2026-03-02 17:56:44,027 modules.ml_screener [DEBUG] [ML S2 VETO] FMS ADR=1.6% <
 4.0%
2026-03-02 17:56:44,027 modules.ml_screener [DEBUG] [ML S2 VETO] FMNB ADR=2.4% 
< 4.0%
2026-03-02 17:56:44,028 modules.ml_screener [DEBUG] [ML S2 VETO] FMX ADR=2.6% <
 4.0%
2026-03-02 17:56:44,036 modules.ml_screener [DEBUG] [ML S2 VETO] FNF ADR=3.0% <
 4.0%
2026-03-02 17:56:44,036 modules.ml_screener [DEBUG] [ML Progress] Stage 2 48% —
 ALB 已檢查 84/2604…
2026-03-02 17:56:44,038 modules.ml_screener [DEBUG] [ML S2 VETO] FNB ADR=3.2% <
 4.0%
2026-03-02 17:56:44,047 modules.ml_screener [DEBUG] [ML S2 VETO] FLR momentum 3
M=25.7 6M=27.3
2026-03-02 17:56:44,048 modules.ml_screener [DEBUG] [ML S2 VETO] FNV ADR=3.7% <
 4.0%
2026-03-02 17:56:44,049 modules.ml_screener [DEBUG] [ML S2 VETO] FOLD ADR=0.3% 
< 4.0%
2026-03-02 17:56:44,055 modules.ml_screener [DEBUG] [ML S2 VETO] FOUR below EMA
50
2026-03-02 17:56:44,058 modules.ml_screener [DEBUG] [ML S2 WEEKLY VETO] FND wee
kly downtrend (W-EMA10<W-EMA40)
2026-03-02 17:56:44,059 modules.ml_screener [DEBUG] [ML S2 VETO] FOXA ADR=3.5% 
< 4.0%
2026-03-02 17:56:44,059 modules.ml_screener [DEBUG] [ML S2 VETO] FOX ADR=3.4% <
 4.0%
2026-03-02 17:56:44,061 modules.ml_screener [DEBUG] [ML S2 VETO] FOXF below EMA
50
2026-03-02 17:56:44,062 modules.ml_screener [DEBUG] [ML Progress] Stage 2 48% —
 AJG 已檢查 85/2604…
2026-03-02 17:56:44,064 modules.ml_screener [DEBUG] [ML S2 WEEKLY VETO] FNGD we
ekly downtrend (W-EMA10<W-EMA40)
2026-03-02 17:56:44,067 modules.ml_screener [DEBUG] [ML S2 VETO] FR ADR=2.2% < 
4.0%
2026-03-02 17:56:44,067 modules.ml_screener [DEBUG] [ML S2 VETO] FPI ADR=3.0% <
 4.0%
2026-03-02 17:56:44,070 modules.ml_screener [DEBUG] [ML S2 VETO] FRMI no rising
 EMAs
2026-03-02 17:56:44,072 modules.ml_screener [DEBUG] [ML S2 VETO] FROG below EMA
50
2026-03-02 17:56:44,074 modules.ml_screener [DEBUG] [ML S2 VETO] FRGE ADR=0.3% 
< 4.0%
2026-03-02 17:56:44,076 modules.ml_screener [DEBUG] [ML S2 VETO] FRO ADR=3.4% <
 4.0%
2026-03-02 17:56:44,077 modules.ml_screener [DEBUG] [ML S2 VETO] FRME ADR=2.9% 
< 4.0%
2026-03-02 17:56:44,079 modules.ml_screener [DEBUG] [ML Progress] Stage 2 48% —
 ALAB 已檢查 86/2604…
2026-03-02 17:56:44,080 modules.ml_screener [DEBUG] [ML S2 VETO] FRSH below EMA
50
2026-03-02 17:56:44,081 modules.ml_screener [DEBUG] [ML S2 VETO] FRT ADR=2.0% <
 4.0%
2026-03-02 17:56:44,082 modules.ml_screener [DEBUG] [ML S2 VETO] FSK ADR=3.8% <
 4.0%
2026-03-02 17:56:44,084 modules.ml_screener [DEBUG] [ML S2 VETO] FSLR below EMA
50
2026-03-02 17:56:44,091 modules.ml_screener [DEBUG] [ML S2 VETO] FSS ADR=3.5% <
 4.0%
2026-03-02 17:56:44,093 modules.ml_screener [DEBUG] [ML S2 VETO] FSSL ADR=2.4% 
< 4.0%
2026-03-02 17:56:44,102 modules.ml_screener [DEBUG] [ML S2 VETO] FTI ADR=3.3% <
 4.0%
2026-03-02 17:56:44,103 modules.ml_screener [DEBUG] [ML S2 VETO] FTNT below EMA
50
2026-03-02 17:56:44,104 modules.ml_screener [DEBUG] [ML Progress] Stage 2 48% —
 AIP 已檢查 87/2604…
2026-03-02 17:56:44,109 modules.ml_screener [DEBUG] [ML S2 VETO] FTRE below EMA
50
2026-03-02 17:56:44,111 modules.ml_screener [DEBUG] [ML S2 VETO] FTV ADR=3.4% <
 4.0%
2026-03-02 17:56:44,113 modules.ml_screener [DEBUG] [ML S2 VETO] FTS ADR=1.7% <
 4.0%
2026-03-02 17:56:44,113 modules.ml_screener [DEBUG] [ML S2 VETO] FULT ADR=3.1% 
< 4.0%
2026-03-02 17:56:44,118 modules.ml_screener [DEBUG] [ML S2 VETO] FUTU ADR=3.8% 
< 4.0%
2026-03-02 17:56:44,119 modules.ml_screener [DEBUG] [ML S2 VETO] FVRR below EMA
50
2026-03-02 17:56:44,120 modules.ml_screener [DEBUG] [ML S2 VETO] FUN no rising 
EMAs
2026-03-02 17:56:44,121 modules.ml_screener [DEBUG] [ML S2 VETO] FUL ADR=2.6% <
 4.0%
2026-03-02 17:56:44,123 modules.ml_screener [DEBUG] [ML S2 VETO] FULC below EMA
50
2026-03-02 17:56:44,123 modules.ml_screener [DEBUG] [ML Progress] Stage 2 48% —
 ALC 已檢查 88/2604…
2026-03-02 17:56:44,126 modules.ml_screener [DEBUG] [ML S2 VETO] FWRD below EMA
50
2026-03-02 17:56:44,127 modules.ml_screener [DEBUG] [ML S2 VETO] FWONK ADR=3.3%
 < 4.0%
2026-03-02 17:56:44,128 modules.ml_screener [DEBUG] [ML S2 VETO] GAB ADR=1.3% <
 4.0%
2026-03-02 17:56:44,129 modules.ml_screener [DEBUG] [ML S2 VETO] FWRG below EMA
50
2026-03-02 17:56:44,130 modules.ml_screener [DEBUG] [ML S2 VETO] G ADR=3.9% < 4
.0%
2026-03-02 17:56:44,134 modules.ml_screener [DEBUG] [ML S2 VETO] GBCI ADR=3.3% 
< 4.0%
2026-03-02 17:56:44,136 modules.ml_screener [DEBUG] [ML S2 VETO] GBTG below EMA
50
2026-03-02 17:56:44,137 modules.ml_screener [DEBUG] [ML S2 VETO] GBDC ADR=2.3% 
< 4.0%
2026-03-02 17:56:44,141 modules.ml_screener [DEBUG] [ML S2 VETO] GD ADR=2.5% < 
4.0%
2026-03-02 17:56:44,141 modules.ml_screener [INFO] [ML S2 PASS] ALGT ADR=5.5% $
Vol=$63.0M
2026-03-02 17:56:44,146 modules.ml_screener [DEBUG] [ML S2 VETO] GDOT ADR=2.6% 
< 4.0%
2026-03-02 17:56:44,147 modules.ml_screener [DEBUG] [ML S2 VETO] GDDY below EMA
50
2026-03-02 17:56:44,150 modules.ml_screener [DEBUG] [ML S2 VETO] GAP momentum 3
M=20.2 6M=27.5
2026-03-02 17:56:44,152 modules.ml_screener [DEBUG] [ML S2 VETO] GDS below EMA5
0
2026-03-02 17:56:44,153 modules.ml_screener [DEBUG] [ML S2 VETO] GE ADR=3.0% < 
4.0%
2026-03-02 17:56:44,154 modules.ml_screener [DEBUG] [ML S2 VETO] GDYN below EMA
50
2026-03-02 17:56:44,155 modules.ml_screener [DEBUG] [ML S2 VETO] GEHC ADR=2.8% 
< 4.0%
2026-03-02 17:56:44,157 modules.ml_screener [DEBUG] [ML S2 VETO] GEMI no rising
 EMAs
2026-03-02 17:56:44,158 modules.ml_screener [DEBUG] [ML S2 VETO] GEN ADR=3.5% <
 4.0%
2026-03-02 17:56:44,158 modules.ml_screener [DEBUG] [ML Progress] Stage 2 48% —
 ALGT 已檢查 89/2604…
2026-03-02 17:56:44,162 modules.ml_screener [DEBUG] [ML S2 VETO] GEV ADR=3.8% <
 4.0%
2026-03-02 17:56:44,163 modules.ml_screener [DEBUG] [ML S2 VETO] GEO below EMA5
0
2026-03-02 17:56:44,166 modules.ml_screener [DEBUG] [ML S2 VETO] GFL ADR=3.5% <
 4.0%
2026-03-02 17:56:44,167 modules.ml_screener [DEBUG] [ML S2 WEEKLY VETO] GCMG we
ekly downtrend (W-EMA10<W-EMA40)
2026-03-02 17:56:44,172 modules.ml_screener [DEBUG] [ML S2 VETO] GGG ADR=1.8% <
 4.0%
2026-03-02 17:56:44,172 modules.ml_screener [DEBUG] [ML S2 VETO] GGN ADR=1.9% <
 4.0%
2026-03-02 17:56:44,177 modules.ml_screener [DEBUG] [ML S2 VETO] GH below EMA50
2026-03-02 17:56:44,177 modules.ml_screener [DEBUG] [ML S2 VETO] GIII ADR=3.5% 
< 4.0%
2026-03-02 17:56:44,179 modules.ml_screener [DEBUG] [ML S2 VETO] GGAL below EMA
50
2026-03-02 17:56:44,179 modules.ml_screener [DEBUG] [ML S2 VETO] GIB ADR=3.1% <
 4.0%
2026-03-02 17:56:44,179 modules.ml_screener [DEBUG] [ML Progress] Stage 2 48% —
 ALDX 已檢查 90/2604…
2026-03-02 17:56:44,183 modules.ml_screener [DEBUG] [ML S2 VETO] GIL ADR=2.6% <
 4.0%
2026-03-02 17:56:44,183 modules.ml_screener [DEBUG] [ML S2 VETO] GILD ADR=2.9% 
< 4.0%
2026-03-02 17:56:44,188 modules.ml_screener [DEBUG] [ML S2 VETO] GIS ADR=2.9% <
 4.0%
2026-03-02 17:56:44,191 modules.ml_screener [DEBUG] [ML S2 VETO] GLDD ADR=0.9% 
< 4.0%
2026-03-02 17:56:44,193 modules.ml_screener [DEBUG] [ML S2 VETO] GLBE below EMA
50
2026-03-02 17:56:44,194 modules.ml_screener [DEBUG] [ML S2 VETO] GL ADR=2.4% < 
4.0%
2026-03-02 17:56:44,194 modules.ml_screener [DEBUG] [ML S2 VETO] GLIBK ADR=3.4%
 < 4.0%
2026-03-02 17:56:44,195 modules.ml_screener [DEBUG] [ML S2 VETO] GLNG ADR=2.7% 
< 4.0%
2026-03-02 17:56:44,197 modules.ml_screener [DEBUG] [ML S2 VETO] GLOB below EMA
50
2026-03-02 17:56:44,198 modules.ml_screener [DEBUG] [ML S2 VETO] GLPI ADR=1.8% 
< 4.0%
2026-03-02 17:56:44,199 modules.ml_screener [DEBUG] [ML S2 VETO] GKOS momentum 
3M=24.8 6M=26.6
2026-03-02 17:56:44,199 modules.ml_screener [DEBUG] [ML Progress] Stage 2 48% —
 AKAM 已檢查 91/2604…
2026-03-02 17:56:44,206 modules.ml_screener [DEBUG] [ML S2 VETO] GLUE below EMA
50
2026-03-02 17:56:44,211 modules.ml_screener [DEBUG] [ML S2 VETO] GM ADR=2.8% < 
4.0%
2026-03-02 17:56:44,213 modules.ml_screener [DEBUG] [ML S2 VETO] GLXY below EMA
50
2026-03-02 17:56:44,215 modules.ml_screener [DEBUG] [ML S2 VETO] GMAB ADR=2.5% 
< 4.0%
2026-03-02 17:56:44,215 modules.ml_screener [DEBUG] [ML S2 VETO] GME ADR=3.2% <
 4.0%
2026-03-02 17:56:44,217 modules.ml_screener [DEBUG] [ML S2 VETO] GNL ADR=2.2% <
 4.0%
2026-03-02 17:56:44,218 modules.ml_screener [DEBUG] [ML S2 VETO] GMED ADR=3.2% 
< 4.0%
2026-03-02 17:56:44,220 modules.ml_screener [DEBUG] [ML Progress] Stage 2 48% —
 ALEX 已檢查 92/2604…
2026-03-02 17:56:44,220 modules.ml_screener [DEBUG] [ML S2 VETO] GNTX ADR=2.2% 
< 4.0%
2026-03-02 17:56:44,220 modules.ml_screener [DEBUG] [ML S2 VETO] GNK ADR=3.7% <
 4.0%
2026-03-02 17:56:44,221 modules.ml_screener [DEBUG] [ML S2 VETO] GNW ADR=3.0% <
 4.0%
2026-03-02 17:56:44,225 modules.ml_screener [DEBUG] [ML S2 VETO] GO below EMA50
2026-03-02 17:56:44,227 modules.ml_screener [DEBUG] [ML S2 VETO] GOF ADR=1.2% <
 4.0%
2026-03-02 17:56:44,231 modules.ml_screener [DEBUG] [ML S2 VETO] GOLF ADR=3.1% 
< 4.0%
2026-03-02 17:56:44,233 modules.ml_screener [DEBUG] [ML S2 VETO] GOOG ADR=2.6% 
< 4.0%
2026-03-02 17:56:44,234 modules.ml_screener [DEBUG] [ML S2 VETO] GOOD ADR=2.6% 
< 4.0%
2026-03-02 17:56:44,234 modules.ml_screener [DEBUG] [ML S2 VETO] GOOGL ADR=2.6%
 < 4.0%
2026-03-02 17:56:44,235 modules.ml_screener [INFO] [ML S2 PASS] ALGM ADR=4.5% $
Vol=$118.1M
2026-03-02 17:56:44,236 modules.ml_screener [DEBUG] [ML S2 VETO] GOOS ADR=3.6% 
< 4.0%
2026-03-02 17:56:44,239 modules.ml_screener [DEBUG] [ML S2 VETO] GPC ADR=3.1% <
 4.0%
2026-03-02 17:56:44,243 modules.ml_screener [DEBUG] [ML S2 VETO] GPGI below EMA
50
2026-03-02 17:56:44,244 modules.ml_screener [DEBUG] [ML S2 VETO] GPCR below EMA
50
2026-03-02 17:56:44,245 modules.ml_screener [DEBUG] [ML S2 VETO] GPN ADR=3.5% <
 4.0%
2026-03-02 17:56:44,246 modules.ml_screener [DEBUG] [ML S2 VETO] GPK below EMA5
0
2026-03-02 17:56:44,254 modules.ml_screener [DEBUG] [ML S2 VETO] GPRK ADR=3.5% 
< 4.0%
2026-03-02 17:56:44,256 modules.ml_screener [DEBUG] [ML S2 VETO] GRMN ADR=3.6% 
< 4.0%
2026-03-02 17:56:44,256 modules.ml_screener [DEBUG] [ML Progress] Stage 2 48% —
 ALGM 已檢查 93/2604…
2026-03-02 17:56:44,256 modules.ml_screener [DEBUG] [ML S2 VETO] GRFS ADR=3.4% 
< 4.0%
2026-03-02 17:56:44,258 modules.ml_screener [DEBUG] [ML S2 VETO] GRAL below EMA
50
2026-03-02 17:56:44,260 modules.ml_screener [DEBUG] [ML S2 VETO] GRND below EMA
50
2026-03-02 17:56:44,261 modules.ml_screener [DEBUG] [ML S2 VETO] GRNT ADR=3.4% 
< 4.0%
2026-03-02 17:56:44,263 modules.ml_screener [DEBUG] [ML S2 VETO] GPOR momentum 
3M=-1.6 6M=20.9
2026-03-02 17:56:44,267 modules.ml_screener [DEBUG] [ML S2 VETO] GRPN below EMA
50
2026-03-02 17:56:44,268 modules.ml_screener [DEBUG] [ML S2 VETO] GRRR below EMA
50
2026-03-02 17:56:44,272 modules.ml_screener [DEBUG] [ML S2 VETO] GS ADR=3.6% < 
4.0%
2026-03-02 17:56:44,273 modules.ml_screener [DEBUG] [ML S2 VETO] GSBD ADR=2.4% 
< 4.0%
2026-03-02 17:56:44,274 modules.ml_screener [DEBUG] [ML S2 VETO] GSHD below EMA
50
2026-03-02 17:56:44,275 modules.ml_screener [DEBUG] [ML Progress] Stage 2 48% —
 ALGN 已檢查 94/2604…
2026-03-02 17:56:44,279 modules.ml_screener [DEBUG] [ML S2 VETO] GSK ADR=1.4% <
 4.0%
2026-03-02 17:56:44,280 modules.ml_screener [DEBUG] [ML S2 VETO] GSL ADR=2.6% <
 4.0%
2026-03-02 17:56:44,285 modules.ml_screener [DEBUG] [ML S2 VETO] GT below EMA50
2026-03-02 17:56:44,290 modules.ml_screener [DEBUG] [ML S2 VETO] GTE $Vol=35680
24 < 5000000
2026-03-02 17:56:44,291 modules.ml_screener [DEBUG] [ML S2 VETO] GTES ADR=3.3% 
< 4.0%
2026-03-02 17:56:44,293 modules.ml_screener [DEBUG] [ML S2 VETO] GTLB below EMA
50
2026-03-02 17:56:44,293 modules.ml_screener [DEBUG] [ML S2 VETO] GTLS ADR=0.2% 
< 4.0%
2026-03-02 17:56:44,296 modules.ml_screener [DEBUG] [ML S2 VETO] GTM below EMA5
0
2026-03-02 17:56:44,297 modules.ml_screener [DEBUG] [ML Progress] Stage 2 48% —
 ALH 已檢查 95/2604…
2026-03-02 17:56:44,321 modules.ml_screener [DEBUG] [ML Progress] Stage 2 48% —
 ALKS 已檢查 96/2604…
2026-03-02 17:56:44,307 modules.ml_screener [DEBUG] [ML S2 VETO] GVA ADR=2.7% <
 4.0%
2026-03-02 17:56:44,309 modules.ml_screener [DEBUG] [ML S2 VETO] GWRE below EMA
50
2026-03-02 17:56:44,309 modules.ml_screener [DEBUG] [ML S2 VETO] GSM momentum 3
M=24.7 6M=21.0
2026-03-02 17:56:44,313 modules.ml_screener [DEBUG] [ML S2 VETO] GXO ADR=3.7% <
 4.0%
2026-03-02 17:56:44,316 modules.ml_screener [DEBUG] [ML S2 VETO] GTN momentum 3
M=11.9 6M=-14.4
2026-03-02 17:56:44,316 modules.ml_screener [DEBUG] [ML S2 VETO] HAE ADR=3.2% <
 4.0%
2026-03-02 17:56:44,317 modules.ml_screener [DEBUG] [ML S2 VETO] HAFC ADR=3.1% 
< 4.0%
2026-03-02 17:56:44,318 modules.ml_screener [DEBUG] [ML S2 VETO] GTX momentum 3
M=25.7 6M=56.1
2026-03-02 17:56:44,319 modules.ml_screener [DEBUG] [ML S2 VETO] HAFN ADR=2.6% 
< 4.0%
2026-03-02 17:56:44,321 modules.ml_screener [DEBUG] [ML S2 VETO] H below EMA50
2026-03-02 17:56:44,321 modules.ml_screener [DEBUG] [ML S2 VETO] HAL ADR=3.1% <
 4.0%
2026-03-02 17:56:44,302 modules.ml_screener [DEBUG] [ML S2 VETO] GTY ADR=2.0% <
 4.0%
2026-03-02 17:56:44,321 modules.ml_screener [DEBUG] [ML Progress] Stage 2 48% —
 ALHC 已檢查 97/2604…
2026-03-02 17:56:44,323 modules.ml_screener [DEBUG] [ML S2 VETO] HALO ADR=3.3% 
< 4.0%
2026-03-02 17:56:44,324 modules.ml_screener [DEBUG] [ML S2 VETO] HASI ADR=3.2% 
< 4.0%
2026-03-02 17:56:44,324 modules.ml_screener [DEBUG] [ML S2 VETO] HAS ADR=3.0% <
 4.0%
2026-03-02 17:56:44,325 modules.ml_screener [DEBUG] [ML S2 VETO] HAYW ADR=3.3% 
< 4.0%
2026-03-02 17:56:44,327 modules.ml_screener [DEBUG] [ML S2 VETO] HBAN ADR=3.3% 
< 4.0%
2026-03-02 17:56:44,328 modules.ml_screener [DEBUG] [ML S2 VETO] HBNC ADR=3.5% 
< 4.0%
2026-03-02 17:56:44,333 modules.ml_screener [DEBUG] [ML S2 VETO] HCA ADR=2.8% <
 4.0%
2026-03-02 17:56:44,333 modules.ml_screener [DEBUG] [ML S2 VETO] HCKT below EMA
50
2026-03-02 17:56:44,336 modules.ml_screener [DEBUG] [ML S2 VETO] HCC below EMA5
0
2026-03-02 17:56:44,338 modules.ml_screener [DEBUG] [ML S2 VETO] HD ADR=2.4% < 
4.0%
2026-03-02 17:56:44,338 modules.ml_screener [DEBUG] [ML Progress] Stage 2 48% —
 ALK 已檢查 98/2604…
2026-03-02 17:56:44,341 modules.ml_screener [DEBUG] [ML S2 VETO] HE ADR=3.2% < 
4.0%
2026-03-02 17:56:44,342 modules.ml_screener [DEBUG] [ML S2 VETO] HEI ADR=3.2% <
 4.0%
2026-03-02 17:56:44,344 modules.ml_screener [DEBUG] [ML S2 VETO] HDB ADR=1.7% <
 4.0%
2026-03-02 17:56:44,347 modules.ml_screener [DEBUG] [ML S2 VETO] HELE below EMA
50
2026-03-02 17:56:44,348 modules.ml_screener [DEBUG] [ML S2 VETO] HELP $Vol=4217
815 < 5000000
2026-03-02 17:56:44,349 modules.ml_screener [DEBUG] [ML S2 VETO] HESM ADR=2.1% 
< 4.0%
2026-03-02 17:56:44,351 modules.ml_screener [DEBUG] [ML S2 VETO] HG ADR=3.9% < 
4.0%
2026-03-02 17:56:44,352 modules.ml_screener [DEBUG] [ML S2 VETO] HGV below EMA5
0
2026-03-02 17:56:44,353 modules.ml_screener [DEBUG] [ML S2 VETO] HFWA ADR=3.3% 
< 4.0%
2026-03-02 17:56:44,354 modules.ml_screener [DEBUG] [ML S2 VETO] HHH ADR=3.3% <
 4.0%
2026-03-02 17:56:44,354 modules.ml_screener [DEBUG] [ML S2 VETO] HIG ADR=1.9% <
 4.0%
2026-03-02 17:56:44,354 modules.ml_screener [INFO] [ML S2 PASS] ALMS ADR=6.3% $
Vol=$36.6M
2026-03-02 17:56:44,356 modules.ml_screener [DEBUG] [ML S2 VETO] HCSG momentum 
3M=26.2 6M=39.7
2026-03-02 17:56:44,357 modules.ml_screener [DEBUG] [ML S2 VETO] HII ADR=3.9% <
 4.0%
2026-03-02 17:56:44,358 modules.ml_screener [DEBUG] [ML S2 VETO] HIMX ADR=3.6% 
< 4.0%
2026-03-02 17:56:44,361 modules.ml_screener [DEBUG] [ML S2 VETO] HIW below EMA5
0
2026-03-02 17:56:44,366 modules.ml_screener [DEBUG] [ML S2 VETO] HIMS below EMA
50
2026-03-02 17:56:44,370 modules.ml_screener [DEBUG] [ML S2 VETO] HLI ADR=2.8% <
 4.0%
2026-03-02 17:56:44,375 modules.ml_screener [DEBUG] [ML Progress] Stage 2 48% —
 ALMS 已檢查 99/2604…
2026-03-02 17:56:44,376 modules.ml_screener [DEBUG] [ML S2 VETO] HLNE below EMA
50
2026-03-02 17:56:44,378 modules.ml_screener [DEBUG] [ML S2 VETO] HLMN below EMA
50
2026-03-02 17:56:44,382 modules.ml_screener [DEBUG] [ML S2 VETO] HLT ADR=2.3% <
 4.0%
2026-03-02 17:56:44,382 modules.ml_screener [DEBUG] [ML S2 VETO] HLN ADR=1.5% <
 4.0%
2026-03-02 17:56:44,384 modules.ml_screener [DEBUG] [ML S2 VETO] HMC ADR=1.6% <
 4.0%
2026-03-02 17:56:44,391 modules.ml_screener [DEBUG] [ML S2 VETO] HNI ADR=3.2% <
 4.0%
2026-03-02 17:56:44,391 modules.ml_screener [DEBUG] [ML Progress] Stage 2 48% —
 ALLE 已檢查 100/2604…
2026-03-02 17:56:44,397 modules.ml_screener [DEBUG] [ML S2 VETO] HOG below EMA5
0
2026-03-02 17:56:44,398 modules.ml_screener [DEBUG] [ML S2 VETO] HNRG below EMA
50
2026-03-02 17:56:44,399 modules.ml_screener [DEBUG] [ML S2 VETO] HOLX ADR=0.3% 
< 4.0%
2026-03-02 17:56:44,402 modules.ml_screener [DEBUG] [ML S2 VETO] HOMB ADR=2.4% 
< 4.0%
2026-03-02 17:56:44,404 modules.ml_screener [DEBUG] [ML S2 VETO] HOOD below EMA
50
2026-03-02 17:56:44,407 modules.ml_screener [DEBUG] [ML S2 VETO] HP ADR=4.0% < 
4.0%
2026-03-02 17:56:44,408 modules.ml_screener [DEBUG] [ML S2 VETO] HLIT momentum 
3M=15.5 6M=12.0
2026-03-02 17:56:44,409 modules.ml_screener [DEBUG] [ML Progress] Stage 2 48% —
 ALL 已檢查 101/2604…
2026-03-02 17:56:44,409 modules.ml_screener [DEBUG] [ML S2 VETO] HPE ADR=3.7% <
 4.0%
2026-03-02 17:56:44,410 modules.ml_screener [DEBUG] [ML S2 VETO] HOPE ADR=3.0% 
< 4.0%
2026-03-02 17:56:44,410 modules.ml_screener [DEBUG] [ML S2 VETO] HON ADR=1.8% <
 4.0%
2026-03-02 17:56:44,413 modules.ml_screener [DEBUG] [ML S2 VETO] HPK $Vol=38904
59 < 5000000
2026-03-02 17:56:44,414 modules.ml_screener [DEBUG] [ML S2 WEEKLY VETO] HNGE we
ekly downtrend (W-EMA10<W-EMA40)
2026-03-02 17:56:44,417 modules.ml_screener [DEBUG] [ML S2 VETO] HPQ ADR=3.9% <
 4.0%
2026-03-02 17:56:44,418 modules.ml_screener [DEBUG] [ML S2 VETO] HPP below EMA5
0
2026-03-02 17:56:44,419 modules.ml_screener [DEBUG] [ML S2 VETO] HR ADR=2.4% < 
4.0%
2026-03-02 17:56:44,419 modules.ml_screener [DEBUG] [ML S2 VETO] HQY ADR=3.4% <
 4.0%
2026-03-02 17:56:44,420 modules.ml_screener [DEBUG] [ML Progress] Stage 2 48% —
 ALKT 已檢查 102/2604…
2026-03-02 17:56:44,422 modules.ml_screener [DEBUG] [ML S2 VETO] HRB below EMA5
0
2026-03-02 17:56:44,423 modules.ml_screener [DEBUG] [ML S2 VETO] HRL ADR=2.9% <
 4.0%
2026-03-02 17:56:44,424 modules.ml_screener [DEBUG] [ML S2 VETO] HRI below EMA5
0
2026-03-02 17:56:44,430 modules.ml_screener [DEBUG] [ML S2 VETO] HRZN ADR=2.7% 
< 4.0%
2026-03-02 17:56:44,432 modules.ml_screener [DEBUG] [ML S2 VETO] HRMY below EMA
50
2026-03-02 17:56:44,433 modules.ml_screener [DEBUG] [ML S2 VETO] HSBC ADR=1.8% 
< 4.0%
2026-03-02 17:56:44,437 modules.ml_screener [DEBUG] [ML S2 VETO] HSHP ADR=3.8% 
< 4.0%
2026-03-02 17:56:44,439 modules.ml_screener [DEBUG] [ML S2 VETO] HSIC ADR=3.4% 
< 4.0%
2026-03-02 17:56:44,439 modules.ml_screener [DEBUG] [ML S2 VETO] HST ADR=3.2% <
 4.0%
2026-03-02 17:56:44,440 modules.ml_screener [DEBUG] [ML Progress] Stage 2 48% —
 ALLT 已檢查 103/2604…
2026-03-02 17:56:44,455 modules.ml_screener [INFO] [ML S2 PASS] ALM ADR=8.3% $V
ol=$61.1M
2026-03-02 17:56:44,443 modules.ml_screener [DEBUG] [ML S2 VETO] HSTM ADR=3.4% 
< 4.0%
2026-03-02 17:56:44,444 modules.ml_screener [DEBUG] [ML S2 VETO] HTBK ADR=2.9% 
< 4.0%
2026-03-02 17:56:44,446 modules.ml_screener [DEBUG] [ML S2 VETO] HTFL no rising
 EMAs
2026-03-02 17:56:44,450 modules.ml_screener [DEBUG] [ML S2 VETO] HTGC ADR=3.3% 
< 4.0%
2026-03-02 17:56:44,450 modules.ml_screener [DEBUG] [ML S2 VETO] HRTG momentum 
3M=-1.7 6M=25.4
2026-03-02 17:56:44,451 modules.ml_screener [DEBUG] [ML S2 VETO] HTH ADR=2.8% <
 4.0%
2026-03-02 17:56:44,453 modules.ml_screener [DEBUG] [ML S2 VETO] HTHT ADR=3.2% 
< 4.0%
2026-03-02 17:56:44,454 modules.ml_screener [DEBUG] [ML S2 VETO] HTO ADR=2.8% <
 4.0%
2026-03-02 17:56:44,443 modules.ml_screener [DEBUG] [ML S2 VETO] HSY ADR=2.5% <
 4.0%
2026-03-02 17:56:44,457 modules.ml_screener [DEBUG] [ML Progress] Stage 2 48% —
 ALM 已檢查 104/2604…
2026-03-02 17:56:44,458 modules.ml_screener [DEBUG] [ML S2 VETO] HUBG below EMA
50
2026-03-02 17:56:44,460 modules.ml_screener [DEBUG] [ML S2 VETO] HUBS below EMA
50
2026-03-02 17:56:44,463 modules.ml_screener [DEBUG] [ML S2 VETO] HUM below EMA5
0
2026-03-02 17:56:44,465 modules.ml_screener [DEBUG] [ML S2 VETO] HURN below EMA
50
2026-03-02 17:56:44,471 modules.ml_screener [DEBUG] [ML S2 VETO] HWM ADR=3.1% <
 4.0%
2026-03-02 17:56:44,472 modules.ml_screener [DEBUG] [ML S2 VETO] HWC ADR=3.1% <
 4.0%
2026-03-02 17:56:44,474 modules.ml_screener [DEBUG] [ML S2 VETO] HYT ADR=0.7% <
 4.0%
2026-03-02 17:56:44,475 modules.ml_screener [DEBUG] [ML Progress] Stage 2 48% —
 ALLY 已檢查 105/2604…
2026-03-02 17:56:44,475 modules.ml_screener [DEBUG] [ML S2 VETO] HXL ADR=2.9% <
 4.0%
2026-03-02 17:56:44,491 modules.ml_screener [DEBUG] [ML S2 VETO] IBKR below EMA
50
2026-03-02 17:56:44,493 modules.ml_screener [DEBUG] [ML Progress] Stage 2 48% —
 ALMU 已檢查 106/2604…
2026-03-02 17:56:44,496 modules.ml_screener [DEBUG] [ML S2 VETO] IART below EMA
50
2026-03-02 17:56:44,497 modules.ml_screener [DEBUG] [ML S2 VETO] IBN ADR=1.3% <
 4.0%
2026-03-02 17:56:44,508 modules.ml_screener [DEBUG] [ML S2 VETO] IBM below EMA5
0
2026-03-02 17:56:44,510 modules.ml_screener [DEBUG] [ML Progress] Stage 2 48% —
 ALNY 已檢查 107/2604…
2026-03-02 17:56:44,513 modules.ml_screener [DEBUG] [ML S2 VETO] IBOC ADR=3.1% 
< 4.0%
2026-03-02 17:56:44,517 modules.ml_screener [DEBUG] [ML S2 VETO] ICE ADR=3.0% <
 4.0%
2026-03-02 17:56:44,521 modules.ml_screener [DEBUG] [ML S2 VETO] IDA ADR=2.2% <
 4.0%
2026-03-02 17:56:44,523 modules.ml_screener [DEBUG] [ML S2 VETO] ICLR below EMA
50
2026-03-02 17:56:44,524 modules.ml_screener [DEBUG] [ML S2 VETO] IDXX ADR=2.9% 
< 4.0%
2026-03-02 17:56:44,525 modules.ml_screener [DEBUG] [ML Progress] Stage 2 48% —
 ALRM 已檢查 108/2604…
2026-03-02 17:56:44,532 modules.ml_screener [DEBUG] [ML S2 VETO] IEP ADR=2.4% <
 4.0%
2026-03-02 17:56:44,532 modules.ml_screener [DEBUG] [ML S2 VETO] IAC momentum 3
M=19.8 6M=4.2
2026-03-02 17:56:44,534 modules.ml_screener [DEBUG] [ML S2 VETO] IDYA below EMA
50
2026-03-02 17:56:44,535 modules.ml_screener [DEBUG] [ML S2 VETO] IFF ADR=3.1% <
 4.0%
2026-03-02 17:56:44,537 modules.ml_screener [DEBUG] [ML S2 VETO] IEX ADR=2.4% <
 4.0%
2026-03-02 17:56:44,538 modules.ml_screener [DEBUG] [ML S2 VETO] IHG ADR=2.4% <
 4.0%
2026-03-02 17:56:44,539 modules.ml_screener [DEBUG] [ML S2 VETO] IE no rising E
MAs
2026-03-02 17:56:44,539 modules.ml_screener [DEBUG] [ML S2 VETO] IGD ADR=0.8% <
 4.0%
2026-03-02 17:56:44,540 modules.ml_screener [DEBUG] [ML Progress] Stage 2 48% —
 ALOY 已檢查 109/2604…
2026-03-02 17:56:44,544 modules.ml_screener [DEBUG] [ML S2 VETO] IHS ADR=2.4% <
 4.0%
2026-03-02 17:56:44,546 modules.ml_screener [DEBUG] [ML S2 VETO] IIPR ADR=3.3% 
< 4.0%
2026-03-02 17:56:44,547 modules.ml_screener [DEBUG] [ML S2 VETO] IIIV below EMA
50
2026-03-02 17:56:44,549 modules.ml_screener [DEBUG] [ML S2 VETO] ILMN ADR=3.7% 
< 4.0%
2026-03-02 17:56:44,551 modules.ml_screener [DEBUG] [ML S2 VETO] IMCR below EMA
50
2026-03-02 17:56:44,551 modules.ml_screener [DEBUG] [ML S2 VETO] IMMR ADR=3.7% 
< 4.0%
2026-03-02 17:56:44,560 modules.ml_screener [DEBUG] [ML Progress] Stage 2 48% —
 ALSN 已檢查 110/2604…
2026-03-02 17:56:44,561 modules.ml_screener [DEBUG] [ML S2 VETO] IMNM below EMA
50
2026-03-02 17:56:44,562 modules.ml_screener [DEBUG] [ML S2 WEEKLY VETO] IBTA we
ekly downtrend (W-EMA10<W-EMA40)
2026-03-02 17:56:44,563 modules.ml_screener [DEBUG] [ML S2 VETO] IMTX $Vol=3997
380 < 5000000
2026-03-02 17:56:44,563 modules.ml_screener [DEBUG] [ML S2 VETO] IMO ADR=2.9% <
 4.0%
2026-03-02 17:56:44,565 modules.ml_screener [DEBUG] [ML S2 VETO] IMSR below EMA
50
2026-03-02 17:56:44,570 modules.ml_screener [DEBUG] [ML S2 VETO] IMXI ADR=0.4% 
< 4.0%
2026-03-02 17:56:44,571 modules.ml_screener [DEBUG] [ML S2 VETO] INCY ADR=3.3% 
< 4.0%
2026-03-02 17:56:44,572 modules.ml_screener [DEBUG] [ML Progress] Stage 2 48% —
 AM 已檢查 111/2604…
2026-03-02 17:56:44,576 modules.ml_screener [DEBUG] [ML S2 VETO] INDB ADR=3.2% 
< 4.0%
2026-03-02 17:56:44,577 modules.ml_screener [DEBUG] [ML S2 VETO] IMAX momentum 
3M=17.5 6M=47.9
2026-03-02 17:56:44,579 modules.ml_screener [DEBUG] [ML S2 VETO] ING ADR=1.9% <
 4.0%
2026-03-02 17:56:44,579 modules.ml_screener [DEBUG] [ML S2 VETO] INFY ADR=3.6% 
< 4.0%
2026-03-02 17:56:44,580 modules.ml_screener [DEBUG] [ML S2 VETO] INDV ADR=3.7% 
< 4.0%
2026-03-02 17:56:44,581 modules.ml_screener [DEBUG] [ML S2 VETO] INGM ADR=3.4% 
< 4.0%
2026-03-02 17:56:44,584 modules.ml_screener [INFO] [ML S2 PASS] AMAT ADR=4.2% $
Vol=$3049.8M
2026-03-02 17:56:44,584 modules.ml_screener [DEBUG] [ML S2 VETO] INGR ADR=2.1% 
< 4.0%
2026-03-02 17:56:44,585 modules.ml_screener [DEBUG] [ML S2 VETO] INGN $Vol=2021
509 < 5000000
2026-03-02 17:56:44,589 modules.ml_screener [DEBUG] [ML S2 VETO] INOD below EMA
50
2026-03-02 17:56:44,589 modules.ml_screener [DEBUG] [ML S2 VETO] INMD ADR=2.8% 
< 4.0%
2026-03-02 17:56:44,591 modules.ml_screener [DEBUG] [ML S2 VETO] INNV $Vol=3518
389 < 5000000
2026-03-02 17:56:44,593 modules.ml_screener [DEBUG] [ML S2 VETO] INSM below EMA
50
2026-03-02 17:56:44,601 modules.ml_screener [DEBUG] [ML S2 VETO] INTA below EMA
50
2026-03-02 17:56:44,601 modules.ml_screener [DEBUG] [ML S2 VETO] INSW ADR=3.0% 
< 4.0%
2026-03-02 17:56:44,604 modules.ml_screener [DEBUG] [ML S2 VETO] INSP below EMA
50
2026-03-02 17:56:44,611 modules.ml_screener [DEBUG] [ML S2 VETO] INTU below EMA
50
2026-03-02 17:56:44,617 modules.ml_screener [DEBUG] [ML S2 VETO] INVA ADR=3.9% 
< 4.0%
2026-03-02 17:56:44,620 modules.ml_screener [DEBUG] [ML S2 VETO] INTR below EMA
50
2026-03-02 17:56:44,620 modules.ml_screener [DEBUG] [ML Progress] Stage 2 48% —
 AMAT 已檢查 112/2604…
2026-03-02 17:56:44,623 modules.ml_screener [DEBUG] [ML S2 VETO] INVH ADR=2.6% 
< 4.0%
2026-03-02 17:56:44,638 modules.ml_screener [DEBUG] [ML S2 VETO] IONQ below EMA
50
2026-03-02 17:56:44,651 modules.ml_screener [DEBUG] [ML S2 VETO] IOT below EMA5
0
2026-03-02 17:56:44,653 modules.ml_screener [DEBUG] [ML S2 VETO] IONS ADR=3.2% 
< 4.0%
2026-03-02 17:56:44,659 modules.ml_screener [DEBUG] [ML S2 VETO] IQV below EMA5
0
2026-03-02 17:56:44,664 modules.ml_screener [DEBUG] [ML S2 VETO] INVX momentum 
3M=19.3 6M=58.4
2026-03-02 17:56:44,667 modules.ml_screener [DEBUG] [ML S2 VETO] IR ADR=3.1% < 
4.0%
2026-03-02 17:56:44,674 modules.ml_screener [DEBUG] [ML S2 VETO] IPAR ADR=3.3% 
< 4.0%
2026-03-02 17:56:44,674 modules.ml_screener [DEBUG] [ML Progress] Stage 2 48% —
 ALV 已檢查 113/2604…
2026-03-02 17:56:44,675 modules.ml_screener [DEBUG] [ML S2 VETO] IP ADR=3.5% < 
4.0%
2026-03-02 17:56:44,680 modules.ml_screener [DEBUG] [ML S2 VETO] IREN below EMA
50
2026-03-02 17:56:44,686 modules.ml_screener [DEBUG] [ML S2 VETO] IRM ADR=3.5% <
 4.0%
2026-03-02 17:56:44,690 modules.ml_screener [DEBUG] [ML S2 VETO] IRT ADR=2.7% <
 4.0%
2026-03-02 17:56:44,693 modules.ml_screener [DEBUG] [ML S2 VETO] IRTC below EMA
50
2026-03-02 17:56:44,694 modules.ml_screener [DEBUG] [ML S2 VETO] IRON below EMA
50
2026-03-02 17:56:44,694 modules.ml_screener [DEBUG] [ML S2 VETO] ISRG ADR=2.4% 
< 4.0%
2026-03-02 17:56:44,702 modules.ml_screener [DEBUG] [ML S2 VETO] IT below EMA50
2026-03-02 17:56:44,717 modules.ml_screener [DEBUG] [ML Progress] Stage 2 48% —
 AMCR 已檢查 114/2604…
2026-03-02 17:56:44,720 modules.ml_screener [DEBUG] [ML S2 VETO] ITRI below EMA
50
2026-03-02 17:56:44,722 modules.ml_screener [DEBUG] [ML S2 VETO] ITT ADR=2.9% <
 4.0%
2026-03-02 17:56:44,728 modules.ml_screener [DEBUG] [ML S2 VETO] ITW ADR=1.9% <
 4.0%
2026-03-02 17:56:44,729 modules.ml_screener [DEBUG] [ML S2 VETO] ITUB ADR=2.6% 
< 4.0%
2026-03-02 17:56:44,731 modules.ml_screener [DEBUG] [ML S2 VETO] IVA $Vol=26271
93 < 5000000
2026-03-02 17:56:44,732 modules.ml_screener [DEBUG] [ML S2 VETO] IVR ADR=2.2% <
 4.0%
2026-03-02 17:56:44,734 modules.ml_screener [DEBUG] [ML S2 VETO] IVT ADR=1.9% <
 4.0%
2026-03-02 17:56:44,740 modules.ml_screener [DEBUG] [ML S2 VETO] JACK below EMA
50
2026-03-02 17:56:44,744 modules.ml_screener [DEBUG] [ML S2 VETO] J below EMA50
2026-03-02 17:56:44,744 modules.ml_screener [DEBUG] [ML S2 WEEKLY VETO] ITGR we
ekly downtrend (W-EMA10<W-EMA40)
2026-03-02 17:56:44,744 modules.ml_screener [DEBUG] [ML Progress] Stage 2 48% —
 AMBA 已檢查 115/2604…
2026-03-02 17:56:44,745 modules.ml_screener [DEBUG] [ML S2 VETO] IVZ ADR=3.9% <
 4.0%
2026-03-02 17:56:44,745 modules.ml_screener [DEBUG] [ML S2 VETO] IX ADR=1.9% < 
4.0%
2026-03-02 17:56:44,748 modules.ml_screener [DEBUG] [ML S2 VETO] JANX ADR=3.9% 
< 4.0%
2026-03-02 17:56:44,749 modules.ml_screener [DEBUG] [ML S2 VETO] JBGS ADR=3.4% 
< 4.0%
2026-03-02 17:56:44,749 modules.ml_screener [DEBUG] [ML S2 VETO] JAZZ ADR=3.0% 
< 4.0%
2026-03-02 17:56:44,750 modules.ml_screener [DEBUG] [ML S2 VETO] JBHT ADR=3.7% 
< 4.0%
2026-03-02 17:56:44,750 modules.ml_screener [DEBUG] [ML S2 VETO] JACS ADR=0.1% 
< 4.0%
2026-03-02 17:56:44,752 modules.ml_screener [DEBUG] [ML S2 VETO] JBI ADR=3.4% <
 4.0%
2026-03-02 17:56:44,759 modules.ml_screener [DEBUG] [ML S2 VETO] JBS ADR=2.2% <
 4.0%
2026-03-02 17:56:44,760 modules.ml_screener [DEBUG] [ML S2 VETO] JBTM ADR=3.2% 
< 4.0%
2026-03-02 17:56:44,761 modules.ml_screener [DEBUG] [ML Progress] Stage 2 48% —
 AMBQ 已檢查 116/2604…
2026-03-02 17:56:44,764 modules.ml_screener [DEBUG] [ML S2 VETO] JCI ADR=2.3% <
 4.0%
2026-03-02 17:56:44,764 modules.ml_screener [DEBUG] [ML S2 VETO] JD ADR=1.9% < 
4.0%
2026-03-02 17:56:44,767 modules.ml_screener [DEBUG] [ML S2 VETO] JEF below EMA5
0
2026-03-02 17:56:44,768 modules.ml_screener [DEBUG] [ML S2 VETO] JHG ADR=1.4% <
 4.0%
2026-03-02 17:56:44,768 modules.ml_screener [DEBUG] [ML S2 VETO] JKHY ADR=2.9% 
< 4.0%
2026-03-02 17:56:44,770 modules.ml_screener [DEBUG] [ML S2 VETO] JHX ADR=3.2% <
 4.0%
2026-03-02 17:56:44,773 modules.ml_screener [DEBUG] [ML S2 VETO] JLL below EMA5
0
2026-03-02 17:56:44,775 modules.ml_screener [DEBUG] [ML S2 VETO] JKS below EMA5
0
2026-03-02 17:56:44,778 modules.ml_screener [DEBUG] [ML S2 VETO] JFR ADR=0.7% <
 4.0%
2026-03-02 17:56:44,779 modules.ml_screener [DEBUG] [ML S2 VETO] JMIA below EMA
50
2026-03-02 17:56:44,779 modules.ml_screener [DEBUG] [ML S2 VETO] JNJ ADR=1.6% <
 4.0%
2026-03-02 17:56:44,779 modules.ml_screener [DEBUG] [ML Progress] Stage 2 48% —
 AMCX 已檢查 117/2604…
2026-03-02 17:56:44,801 modules.ml_screener [DEBUG] [ML Progress] Stage 2 48% —
 AMD 已檢查 118/2604…
2026-03-02 17:56:44,783 modules.ml_screener [DEBUG] [ML S2 VETO] JOBY below EMA
50
2026-03-02 17:56:44,784 modules.ml_screener [DEBUG] [ML S2 VETO] JPC ADR=0.5% <
 4.0%
2026-03-02 17:56:44,787 modules.ml_screener [DEBUG] [ML S2 VETO] JXN below EMA5
0
2026-03-02 17:56:44,788 modules.ml_screener [DEBUG] [ML S2 VETO] KBH ADR=3.2% <
 4.0%
2026-03-02 17:56:44,792 modules.ml_screener [DEBUG] [ML S2 VETO] KBR ADR=4.0% <
 4.0%
2026-03-02 17:56:44,793 modules.ml_screener [DEBUG] [ML S2 VETO] KBDC ADR=2.5% 
< 4.0%
2026-03-02 17:56:44,798 modules.ml_screener [DEBUG] [ML S2 VETO] KD below EMA50
2026-03-02 17:56:44,799 modules.ml_screener [DEBUG] [ML S2 VETO] KDP ADR=2.5% <
 4.0%
2026-03-02 17:56:44,800 modules.ml_screener [DEBUG] [ML S2 VETO] KDK $Vol=35939
88 < 5000000
2026-03-02 17:56:44,782 modules.ml_screener [DEBUG] [ML S2 VETO] JPM ADR=2.8% <
 4.0%
2026-03-02 17:56:44,801 modules.ml_screener [DEBUG] [ML Progress] Stage 2 48% —
 AME 已檢查 119/2604…
2026-03-02 17:56:44,803 modules.ml_screener [DEBUG] [ML S2 VETO] KELYA below EM
A50
2026-03-02 17:56:44,808 modules.ml_screener [DEBUG] [ML S2 VETO] KC momentum 3M
=8.9 6M=-4.5
2026-03-02 17:56:44,808 modules.ml_screener [DEBUG] [ML S2 VETO] KEP ADR=3.0% <
 4.0%
2026-03-02 17:56:44,809 modules.ml_screener [DEBUG] [ML S2 VETO] KEY ADR=3.5% <
 4.0%
2026-03-02 17:56:44,811 modules.ml_screener [DEBUG] [ML S2 VETO] KEX ADR=2.7% <
 4.0%
2026-03-02 17:56:44,812 modules.ml_screener [DEBUG] [ML S2 VETO] KALV momentum 
3M=18.7 6M=19.8
2026-03-02 17:56:44,815 modules.ml_screener [DEBUG] [ML S2 VETO] KFRC below EMA
50
2026-03-02 17:56:44,823 modules.ml_screener [DEBUG] [ML S2 VETO] KGS ADR=3.6% <
 4.0%
2026-03-02 17:56:44,824 modules.ml_screener [DEBUG] [ML S2 VETO] KFY ADR=3.5% <
 4.0%
2026-03-02 17:56:44,824 modules.ml_screener [DEBUG] [ML Progress] Stage 2 48% —
 AMGN 已檢查 120/2604…
2026-03-02 17:56:44,825 modules.ml_screener [DEBUG] [ML S2 VETO] KHC ADR=3.0% <
 4.0%
2026-03-02 17:56:44,831 modules.ml_screener [DEBUG] [ML S2 VETO] KLAC ADR=3.4% 
< 4.0%
2026-03-02 17:56:44,832 modules.ml_screener [DEBUG] [ML S2 VETO] KIM ADR=2.0% <
 4.0%
2026-03-02 17:56:44,833 modules.ml_screener [DEBUG] [ML S2 VETO] KKR below EMA5
0
2026-03-02 17:56:44,836 modules.ml_screener [DEBUG] [ML S2 VETO] KLAR no rising
 EMAs
2026-03-02 17:56:44,839 modules.ml_screener [DEBUG] [ML S2 VETO] KMI ADR=1.8% <
 4.0%
2026-03-02 17:56:44,840 modules.ml_screener [DEBUG] [ML S2 VETO] KMB ADR=2.2% <
 4.0%
2026-03-02 17:56:44,844 modules.ml_screener [DEBUG] [ML S2 VETO] KMX below EMA5
0
2026-03-02 17:56:44,845 modules.ml_screener [DEBUG] [ML S2 VETO] KMPR ADR=3.3% 
< 4.0%
2026-03-02 17:56:44,846 modules.ml_screener [DEBUG] [ML S2 VETO] KMT ADR=3.5% <
 4.0%
2026-03-02 17:56:44,846 modules.ml_screener [DEBUG] [ML S2 VETO] KN ADR=3.0% < 
4.0%
2026-03-02 17:56:44,846 modules.ml_screener [DEBUG] [ML Progress] Stage 2 48% —
 AMH 已檢查 121/2604…
2026-03-02 17:56:44,848 modules.ml_screener [DEBUG] [ML S2 VETO] KNF ADR=3.9% <
 4.0%
2026-03-02 17:56:44,851 modules.ml_screener [DEBUG] [ML S2 VETO] KO ADR=1.6% < 
4.0%
2026-03-02 17:56:44,856 modules.ml_screener [DEBUG] [ML S2 VETO] KNX ADR=3.9% <
 4.0%
2026-03-02 17:56:44,863 modules.ml_screener [DEBUG] [ML S2 VETO] KODK ADR=3.8% 
< 4.0%
2026-03-02 17:56:44,864 modules.ml_screener [DEBUG] [ML S2 VETO] KOF ADR=2.9% <
 4.0%
2026-03-02 17:56:44,866 modules.ml_screener [DEBUG] [ML S2 VETO] KORE ADR=3.6% 
< 4.0%
2026-03-02 17:56:44,871 modules.ml_screener [DEBUG] [ML S2 VETO] KR ADR=3.0% < 
4.0%
2026-03-02 17:56:44,871 modules.ml_screener [DEBUG] [ML S2 VETO] KRC ADR=3.8% <
 4.0%
2026-03-02 17:56:44,871 modules.ml_screener [DEBUG] [ML Progress] Stage 2 48% —
 AMPH 已檢查 122/2604…
2026-03-02 17:56:44,877 modules.ml_screener [DEBUG] [ML S2 VETO] KREF ADR=3.0% 
< 4.0%
2026-03-02 17:56:44,882 modules.ml_screener [DEBUG] [ML S2 VETO] KRNY ADR=3.3% 
< 4.0%
2026-03-02 17:56:44,882 modules.ml_screener [DEBUG] [ML S2 VETO] KRG ADR=2.0% <
 4.0%
2026-03-02 17:56:44,885 modules.ml_screener [DEBUG] [ML S2 VETO] KNSA momentum 
3M=5.5 6M=32.0
2026-03-02 17:56:44,886 modules.ml_screener [DEBUG] [ML S2 VETO] KRMN no rising
 EMAs
2026-03-02 17:56:44,887 modules.ml_screener [DEBUG] [ML S2 VETO] KROS ADR=3.8% 
< 4.0%
2026-03-02 17:56:44,890 modules.ml_screener [DEBUG] [ML S2 VETO] KRP ADR=2.6% <
 4.0%
2026-03-02 17:56:44,891 modules.ml_screener [DEBUG] [ML S2 VETO] KSPI ADR=3.4% 
< 4.0%
2026-03-02 17:56:44,896 modules.ml_screener [DEBUG] [ML S2 VETO] KTB ADR=3.7% <
 4.0%
2026-03-02 17:56:44,896 modules.ml_screener [DEBUG] [ML S2 VETO] KT ADR=2.4% < 
4.0%
2026-03-02 17:56:44,897 modules.ml_screener [DEBUG] [ML S2 VETO] KSS below EMA5
0
2026-03-02 17:56:44,899 modules.ml_screener [DEBUG] [ML S2 VETO] KTOS below EMA
50
2026-03-02 17:56:44,899 modules.ml_screener [INFO] [ML S2 PASS] AMKR ADR=6.6% $
Vol=$269.2M
2026-03-02 17:56:44,900 modules.ml_screener [DEBUG] [ML S2 VETO] KVUE ADR=2.0% 
< 4.0%
2026-03-02 17:56:44,903 modules.ml_screener [DEBUG] [ML S2 VETO] KURA below EMA
50
2026-03-02 17:56:44,905 modules.ml_screener [DEBUG] [ML S2 VETO] KYIV below EMA
50
2026-03-02 17:56:44,906 modules.ml_screener [DEBUG] [ML S2 VETO] KW ADR=1.0% < 
4.0%
2026-03-02 17:56:44,907 modules.ml_screener [DEBUG] [ML S2 VETO] KVYO below EMA
50
2026-03-02 17:56:44,910 modules.ml_screener [DEBUG] [ML S2 VETO] KYN ADR=2.0% <
 4.0%
2026-03-02 17:56:44,911 modules.ml_screener [DEBUG] [ML S2 VETO] L ADR=1.9% < 4
.0%
2026-03-02 17:56:44,913 modules.ml_screener [DEBUG] [ML S2 VETO] KYTX $Vol=4805
252 < 5000000
2026-03-02 17:56:44,917 modules.ml_screener [DEBUG] [ML Progress] Stage 2 48% —
 AMKR 已檢查 123/2604…
2026-03-02 17:56:44,919 modules.ml_screener [DEBUG] [ML S2 VETO] LAD below EMA5
0
2026-03-02 17:56:44,920 modules.ml_screener [DEBUG] [ML S2 VETO] LAC below EMA5
0
2026-03-02 17:56:44,922 modules.ml_screener [DEBUG] [ML S2 VETO] LADR ADR=1.7% 
< 4.0%
2026-03-02 17:56:44,937 modules.ml_screener [DEBUG] [ML S2 VETO] LAZ below EMA5
0
2026-03-02 17:56:44,938 modules.ml_screener [DEBUG] [ML S2 VETO] LAUR ADR=3.8% 
< 4.0%
2026-03-02 17:56:44,938 modules.ml_screener [DEBUG] [ML S2 VETO] LAMR ADR=2.6% 
< 4.0%
2026-03-02 17:56:44,942 modules.ml_screener [DEBUG] [ML S2 VETO] LBRDK ADR=3.5%
 < 4.0%
2026-03-02 17:56:44,942 modules.ml_screener [DEBUG] [ML Progress] Stage 2 48% —
 AMP 已檢查 124/2604…
2026-03-02 17:56:44,964 modules.ml_screener [DEBUG] [ML S2 VETO] LC below EMA50
2026-03-02 17:56:44,971 modules.ml_screener [DEBUG] [ML S2 VETO] LCID below EMA
50
2026-03-02 17:56:44,973 modules.ml_screener [DEBUG] [ML S2 VETO] LCII below EMA
50
2026-03-02 17:56:44,974 modules.ml_screener [DEBUG] [ML S2 VETO] LEA ADR=2.7% <
 4.0%
2026-03-02 17:56:44,975 modules.ml_screener [DEBUG] [ML S2 VETO] LBTYK momentum
 3M=11.6 6M=2.4
2026-03-02 17:56:44,979 modules.ml_screener [DEBUG] [ML Progress] Stage 2 48% —
 AMPL 已檢查 125/2604…
2026-03-02 17:56:44,980 modules.ml_screener [DEBUG] [ML S2 VETO] LDOS below EMA
50
2026-03-02 17:56:44,985 modules.ml_screener [DEBUG] [ML S2 VETO] LEG ADR=3.9% <
 4.0%
2026-03-02 17:56:44,990 modules.ml_screener [DEBUG] [ML S2 VETO] LENZ below EMA
50
2026-03-02 17:56:44,992 modules.ml_screener [DEBUG] [ML S2 VETO] LEGN below EMA
50
2026-03-02 17:56:44,993 modules.ml_screener [DEBUG] [ML S2 VETO] LEN ADR=3.5% <
 4.0%
2026-03-02 17:56:44,993 modules.ml_screener [DEBUG] [ML S2 VETO] LB momentum 3M
=15.4 6M=44.2
2026-03-02 17:56:44,995 modules.ml_screener [DEBUG] [ML S2 VETO] LEU below EMA5
0
2026-03-02 17:56:45,001 modules.ml_screener [DEBUG] [ML S2 VETO] LEVI ADR=3.2% 
< 4.0%
2026-03-02 17:56:45,002 modules.ml_screener [DEBUG] [ML S2 VETO] LBTYA momentum
 3M=16.5 6M=8.1
2026-03-02 17:56:45,002 modules.ml_screener [DEBUG] [ML S2 VETO] LFUS ADR=3.7% 
< 4.0%
2026-03-02 17:56:45,003 modules.ml_screener [DEBUG] [ML Progress] Stage 2 48% —
 AMG 已檢查 126/2604…
2026-03-02 17:56:45,010 modules.ml_screener [DEBUG] [ML S2 VETO] LGIH below EMA
50
2026-03-02 17:56:45,011 modules.ml_screener [DEBUG] [ML S2 VETO] LGN no rising 
EMAs
2026-03-02 17:56:45,015 modules.ml_screener [DEBUG] [ML S2 VETO] LH ADR=2.9% < 
4.0%
2026-03-02 17:56:45,016 modules.ml_screener [DEBUG] [ML S2 VETO] LHX ADR=2.8% <
 4.0%
2026-03-02 17:56:45,018 modules.ml_screener [DEBUG] [ML S2 VETO] LI ADR=2.0% < 
4.0%
2026-03-02 17:56:45,021 modules.ml_screener [DEBUG] [ML S2 VETO] LIF below EMA5
0
2026-03-02 17:56:45,022 modules.ml_screener [DEBUG] [ML S2 VETO] LII ADR=3.5% <
 4.0%
2026-03-02 17:56:45,027 modules.ml_screener [DEBUG] [ML S2 VETO] LFST momentum 
3M=17.2 6M=31.9
2026-03-02 17:56:45,033 modules.ml_screener [DEBUG] [ML S2 VETO] LILA $Vol=2918
403 < 5000000
2026-03-02 17:56:45,033 modules.ml_screener [DEBUG] [ML Progress] Stage 2 48% —
 AMLX 已檢查 127/2604…
2026-03-02 17:56:45,034 modules.ml_screener [DEBUG] [ML S2 VETO] LIN ADR=2.1% <
 4.0%
2026-03-02 17:56:45,049 modules.ml_screener [DEBUG] [ML S2 VETO] LION no rising
 EMAs
2026-03-02 17:56:45,058 modules.ml_screener [DEBUG] [ML S2 VETO] LIVN ADR=3.7% 
< 4.0%
2026-03-02 17:56:45,064 modules.ml_screener [DEBUG] [ML S2 VETO] LMAT ADR=3.7% 
< 4.0%
2026-03-02 17:56:45,064 modules.ml_screener [DEBUG] [ML Progress] Stage 2 48% —
 AMPX 已檢查 128/2604…
2026-03-02 17:56:45,065 modules.ml_screener [DEBUG] [ML S2 VETO] LLY ADR=3.1% <
 4.0%
2026-03-02 17:56:45,065 modules.ml_screener [DEBUG] [ML S2 VETO] LILAK momentum
 3M=-2.7 6M=-3.4
2026-03-02 17:56:45,069 modules.ml_screener [DEBUG] [ML S2 VETO] LMND below EMA
50
2026-03-02 17:56:45,071 modules.ml_screener [DEBUG] [ML S2 VETO] LKQ ADR=3.8% <
 4.0%
2026-03-02 17:56:45,073 modules.ml_screener [DEBUG] [ML S2 VETO] LMRI no rising
 EMAs
2026-03-02 17:56:45,073 modules.ml_screener [DEBUG] [ML S2 VETO] LMT ADR=2.4% <
 4.0%
2026-03-02 17:56:45,074 modules.ml_screener [DEBUG] [ML S2 VETO] LNT ADR=1.9% <
 4.0%
2026-03-02 17:56:45,075 modules.ml_screener [DEBUG] [ML Progress] Stage 2 48% —
 AMN 已檢查 129/2604…
2026-03-02 17:56:45,077 modules.ml_screener [DEBUG] [ML S2 VETO] LNC below EMA5
0
2026-03-02 17:56:45,077 modules.ml_screener [DEBUG] [ML S2 VETO] LNG ADR=2.5% <
 4.0%
2026-03-02 17:56:45,081 modules.ml_screener [DEBUG] [ML S2 VETO] LNTH ADR=3.6% 
< 4.0%
2026-03-02 17:56:45,083 modules.ml_screener [DEBUG] [ML S2 VETO] LOB below EMA5
0
2026-03-02 17:56:45,085 modules.ml_screener [DEBUG] [ML S2 VETO] LLYVK momentum
 3M=26.8 6M=3.2
2026-03-02 17:56:45,087 modules.ml_screener [DEBUG] [ML S2 WEEKLY VETO] LINE we
ekly downtrend (W-EMA10<W-EMA40)
2026-03-02 17:56:45,089 modules.ml_screener [DEBUG] [ML S2 VETO] LOGI ADR=1.9% 
< 4.0%
2026-03-02 17:56:45,091 modules.ml_screener [DEBUG] [ML S2 VETO] LOW ADR=2.6% <
 4.0%
2026-03-02 17:56:45,093 modules.ml_screener [DEBUG] [ML S2 VETO] LOMA $Vol=3526
580 < 5000000
2026-03-02 17:56:45,093 modules.ml_screener [DEBUG] [ML Progress] Stage 2 48% —
 AMPY 已檢查 130/2604…
2026-03-02 17:56:45,094 modules.ml_screener [DEBUG] [ML S2 VETO] LPG ADR=3.3% <
 4.0%
2026-03-02 17:56:45,096 modules.ml_screener [DEBUG] [ML S2 VETO] LOPE below EMA
50
2026-03-02 17:56:45,096 modules.ml_screener [DEBUG] [ML S2 VETO] LPL ADR=3.5% <
 4.0%
2026-03-02 17:56:45,099 modules.ml_screener [DEBUG] [ML S2 WEEKLY VETO] LOAR we
ekly downtrend (W-EMA10<W-EMA40)
2026-03-02 17:56:45,101 modules.ml_screener [DEBUG] [ML S2 VETO] LPX below EMA5
0
2026-03-02 17:56:45,103 modules.ml_screener [DEBUG] [ML S2 VETO] LQDA below EMA
50
2026-03-02 17:56:45,105 modules.ml_screener [DEBUG] [ML S2 VETO] LPTH below EMA
50
2026-03-02 17:56:45,110 modules.ml_screener [DEBUG] [ML S2 VETO] LPLA below EMA
50
2026-03-02 17:56:45,110 modules.ml_screener [DEBUG] [ML Progress] Stage 2 48% —
 AMRX 已檢查 131/2604…
2026-03-02 17:56:45,117 modules.ml_screener [DEBUG] [ML S2 VETO] LSPD below EMA
50
2026-03-02 17:56:45,119 modules.ml_screener [DEBUG] [ML S2 VETO] LRN ADR=3.9% <
 4.0%
2026-03-02 17:56:45,123 modules.ml_screener [DEBUG] [ML S2 VETO] LTBR below EMA
50
2026-03-02 17:56:45,123 modules.ml_screener [DEBUG] [ML S2 VETO] LTC ADR=2.4% <
 4.0%
2026-03-02 17:56:45,127 modules.ml_screener [DEBUG] [ML S2 VETO] LTH ADR=3.9% <
 4.0%
2026-03-02 17:56:45,128 modules.ml_screener [DEBUG] [ML S2 VETO] LTM ADR=2.6% <
 4.0%
2026-03-02 17:56:45,130 modules.ml_screener [DEBUG] [ML S2 VETO] LTRX below EMA
50
2026-03-02 17:56:45,132 modules.ml_screener [DEBUG] [ML S2 VETO] LULU ADR=3.9% 
< 4.0%
2026-03-02 17:56:45,132 modules.ml_screener [DEBUG] [ML Progress] Stage 2 48% —
 AMSC 已檢查 132/2604…
2026-03-02 17:56:45,133 modules.ml_screener [DEBUG] [ML S2 VETO] LUMN below EMA
50
2026-03-02 17:56:45,136 modules.ml_screener [DEBUG] [ML S2 VETO] LUNR below EMA
50
2026-03-02 17:56:45,141 modules.ml_screener [DEBUG] [ML S2 VETO] LUV ADR=3.8% <
 4.0%
2026-03-02 17:56:45,142 modules.ml_screener [DEBUG] [ML S2 VETO] LW ADR=2.8% < 
4.0%
2026-03-02 17:56:45,142 modules.ml_screener [DEBUG] [ML S2 VETO] LUXE $Vol=4473
588 < 5000000
2026-03-02 17:56:45,143 modules.ml_screener [DEBUG] [ML S2 VETO] LWAC ADR=0.0% 
< 4.0%
2026-03-02 17:56:45,144 modules.ml_screener [DEBUG] [ML S2 VETO] LVS ADR=3.1% <
 4.0%
2026-03-02 17:56:45,149 modules.ml_screener [DEBUG] [ML S2 VETO] LXP ADR=3.2% <
 4.0%
2026-03-02 17:56:45,150 modules.ml_screener [DEBUG] [ML S2 VETO] LXEO below EMA
50
2026-03-02 17:56:45,153 modules.ml_screener [DEBUG] [ML Progress] Stage 2 48% —
 AMRC 已檢查 133/2604…
2026-03-02 17:56:45,156 modules.ml_screener [DEBUG] [ML S2 VETO] LYFT below EMA
50
2026-03-02 17:56:45,157 modules.ml_screener [DEBUG] [ML S2 VETO] LYV ADR=3.9% <
 4.0%
2026-03-02 17:56:45,158 modules.ml_screener [DEBUG] [ML S2 VETO] LYG ADR=2.4% <
 4.0%
2026-03-02 17:56:45,163 modules.ml_screener [DEBUG] [ML S2 VETO] LZ below EMA50
2026-03-02 17:56:45,166 modules.ml_screener [DEBUG] [ML S2 VETO] MA ADR=2.5% < 
4.0%
2026-03-02 17:56:45,166 modules.ml_screener [DEBUG] [ML S2 VETO] LZB ADR=3.8% <
 4.0%
2026-03-02 17:56:45,168 modules.ml_screener [DEBUG] [ML S2 VETO] M below EMA50
2026-03-02 17:56:45,171 modules.ml_screener [DEBUG] [ML S2 VETO] MAGN below EMA
50
2026-03-02 17:56:45,171 modules.ml_screener [DEBUG] [ML S2 VETO] MAC ADR=3.6% <
 4.0%
2026-03-02 17:56:45,171 modules.ml_screener [DEBUG] [ML S2 VETO] MAA ADR=2.1% <
 4.0%
2026-03-02 17:56:45,173 modules.ml_screener [DEBUG] [ML Progress] Stage 2 48% —
 AMRZ 已檢查 134/2604…
2026-03-02 17:56:45,174 modules.ml_screener [DEBUG] [ML S2 VETO] MAIN ADR=2.9% 
< 4.0%
2026-03-02 17:56:45,180 modules.ml_screener [DEBUG] [ML S2 VETO] MAN below EMA5
0
2026-03-02 17:56:45,183 modules.ml_screener [DEBUG] [ML S2 VETO] MANH below EMA
50
2026-03-02 17:56:45,183 modules.ml_screener [DEBUG] [ML S2 VETO] MANU ADR=3.4% 
< 4.0%
2026-03-02 17:56:45,184 modules.ml_screener [DEBUG] [ML S2 VETO] LYTS momentum 
3M=25.6 6M=-3.7
2026-03-02 17:56:45,187 modules.ml_screener [DEBUG] [ML S2 VETO] MAR ADR=2.6% <
 4.0%
2026-03-02 17:56:45,188 modules.ml_screener [DEBUG] [ML S2 VETO] MARA below EMA
50
2026-03-02 17:56:45,189 modules.ml_screener [DEBUG] [ML S2 VETO] MASI ADR=1.5% 
< 4.0%
2026-03-02 17:56:45,191 modules.ml_screener [DEBUG] [ML S2 VETO] MAS ADR=2.9% <
 4.0%
2026-03-02 17:56:45,192 modules.ml_screener [DEBUG] [ML Progress] Stage 2 48% —
 AMR 已檢查 135/2604…
2026-03-02 17:56:45,194 modules.ml_screener [DEBUG] [ML S2 VETO] MATV below EMA
50
2026-03-02 17:56:45,195 modules.ml_screener [DEBUG] [ML S2 VETO] MAT below EMA5
0
2026-03-02 17:56:45,195 modules.ml_screener [DEBUG] [ML S2 VETO] MATX ADR=3.4% 
< 4.0%
2026-03-02 17:56:45,198 modules.ml_screener [DEBUG] [ML S2 VETO] MAX below EMA5
0
2026-03-02 17:56:45,203 modules.ml_screener [DEBUG] [ML S2 VETO] MBI $Vol=23968
63 < 5000000
2026-03-02 17:56:45,205 modules.ml_screener [DEBUG] [ML S2 VETO] MBC below EMA5
0
2026-03-02 17:56:45,207 modules.ml_screener [DEBUG] [ML S2 VETO] MBLY below EMA
50
2026-03-02 17:56:45,208 modules.ml_screener [DEBUG] [ML S2 VETO] MBX below EMA5
0
2026-03-02 17:56:45,210 modules.ml_screener [DEBUG] [ML Progress] Stage 2 48% —
 AMT 已檢查 136/2604…
2026-03-02 17:56:45,210 modules.ml_screener [DEBUG] [ML S2 VETO] MCD ADR=1.8% <
 4.0%
2026-03-02 17:56:45,211 modules.ml_screener [DEBUG] [ML S2 VETO] MCB ADR=3.8% <
 4.0%
2026-03-02 17:56:45,212 modules.ml_screener [DEBUG] [ML S2 VETO] MC below EMA50
2026-03-02 17:56:45,213 modules.ml_screener [DEBUG] [ML S2 VETO] MCHB ADR=3.6% 
< 4.0%
2026-03-02 17:56:45,217 modules.ml_screener [DEBUG] [ML S2 VETO] MCHPP ADR=2.7%
 < 4.0%
2026-03-02 17:56:45,217 modules.ml_screener [DEBUG] [ML S2 VETO] MCK ADR=2.5% <
 4.0%
2026-03-02 17:56:45,218 modules.ml_screener [DEBUG] [ML S2 VETO] MCHP ADR=3.6% 
< 4.0%
2026-03-02 17:56:45,219 modules.ml_screener [DEBUG] [ML S2 VETO] MCO ADR=3.1% <
 4.0%
2026-03-02 17:56:45,219 modules.ml_screener [DEBUG] [ML S2 VETO] MCW ADR=2.2% <
 4.0%
2026-03-02 17:56:45,221 modules.ml_screener [DEBUG] [ML Progress] Stage 2 48% —
 AMTM 已檢查 137/2604…
2026-03-02 17:56:45,223 modules.ml_screener [DEBUG] [ML S2 VETO] MCY no rising 
EMAs
2026-03-02 17:56:45,224 modules.ml_screener [DEBUG] [ML S2 VETO] MDB below EMA5
0
2026-03-02 17:56:45,227 modules.ml_screener [DEBUG] [ML S2 VETO] MD below EMA50
2026-03-02 17:56:45,227 modules.ml_screener [DEBUG] [ML S2 VETO] MDGL below EMA
50
2026-03-02 17:56:45,229 modules.ml_screener [DEBUG] [ML S2 VETO] MDT ADR=2.2% <
 4.0%
2026-03-02 17:56:45,231 modules.ml_screener [DEBUG] [ML S2 VETO] MEDP below EMA
50
2026-03-02 17:56:45,231 modules.ml_screener [DEBUG] [ML S2 VETO] MDLZ ADR=2.7% 
< 4.0%
2026-03-02 17:56:45,232 modules.ml_screener [DEBUG] [ML S2 VETO] MDU ADR=2.0% <
 4.0%
2026-03-02 17:56:45,237 modules.ml_screener [DEBUG] [ML Progress] Stage 2 48% —
 AN 已檢查 138/2604…
2026-03-02 17:56:45,237 modules.ml_screener [DEBUG] [ML S2 VETO] MEOH ADR=3.3% 
< 4.0%
2026-03-02 17:56:45,237 modules.ml_screener [DEBUG] [ML S2 VETO] MEI $Vol=32268
08 < 5000000
2026-03-02 17:56:45,239 modules.ml_screener [DEBUG] [ML S2 VETO] MET ADR=3.1% <
 4.0%
2026-03-02 17:56:45,240 modules.ml_screener [DEBUG] [ML S2 VETO] META ADR=2.7% 
< 4.0%
2026-03-02 17:56:45,241 modules.ml_screener [DEBUG] [ML S2 VETO] MELI below EMA
50
2026-03-02 17:56:45,242 modules.ml_screener [DEBUG] [ML S2 VETO] METC below EMA
50
2026-03-02 17:56:45,244 modules.ml_screener [DEBUG] [ML S2 VETO] MFA ADR=2.2% <
 4.0%
2026-03-02 17:56:45,244 modules.ml_screener [DEBUG] [ML S2 VETO] MFC ADR=2.1% <
 4.0%
2026-03-02 17:56:45,247 modules.ml_screener [DEBUG] [ML S2 VETO] MFG ADR=2.4% <
 4.0%
2026-03-02 17:56:45,248 modules.ml_screener [DEBUG] [ML Progress] Stage 2 48% —
 AMZN 已檢查 139/2604…
2026-03-02 17:56:45,248 modules.ml_screener [DEBUG] [ML S2 VETO] MFIC ADR=3.2% 
< 4.0%
2026-03-02 17:56:45,249 modules.ml_screener [DEBUG] [ML S2 VETO] MGA ADR=3.0% <
 4.0%
2026-03-02 17:56:45,250 modules.ml_screener [DEBUG] [ML S2 VETO] MEG momentum 3
M=16.4 6M=-2.8
2026-03-02 17:56:45,252 modules.ml_screener [DEBUG] [ML S2 VETO] MGPI below EMA
50
2026-03-02 17:56:45,255 modules.ml_screener [DEBUG] [ML S2 VETO] MGNI below EMA
50
2026-03-02 17:56:45,256 modules.ml_screener [DEBUG] [ML S2 VETO] MGY ADR=3.2% <
 4.0%
2026-03-02 17:56:45,259 modules.ml_screener [DEBUG] [ML S2 VETO] MH no rising E
MAs
2026-03-02 17:56:45,259 modules.ml_screener [DEBUG] [ML S2 VETO] MHD ADR=0.6% <
 4.0%
2026-03-02 17:56:45,260 modules.ml_screener [DEBUG] [ML S2 VETO] MHK ADR=3.5% <
 4.0%
2026-03-02 17:56:45,261 modules.ml_screener [DEBUG] [ML Progress] Stage 2 48% —
 AMX 已檢查 140/2604…
2026-03-02 17:56:45,262 modules.ml_screener [DEBUG] [ML S2 VETO] MIAX no rising
 EMAs
2026-03-02 17:56:45,262 modules.ml_screener [DEBUG] [ML S2 VETO] MICC ADR=3.1% 
< 4.0%
2026-03-02 17:56:45,264 modules.ml_screener [DEBUG] [ML S2 VETO] MGM momentum 3
M=18.5 6M=-7.3
2026-03-02 17:56:45,265 modules.ml_screener [DEBUG] [ML S2 VETO] MIDD ADR=3.5% 
< 4.0%
2026-03-02 17:56:45,267 modules.ml_screener [DEBUG] [ML S2 VETO] MIRM ADR=3.8% 
< 4.0%
2026-03-02 17:56:45,268 modules.ml_screener [DEBUG] [ML S2 VETO] MIR below EMA5
0
2026-03-02 17:56:45,270 modules.ml_screener [DEBUG] [ML S2 VETO] MKC ADR=2.7% <
 4.0%
2026-03-02 17:56:45,276 modules.ml_screener [DEBUG] [ML S2 VETO] MLI ADR=2.7% <
 4.0%
2026-03-02 17:56:45,277 modules.ml_screener [DEBUG] [ML S2 VETO] MKTX ADR=3.1% 
< 4.0%
2026-03-02 17:56:45,278 modules.ml_screener [DEBUG] [ML S2 VETO] MLCO below EMA
50
2026-03-02 17:56:45,278 modules.ml_screener [DEBUG] [ML Progress] Stage 2 48% —
 ANDE 已檢查 141/2604…
2026-03-02 17:56:45,280 modules.ml_screener [DEBUG] [ML S2 VETO] MLKN ADR=3.5% 
< 4.0%
2026-03-02 17:56:45,282 modules.ml_screener [DEBUG] [ML S2 VETO] MLM ADR=2.9% <
 4.0%
2026-03-02 17:56:45,283 modules.ml_screener [DEBUG] [ML S2 VETO] MLYS below EMA
50
2026-03-02 17:56:45,289 modules.ml_screener [DEBUG] [ML S2 VETO] MMS below EMA5
0
2026-03-02 17:56:45,291 modules.ml_screener [DEBUG] [ML S2 VETO] MMM ADR=2.2% <
 4.0%
2026-03-02 17:56:45,293 modules.ml_screener [DEBUG] [ML S2 VETO] MMSI ADR=3.2% 
< 4.0%
2026-03-02 17:56:45,295 modules.ml_screener [DEBUG] [ML S2 VETO] MMYT below EMA
50
2026-03-02 17:56:45,297 modules.ml_screener [DEBUG] [ML S2 VETO] MNDY below EMA
50
2026-03-02 17:56:45,298 modules.ml_screener [DEBUG] [ML S2 VETO] MNR ADR=3.3% <
 4.0%
2026-03-02 17:56:45,299 modules.ml_screener [DEBUG] [ML S2 VETO] MNSO ADR=2.0% 
< 4.0%
2026-03-02 17:56:45,299 modules.ml_screener [DEBUG] [ML S2 VETO] MNRO ADR=3.7% 
< 4.0%
2026-03-02 17:56:45,299 modules.ml_screener [DEBUG] [ML Progress] Stage 2 48% —
 ANET 已檢查 142/2604…
2026-03-02 17:56:45,300 modules.ml_screener [DEBUG] [ML S2 VETO] MNST ADR=2.0% 
< 4.0%
2026-03-02 17:56:45,303 modules.ml_screener [DEBUG] [ML S2 VETO] MNTN below EMA
50
2026-03-02 17:56:45,303 modules.ml_screener [DEBUG] [ML S2 VETO] MO ADR=2.2% < 
4.0%
2026-03-02 17:56:45,305 modules.ml_screener [DEBUG] [ML S2 WEEKLY VETO] MLTX we
ekly downtrend (W-EMA10<W-EMA40)
2026-03-02 17:56:45,310 modules.ml_screener [DEBUG] [ML S2 VETO] MOH below EMA5
0
2026-03-02 17:56:45,311 modules.ml_screener [DEBUG] [ML S2 VETO] MOS ADR=3.7% <
 4.0%
2026-03-02 17:56:45,312 modules.ml_screener [DEBUG] [ML S2 VETO] MORN below EMA
50
2026-03-02 17:56:45,312 modules.ml_screener [DEBUG] [ML S2 VETO] MOMO ADR=2.3% 
< 4.0%
2026-03-02 17:56:45,315 modules.ml_screener [DEBUG] [ML S2 VETO] MP below EMA50
2026-03-02 17:56:45,315 modules.ml_screener [DEBUG] [ML S2 VETO] MPC ADR=3.4% <
 4.0%
2026-03-02 17:56:45,316 modules.ml_screener [DEBUG] [ML Progress] Stage 2 48% —
 ANF 已檢查 143/2604…
2026-03-02 17:56:45,343 modules.ml_screener [DEBUG] [ML Progress] Stage 2 48% —
 ANIP 已檢查 144/2604…
2026-03-02 17:56:45,326 modules.ml_screener [DEBUG] [ML S2 VETO] MQY ADR=0.9% <
 4.0%
2026-03-02 17:56:45,331 modules.ml_screener [DEBUG] [ML S2 VETO] MRK ADR=2.4% <
 4.0%
2026-03-02 17:56:45,331 modules.ml_screener [DEBUG] [ML S2 VETO] MRAM below EMA
50
2026-03-02 17:56:45,335 modules.ml_screener [DEBUG] [ML S2 VETO] MRP ADR=2.4% <
 4.0%
2026-03-02 17:56:45,336 modules.ml_screener [DEBUG] [ML S2 VETO] MRSH ADR=2.5% 
< 4.0%
2026-03-02 17:56:45,342 modules.ml_screener [DEBUG] [ML S2 VETO] MPT momentum 3
M=16.2 6M=34.8
2026-03-02 17:56:45,343 modules.ml_screener [DEBUG] [ML S2 VETO] MPWR momentum 
3M=29.4 6M=32.4
2026-03-02 17:56:45,319 modules.ml_screener [DEBUG] [ML S2 VETO] MPLX ADR=2.0% 
< 4.0%
2026-03-02 17:56:45,343 modules.ml_screener [DEBUG] [ML Progress] Stage 2 48% —
 ANGI 已檢查 145/2604…
2026-03-02 17:56:45,345 modules.ml_screener [DEBUG] [ML S2 VETO] MRVL no rising
 EMAs
2026-03-02 17:56:45,348 modules.ml_screener [DEBUG] [ML S2 VETO] MS ADR=3.8% < 
4.0%
2026-03-02 17:56:45,348 modules.ml_screener [DEBUG] [ML S2 VETO] MRX ADR=4.0% <
 4.0%
2026-03-02 17:56:45,350 modules.ml_screener [DEBUG] [ML S2 VETO] MSDL ADR=2.8% 
< 4.0%
2026-03-02 17:56:45,350 modules.ml_screener [DEBUG] [ML S2 VETO] MSCI ADR=3.5% 
< 4.0%
2026-03-02 17:56:45,354 modules.ml_screener [DEBUG] [ML S2 VETO] MSGE ADR=3.8% 
< 4.0%
2026-03-02 17:56:45,354 modules.ml_screener [DEBUG] [ML S2 VETO] MSFT ADR=2.3% 
< 4.0%
2026-03-02 17:56:45,355 modules.ml_screener [DEBUG] [ML S2 VETO] MSI ADR=2.3% <
 4.0%
2026-03-02 17:56:45,357 modules.ml_screener [DEBUG] [ML S2 VETO] MSIF ADR=2.9% 
< 4.0%
2026-03-02 17:56:45,358 modules.ml_screener [DEBUG] [ML S2 VETO] MSM ADR=2.5% <
 4.0%
2026-03-02 17:56:45,359 modules.ml_screener [DEBUG] [ML S2 VETO] MT ADR=2.7% < 
4.0%
2026-03-02 17:56:45,359 modules.ml_screener [DEBUG] [ML Progress] Stage 2 48% —
 AOD 已檢查 146/2604…
2026-03-02 17:56:45,360 modules.ml_screener [DEBUG] [ML S2 VETO] MSTR below EMA
50
2026-03-02 17:56:45,362 modules.ml_screener [DEBUG] [ML S2 VETO] MTA $Vol=39425
04 < 5000000
2026-03-02 17:56:45,363 modules.ml_screener [DEBUG] [ML S2 VETO] MTCH ADR=3.4% 
< 4.0%
2026-03-02 17:56:45,363 modules.ml_screener [DEBUG] [ML S2 VETO] MTB ADR=2.6% <
 4.0%
2026-03-02 17:56:45,365 modules.ml_screener [DEBUG] [ML S2 VETO] MTG ADR=2.1% <
 4.0%
2026-03-02 17:56:45,367 modules.ml_screener [DEBUG] [ML S2 VETO] MTN ADR=3.8% <
 4.0%
2026-03-02 17:56:45,367 modules.ml_screener [DEBUG] [ML S2 VETO] MTDR ADR=3.8% 
< 4.0%
2026-03-02 17:56:45,367 modules.ml_screener [DEBUG] [ML S2 VETO] MTH ADR=3.4% <
 4.0%
2026-03-02 17:56:45,369 modules.ml_screener [DEBUG] [ML S2 VETO] MTUS below EMA
50
2026-03-02 17:56:45,370 modules.ml_screener [DEBUG] [ML Progress] Stage 2 48% —
 ANPA 已檢查 147/2604…
2026-03-02 17:56:45,370 modules.ml_screener [DEBUG] [ML S2 VETO] MTSI ADR=3.7% 
< 4.0%
2026-03-02 17:56:45,373 modules.ml_screener [DEBUG] [ML S2 VETO] MUFG ADR=2.2% 
< 4.0%
2026-03-02 17:56:45,382 modules.ml_screener [DEBUG] [ML S2 VETO] MWA ADR=2.2% <
 4.0%
2026-03-02 17:56:45,388 modules.ml_screener [DEBUG] [ML S2 VETO] MXL below EMA5
0
2026-03-02 17:56:45,394 modules.ml_screener [DEBUG] [ML S2 VETO] NAC ADR=0.5% <
 4.0%
2026-03-02 17:56:45,394 modules.ml_screener [DEBUG] [ML S2 VETO] MUR momentum 3
M=10.3 6M=37.3
2026-03-02 17:56:45,395 modules.ml_screener [DEBUG] [ML S2 VETO] NAD ADR=0.5% <
 4.0%
2026-03-02 17:56:45,398 modules.ml_screener [DEBUG] [ML S2 VETO] NAGE below EMA
50
2026-03-02 17:56:45,402 modules.ml_screener [DEBUG] [ML Progress] Stage 2 48% —
 AON 已檢查 148/2604…
2026-03-02 17:56:45,402 modules.ml_screener [DEBUG] [ML S2 VETO] NAT ADR=3.8% <
 4.0%
2026-03-02 17:56:45,402 modules.ml_screener [DEBUG] [ML S2 VETO] NATL ADR=3.8% 
< 4.0%
2026-03-02 17:56:45,407 modules.ml_screener [DEBUG] [ML S2 VETO] NB below EMA50
2026-03-02 17:56:45,408 modules.ml_screener [DEBUG] [ML S2 VETO] NAVI ADR=3.6% 
< 4.0%
2026-03-02 17:56:45,410 modules.ml_screener [DEBUG] [ML S2 VETO] MYRG momentum 
3M=24.7 6M=44.4
2026-03-02 17:56:45,410 modules.ml_screener [DEBUG] [ML S2 VETO] NBHC ADR=2.8% 
< 4.0%
2026-03-02 17:56:45,411 modules.ml_screener [DEBUG] [ML S2 VETO] NBBK ADR=3.2% 
< 4.0%
2026-03-02 17:56:45,413 modules.ml_screener [DEBUG] [ML S2 VETO] NBIS below EMA
50
2026-03-02 17:56:45,414 modules.ml_screener [DEBUG] [ML S2 VETO] NAVN no rising
 EMAs
2026-03-02 17:56:45,415 modules.ml_screener [DEBUG] [ML S2 VETO] NBIX ADR=3.2% 
< 4.0%
2026-03-02 17:56:45,415 modules.ml_screener [DEBUG] [ML Progress] Stage 2 48% —
 ANNX 已檢查 149/2604…
2026-03-02 17:56:45,419 modules.ml_screener [DEBUG] [ML S2 VETO] NCDL ADR=3.2% 
< 4.0%
2026-03-02 17:56:45,426 modules.ml_screener [DEBUG] [ML S2 VETO] NAMS momentum 
3M=-8.2 6M=44.9
2026-03-02 17:56:45,429 modules.ml_screener [DEBUG] [ML S2 VETO] NCNO below EMA
50
2026-03-02 17:56:45,430 modules.ml_screener [DEBUG] [ML S2 VETO] NDSN ADR=2.3% 
< 4.0%
2026-03-02 17:56:45,430 modules.ml_screener [DEBUG] [ML S2 VETO] NDAQ ADR=2.8% 
< 4.0%
2026-03-02 17:56:45,436 modules.ml_screener [DEBUG] [ML S2 VETO] NEA ADR=0.4% <
 4.0%
2026-03-02 17:56:45,437 modules.ml_screener [DEBUG] [ML Progress] Stage 2 48% —
 AOS 已檢查 150/2604…
2026-03-02 17:56:45,441 modules.ml_screener [DEBUG] [ML S2 VETO] NEE ADR=2.4% <
 4.0%
2026-03-02 17:56:45,446 modules.ml_screener [DEBUG] [ML S2 VETO] NEO below EMA5
0
2026-03-02 17:56:45,451 modules.ml_screener [DEBUG] [ML S2 VETO] NEOG ADR=3.3% 
< 4.0%
2026-03-02 17:56:45,458 modules.ml_screener [DEBUG] [ML S2 VETO] NEXN $Vol=2001
383 < 5000000
2026-03-02 17:56:45,459 modules.ml_screener [DEBUG] [ML S2 VETO] NET below EMA5
0
2026-03-02 17:56:45,462 modules.ml_screener [DEBUG] [ML Progress] Stage 2 48% —
 AORT 已檢查 151/2604…
2026-03-02 17:56:45,463 modules.ml_screener [DEBUG] [ML S2 VETO] NFG ADR=2.1% <
 4.0%
2026-03-02 17:56:45,464 modules.ml_screener [DEBUG] [ML S2 VETO] NEXT below EMA
50
2026-03-02 17:56:45,468 modules.ml_screener [DEBUG] [ML S2 VETO] NFLX ADR=3.8% 
< 4.0%
2026-03-02 17:56:45,473 modules.ml_screener [DEBUG] [ML S2 VETO] NGG ADR=1.4% <
 4.0%
2026-03-02 17:56:45,475 modules.ml_screener [DEBUG] [ML S2 VETO] NGL ADR=3.2% <
 4.0%
2026-03-02 17:56:45,480 modules.ml_screener [DEBUG] [ML S2 VETO] NGVT ADR=3.6% 
< 4.0%
2026-03-02 17:56:45,481 modules.ml_screener [DEBUG] [ML S2 VETO] NGNE $Vol=3500
878 < 5000000
2026-03-02 17:56:45,488 modules.ml_screener [DEBUG] [ML S2 VETO] NI ADR=2.0% < 
4.0%
2026-03-02 17:56:45,489 modules.ml_screener [DEBUG] [ML Progress] Stage 2 48% —
 AP 已檢查 152/2604…
2026-03-02 17:56:45,490 modules.ml_screener [DEBUG] [ML S2 VETO] NIQ no rising 
EMAs
2026-03-02 17:56:45,491 modules.ml_screener [DEBUG] [ML S2 VETO] NHI ADR=2.4% <
 4.0%
2026-03-02 17:56:45,492 modules.ml_screener [DEBUG] [ML S2 VETO] NJR ADR=1.9% <
 4.0%
2026-03-02 17:56:45,498 modules.ml_screener [DEBUG] [ML S2 VETO] NKE ADR=3.2% <
 4.0%
2026-03-02 17:56:45,499 modules.ml_screener [DEBUG] [ML S2 VETO] NMFC ADR=3.3% 
< 4.0%
2026-03-02 17:56:45,500 modules.ml_screener [DEBUG] [ML S2 VETO] NLY ADR=2.0% <
 4.0%
2026-03-02 17:56:45,502 modules.ml_screener [DEBUG] [ML S2 VETO] NMR ADR=2.1% <
 4.0%
2026-03-02 17:56:45,503 modules.ml_screener [DEBUG] [ML S2 VETO] NMAX below EMA
50
2026-03-02 17:56:45,503 modules.ml_screener [DEBUG] [ML Progress] Stage 2 48% —
 APG 已檢查 153/2604…
2026-03-02 17:56:45,503 modules.ml_screener [DEBUG] [ML S2 VETO] NMIH ADR=2.5% 
< 4.0%
2026-03-02 17:56:45,505 modules.ml_screener [DEBUG] [ML S2 VETO] NMRK below EMA
50
2026-03-02 17:56:45,509 modules.ml_screener [DEBUG] [ML S2 VETO] NMZ ADR=0.5% <
 4.0%
2026-03-02 17:56:45,510 modules.ml_screener [DEBUG] [ML S2 WEEKLY VETO] NICE we
ekly downtrend (W-EMA10<W-EMA40)
2026-03-02 17:56:45,514 modules.ml_screener [DEBUG] [ML S2 VETO] NNN ADR=1.8% <
 4.0%
2026-03-02 17:56:45,515 modules.ml_screener [DEBUG] [ML S2 VETO] NOC ADR=2.5% <
 4.0%
2026-03-02 17:56:45,517 modules.ml_screener [DEBUG] [ML S2 VETO] NNE below EMA5
0
2026-03-02 17:56:45,518 modules.ml_screener [DEBUG] [ML S2 VETO] NOK ADR=2.9% <
 4.0%
2026-03-02 17:56:45,522 modules.ml_screener [DEBUG] [ML Progress] Stage 2 48% —
 APAM 已檢查 154/2604…
2026-03-02 17:56:45,522 modules.ml_screener [DEBUG] [ML S2 VETO] NOMD ADR=2.7% 
< 4.0%
2026-03-02 17:56:45,522 modules.ml_screener [DEBUG] [ML S2 VETO] NOV ADR=3.4% <
 4.0%
2026-03-02 17:56:45,525 modules.ml_screener [DEBUG] [ML S2 VETO] NOW below EMA5
0
2026-03-02 17:56:45,530 modules.ml_screener [DEBUG] [ML S2 VETO] NN momentum 3M
=28.6 6M=-9.6
2026-03-02 17:56:45,534 modules.ml_screener [DEBUG] [ML S2 VETO] NRDS below EMA
50
2026-03-02 17:56:45,535 modules.ml_screener [DEBUG] [ML S2 VETO] NP no rising E
MAs
2026-03-02 17:56:45,541 modules.ml_screener [DEBUG] [ML S2 VETO] NOG momentum 3
M=27.3 6M=11.2
2026-03-02 17:56:45,542 modules.ml_screener [DEBUG] [ML Progress] Stage 2 48% —
 APLD 已檢查 155/2604…
2026-03-02 17:56:45,543 modules.ml_screener [DEBUG] [ML S2 VETO] NRIX below EMA
50
2026-03-02 17:56:45,544 modules.ml_screener [DEBUG] [ML S2 VETO] NSA ADR=3.0% <
 4.0%
2026-03-02 17:56:45,546 modules.ml_screener [DEBUG] [ML S2 VETO] NSIT below EMA
50
2026-03-02 17:56:45,547 modules.ml_screener [DEBUG] [ML S2 VETO] NSC ADR=1.7% <
 4.0%
2026-03-02 17:56:45,550 modules.ml_screener [DEBUG] [ML S2 VETO] NSP below EMA5
0
2026-03-02 17:56:45,551 modules.ml_screener [DEBUG] [ML S2 VETO] NSSC ADR=3.9% 
< 4.0%
2026-03-02 17:56:45,554 modules.ml_screener [DEBUG] [ML S2 VETO] NTAP ADR=3.4% 
< 4.0%
2026-03-02 17:56:45,555 modules.ml_screener [DEBUG] [ML S2 VETO] NPKI momentum 
3M=24.9 6M=40.1
2026-03-02 17:56:45,556 modules.ml_screener [DEBUG] [ML S2 VETO] NRG momentum 3
M=6.3 6M=21.5
2026-03-02 17:56:45,556 modules.ml_screener [DEBUG] [ML S2 VETO] NTCT ADR=3.3% 
< 4.0%
2026-03-02 17:56:45,557 modules.ml_screener [DEBUG] [ML Progress] Stage 2 48% —
 APD 已檢查 156/2604…
2026-03-02 17:56:45,558 modules.ml_screener [DEBUG] [ML S2 VETO] NTES ADR=2.1% 
< 4.0%
2026-03-02 17:56:45,558 modules.ml_screener [DEBUG] [ML S2 VETO] NTGR ADR=3.7% 
< 4.0%
2026-03-02 17:56:45,560 modules.ml_screener [DEBUG] [ML S2 VETO] NTNX below EMA
50
2026-03-02 17:56:45,564 modules.ml_screener [DEBUG] [ML S2 VETO] NTR ADR=2.8% <
 4.0%
2026-03-02 17:56:45,566 modules.ml_screener [DEBUG] [ML S2 VETO] NTSK no rising
 EMAs
2026-03-02 17:56:45,566 modules.ml_screener [DEBUG] [ML S2 VETO] NTRS ADR=3.3% 
< 4.0%
2026-03-02 17:56:45,567 modules.ml_screener [DEBUG] [ML S2 VETO] NTRA ADR=3.8% 
< 4.0%
2026-03-02 17:56:45,569 modules.ml_screener [DEBUG] [ML S2 VETO] NUE ADR=2.6% <
 4.0%
2026-03-02 17:56:45,569 modules.ml_screener [DEBUG] [ML S2 VETO] NU ADR=4.0% < 
4.0%
2026-03-02 17:56:45,569 modules.ml_screener [DEBUG] [ML Progress] Stage 2 48% —
 APLS 已檢查 157/2604…
2026-03-02 17:56:45,570 modules.ml_screener [DEBUG] [ML S2 VETO] NTST ADR=2.4% 
< 4.0%
2026-03-02 17:56:45,571 modules.ml_screener [DEBUG] [ML S2 VETO] NUS below EMA5
0
2026-03-02 17:56:45,574 modules.ml_screener [DEBUG] [ML S2 VETO] NUV ADR=0.5% <
 4.0%
2026-03-02 17:56:45,576 modules.ml_screener [DEBUG] [ML S2 VETO] NUVB below EMA
50
2026-03-02 17:56:45,584 modules.ml_screener [DEBUG] [ML S2 VETO] NVA below EMA5
0
2026-03-02 17:56:45,585 modules.ml_screener [DEBUG] [ML S2 VETO] NVG ADR=1.2% <
 4.0%
2026-03-02 17:56:45,587 modules.ml_screener [DEBUG] [ML S2 VETO] NVDA ADR=3.1% 
< 4.0%
2026-03-02 17:56:45,588 modules.ml_screener [DEBUG] [ML S2 VETO] NUVL below EMA
50
2026-03-02 17:56:45,590 modules.ml_screener [DEBUG] [ML S2 VETO] NVO ADR=2.3% <
 4.0%
2026-03-02 17:56:45,592 modules.ml_screener [DEBUG] [ML Progress] Stage 2 48% —
 APLE 已檢查 158/2604…
2026-03-02 17:56:45,595 modules.ml_screener [DEBUG] [ML S2 VETO] NVRI ADR=2.8% 
< 4.0%
2026-03-02 17:56:45,596 modules.ml_screener [DEBUG] [ML S2 VETO] NVST ADR=3.4% 
< 4.0%
2026-03-02 17:56:45,597 modules.ml_screener [DEBUG] [ML S2 VETO] NVT ADR=4.0% <
 4.0%
2026-03-02 17:56:45,597 modules.ml_screener [DEBUG] [ML S2 VETO] NVS ADR=1.2% <
 4.0%
2026-03-02 17:56:45,603 modules.ml_screener [DEBUG] [ML S2 VETO] NWBI ADR=2.5% 
< 4.0%
2026-03-02 17:56:45,606 modules.ml_screener [DEBUG] [ML S2 VETO] NWE ADR=2.1% <
 4.0%
2026-03-02 17:56:45,607 modules.ml_screener [DEBUG] [ML S2 VETO] NWS ADR=2.7% <
 4.0%
2026-03-02 17:56:45,607 modules.ml_screener [DEBUG] [ML S2 VETO] NWG ADR=2.4% <
 4.0%
2026-03-02 17:56:45,608 modules.ml_screener [DEBUG] [ML S2 WEEKLY VETO] NVCR we
ekly downtrend (W-EMA10<W-EMA40)
2026-03-02 17:56:45,608 modules.ml_screener [DEBUG] [ML Progress] Stage 2 48% —
 APO 已檢查 159/2604…
2026-03-02 17:56:45,609 modules.ml_screener [DEBUG] [ML S2 VETO] NWN ADR=2.3% <
 4.0%
2026-03-02 17:56:45,609 modules.ml_screener [DEBUG] [ML S2 VETO] NWSA ADR=2.8% 
< 4.0%
2026-03-02 17:56:45,617 modules.ml_screener [DEBUG] [ML S2 VETO] NXPI ADR=3.9% 
< 4.0%
2026-03-02 17:56:45,620 modules.ml_screener [DEBUG] [ML S2 VETO] NVTS momentum 
3M=16.6 6M=48.3
2026-03-02 17:56:45,622 modules.ml_screener [DEBUG] [ML S2 VETO] NXT below EMA5
0
2026-03-02 17:56:45,625 modules.ml_screener [DEBUG] [ML S2 VETO] NYT ADR=2.7% <
 4.0%
2026-03-02 17:56:45,625 modules.ml_screener [DEBUG] [ML S2 VETO] O ADR=1.6% < 4
.0%
2026-03-02 17:56:45,625 modules.ml_screener [INFO] [ML S2 PASS] APGE ADR=5.2% $
Vol=$59.2M
2026-03-02 17:56:45,628 modules.ml_screener [DEBUG] [ML S2 VETO] NXRT ADR=2.9% 
< 4.0%
2026-03-02 17:56:45,628 modules.ml_screener [DEBUG] [ML S2 VETO] NZF ADR=0.9% <
 4.0%
2026-03-02 17:56:45,630 modules.ml_screener [DEBUG] [ML S2 VETO] OBDC ADR=3.7% 
< 4.0%
2026-03-02 17:56:45,632 modules.ml_screener [DEBUG] [ML S2 VETO] OBE $Vol=41868
26 < 5000000
2026-03-02 17:56:45,632 modules.ml_screener [DEBUG] [ML S2 VETO] OC ADR=3.7% < 
4.0%
2026-03-02 17:56:45,635 modules.ml_screener [DEBUG] [ML S2 VETO] OCFC ADR=3.0% 
< 4.0%
2026-03-02 17:56:45,638 modules.ml_screener [DEBUG] [ML S2 VETO] OCS ADR=3.3% <
 4.0%
2026-03-02 17:56:45,642 modules.ml_screener [DEBUG] [ML S2 VETO] ODD below EMA5
0
2026-03-02 17:56:45,642 modules.ml_screener [DEBUG] [ML S2 VETO] ODFL ADR=3.8% 
< 4.0%
2026-03-02 17:56:45,642 modules.ml_screener [DEBUG] [ML S2 VETO] OCSL ADR=2.6% 
< 4.0%
2026-03-02 17:56:45,643 modules.ml_screener [DEBUG] [ML S2 VETO] OCUL below EMA
50
2026-03-02 17:56:45,644 modules.ml_screener [DEBUG] [ML Progress] Stage 2 48% —
 APGE 已檢查 160/2604…
2026-03-02 17:56:45,646 modules.ml_screener [DEBUG] [ML S2 VETO] OFG ADR=2.5% <
 4.0%
2026-03-02 17:56:45,648 modules.ml_screener [DEBUG] [ML S2 VETO] OEC below EMA5
0
2026-03-02 17:56:45,650 modules.ml_screener [DEBUG] [ML S2 VETO] OFIX $Vol=3733
109 < 5000000
2026-03-02 17:56:45,650 modules.ml_screener [DEBUG] [ML S2 VETO] OGE ADR=2.2% <
 4.0%
2026-03-02 17:56:45,651 modules.ml_screener [DEBUG] [ML S2 VETO] OGS ADR=2.1% <
 4.0%
2026-03-02 17:56:45,653 modules.ml_screener [DEBUG] [ML S2 VETO] OGN below EMA5
0
2026-03-02 17:56:45,654 modules.ml_screener [DEBUG] [ML S2 VETO] OHI ADR=2.0% <
 4.0%
2026-03-02 17:56:45,655 modules.ml_screener [DEBUG] [ML S2 VETO] OI below EMA50
2026-03-02 17:56:45,662 modules.ml_screener [DEBUG] [ML S2 VETO] OKLO below EMA
50
2026-03-02 17:56:45,664 modules.ml_screener [DEBUG] [ML S2 VETO] OKE ADR=3.1% <
 4.0%
2026-03-02 17:56:45,664 modules.ml_screener [DEBUG] [ML Progress] Stage 2 48% —
 APPF 已檢查 161/2604…
2026-03-02 17:56:45,668 modules.ml_screener [DEBUG] [ML S2 VETO] OKTA below EMA
50
2026-03-02 17:56:45,670 modules.ml_screener [DEBUG] [ML S2 VETO] OLED below EMA
50
2026-03-02 17:56:45,673 modules.ml_screener [DEBUG] [ML S2 VETO] OLMA below EMA
50
2026-03-02 17:56:45,673 modules.ml_screener [DEBUG] [ML S2 VETO] OLLI ADR=2.6% 
< 4.0%
2026-03-02 17:56:45,680 modules.ml_screener [DEBUG] [ML S2 VETO] OMDA below EMA
50
2026-03-02 17:56:45,688 modules.ml_screener [DEBUG] [ML S2 VETO] OMCL below EMA
50
2026-03-02 17:56:45,689 modules.ml_screener [DEBUG] [ML Progress] Stage 2 48% —
 APP 已檢查 162/2604…
2026-03-02 17:56:45,692 modules.ml_screener [DEBUG] [ML S2 VETO] OMF ADR=3.4% <
 4.0%
2026-03-02 17:56:45,694 modules.ml_screener [DEBUG] [ML S2 VETO] ONC ADR=3.1% <
 4.0%
2026-03-02 17:56:45,694 modules.ml_screener [DEBUG] [ML S2 VETO] ONB ADR=3.2% <
 4.0%
2026-03-02 17:56:45,700 modules.ml_screener [DEBUG] [ML S2 VETO] ONON ADR=3.6% 
< 4.0%
2026-03-02 17:56:45,703 modules.ml_screener [DEBUG] [ML S2 VETO] ONDS below EMA
50
2026-03-02 17:56:45,703 modules.ml_screener [DEBUG] [ML S2 VETO] OMC momentum 3
M=19.6 6M=10.8
2026-03-02 17:56:45,705 modules.ml_screener [DEBUG] [ML S2 VETO] ONTF ADR=0.6% 
< 4.0%
2026-03-02 17:56:45,711 modules.ml_screener [DEBUG] [ML S2 VETO] OPEN below EMA
50
2026-03-02 17:56:45,712 modules.ml_screener [DEBUG] [ML S2 VETO] OPFI ADR=3.5% 
< 4.0%
2026-03-02 17:56:45,712 modules.ml_screener [DEBUG] [ML S2 VETO] OPCH ADR=3.6% 
< 4.0%
2026-03-02 17:56:45,713 modules.ml_screener [DEBUG] [ML Progress] Stage 2 48% —
 APTV 已檢查 163/2604…
2026-03-02 17:56:45,714 modules.ml_screener [DEBUG] [ML S2 VETO] OPLN below EMA
50
2026-03-02 17:56:45,718 modules.ml_screener [DEBUG] [ML S2 VETO] OPRT $Vol=3050
878 < 5000000
2026-03-02 17:56:45,720 modules.ml_screener [DEBUG] [ML S2 VETO] OPRX $Vol=4215
765 < 5000000
2026-03-02 17:56:45,726 modules.ml_screener [DEBUG] [ML S2 VETO] ORA ADR=3.8% <
 4.0%
2026-03-02 17:56:45,730 modules.ml_screener [DEBUG] [ML S2 VETO] ORC ADR=2.0% <
 4.0%
2026-03-02 17:56:45,732 modules.ml_screener [DEBUG] [ML S2 VETO] ORCL below EMA
50
2026-03-02 17:56:45,734 modules.ml_screener [DEBUG] [ML S2 WEEKLY VETO] OPRA we
ekly downtrend (W-EMA10<W-EMA40)
2026-03-02 17:56:45,734 modules.ml_screener [DEBUG] [ML Progress] Stage 2 48% —
 APPN 已檢查 164/2604…
2026-03-02 17:56:45,735 modules.ml_screener [DEBUG] [ML S2 VETO] ORI ADR=2.0% <
 4.0%
2026-03-02 17:56:45,749 modules.ml_screener [DEBUG] [ML S2 VETO] ORLY ADR=2.8% 
< 4.0%
2026-03-02 17:56:45,754 modules.ml_screener [DEBUG] [ML S2 VETO] ORIC momentum 
3M=17.2 6M=31.1
2026-03-02 17:56:45,754 modules.ml_screener [DEBUG] [ML S2 VETO] OS ADR=0.7% < 
4.0%
2026-03-02 17:56:45,759 modules.ml_screener [DEBUG] [ML S2 VETO] OSBC ADR=3.0% 
< 4.0%
2026-03-02 17:56:45,762 modules.ml_screener [DEBUG] [ML S2 VETO] OSCR below EMA
50
2026-03-02 17:56:45,762 modules.ml_screener [DEBUG] [ML S2 VETO] OSG $Vol=32827
39 < 5000000
2026-03-02 17:56:45,763 modules.ml_screener [DEBUG] [ML S2 VETO] OSK ADR=3.6% <
 4.0%
2026-03-02 17:56:45,765 modules.ml_screener [DEBUG] [ML S2 VETO] OSS below EMA5
0
2026-03-02 17:56:45,767 modules.ml_screener [DEBUG] [ML S2 VETO] OSPN below EMA
50
2026-03-02 17:56:45,767 modules.ml_screener [DEBUG] [ML Progress] Stage 2 48% —
 AQN 已檢查 165/2604…
2026-03-02 17:56:45,787 modules.ml_screener [INFO] [ML S2 PASS] ARCB ADR=4.8% $
Vol=$43.2M
2026-03-02 17:56:45,771 modules.ml_screener [DEBUG] [ML S2 VETO] OTEX below EMA
50
2026-03-02 17:56:45,776 modules.ml_screener [DEBUG] [ML S2 VETO] OUT ADR=3.4% <
 4.0%
2026-03-02 17:56:45,777 modules.ml_screener [DEBUG] [ML S2 VETO] OTF below EMA5
0
2026-03-02 17:56:45,779 modules.ml_screener [DEBUG] [ML S2 VETO] OUST below EMA
50
2026-03-02 17:56:45,781 modules.ml_screener [DEBUG] [ML S2 VETO] OVV ADR=3.7% <
 4.0%
2026-03-02 17:56:45,782 modules.ml_screener [DEBUG] [ML S2 VETO] OXY ADR=3.1% <
 4.0%
2026-03-02 17:56:45,784 modules.ml_screener [DEBUG] [ML S2 VETO] OWL below EMA5
0
2026-03-02 17:56:45,786 modules.ml_screener [DEBUG] [ML S2 VETO] OXLC below EMA
50
2026-03-02 17:56:45,786 modules.ml_screener [DEBUG] [ML S2 VETO] PAA ADR=1.8% <
 4.0%
2026-03-02 17:56:45,787 modules.ml_screener [DEBUG] [ML S2 VETO] OZK ADR=3.0% <
 4.0%
2026-03-02 17:56:45,770 modules.ml_screener [DEBUG] [ML S2 VETO] OTIS ADR=2.3% 
< 4.0%
2026-03-02 17:56:45,787 modules.ml_screener [DEBUG] [ML Progress] Stage 2 48% —
 ARCB 已檢查 166/2604…
2026-03-02 17:56:45,789 modules.ml_screener [DEBUG] [ML S2 VETO] PACK $Vol=2546
816 < 5000000
2026-03-02 17:56:45,790 modules.ml_screener [DEBUG] [ML S2 VETO] OSW momentum 3
M=8.7 6M=-5.9
2026-03-02 17:56:45,792 modules.ml_screener [DEBUG] [ML S2 VETO] PAGP ADR=1.6% 
< 4.0%
2026-03-02 17:56:45,802 modules.ml_screener [DEBUG] [ML S2 VETO] PANW below EMA
50
2026-03-02 17:56:45,808 modules.ml_screener [DEBUG] [ML S2 VETO] PATH below EMA
50
2026-03-02 17:56:45,810 modules.ml_screener [DEBUG] [ML S2 VETO] PAR below EMA5
0
2026-03-02 17:56:45,811 modules.ml_screener [DEBUG] [ML S2 VETO] PATK ADR=3.6% 
< 4.0%
2026-03-02 17:56:45,811 modules.ml_screener [DEBUG] [ML Progress] Stage 2 48% —
 APA 已檢查 167/2604…
2026-03-02 17:56:45,822 modules.ml_screener [DEBUG] [ML S2 VETO] PAX ADR=3.8% <
 4.0%
2026-03-02 17:56:45,823 modules.ml_screener [DEBUG] [ML S2 VETO] PAY below EMA5
0
2026-03-02 17:56:45,826 modules.ml_screener [DEBUG] [ML S2 VETO] PBA ADR=2.0% <
 4.0%
2026-03-02 17:56:45,828 modules.ml_screener [DEBUG] [ML S2 VETO] PAYC below EMA
50
2026-03-02 17:56:45,828 modules.ml_screener [DEBUG] [ML S2 VETO] PAYX ADR=3.2% 
< 4.0%
2026-03-02 17:56:45,829 modules.ml_screener [DEBUG] [ML S2 VETO] PBH ADR=2.5% <
 4.0%
2026-03-02 17:56:45,830 modules.ml_screener [DEBUG] [ML S2 VETO] PB ADR=2.6% < 
4.0%
2026-03-02 17:56:45,833 modules.ml_screener [DEBUG] [ML S2 VETO] PBI ADR=3.2% <
 4.0%
2026-03-02 17:56:45,833 modules.ml_screener [DEBUG] [ML Progress] Stage 2 48% —
 APH 已檢查 168/2604…
2026-03-02 17:56:45,834 modules.ml_screener [DEBUG] [ML S2 VETO] PAGS momentum 
3M=7.1 6M=22.5
2026-03-02 17:56:45,835 modules.ml_screener [DEBUG] [ML S2 VETO] PBR ADR=2.5% <
 4.0%
2026-03-02 17:56:45,836 modules.ml_screener [DEBUG] [ML S2 VETO] PARR momentum 
3M=-3.2 6M=24.9
2026-03-02 17:56:45,838 modules.ml_screener [DEBUG] [ML S2 VETO] PBYI $Vol=3236
681 < 5000000
2026-03-02 17:56:45,839 modules.ml_screener [DEBUG] [ML S2 VETO] PCAR ADR=2.4% 
< 4.0%
2026-03-02 17:56:45,839 modules.ml_screener [DEBUG] [ML S2 VETO] PCG ADR=2.3% <
 4.0%
2026-03-02 17:56:45,840 modules.ml_screener [DEBUG] [ML S2 VETO] PCN ADR=0.6% <
 4.0%
2026-03-02 17:56:45,843 modules.ml_screener [DEBUG] [ML S2 VETO] PCRX below EMA
50
2026-03-02 17:56:45,845 modules.ml_screener [DEBUG] [ML S2 VETO] PCT below EMA5
0
2026-03-02 17:56:45,847 modules.ml_screener [DEBUG] [ML S2 VETO] PCTY below EMA
50
2026-03-02 17:56:45,847 modules.ml_screener [DEBUG] [ML Progress] Stage 2 48% —
 ARCC 已檢查 169/2604…
2026-03-02 17:56:45,848 modules.ml_screener [DEBUG] [ML S2 VETO] PBF momentum 3
M=-4.2 6M=37.1
2026-03-02 17:56:45,849 modules.ml_screener [DEBUG] [ML S2 VETO] PCOR below EMA
50
2026-03-02 17:56:45,852 modules.ml_screener [DEBUG] [ML S2 VETO] PD below EMA50
2026-03-02 17:56:45,852 modules.ml_screener [DEBUG] [ML S2 VETO] PDD ADR=2.6% <
 4.0%
2026-03-02 17:56:45,853 modules.ml_screener [DEBUG] [ML S2 VETO] PDI ADR=0.8% <
 4.0%
2026-03-02 17:56:45,859 modules.ml_screener [DEBUG] [ML S2 VETO] PDO ADR=0.6% <
 4.0%
2026-03-02 17:56:45,862 modules.ml_screener [DEBUG] [ML S2 VETO] PDM below EMA5
0
2026-03-02 17:56:45,863 modules.ml_screener [DEBUG] [ML S2 VETO] PECO ADR=1.9% 
< 4.0%
2026-03-02 17:56:45,864 modules.ml_screener [DEBUG] [ML S2 VETO] PEG ADR=2.1% <
 4.0%
2026-03-02 17:56:45,867 modules.ml_screener [DEBUG] [ML Progress] Stage 2 48% —
 ARCT 已檢查 170/2604…
2026-03-02 17:56:45,873 modules.ml_screener [DEBUG] [ML S2 VETO] PEGA below EMA
50
2026-03-02 17:56:45,877 modules.ml_screener [DEBUG] [ML S2 VETO] PEN ADR=0.7% <
 4.0%
2026-03-02 17:56:45,881 modules.ml_screener [DEBUG] [ML S2 VETO] PEP ADR=2.2% <
 4.0%
2026-03-02 17:56:45,882 modules.ml_screener [DEBUG] [ML S2 VETO] PERI ADR=4.0% 
< 4.0%
2026-03-02 17:56:45,884 modules.ml_screener [DEBUG] [ML S2 VETO] PFE ADR=2.0% <
 4.0%
2026-03-02 17:56:45,885 modules.ml_screener [DEBUG] [ML S2 VETO] PEB momentum 3
M=20.9 6M=14.3
2026-03-02 17:56:45,885 modules.ml_screener [DEBUG] [ML S2 VETO] PFG ADR=3.3% <
 4.0%
2026-03-02 17:56:45,886 modules.ml_screener [DEBUG] [ML S2 VETO] PFGC ADR=3.1% 
< 4.0%
2026-03-02 17:56:45,888 modules.ml_screener [DEBUG] [ML S2 VETO] PFLT ADR=2.6% 
< 4.0%
2026-03-02 17:56:45,889 modules.ml_screener [DEBUG] [ML S2 VETO] PFN ADR=0.9% <
 4.0%
2026-03-02 17:56:45,889 modules.ml_screener [DEBUG] [ML Progress] Stage 2 48% —
 ARCO 已檢查 171/2604…
2026-03-02 17:56:45,890 modules.ml_screener [DEBUG] [ML S2 WEEKLY VETO] PENG we
ekly downtrend (W-EMA10<W-EMA40)
2026-03-02 17:56:45,891 modules.ml_screener [DEBUG] [ML S2 WEEKLY VETO] PENN we
ekly downtrend (W-EMA10<W-EMA40)
2026-03-02 17:56:45,892 modules.ml_screener [DEBUG] [ML S2 VETO] PFS ADR=3.0% <
 4.0%
2026-03-02 17:56:45,893 modules.ml_screener [DEBUG] [ML S2 VETO] PFSI ADR=3.5% 
< 4.0%
2026-03-02 17:56:45,895 modules.ml_screener [DEBUG] [ML S2 VETO] PGNY below EMA
50
2026-03-02 17:56:45,896 modules.ml_screener [DEBUG] [ML S2 VETO] PG ADR=2.0% < 
4.0%
2026-03-02 17:56:45,898 modules.ml_screener [DEBUG] [ML S2 VETO] PGR ADR=2.4% <
 4.0%
2026-03-02 17:56:45,899 modules.ml_screener [DEBUG] [ML S2 VETO] PH ADR=2.3% < 
4.0%
2026-03-02 17:56:45,899 modules.ml_screener [DEBUG] [ML S2 VETO] PGY below EMA5
0
2026-03-02 17:56:45,900 modules.ml_screener [DEBUG] [ML S2 VETO] PHG ADR=1.8% <
 4.0%
2026-03-02 17:56:45,902 modules.ml_screener [DEBUG] [ML Progress] Stage 2 48% —
 ARDT 已檢查 172/2604…
2026-03-02 17:56:45,902 modules.ml_screener [DEBUG] [ML S2 VETO] PHIN ADR=3.9% 
< 4.0%
2026-03-02 17:56:45,902 modules.ml_screener [DEBUG] [ML S2 VETO] PHAT below EMA
50
2026-03-02 17:56:45,904 modules.ml_screener [DEBUG] [ML S2 VETO] PHM ADR=3.1% <
 4.0%
2026-03-02 17:56:45,907 modules.ml_screener [DEBUG] [ML S2 VETO] PI below EMA50
2026-03-02 17:56:45,908 modules.ml_screener [DEBUG] [ML S2 VETO] PINS below EMA
50
2026-03-02 17:56:45,909 modules.ml_screener [DEBUG] [ML S2 VETO] PII ADR=3.8% <
 4.0%
2026-03-02 17:56:45,911 modules.ml_screener [DEBUG] [ML S2 VETO] PHR below EMA5
0
2026-03-02 17:56:45,911 modules.ml_screener [DEBUG] [ML S2 VETO] PJT ADR=3.4% <
 4.0%
2026-03-02 17:56:45,914 modules.ml_screener [DEBUG] [ML Progress] Stage 2 48% —
 ARDX 已檢查 173/2604…
2026-03-02 17:56:45,914 modules.ml_screener [DEBUG] [ML S2 VETO] PKG ADR=2.4% <
 4.0%
2026-03-02 17:56:45,915 modules.ml_screener [DEBUG] [ML S2 VETO] PKST ADR=0.4% 
< 4.0%
2026-03-02 17:56:45,917 modules.ml_screener [DEBUG] [ML S2 VETO] PK ADR=3.9% < 
4.0%
2026-03-02 17:56:45,922 modules.ml_screener [DEBUG] [ML S2 VETO] PLAY below EMA
50
2026-03-02 17:56:45,927 modules.ml_screener [DEBUG] [ML S2 VETO] PLOW ADR=3.1% 
< 4.0%
2026-03-02 17:56:45,928 modules.ml_screener [DEBUG] [ML S2 VETO] PLD ADR=2.0% <
 4.0%
2026-03-02 17:56:45,929 modules.ml_screener [DEBUG] [ML S2 VETO] PLNT ADR=3.9% 
< 4.0%
2026-03-02 17:56:45,934 modules.ml_screener [DEBUG] [ML S2 VETO] PLTR below EMA
50
2026-03-02 17:56:45,934 modules.ml_screener [DEBUG] [ML Progress] Stage 2 48% —
 ARE 已檢查 174/2604…
2026-03-02 17:56:45,940 modules.ml_screener [DEBUG] [ML S2 VETO] PML ADR=0.6% <
 4.0%
2026-03-02 17:56:45,940 modules.ml_screener [DEBUG] [ML S2 VETO] PM ADR=2.3% < 
4.0%
2026-03-02 17:56:45,940 modules.ml_screener [DEBUG] [ML S2 VETO] PMT ADR=2.1% <
 4.0%
2026-03-02 17:56:45,944 modules.ml_screener [DEBUG] [ML S2 VETO] PNFP ADR=3.8% 
< 4.0%
2026-03-02 17:56:45,947 modules.ml_screener [DEBUG] [ML S2 VETO] PNC ADR=2.8% <
 4.0%
2026-03-02 17:56:45,948 modules.ml_screener [DEBUG] [ML S2 VETO] PNR ADR=2.4% <
 4.0%
2026-03-02 17:56:45,949 modules.ml_screener [DEBUG] [ML S2 VETO] PNW ADR=2.1% <
 4.0%
2026-03-02 17:56:45,951 modules.ml_screener [DEBUG] [ML S2 VETO] POET below EMA
50
2026-03-02 17:56:45,951 modules.ml_screener [DEBUG] [ML S2 VETO] PODD ADR=3.8% 
< 4.0%
2026-03-02 17:56:45,954 modules.ml_screener [DEBUG] [ML S2 VETO] PONY below EMA
50
2026-03-02 17:56:45,955 modules.ml_screener [DEBUG] [ML S2 VETO] POOL ADR=3.6% 
< 4.0%
2026-03-02 17:56:45,955 modules.ml_screener [DEBUG] [ML Progress] Stage 2 48% —
 ARES 已檢查 175/2604…
2026-03-02 17:56:45,958 modules.ml_screener [DEBUG] [ML S2 VETO] POST ADR=2.5% 
< 4.0%
2026-03-02 17:56:45,959 modules.ml_screener [DEBUG] [ML S2 VETO] POR ADR=2.0% <
 4.0%
2026-03-02 17:56:45,960 modules.ml_screener [DEBUG] [ML S2 VETO] PNTG momentum 
3M=28.9 6M=37.6
2026-03-02 17:56:45,962 modules.ml_screener [DEBUG] [ML S2 VETO] PPG ADR=2.4% <
 4.0%
2026-03-02 17:56:45,962 modules.ml_screener [DEBUG] [ML S2 VETO] PPL ADR=2.2% <
 4.0%
2026-03-02 17:56:45,962 modules.ml_screener [DEBUG] [ML S2 VETO] PPC ADR=3.2% <
 4.0%
2026-03-02 17:56:45,970 modules.ml_screener [DEBUG] [ML Progress] Stage 2 48% —
 AR 已檢查 176/2604…
2026-03-02 17:56:45,988 modules.ml_screener [DEBUG] [ML Progress] Stage 2 48% —
 ARGX 已檢查 177/2604…
2026-03-02 17:56:45,972 modules.ml_screener [DEBUG] [ML S2 VETO] PR ADR=3.2% < 
4.0%
2026-03-02 17:56:45,973 modules.ml_screener [DEBUG] [ML S2 VETO] PRCH below EMA
50
2026-03-02 17:56:45,978 modules.ml_screener [DEBUG] [ML S2 VETO] PRCT below EMA
50
2026-03-02 17:56:45,981 modules.ml_screener [DEBUG] [ML S2 VETO] PRE below EMA5
0
2026-03-02 17:56:45,982 modules.ml_screener [DEBUG] [ML S2 VETO] PRDO ADR=3.2% 
< 4.0%
2026-03-02 17:56:45,971 modules.ml_screener [DEBUG] [ML S2 VETO] PRA ADR=0.6% <
 4.0%
2026-03-02 17:56:45,991 modules.ml_screener [DEBUG] [ML S2 VETO] PRGO below EMA
50
2026-03-02 17:56:45,994 modules.ml_screener [INFO] [ML S2 PASS] ARIS ADR=5.5% $
Vol=$34.1M
2026-03-02 17:56:46,008 modules.ml_screener [DEBUG] [ML S2 WEEKLY VETO] PRAA we
ekly downtrend (W-EMA10<W-EMA40)
2026-03-02 17:56:46,010 modules.ml_screener [DEBUG] [ML S2 VETO] PRTA $Vol=3732
704 < 5000000
2026-03-02 17:56:46,011 modules.ml_screener [DEBUG] [ML S2 VETO] PRU ADR=2.6% <
 4.0%
2026-03-02 17:56:46,012 modules.ml_screener [DEBUG] [ML S2 VETO] PRKS below EMA
50
2026-03-02 17:56:46,013 modules.ml_screener [DEBUG] [ML S2 VETO] PSA ADR=2.4% <
 4.0%
2026-03-02 17:56:46,013 modules.ml_screener [DEBUG] [ML S2 VETO] PRMB ADR=3.9% 
< 4.0%
2026-03-02 17:56:46,015 modules.ml_screener [DEBUG] [ML S2 VETO] PSFE $Vol=3305
069 < 5000000
2026-03-02 17:56:46,017 modules.ml_screener [DEBUG] [ML Progress] Stage 2 48% —
 ARIS 已檢查 178/2604…
2026-03-02 17:56:46,023 modules.ml_screener [DEBUG] [ML S2 VETO] PRM below EMA5
0
2026-03-02 17:56:46,024 modules.ml_screener [DEBUG] [ML S2 WEEKLY VETO] PRGS we
ekly downtrend (W-EMA10<W-EMA40)
2026-03-02 17:56:46,028 modules.ml_screener [DEBUG] [ML S2 VETO] PSN ADR=3.6% <
 4.0%
2026-03-02 17:56:46,030 modules.ml_screener [DEBUG] [ML S2 WEEKLY VETO] PRVA we
ekly downtrend (W-EMA10<W-EMA40)
2026-03-02 17:56:46,033 modules.ml_screener [DEBUG] [ML S2 VETO] PSNL no rising
 EMAs
2026-03-02 17:56:46,038 modules.ml_screener [DEBUG] [ML S2 VETO] PRIM momentum 
3M=23.1 6M=28.6
2026-03-02 17:56:46,039 modules.ml_screener [DEBUG] [ML S2 VETO] PSTG below EMA
50
2026-03-02 17:56:46,040 modules.ml_screener [DEBUG] [ML S2 VETO] PSTL ADR=2.8% 
< 4.0%
2026-03-02 17:56:46,040 modules.ml_screener [DEBUG] [ML S2 VETO] PSO ADR=1.6% <
 4.0%
2026-03-02 17:56:46,040 modules.ml_screener [DEBUG] [ML Progress] Stage 2 48% —
 ARHS 已檢查 179/2604…
2026-03-02 17:56:46,041 modules.ml_screener [DEBUG] [ML S2 VETO] PSX ADR=2.8% <
 4.0%
2026-03-02 17:56:46,046 modules.ml_screener [DEBUG] [ML S2 VETO] PTC ADR=3.4% <
 4.0%
2026-03-02 17:56:46,050 modules.ml_screener [DEBUG] [ML S2 VETO] PTCT below EMA
50
2026-03-02 17:56:46,052 modules.ml_screener [DEBUG] [ML S2 VETO] PTLO below EMA
50
2026-03-02 17:56:46,054 modules.ml_screener [DEBUG] [ML S2 WEEKLY VETO] PSKY we
ekly downtrend (W-EMA10<W-EMA40)
2026-03-02 17:56:46,054 modules.ml_screener [DEBUG] [ML S2 VETO] PTY ADR=0.5% <
 4.0%
2026-03-02 17:56:46,060 modules.ml_screener [DEBUG] [ML Progress] Stage 2 48% —
 ARI 已檢查 180/2604…
2026-03-02 17:56:46,060 modules.ml_screener [DEBUG] [ML S2 WEEKLY VETO] PSNY we
ekly downtrend (W-EMA10<W-EMA40)
2026-03-02 17:56:46,061 modules.ml_screener [DEBUG] [ML S2 VETO] PTRN no rising
 EMAs
2026-03-02 17:56:46,066 modules.ml_screener [DEBUG] [ML S2 VETO] PUK ADR=2.0% <
 4.0%
2026-03-02 17:56:46,066 modules.ml_screener [DEBUG] [ML S2 VETO] PVH ADR=3.1% <
 4.0%
2026-03-02 17:56:46,073 modules.ml_screener [DEBUG] [ML S2 VETO] PWP below EMA5
0
2026-03-02 17:56:46,074 modules.ml_screener [DEBUG] [ML S2 VETO] PWR ADR=3.8% <
 4.0%
2026-03-02 17:56:46,079 modules.ml_screener [DEBUG] [ML S2 VETO] PYPL below EMA
50
2026-03-02 17:56:46,081 modules.ml_screener [DEBUG] [ML S2 VETO] PZZA below EMA
50
2026-03-02 17:56:46,081 modules.ml_screener [DEBUG] [ML Progress] Stage 2 48% —
 ARKO 已檢查 181/2604…
2026-03-02 17:56:46,082 modules.ml_screener [DEBUG] [ML S2 WEEKLY VETO] PUBM we
ekly downtrend (W-EMA10<W-EMA40)
2026-03-02 17:56:46,084 modules.ml_screener [DEBUG] [ML S2 VETO] PTGX momentum 
3M=8.2 6M=49.9
2026-03-02 17:56:46,085 modules.ml_screener [DEBUG] [ML S2 VETO] QCOM ADR=2.5% 
< 4.0%
2026-03-02 17:56:46,088 modules.ml_screener [DEBUG] [ML S2 VETO] Q no rising EM
As
2026-03-02 17:56:46,089 modules.ml_screener [DEBUG] [ML S2 VETO] QDEL below EMA
50
2026-03-02 17:56:46,091 modules.ml_screener [DEBUG] [ML S2 VETO] QGEN ADR=1.8% 
< 4.0%
2026-03-02 17:56:46,092 modules.ml_screener [DEBUG] [ML S2 VETO] QMCO $Vol=3400
020 < 5000000
2026-03-02 17:56:46,094 modules.ml_screener [DEBUG] [ML S2 VETO] QBTS below EMA
50
2026-03-02 17:56:46,094 modules.ml_screener [DEBUG] [ML Progress] Stage 2 48% —
 ARLP 已檢查 182/2604…
2026-03-02 17:56:46,095 modules.ml_screener [DEBUG] [ML S2 VETO] QFIN below EMA
50
2026-03-02 17:56:46,098 modules.ml_screener [DEBUG] [ML S2 VETO] QLYS below EMA
50
2026-03-02 17:56:46,101 modules.ml_screener [DEBUG] [ML S2 VETO] QNST below EMA
50
2026-03-02 17:56:46,102 modules.ml_screener [DEBUG] [ML S2 VETO] QRVO ADR=2.6% 
< 4.0%
2026-03-02 17:56:46,103 modules.ml_screener [DEBUG] [ML S2 VETO] QS below EMA50
2026-03-02 17:56:46,103 modules.ml_screener [DEBUG] [ML S2 VETO] QSR ADR=2.5% <
 4.0%
2026-03-02 17:56:46,106 modules.ml_screener [DEBUG] [ML S2 VETO] QTWO below EMA
50
2026-03-02 17:56:46,109 modules.ml_screener [DEBUG] [ML S2 VETO] QTRX $Vol=3487
684 < 5000000
2026-03-02 17:56:46,110 modules.ml_screener [DEBUG] [ML S2 VETO] QUBT below EMA
50
2026-03-02 17:56:46,111 modules.ml_screener [DEBUG] [ML S2 VETO] QUAD $Vol=1490
869 < 5000000
2026-03-02 17:56:46,112 modules.ml_screener [DEBUG] [ML S2 VETO] QURE below EMA
50
2026-03-02 17:56:46,112 modules.ml_screener [DEBUG] [ML Progress] Stage 2 48% —
 AROC 已檢查 183/2604…
2026-03-02 17:56:46,119 modules.ml_screener [DEBUG] [ML S2 VETO] RAAQ ADR=0.5% 
< 4.0%
2026-03-02 17:56:46,121 modules.ml_screener [DEBUG] [ML S2 VETO] RAL below EMA5
0
2026-03-02 17:56:46,122 modules.ml_screener [DEBUG] [ML S2 VETO] RACE ADR=2.1% 
< 4.0%
2026-03-02 17:56:46,123 modules.ml_screener [DEBUG] [ML S2 VETO] RAPT ADR=0.2% 
< 4.0%
2026-03-02 17:56:46,130 modules.ml_screener [DEBUG] [ML S2 VETO] RARE below EMA
50
2026-03-02 17:56:46,133 modules.ml_screener [DEBUG] [ML S2 VETO] RBRK below EMA
50
2026-03-02 17:56:46,134 modules.ml_screener [DEBUG] [ML S2 VETO] RBLX below EMA
50
2026-03-02 17:56:46,135 modules.ml_screener [DEBUG] [ML Progress] Stage 2 48% —
 ARMK 已檢查 184/2604…
2026-03-02 17:56:46,137 modules.ml_screener [DEBUG] [ML S2 VETO] RCAT below EMA
50
2026-03-02 17:56:46,140 modules.ml_screener [DEBUG] [ML S2 VETO] RCEL $Vol=1173
456 < 5000000
2026-03-02 17:56:46,141 modules.ml_screener [DEBUG] [ML S2 VETO] RBA below EMA5
0
2026-03-02 17:56:46,144 modules.ml_screener [DEBUG] [ML S2 VETO] RCUS below EMA
50
2026-03-02 17:56:46,145 modules.ml_screener [DEBUG] [ML S2 VETO] RCI ADR=1.8% <
 4.0%
2026-03-02 17:56:46,149 modules.ml_screener [DEBUG] [ML S2 VETO] RDDT below EMA
50
2026-03-02 17:56:46,152 modules.ml_screener [DEBUG] [ML S2 VETO] RDNT below EMA
50
2026-03-02 17:56:46,153 modules.ml_screener [DEBUG] [ML S2 WEEKLY VETO] RAMP we
ekly downtrend (W-EMA10<W-EMA40)
2026-03-02 17:56:46,155 modules.ml_screener [DEBUG] [ML S2 VETO] RDW below EMA5
0
2026-03-02 17:56:46,155 modules.ml_screener [DEBUG] [ML Progress] Stage 2 48% —
 ARR 已檢查 185/2604…
2026-03-02 17:56:46,155 modules.ml_screener [DEBUG] [ML S2 VETO] RDN ADR=2.8% <
 4.0%
2026-03-02 17:56:46,156 modules.ml_screener [DEBUG] [ML S2 VETO] RCL ADR=3.9% <
 4.0%
2026-03-02 17:56:46,157 modules.ml_screener [DEBUG] [ML S2 VETO] RDY ADR=1.6% <
 4.0%
2026-03-02 17:56:46,160 modules.ml_screener [DEBUG] [ML S2 VETO] REG ADR=1.8% <
 4.0%
2026-03-02 17:56:46,161 modules.ml_screener [DEBUG] [ML S2 VETO] REAL below EMA
50
2026-03-02 17:56:46,161 modules.ml_screener [DEBUG] [ML S2 VETO] REGN ADR=2.9% 
< 4.0%
2026-03-02 17:56:46,162 modules.ml_screener [DEBUG] [ML S2 VETO] RELX ADR=2.5% 
< 4.0%
2026-03-02 17:56:46,169 modules.ml_screener [DEBUG] [ML Progress] Stage 2 48% —
 ARRY 已檢查 186/2604…
2026-03-02 17:56:46,169 modules.ml_screener [DEBUG] [ML S2 VETO] RES ADR=3.8% <
 4.0%
2026-03-02 17:56:46,172 modules.ml_screener [DEBUG] [ML S2 WEEKLY VETO] RCKT we
ekly downtrend (W-EMA10<W-EMA40)
2026-03-02 17:56:46,173 modules.ml_screener [DEBUG] [ML S2 VETO] REYN ADR=2.1% 
< 4.0%
2026-03-02 17:56:46,173 modules.ml_screener [DEBUG] [ML S2 VETO] REXR ADR=2.2% 
< 4.0%
2026-03-02 17:56:46,175 modules.ml_screener [DEBUG] [ML S2 VETO] REPL below EMA
50
2026-03-02 17:56:46,177 modules.ml_screener [DEBUG] [ML S2 VETO] RF ADR=3.0% < 
4.0%
2026-03-02 17:56:46,183 modules.ml_screener [DEBUG] [ML S2 VETO] RGEN below EMA
50
2026-03-02 17:56:46,186 modules.ml_screener [DEBUG] [ML S2 VETO] RGA ADR=2.6% <
 4.0%
2026-03-02 17:56:46,187 modules.ml_screener [DEBUG] [ML Progress] Stage 2 48% —
 ARM 已檢查 187/2604…
2026-03-02 17:56:46,188 modules.ml_screener [DEBUG] [ML S2 VETO] RGNX below EMA
50
2026-03-02 17:56:46,190 modules.ml_screener [DEBUG] [ML S2 WEEKLY VETO] RELY we
ekly downtrend (W-EMA10<W-EMA40)
2026-03-02 17:56:46,192 modules.ml_screener [DEBUG] [ML S2 VETO] RGTI below EMA
50
2026-03-02 17:56:46,194 modules.ml_screener [DEBUG] [ML S2 VETO] RH below EMA50
2026-03-02 17:56:46,195 modules.ml_screener [DEBUG] [ML S2 VETO] RHI below EMA5
0
2026-03-02 17:56:46,203 modules.ml_screener [DEBUG] [ML S2 VETO] RIGL below EMA
50
2026-03-02 17:56:46,205 modules.ml_screener [DEBUG] [ML S2 VETO] RHP ADR=3.4% <
 4.0%
2026-03-02 17:56:46,206 modules.ml_screener [DEBUG] [ML S2 VETO] RIO ADR=2.1% <
 4.0%
2026-03-02 17:56:46,207 modules.ml_screener [DEBUG] [ML S2 VETO] RILY $Vol=4793
134 < 5000000
2026-03-02 17:56:46,211 modules.ml_screener [DEBUG] [ML S2 VETO] RITM ADR=2.5% 
< 4.0%
2026-03-02 17:56:46,211 modules.ml_screener [DEBUG] [ML Progress] Stage 2 48% —
 ARW 已檢查 188/2604…
2026-03-02 17:56:46,213 modules.ml_screener [DEBUG] [ML S2 VETO] RIVN below EMA
50
2026-03-02 17:56:46,214 modules.ml_screener [DEBUG] [ML S2 VETO] RJF ADR=3.4% <
 4.0%
2026-03-02 17:56:46,216 modules.ml_screener [DEBUG] [ML S2 VETO] RKLB below EMA
50
2026-03-02 17:56:46,218 modules.ml_screener [DEBUG] [ML S2 VETO] RKT below EMA5
0
2026-03-02 17:56:46,221 modules.ml_screener [DEBUG] [ML S2 VETO] RL ADR=3.5% < 
4.0%
2026-03-02 17:56:46,225 modules.ml_screener [DEBUG] [ML S2 VETO] RLI ADR=2.5% <
 4.0%
2026-03-02 17:56:46,226 modules.ml_screener [DEBUG] [ML S2 VETO] RIOT momentum 
3M=22.0 6M=20.2
2026-03-02 17:56:46,226 modules.ml_screener [DEBUG] [ML S2 VETO] RLJ ADR=3.7% <
 4.0%
2026-03-02 17:56:46,228 modules.ml_screener [DEBUG] [ML Progress] Stage 2 48% —
 ARLO 已檢查 189/2604…
2026-03-02 17:56:46,229 modules.ml_screener [DEBUG] [ML S2 VETO] RNAM ADR=0.3% 
< 4.0%
2026-03-02 17:56:46,229 modules.ml_screener [DEBUG] [ML S2 VETO] RMD ADR=2.9% <
 4.0%
2026-03-02 17:56:46,232 modules.ml_screener [DEBUG] [ML S2 VETO] RMBS below EMA
50
2026-03-02 17:56:46,235 modules.ml_screener [DEBUG] [ML S2 VETO] RNR ADR=3.0% <
 4.0%
2026-03-02 17:56:46,235 modules.ml_screener [DEBUG] [ML S2 VETO] RNW ADR=2.3% <
 4.0%
2026-03-02 17:56:46,236 modules.ml_screener [DEBUG] [ML S2 VETO] RNST ADR=3.0% 
< 4.0%
2026-03-02 17:56:46,242 modules.ml_screener [DEBUG] [ML S2 VETO] ROK ADR=3.7% <
 4.0%
2026-03-02 17:56:46,242 modules.ml_screener [DEBUG] [ML S2 VETO] ROIV ADR=3.5% 
< 4.0%
2026-03-02 17:56:46,243 modules.ml_screener [DEBUG] [ML S2 VETO] ROKU no rising
 EMAs
2026-03-02 17:56:46,245 modules.ml_screener [DEBUG] [ML S2 VETO] ROL ADR=2.5% <
 4.0%
2026-03-02 17:56:46,245 modules.ml_screener [DEBUG] [ML Progress] Stage 2 48% —
 ARX 已檢查 190/2604…
2026-03-02 17:56:46,247 modules.ml_screener [DEBUG] [ML S2 VETO] ROP ADR=3.0% <
 4.0%
2026-03-02 17:56:46,250 modules.ml_screener [DEBUG] [ML S2 VETO] ROOT below EMA
50
2026-03-02 17:56:46,252 modules.ml_screener [DEBUG] [ML S2 VETO] RPD below EMA5
0
2026-03-02 17:56:46,252 modules.ml_screener [DEBUG] [ML S2 VETO] ROST ADR=1.9% 
< 4.0%
2026-03-02 17:56:46,255 modules.ml_screener [DEBUG] [ML S2 VETO] RPC below EMA5
0
2026-03-02 17:56:46,257 modules.ml_screener [DEBUG] [ML S2 VETO] RPRX ADR=2.1% 
< 4.0%
2026-03-02 17:56:46,258 modules.ml_screener [DEBUG] [ML S2 VETO] RQI ADR=1.5% <
 4.0%
2026-03-02 17:56:46,258 modules.ml_screener [DEBUG] [ML S2 VETO] RRC ADR=3.9% <
 4.0%
2026-03-02 17:56:46,259 modules.ml_screener [DEBUG] [ML S2 VETO] RRR ADR=3.9% <
 4.0%
2026-03-02 17:56:46,259 modules.ml_screener [INFO] [ML S2 PASS] ARWR ADR=4.3% $
Vol=$236.1M
2026-03-02 17:56:46,260 modules.ml_screener [DEBUG] [ML S2 VETO] RPM ADR=2.0% <
 4.0%
2026-03-02 17:56:46,261 modules.ml_screener [DEBUG] [ML S2 VETO] RRGB $Vol=1816
813 < 5000000
2026-03-02 17:56:46,263 modules.ml_screener [DEBUG] [ML S2 VETO] RS ADR=3.4% < 
4.0%
2026-03-02 17:56:46,264 modules.ml_screener [DEBUG] [ML S2 VETO] RSG ADR=2.3% <
 4.0%
2026-03-02 17:56:46,269 modules.ml_screener [DEBUG] [ML S2 VETO] ROAD momentum 
3M=29.0 6M=10.8
2026-03-02 17:56:46,272 modules.ml_screener [DEBUG] [ML S2 VETO] RTO ADR=1.7% <
 4.0%
2026-03-02 17:56:46,272 modules.ml_screener [DEBUG] [ML S2 VETO] RTX ADR=2.3% <
 4.0%
2026-03-02 17:56:46,275 modules.ml_screener [DEBUG] [ML S2 VETO] RUM below EMA5
0
2026-03-02 17:56:46,277 modules.ml_screener [DEBUG] [ML Progress] Stage 2 48% —
 ARWR 已檢查 191/2604…
2026-03-02 17:56:46,280 modules.ml_screener [DEBUG] [ML S2 VETO] RUSHA ADR=3.3%
 < 4.0%
2026-03-02 17:56:46,281 modules.ml_screener [DEBUG] [ML S2 VETO] RSI momentum 3
M=14.6 6M=-9.4
2026-03-02 17:56:46,282 modules.ml_screener [DEBUG] [ML S2 VETO] RUN below EMA5
0
2026-03-02 17:56:46,283 modules.ml_screener [DEBUG] [ML S2 VETO] RVMD ADR=3.8% 
< 4.0%
2026-03-02 17:56:46,285 modules.ml_screener [DEBUG] [ML S2 VETO] RVLV below EMA
50
2026-03-02 17:56:46,286 modules.ml_screener [DEBUG] [ML S2 VETO] RWAY ADR=2.8% 
< 4.0%
2026-03-02 17:56:46,286 modules.ml_screener [DEBUG] [ML S2 VETO] RVTY ADR=3.6% 
< 4.0%
2026-03-02 17:56:46,290 modules.ml_screener [DEBUG] [ML S2 VETO] RXST below EMA
50
2026-03-02 17:56:46,292 modules.ml_screener [DEBUG] [ML S2 VETO] RY ADR=1.8% < 
4.0%
2026-03-02 17:56:46,293 modules.ml_screener [DEBUG] [ML S2 VETO] RYAAY ADR=2.3%
 < 4.0%
2026-03-02 17:56:46,294 modules.ml_screener [DEBUG] [ML Progress] Stage 2 48% —
 ARQT 已檢查 192/2604…
2026-03-02 17:56:46,301 modules.ml_screener [DEBUG] [ML S2 VETO] RYTM below EMA
50
2026-03-02 17:56:46,307 modules.ml_screener [DEBUG] [ML S2 VETO] RYAN below EMA
50
2026-03-02 17:56:46,308 modules.ml_screener [DEBUG] [ML S2 VETO] RYZ below EMA5
0
2026-03-02 17:56:46,309 modules.ml_screener [DEBUG] [ML S2 VETO] RYN ADR=2.7% <
 4.0%
2026-03-02 17:56:46,310 modules.ml_screener [DEBUG] [ML S2 VETO] RWT momentum 3
M=23.0 6M=7.4
2026-03-02 17:56:46,311 modules.ml_screener [DEBUG] [ML S2 VETO] SAFE ADR=3.7% 
< 4.0%
2026-03-02 17:56:46,321 modules.ml_screener [DEBUG] [ML S2 VETO] SAIL below EMA
50
2026-03-02 17:56:46,321 modules.ml_screener [DEBUG] [ML Progress] Stage 2 48% —
 ARVN 已檢查 193/2604…
2026-03-02 17:56:46,323 modules.ml_screener [DEBUG] [ML S2 VETO] SAH below EMA5
0
2026-03-02 17:56:46,324 modules.ml_screener [DEBUG] [ML S2 VETO] S below EMA50
2026-03-02 17:56:46,326 modules.ml_screener [DEBUG] [ML S2 VETO] SAIC below EMA
50
2026-03-02 17:56:46,327 modules.ml_screener [DEBUG] [ML S2 VETO] SAN ADR=2.7% <
 4.0%
2026-03-02 17:56:46,330 modules.ml_screener [DEBUG] [ML S2 VETO] SAP ADR=2.2% <
 4.0%
2026-03-02 17:56:46,340 modules.ml_screener [DEBUG] [ML S2 VETO] SB ADR=3.5% < 
4.0%
2026-03-02 17:56:46,340 modules.ml_screener [DEBUG] [ML S2 VETO] SBCF ADR=3.1% 
< 4.0%
2026-03-02 17:56:46,341 modules.ml_screener [DEBUG] [ML Progress] Stage 2 48% —
 AS 已檢查 194/2604…
2026-03-02 17:56:46,341 modules.ml_screener [DEBUG] [ML S2 VETO] SARO ADR=3.3% 
< 4.0%
2026-03-02 17:56:46,342 modules.ml_screener [DEBUG] [ML S2 VETO] SBAC ADR=2.7% 
< 4.0%
2026-03-02 17:56:46,344 modules.ml_screener [DEBUG] [ML S2 VETO] SBET below EMA
50
2026-03-02 17:56:46,345 modules.ml_screener [DEBUG] [ML S2 VETO] SANM momentum 
3M=-0.2 6M=32.8
2026-03-02 17:56:46,354 modules.ml_screener [DEBUG] [ML S2 VETO] SBRA ADR=2.4% 
< 4.0%
2026-03-02 17:56:46,354 modules.ml_screener [DEBUG] [ML S2 VETO] SBS ADR=2.2% <
 4.0%
2026-03-02 17:56:46,355 modules.ml_screener [DEBUG] [ML S2 VETO] SBLK ADR=3.2% 
< 4.0%
2026-03-02 17:56:46,360 modules.ml_screener [DEBUG] [ML S2 VETO] SBUX ADR=2.6% 
< 4.0%
2026-03-02 17:56:46,360 modules.ml_screener [DEBUG] [ML Progress] Stage 2 48% —
 ASAN 已檢查 195/2604…
2026-03-02 17:56:46,373 modules.ml_screener [DEBUG] [ML S2 VETO] SBGI momentum 
3M=5.3 6M=16.1
2026-03-02 17:56:46,373 modules.ml_screener [DEBUG] [ML S2 VETO] SBH momentum 3
M=14.7 6M=14.0
2026-03-02 17:56:46,374 modules.ml_screener [DEBUG] [ML S2 VETO] SCI ADR=2.9% <
 4.0%
2026-03-02 17:56:46,374 modules.ml_screener [DEBUG] [ML S2 VETO] SCHW ADR=3.4% 
< 4.0%
2026-03-02 17:56:46,383 modules.ml_screener [DEBUG] [ML S2 VETO] SDGR below EMA
50
2026-03-02 17:56:46,384 modules.ml_screener [DEBUG] [ML S2 VETO] SCHL momentum 
3M=24.7 6M=36.4
2026-03-02 17:56:46,394 modules.ml_screener [DEBUG] [ML S2 VETO] SE below EMA50
2026-03-02 17:56:46,395 modules.ml_screener [DEBUG] [ML Progress] Stage 2 48% —
 ASB 已檢查 196/2604…
2026-03-02 17:56:46,397 modules.ml_screener [DEBUG] [ML S2 VETO] SEI below EMA5
0
2026-03-02 17:56:46,398 modules.ml_screener [DEBUG] [ML S2 VETO] SCVL momentum 
3M=21.9 6M=-6.8
2026-03-02 17:56:46,398 modules.ml_screener [DEBUG] [ML S2 VETO] SEE ADR=0.2% <
 4.0%
2026-03-02 17:56:46,399 modules.ml_screener [DEBUG] [ML S2 VETO] SEIC ADR=3.3% 
< 4.0%
2026-03-02 17:56:46,402 modules.ml_screener [DEBUG] [ML S2 VETO] SENS $Vol=3914
809 < 5000000
2026-03-02 17:56:46,403 modules.ml_screener [DEBUG] [ML S2 VETO] SEMR ADR=0.3% 
< 4.0%
2026-03-02 17:56:46,403 modules.ml_screener [DEBUG] [ML S2 VETO] SEM ADR=2.4% <
 4.0%
2026-03-02 17:56:46,412 modules.ml_screener [DEBUG] [ML Progress] Stage 2 48% —
 ASC 已檢查 197/2604…
2026-03-02 17:56:46,412 modules.ml_screener [DEBUG] [ML S2 VETO] SEDG momentum 
3M=5.8 6M=7.0
2026-03-02 17:56:46,414 modules.ml_screener [DEBUG] [ML S2 VETO] SERV below EMA
50
2026-03-02 17:56:46,414 modules.ml_screener [DEBUG] [ML S2 VETO] SF ADR=4.0% < 
4.0%
2026-03-02 17:56:46,418 modules.ml_screener [DEBUG] [ML S2 VETO] SFBS ADR=3.3% 
< 4.0%
2026-03-02 17:56:46,419 modules.ml_screener [DEBUG] [ML S2 VETO] SFD ADR=2.2% <
 4.0%
2026-03-02 17:56:46,420 modules.ml_screener [DEBUG] [ML S2 VETO] SFL ADR=3.1% <
 4.0%
2026-03-02 17:56:46,422 modules.ml_screener [DEBUG] [ML S2 VETO] SFM below EMA5
0
2026-03-02 17:56:46,423 modules.ml_screener [DEBUG] [ML S2 WEEKLY VETO] SEZL we
ekly downtrend (W-EMA10<W-EMA40)
2026-03-02 17:56:46,424 modules.ml_screener [DEBUG] [ML S2 VETO] SFNC ADR=3.3% 
< 4.0%
2026-03-02 17:56:46,424 modules.ml_screener [DEBUG] [ML Progress] Stage 2 48% —
 ASGN 已檢查 198/2604…
2026-03-02 17:56:46,428 modules.ml_screener [DEBUG] [ML S2 VETO] SG below EMA50
2026-03-02 17:56:46,432 modules.ml_screener [DEBUG] [ML S2 VETO] SGMT $Vol=3832
492 < 5000000
2026-03-02 17:56:46,434 modules.ml_screener [DEBUG] [ML S2 VETO] SGI below EMA5
0
2026-03-02 17:56:46,436 modules.ml_screener [DEBUG] [ML S2 VETO] SGRY below EMA
50
2026-03-02 17:56:46,443 modules.ml_screener [DEBUG] [ML S2 VETO] SHC ADR=3.4% <
 4.0%
2026-03-02 17:56:46,443 modules.ml_screener [DEBUG] [ML S2 VETO] SHEL ADR=1.6% 
< 4.0%
2026-03-02 17:56:46,445 modules.ml_screener [DEBUG] [ML S2 WEEKLY VETO] SGHC we
ekly downtrend (W-EMA10<W-EMA40)
2026-03-02 17:56:46,447 modules.ml_screener [DEBUG] [ML S2 VETO] SHIP $Vol=4086
207 < 5000000
2026-03-02 17:56:46,449 modules.ml_screener [DEBUG] [ML S2 VETO] SHLS below EMA
50
2026-03-02 17:56:46,450 modules.ml_screener [DEBUG] [ML Progress] Stage 2 48% —
 ASH 已檢查 199/2604…
2026-03-02 17:56:46,451 modules.ml_screener [DEBUG] [ML S2 WEEKLY VETO] SHAK we
ekly downtrend (W-EMA10<W-EMA40)
2026-03-02 17:56:46,454 modules.ml_screener [DEBUG] [ML S2 VETO] SHMD $Vol=3201
442 < 5000000
2026-03-02 17:56:46,456 modules.ml_screener [DEBUG] [ML S2 VETO] SHOO below EMA
50
2026-03-02 17:56:46,457 modules.ml_screener [DEBUG] [ML S2 VETO] SHO ADR=3.0% <
 4.0%
2026-03-02 17:56:46,458 modules.ml_screener [DEBUG] [ML S2 VETO] SHOP below EMA
50
2026-03-02 17:56:46,460 modules.ml_screener [DEBUG] [ML S2 VETO] SIBN below EMA
50
2026-03-02 17:56:46,463 modules.ml_screener [DEBUG] [ML S2 VETO] SIGA ADR=3.4% 
< 4.0%
2026-03-02 17:56:46,464 modules.ml_screener [DEBUG] [ML S2 VETO] SHW ADR=2.1% <
 4.0%
2026-03-02 17:56:46,466 modules.ml_screener [DEBUG] [ML S2 VETO] SILA ADR=2.6% 
< 4.0%
2026-03-02 17:56:46,466 modules.ml_screener [DEBUG] [ML Progress] Stage 2 48% —
 ASML 已檢查 200/2604…
2026-03-02 17:56:46,467 modules.ml_screener [DEBUG] [ML S2 VETO] SIGI ADR=2.3% 
< 4.0%
2026-03-02 17:56:46,469 modules.ml_screener [DEBUG] [ML S2 VETO] SIRI ADR=2.6% 
< 4.0%
2026-03-02 17:56:46,471 modules.ml_screener [DEBUG] [ML S2 VETO] SITC ADR=2.6% 
< 4.0%
2026-03-02 17:56:46,473 modules.ml_screener [DEBUG] [ML S2 VETO] SITE below EMA
50
2026-03-02 17:56:46,477 modules.ml_screener [DEBUG] [ML S2 VETO] SJM ADR=3.3% <
 4.0%
2026-03-02 17:56:46,483 modules.ml_screener [DEBUG] [ML S2 VETO] SKT ADR=2.3% <
 4.0%
2026-03-02 17:56:46,483 modules.ml_screener [DEBUG] [ML S2 VETO] SKM ADR=3.2% <
 4.0%
2026-03-02 17:56:46,485 modules.ml_screener [DEBUG] [ML S2 VETO] SIG momentum 3
M=1.9 6M=3.0
2026-03-02 17:56:46,485 modules.ml_screener [DEBUG] [ML Progress] Stage 2 48% —
 ASPI 已檢查 201/2604…
2026-03-02 17:56:46,494 modules.ml_screener [DEBUG] [ML S2 VETO] SLB ADR=2.7% <
 4.0%
2026-03-02 17:56:46,495 modules.ml_screener [DEBUG] [ML S2 VETO] SKY ADR=3.8% <
 4.0%
2026-03-02 17:56:46,496 modules.ml_screener [DEBUG] [ML S2 VETO] SKYW ADR=3.6% 
< 4.0%
2026-03-02 17:56:46,498 modules.ml_screener [DEBUG] [ML S2 VETO] SLAB ADR=0.7% 
< 4.0%
2026-03-02 17:56:46,502 modules.ml_screener [DEBUG] [ML S2 VETO] SLGN ADR=1.9% 
< 4.0%
2026-03-02 17:56:46,504 modules.ml_screener [DEBUG] [ML S2 VETO] SLF ADR=2.3% <
 4.0%
2026-03-02 17:56:46,504 modules.ml_screener [DEBUG] [ML Progress] Stage 2 48% —
 ASST 已檢查 202/2604…
2026-03-02 17:56:46,506 modules.ml_screener [DEBUG] [ML S2 VETO] SLG below EMA5
0
2026-03-02 17:56:46,510 modules.ml_screener [DEBUG] [ML S2 VETO] SLM below EMA5
0
2026-03-02 17:56:46,515 modules.ml_screener [DEBUG] [ML S2 VETO] SLNO below EMA
50
2026-03-02 17:56:46,519 modules.ml_screener [DEBUG] [ML S2 WEEKLY VETO] SKWD we
ekly downtrend (W-EMA10<W-EMA40)
2026-03-02 17:56:46,520 modules.ml_screener [DEBUG] [ML S2 VETO] SLVM below EMA
50
2026-03-02 17:56:46,526 modules.ml_screener [DEBUG] [ML S2 VETO] SMCI below EMA
50
2026-03-02 17:56:46,526 modules.ml_screener [DEBUG] [ML S2 VETO] SLRC ADR=2.7% 
< 4.0%
2026-03-02 17:56:46,527 modules.ml_screener [DEBUG] [ML S2 VETO] SMA ADR=3.8% <
 4.0%
2026-03-02 17:56:46,527 modules.ml_screener [DEBUG] [ML S2 VETO] SMFG ADR=2.1% 
< 4.0%
2026-03-02 17:56:46,527 modules.ml_screener [DEBUG] [ML Progress] Stage 2 48% —
 ASIX 已檢查 203/2604…
2026-03-02 17:56:46,532 modules.ml_screener [DEBUG] [ML S2 VETO] SMPL below EMA
50
2026-03-02 17:56:46,532 modules.ml_screener [DEBUG] [ML S2 VETO] SMG ADR=2.8% <
 4.0%
2026-03-02 17:56:46,533 modules.ml_screener [DEBUG] [ML S2 VETO] SMR below EMA5
0
2026-03-02 17:56:46,541 modules.ml_screener [DEBUG] [ML S2 VETO] SLDE momentum 
3M=20.0 6M=34.9
2026-03-02 17:56:46,545 modules.ml_screener [DEBUG] [ML S2 WEEKLY VETO] SM week
ly downtrend (W-EMA10<W-EMA40)
2026-03-02 17:56:46,547 modules.ml_screener [DEBUG] [ML S2 VETO] SNA ADR=2.0% <
 4.0%
2026-03-02 17:56:46,549 modules.ml_screener [DEBUG] [ML S2 VETO] SNAP below EMA
50
2026-03-02 17:56:46,550 modules.ml_screener [DEBUG] [ML S2 WEEKLY VETO] SMMT we
ekly downtrend (W-EMA10<W-EMA40)
2026-03-02 17:56:46,552 modules.ml_screener [DEBUG] [ML S2 VETO] SNBR below EMA
50
2026-03-02 17:56:46,553 modules.ml_screener [INFO] [ML S2 PASS] ASM ADR=7.9% $V
ol=$60.1M
2026-03-02 17:56:46,559 modules.ml_screener [DEBUG] [ML S2 VETO] SND $Vol=21124
19 < 5000000
2026-03-02 17:56:46,561 modules.ml_screener [DEBUG] [ML S2 VETO] SNDR ADR=3.8% 
< 4.0%
2026-03-02 17:56:46,564 modules.ml_screener [DEBUG] [ML S2 VETO] SNEX ADR=3.7% 
< 4.0%
2026-03-02 17:56:46,572 modules.ml_screener [DEBUG] [ML S2 VETO] SNOW below EMA
50
2026-03-02 17:56:46,573 modules.ml_screener [DEBUG] [ML S2 VETO] SNPS below EMA
50
2026-03-02 17:56:46,575 modules.ml_screener [DEBUG] [ML S2 VETO] SNN ADR=1.4% <
 4.0%
2026-03-02 17:56:46,575 modules.ml_screener [DEBUG] [ML S2 VETO] SNX ADR=3.3% <
 4.0%
2026-03-02 17:56:46,577 modules.ml_screener [DEBUG] [ML S2 VETO] SNY ADR=1.7% <
 4.0%
2026-03-02 17:56:46,578 modules.ml_screener [DEBUG] [ML Progress] Stage 2 48% —
 ASM 已檢查 204/2604…
2026-03-02 17:56:46,578 modules.ml_screener [DEBUG] [ML S2 VETO] SO ADR=2.0% < 
4.0%
2026-03-02 17:56:46,582 modules.ml_screener [DEBUG] [ML S2 VETO] SOC below EMA5
0
2026-03-02 17:56:46,583 modules.ml_screener [DEBUG] [ML S2 VETO] SOBO ADR=2.4% 
< 4.0%
2026-03-02 17:56:46,587 modules.ml_screener [DEBUG] [ML S2 VETO] SOFI below EMA
50
2026-03-02 17:56:46,588 modules.ml_screener [DEBUG] [ML S2 VETO] SOLS no rising
 EMAs
2026-03-02 17:56:46,589 modules.ml_screener [DEBUG] [ML S2 VETO] SOLV ADR=3.3% 
< 4.0%
2026-03-02 17:56:46,589 modules.ml_screener [DEBUG] [ML S2 VETO] SOMN ADR=1.4% 
< 4.0%
2026-03-02 17:56:46,590 modules.ml_screener [DEBUG] [ML S2 VETO] SON ADR=2.9% <
 4.0%
2026-03-02 17:56:46,592 modules.ml_screener [DEBUG] [ML S2 VETO] SONY ADR=1.7% 
< 4.0%
2026-03-02 17:56:46,593 modules.ml_screener [DEBUG] [ML S2 VETO] SNDX momentum 
3M=29.9 6M=33.5
2026-03-02 17:56:46,593 modules.ml_screener [DEBUG] [ML Progress] Stage 2 48% —
 ASTS 已檢查 205/2604…
2026-03-02 17:56:46,595 modules.ml_screener [DEBUG] [ML S2 VETO] SONO below EMA
50
2026-03-02 17:56:46,596 modules.ml_screener [DEBUG] [ML S2 VETO] SOUN below EMA
50
2026-03-02 17:56:46,597 modules.ml_screener [DEBUG] [ML S2 VETO] SPB ADR=3.0% <
 4.0%
2026-03-02 17:56:46,599 modules.ml_screener [DEBUG] [ML S2 VETO] SPG ADR=1.9% <
 4.0%
2026-03-02 17:56:46,599 modules.ml_screener [DEBUG] [ML S2 VETO] SPAI $Vol=2173
908 < 5000000
2026-03-02 17:56:46,601 modules.ml_screener [DEBUG] [ML S2 VETO] SPGI ADR=3.4% 
< 4.0%
2026-03-02 17:56:46,603 modules.ml_screener [DEBUG] [ML S2 VETO] SPNT ADR=3.7% 
< 4.0%
2026-03-02 17:56:46,604 modules.ml_screener [DEBUG] [ML S2 VETO] SPIR $Vol=4804
705 < 5000000
2026-03-02 17:56:46,606 modules.ml_screener [DEBUG] [ML S2 VETO] SPOK ADR=3.3% 
< 4.0%
2026-03-02 17:56:46,610 modules.ml_screener [INFO] [ML S2 PASS] ASO ADR=4.3% $V
ol=$79.7M
2026-03-02 17:56:46,612 modules.ml_screener [DEBUG] [ML S2 VETO] SPRY below EMA
50
2026-03-02 17:56:46,615 modules.ml_screener [DEBUG] [ML S2 VETO] SPT below EMA5
0
2026-03-02 17:56:46,616 modules.ml_screener [DEBUG] [ML S2 VETO] SQM ADR=3.7% <
 4.0%
2026-03-02 17:56:46,619 modules.ml_screener [DEBUG] [ML S2 VETO] SPSC below EMA
50
2026-03-02 17:56:46,623 modules.ml_screener [DEBUG] [ML S2 VETO] SRAD ADR=3.7% 
< 4.0%
2026-03-02 17:56:46,625 modules.ml_screener [DEBUG] [ML S2 VETO] SR ADR=2.1% < 
4.0%
2026-03-02 17:56:46,625 modules.ml_screener [DEBUG] [ML S2 VETO] SRE ADR=2.4% <
 4.0%
2026-03-02 17:56:46,626 modules.ml_screener [DEBUG] [ML S2 VETO] SSB ADR=3.1% <
 4.0%
2026-03-02 17:56:46,627 modules.ml_screener [DEBUG] [ML S2 VETO] SRRK ADR=3.7% 
< 4.0%
2026-03-02 17:56:46,627 modules.ml_screener [DEBUG] [ML Progress] Stage 2 48% —
 ASO 已檢查 206/2604…
2026-03-02 17:56:46,629 modules.ml_screener [DEBUG] [ML S2 VETO] SRPT below EMA
50
2026-03-02 17:56:46,631 modules.ml_screener [DEBUG] [ML S2 WEEKLY VETO] SPOT we
ekly downtrend (W-EMA10<W-EMA40)
2026-03-02 17:56:46,631 modules.ml_screener [DEBUG] [ML S2 VETO] SPXC momentum 
3M=10.5 6M=17.9
2026-03-02 17:56:46,632 modules.ml_screener [DEBUG] [ML S2 VETO] SSL ADR=3.5% <
 4.0%
2026-03-02 17:56:46,633 modules.ml_screener [DEBUG] [ML S2 VETO] SSNC ADR=3.1% 
< 4.0%
2026-03-02 17:56:46,638 modules.ml_screener [DEBUG] [ML S2 VETO] SSTK below EMA
50
2026-03-02 17:56:46,640 modules.ml_screener [DEBUG] [ML S2 VETO] SSYS below EMA
50
2026-03-02 17:56:46,641 modules.ml_screener [DEBUG] [ML S2 VETO] ST ADR=4.0% < 
4.0%
2026-03-02 17:56:46,642 modules.ml_screener [DEBUG] [ML S2 VETO] STAA below EMA
50
2026-03-02 17:56:46,643 modules.ml_screener [DEBUG] [ML S2 VETO] STBA ADR=2.9% 
< 4.0%
2026-03-02 17:56:46,643 modules.ml_screener [DEBUG] [ML Progress] Stage 2 48% —
 ASTH 已檢查 207/2604…
2026-03-02 17:56:46,644 modules.ml_screener [DEBUG] [ML S2 VETO] STE ADR=2.1% <
 4.0%
2026-03-02 17:56:46,645 modules.ml_screener [DEBUG] [ML S2 VETO] STEL ADR=2.0% 
< 4.0%
2026-03-02 17:56:46,647 modules.ml_screener [DEBUG] [ML S2 VETO] STEP below EMA
50
2026-03-02 17:56:46,648 modules.ml_screener [DEBUG] [ML S2 VETO] STKL ADR=0.7% 
< 4.0%
2026-03-02 17:56:46,650 modules.ml_screener [DEBUG] [ML S2 VETO] STLD ADR=3.2% 
< 4.0%
2026-03-02 17:56:46,650 modules.ml_screener [DEBUG] [ML S2 VETO] STM ADR=2.9% <
 4.0%
2026-03-02 17:56:46,655 modules.ml_screener [DEBUG] [ML S2 VETO] STLA ADR=2.8% 
< 4.0%
2026-03-02 17:56:46,659 modules.ml_screener [DEBUG] [ML Progress] Stage 2 48% —
 ATAT 已檢查 208/2604…
2026-03-02 17:56:46,660 modules.ml_screener [DEBUG] [ML S2 VETO] STN below EMA5
0
2026-03-02 17:56:46,662 modules.ml_screener [DEBUG] [ML S2 VETO] STNG ADR=3.4% 
< 4.0%
2026-03-02 17:56:46,663 modules.ml_screener [DEBUG] [ML S2 VETO] STRA no rising
 EMAs
2026-03-02 17:56:46,663 modules.ml_screener [DEBUG] [ML S2 VETO] STRC ADR=0.4% 
< 4.0%
2026-03-02 17:56:46,666 modules.ml_screener [DEBUG] [ML S2 VETO] STT ADR=3.5% <
 4.0%
2026-03-02 17:56:46,669 modules.ml_screener [DEBUG] [ML S2 VETO] STVN below EMA
50
2026-03-02 17:56:46,672 modules.ml_screener [DEBUG] [ML S2 VETO] STNE momentum 
3M=6.3 6M=5.5
2026-03-02 17:56:46,673 modules.ml_screener [DEBUG] [ML S2 VETO] STWD ADR=1.7% 
< 4.0%
2026-03-02 17:56:46,674 modules.ml_screener [DEBUG] [ML S2 VETO] STUB no rising
 EMAs
2026-03-02 17:56:46,674 modules.ml_screener [DEBUG] [ML Progress] Stage 2 48% —
 ASX 已檢查 209/2604…
2026-03-02 17:56:46,680 modules.ml_screener [DEBUG] [ML S2 VETO] SU ADR=2.1% < 
4.0%
2026-03-02 17:56:46,681 modules.ml_screener [DEBUG] [ML S2 VETO] STZ ADR=2.9% <
 4.0%
2026-03-02 17:56:46,682 modules.ml_screener [DEBUG] [ML S2 VETO] SUN ADR=3.1% <
 4.0%
2026-03-02 17:56:46,684 modules.ml_screener [DEBUG] [ML S2 VETO] SUI ADR=2.3% <
 4.0%
2026-03-02 17:56:46,685 modules.ml_screener [DEBUG] [ML S2 VETO] SUNC ADR=2.9% 
< 4.0%
2026-03-02 17:56:46,685 modules.ml_screener [DEBUG] [ML S2 VETO] SUZ ADR=2.2% <
 4.0%
2026-03-02 17:56:46,690 modules.ml_screener [DEBUG] [ML S2 VETO] STRL momentum 
3M=28.1 6M=48.0
2026-03-02 17:56:46,692 modules.ml_screener [DEBUG] [ML S2 VETO] SUPV below EMA
50
2026-03-02 17:56:46,693 modules.ml_screener [DEBUG] [ML Progress] Stage 2 48% —
 ATEC 已檢查 210/2604…
2026-03-02 17:56:46,715 modules.ml_screener [INFO] [ML S2 PASS] ASTE ADR=4.6% $
Vol=$13.8M
2026-03-02 17:56:46,701 modules.ml_screener [DEBUG] [ML S2 VETO] SVV below EMA5
0
2026-03-02 17:56:46,708 modules.ml_screener [DEBUG] [ML S2 VETO] SWK ADR=3.5% <
 4.0%
2026-03-02 17:56:46,710 modules.ml_screener [DEBUG] [ML S2 VETO] SUPN momentum 
3M=19.8 6M=21.4
2026-03-02 17:56:46,711 modules.ml_screener [DEBUG] [ML S2 VETO] SWKS ADR=3.6% 
< 4.0%
2026-03-02 17:56:46,714 modules.ml_screener [DEBUG] [ML S2 VETO] SXC below EMA5
0
2026-03-02 17:56:46,715 modules.ml_screener [DEBUG] [ML Progress] Stage 2 48% —
 ASTE 已檢查 211/2604…
2026-03-02 17:56:46,716 modules.ml_screener [DEBUG] [ML S2 VETO] SWX ADR=2.4% <
 4.0%
2026-03-02 17:56:46,698 modules.ml_screener [DEBUG] [ML S2 VETO] SWBI ADR=2.4% 
< 4.0%
2026-03-02 17:56:46,717 modules.ml_screener [DEBUG] [ML S2 VETO] SYF ADR=3.5% <
 4.0%
2026-03-02 17:56:46,727 modules.ml_screener [DEBUG] [ML S2 VETO] SYK ADR=2.4% <
 4.0%
2026-03-02 17:56:46,727 modules.ml_screener [DEBUG] [ML S2 WEEKLY VETO] SWIM we
ekly downtrend (W-EMA10<W-EMA40)
2026-03-02 17:56:46,729 modules.ml_screener [DEBUG] [ML S2 VETO] SYM below EMA5
0
2026-03-02 17:56:46,730 modules.ml_screener [DEBUG] [ML S2 VETO] SYNA below EMA
50
2026-03-02 17:56:46,734 modules.ml_screener [DEBUG] [ML Progress] Stage 2 48% —
 ASND 已檢查 212/2604…
2026-03-02 17:56:46,734 modules.ml_screener [DEBUG] [ML S2 VETO] TAC ADR=3.5% <
 4.0%
2026-03-02 17:56:46,736 modules.ml_screener [DEBUG] [ML S2 VETO] T ADR=2.4% < 4
.0%
2026-03-02 17:56:46,738 modules.ml_screener [DEBUG] [ML S2 VETO] SYY ADR=2.1% <
 4.0%
2026-03-02 17:56:46,738 modules.ml_screener [DEBUG] [ML S2 VETO] SXT momentum 3
M=9.6 6M=-9.8
2026-03-02 17:56:46,740 modules.ml_screener [DEBUG] [ML S2 VETO] TAL ADR=3.7% <
 4.0%
2026-03-02 17:56:46,741 modules.ml_screener [DEBUG] [ML S2 VETO] TAK ADR=1.1% <
 4.0%
2026-03-02 17:56:46,748 modules.ml_screener [INFO] [ML S2 PASS] ATEX ADR=7.7% $
Vol=$17.2M
2026-03-02 17:56:46,751 modules.ml_screener [DEBUG] [ML S2 VETO] TAP ADR=3.3% <
 4.0%
2026-03-02 17:56:46,754 modules.ml_screener [DEBUG] [ML S2 VETO] TASK below EMA
50
2026-03-02 17:56:46,754 modules.ml_screener [DEBUG] [ML S2 VETO] TBBB ADR=3.3% 
< 4.0%
2026-03-02 17:56:46,758 modules.ml_screener [DEBUG] [ML S2 VETO] TALO momentum 
3M=14.2 6M=28.3
2026-03-02 17:56:46,761 modules.ml_screener [DEBUG] [ML S2 VETO] TBBK below EMA
50
2026-03-02 17:56:46,763 modules.ml_screener [DEBUG] [ML S2 VETO] TBPH below EMA
50
2026-03-02 17:56:46,768 modules.ml_screener [DEBUG] [ML S2 VETO] TCBI ADR=3.6% 
< 4.0%
2026-03-02 17:56:46,770 modules.ml_screener [DEBUG] [ML S2 VETO] TARS momentum 
3M=-2.1 6M=30.6
2026-03-02 17:56:46,771 modules.ml_screener [DEBUG] [ML S2 VETO] TD ADR=1.7% < 
4.0%
2026-03-02 17:56:46,772 modules.ml_screener [DEBUG] [ML S2 VETO] TCOM ADR=2.5% 
< 4.0%
2026-03-02 17:56:46,772 modules.ml_screener [DEBUG] [ML Progress] Stage 2 48% —
 ATEX 已檢查 213/2604…
2026-03-02 17:56:46,779 modules.ml_screener [DEBUG] [ML S2 VETO] TDOC below EMA
50
2026-03-02 17:56:46,780 modules.ml_screener [DEBUG] [ML S2 VETO] TDG ADR=2.5% <
 4.0%
2026-03-02 17:56:46,781 modules.ml_screener [DEBUG] [ML S2 VETO] TDS ADR=3.2% <
 4.0%
2026-03-02 17:56:46,785 modules.ml_screener [DEBUG] [ML S2 VETO] TDY ADR=2.5% <
 4.0%
2026-03-02 17:56:46,792 modules.ml_screener [DEBUG] [ML S2 VETO] TDC momentum 3
M=18.4 6M=49.2
2026-03-02 17:56:46,794 modules.ml_screener [DEBUG] [ML S2 VETO] TE below EMA50
2026-03-02 17:56:46,795 modules.ml_screener [DEBUG] [ML S2 VETO] TEAM below EMA
50
2026-03-02 17:56:46,797 modules.ml_screener [DEBUG] [ML S2 VETO] TECK ADR=3.8% 
< 4.0%
2026-03-02 17:56:46,797 modules.ml_screener [DEBUG] [ML S2 VETO] TEL ADR=3.6% <
 4.0%
2026-03-02 17:56:46,798 modules.ml_screener [DEBUG] [ML Progress] Stage 2 48% —
 ATEN 已檢查 214/2604…
2026-03-02 17:56:46,799 modules.ml_screener [DEBUG] [ML S2 VETO] TECH below EMA
50
2026-03-02 17:56:46,802 modules.ml_screener [DEBUG] [ML S2 VETO] TEM below EMA5
0
2026-03-02 17:56:46,809 modules.ml_screener [DEBUG] [ML S2 VETO] TENB below EMA
50
2026-03-02 17:56:46,810 modules.ml_screener [DEBUG] [ML S2 VETO] TEN ADR=3.7% <
 4.0%
2026-03-02 17:56:46,811 modules.ml_screener [DEBUG] [ML S2 VETO] TEVA ADR=2.6% 
< 4.0%
2026-03-02 17:56:46,818 modules.ml_screener [DEBUG] [ML Progress] Stage 2 48% —
 ATI 已檢查 215/2604…
2026-03-02 17:56:46,819 modules.ml_screener [DEBUG] [ML S2 VETO] TFIN below EMA
50
2026-03-02 17:56:46,819 modules.ml_screener [DEBUG] [ML S2 VETO] TFC ADR=2.9% <
 4.0%
2026-03-02 17:56:46,822 modules.ml_screener [DEBUG] [ML S2 VETO] TFPM ADR=3.7% 
< 4.0%
2026-03-02 17:56:46,828 modules.ml_screener [DEBUG] [ML S2 VETO] TFSL ADR=2.8% 
< 4.0%
2026-03-02 17:56:46,832 modules.ml_screener [DEBUG] [ML S2 VETO] TGLS below EMA
50
2026-03-02 17:56:46,835 modules.ml_screener [DEBUG] [ML Progress] Stage 2 48% —
 ATHM 已檢查 216/2604…
2026-03-02 17:56:46,835 modules.ml_screener [DEBUG] [ML S2 VETO] TGNA ADR=0.8% 
< 4.0%
2026-03-02 17:56:46,836 modules.ml_screener [DEBUG] [ML S2 VETO] TGT ADR=2.8% <
 4.0%
2026-03-02 17:56:46,843 modules.ml_screener [DEBUG] [ML S2 VETO] TGTX below EMA
50
2026-03-02 17:56:46,844 modules.ml_screener [DEBUG] [ML S2 VETO] TH $Vol=283598
4 < 5000000
2026-03-02 17:56:46,852 modules.ml_screener [DEBUG] [ML S2 VETO] THO ADR=3.9% <
 4.0%
2026-03-02 17:56:46,861 modules.ml_screener [DEBUG] [ML S2 VETO] TIC below EMA5
0
2026-03-02 17:56:46,862 modules.ml_screener [INFO] [ML S2 PASS] ASTI ADR=18.6% 
$Vol=$18.6M
2026-03-02 17:56:46,863 modules.ml_screener [DEBUG] [ML S2 VETO] THRM below EMA
50
2026-03-02 17:56:46,864 modules.ml_screener [DEBUG] [ML S2 VETO] TIGO ADR=3.5% 
< 4.0%
2026-03-02 17:56:46,866 modules.ml_screener [DEBUG] [ML S2 VETO] TIGR below EMA
50
2026-03-02 17:56:46,869 modules.ml_screener [DEBUG] [ML S2 WEEKLY VETO] TFX wee
kly downtrend (W-EMA10<W-EMA40)
2026-03-02 17:56:46,870 modules.ml_screener [DEBUG] [ML S2 VETO] THC momentum 3
M=23.2 6M=31.6
2026-03-02 17:56:46,875 modules.ml_screener [DEBUG] [ML S2 VETO] TJX ADR=2.2% <
 4.0%
2026-03-02 17:56:46,878 modules.ml_screener [DEBUG] [ML S2 VETO] TK ADR=3.9% < 
4.0%
2026-03-02 17:56:46,879 modules.ml_screener [DEBUG] [ML S2 VETO] TIMB ADR=2.2% 
< 4.0%
2026-03-02 17:56:46,879 modules.ml_screener [DEBUG] [ML S2 VETO] TKC ADR=1.6% <
 4.0%
2026-03-02 17:56:46,880 modules.ml_screener [DEBUG] [ML S2 VETO] TKO ADR=4.0% <
 4.0%
2026-03-02 17:56:46,881 modules.ml_screener [DEBUG] [ML S2 VETO] TKR ADR=2.9% <
 4.0%
2026-03-02 17:56:46,881 modules.ml_screener [DEBUG] [ML Progress] Stage 2 49% —
 ASTI 已檢查 217/2604…
2026-03-02 17:56:46,883 modules.ml_screener [DEBUG] [ML S2 VETO] TLK ADR=1.6% <
 4.0%
2026-03-02 17:56:46,888 modules.ml_screener [DEBUG] [ML S2 VETO] TILE momentum 
3M=22.7 6M=16.3
2026-03-02 17:56:46,888 modules.ml_screener [DEBUG] [ML S2 VETO] TLX ADR=3.6% <
 4.0%
2026-03-02 17:56:46,889 modules.ml_screener [DEBUG] [ML S2 VETO] TLRY below EMA
50
2026-03-02 17:56:46,892 modules.ml_screener [DEBUG] [ML S2 VETO] TME ADR=4.0% <
 4.0%
2026-03-02 17:56:46,893 modules.ml_screener [DEBUG] [ML S2 VETO] TMC below EMA5
0
2026-03-02 17:56:46,898 modules.ml_screener [DEBUG] [ML S2 VETO] TMO ADR=2.6% <
 4.0%
2026-03-02 17:56:46,899 modules.ml_screener [DEBUG] [ML S2 VETO] TMHC ADR=3.2% 
< 4.0%
2026-03-02 17:56:46,900 modules.ml_screener [DEBUG] [ML S2 VETO] TMUS ADR=3.1% 
< 4.0%
2026-03-02 17:56:46,900 modules.ml_screener [DEBUG] [ML Progress] Stage 2 49% —
 ATMU 已檢查 218/2604…
2026-03-02 17:56:46,901 modules.ml_screener [DEBUG] [ML S2 VETO] TLN momentum 3
M=-5.0 6M=-2.8
2026-03-02 17:56:46,902 modules.ml_screener [DEBUG] [ML S2 VETO] TNC ADR=3.5% <
 4.0%
2026-03-02 17:56:46,904 modules.ml_screener [DEBUG] [ML S2 VETO] TMDX momentum 
3M=8.8 6M=23.8
2026-03-02 17:56:46,909 modules.ml_screener [DEBUG] [ML S2 VETO] TNET below EMA
50
2026-03-02 17:56:46,911 modules.ml_screener [DEBUG] [ML S2 VETO] TNGX below EMA
50
2026-03-02 17:56:46,912 modules.ml_screener [DEBUG] [ML S2 VETO] TNL ADR=3.4% <
 4.0%
2026-03-02 17:56:46,912 modules.ml_screener [DEBUG] [ML S2 VETO] TNK ADR=3.3% <
 4.0%
2026-03-02 17:56:46,914 modules.ml_screener [DEBUG] [ML S2 VETO] TNXP below EMA
50
2026-03-02 17:56:46,916 modules.ml_screener [DEBUG] [ML S2 VETO] TOL ADR=3.3% <
 4.0%
2026-03-02 17:56:46,918 modules.ml_screener [DEBUG] [ML S2 VETO] TOWN ADR=2.8% 
< 4.0%
2026-03-02 17:56:46,918 modules.ml_screener [INFO] [ML S2 PASS] ATRO ADR=5.9% $
Vol=$49.2M
2026-03-02 17:56:46,920 modules.ml_screener [DEBUG] [ML S2 VETO] TPC below EMA5
0
2026-03-02 17:56:46,921 modules.ml_screener [DEBUG] [ML S2 VETO] TOST below EMA
50
2026-03-02 17:56:46,923 modules.ml_screener [DEBUG] [ML S2 VETO] TPH ADR=1.1% <
 4.0%
2026-03-02 17:56:46,924 modules.ml_screener [DEBUG] [ML S2 VETO] TPG below EMA5
0
2026-03-02 17:56:46,926 modules.ml_screener [DEBUG] [ML S2 VETO] TPR ADR=3.1% <
 4.0%
2026-03-02 17:56:46,930 modules.ml_screener [DEBUG] [ML S2 VETO] TREE below EMA
50
2026-03-02 17:56:46,931 modules.ml_screener [DEBUG] [ML S2 VETO] TPVG ADR=3.1% 
< 4.0%
2026-03-02 17:56:46,931 modules.ml_screener [DEBUG] [ML S2 VETO] TRGP ADR=3.0% 
< 4.0%
2026-03-02 17:56:46,934 modules.ml_screener [DEBUG] [ML S2 VETO] TRI below EMA5
0
2026-03-02 17:56:46,934 modules.ml_screener [DEBUG] [ML Progress] Stage 2 49% —
 ATRO 已檢查 219/2604…
2026-03-02 17:56:46,936 modules.ml_screener [DEBUG] [ML S2 VETO] TRIN ADR=2.6% 
< 4.0%
2026-03-02 17:56:46,938 modules.ml_screener [DEBUG] [ML S2 VETO] TRIP below EMA
50
2026-03-02 17:56:46,943 modules.ml_screener [DEBUG] [ML S2 VETO] TRMB ADR=3.5% 
< 4.0%
2026-03-02 17:56:46,943 modules.ml_screener [DEBUG] [ML S2 VETO] TRN ADR=2.9% <
 4.0%
2026-03-02 17:56:46,944 modules.ml_screener [DEBUG] [ML S2 VETO] TRMD ADR=2.7% 
< 4.0%
2026-03-02 17:56:46,948 modules.ml_screener [DEBUG] [ML S2 VETO] TROW ADR=2.3% 
< 4.0%
2026-03-02 17:56:46,948 modules.ml_screener [DEBUG] [ML S2 VETO] TRP ADR=2.2% <
 4.0%
2026-03-02 17:56:46,948 modules.ml_screener [DEBUG] [ML S2 VETO] TRNO ADR=1.9% 
< 4.0%
2026-03-02 17:56:46,949 modules.ml_screener [DEBUG] [ML S2 VETO] TRMK ADR=2.7% 
< 4.0%
2026-03-02 17:56:46,950 modules.ml_screener [DEBUG] [ML S2 WEEKLY VETO] TREX we
ekly downtrend (W-EMA10<W-EMA40)
2026-03-02 17:56:46,952 modules.ml_screener [DEBUG] [ML S2 VETO] TRS ADR=3.9% <
 4.0%
2026-03-02 17:56:46,953 modules.ml_screener [INFO] [ML S2 PASS] AU ADR=4.8% $Vo
l=$314.4M
2026-03-02 17:56:46,956 modules.ml_screener [DEBUG] [ML S2 VETO] TRU below EMA5
0
2026-03-02 17:56:46,958 modules.ml_screener [DEBUG] [ML S2 VETO] TRUP below EMA
50
2026-03-02 17:56:46,958 modules.ml_screener [DEBUG] [ML S2 VETO] TRTX ADR=2.5% 
< 4.0%
2026-03-02 17:56:46,958 modules.ml_screener [DEBUG] [ML S2 VETO] TRV ADR=2.0% <
 4.0%
2026-03-02 17:56:46,962 modules.ml_screener [DEBUG] [ML S2 VETO] TS ADR=2.0% < 
4.0%
2026-03-02 17:56:46,965 modules.ml_screener [DEBUG] [ML S2 VETO] TSCO ADR=3.0% 
< 4.0%
2026-03-02 17:56:46,967 modules.ml_screener [DEBUG] [ML S2 VETO] TSLA ADR=3.1% 
< 4.0%
2026-03-02 17:56:46,970 modules.ml_screener [DEBUG] [ML S2 VETO] TSLX ADR=3.3% 
< 4.0%
2026-03-02 17:56:46,971 modules.ml_screener [DEBUG] [ML S2 VETO] TSM ADR=3.8% <
 4.0%
2026-03-02 17:56:46,971 modules.ml_screener [DEBUG] [ML Progress] Stage 2 49% —
 AU 已檢查 220/2604…
2026-03-02 17:56:46,972 modules.ml_screener [DEBUG] [ML S2 VETO] TSN ADR=2.0% <
 4.0%
2026-03-02 17:56:46,973 modules.ml_screener [DEBUG] [ML S2 VETO] TRVI momentum 
3M=8.0 6M=49.0
2026-03-02 17:56:46,980 modules.ml_screener [DEBUG] [ML S2 VETO] TTD below EMA5
0
2026-03-02 17:56:46,982 modules.ml_screener [DEBUG] [ML S2 VETO] TTAN below EMA
50
2026-03-02 17:56:46,982 modules.ml_screener [DEBUG] [ML S2 VETO] TTC ADR=2.2% <
 4.0%
2026-03-02 17:56:46,983 modules.ml_screener [DEBUG] [ML S2 VETO] TTE ADR=1.3% <
 4.0%
2026-03-02 17:56:46,983 modules.ml_screener [DEBUG] [ML S2 VETO] TT ADR=2.4% < 
4.0%
2026-03-02 17:56:46,989 modules.ml_screener [DEBUG] [ML S2 VETO] TTI below EMA5
0
2026-03-02 17:56:46,990 modules.ml_screener [DEBUG] [ML S2 VETO] TTEK below EMA
50
2026-03-02 17:56:46,991 modules.ml_screener [DEBUG] [ML Progress] Stage 2 49% —
 ATO 已檢查 221/2604…
2026-03-02 17:56:46,994 modules.ml_screener [DEBUG] [ML S2 VETO] TU ADR=1.7% < 
4.0%
2026-03-02 17:56:46,994 modules.ml_screener [DEBUG] [ML S2 VETO] TTWO ADR=3.7% 
< 4.0%
2026-03-02 17:56:46,997 modules.ml_screener [DEBUG] [ML S2 WEEKLY VETO] TSSI we
ekly downtrend (W-EMA10<W-EMA40)
2026-03-02 17:56:46,999 modules.ml_screener [DEBUG] [ML S2 VETO] TVTX below EMA
50
2026-03-02 17:56:47,001 modules.ml_screener [DEBUG] [ML S2 VETO] TWFG below EMA
50
2026-03-02 17:56:47,003 modules.ml_screener [DEBUG] [ML S2 VETO] TW ADR=3.4% < 
4.0%
2026-03-02 17:56:47,009 modules.ml_screener [DEBUG] [ML S2 VETO] TWLO below EMA
50
2026-03-02 17:56:47,011 modules.ml_screener [DEBUG] [ML S2 VETO] TWO below EMA5
0
2026-03-02 17:56:47,015 modules.ml_screener [DEBUG] [ML Progress] Stage 2 49% —
 ATLX 已檢查 222/2604…
2026-03-02 17:56:47,016 modules.ml_screener [DEBUG] [ML S2 VETO] TXN ADR=2.9% <
 4.0%
2026-03-02 17:56:47,019 modules.ml_screener [DEBUG] [ML S2 VETO] TXNM ADR=0.6% 
< 4.0%
2026-03-02 17:56:47,021 modules.ml_screener [DEBUG] [ML S2 VETO] TXRH ADR=2.9% 
< 4.0%
2026-03-02 17:56:47,023 modules.ml_screener [DEBUG] [ML S2 VETO] TXT ADR=2.5% <
 4.0%
2026-03-02 17:56:47,026 modules.ml_screener [DEBUG] [ML S2 VETO] TYL below EMA5
0
2026-03-02 17:56:47,032 modules.ml_screener [DEBUG] [ML S2 VETO] U below EMA50
2026-03-02 17:56:47,037 modules.ml_screener [DEBUG] [ML Progress] Stage 2 49% —
 ATR 已檢查 223/2604…
2026-03-02 17:56:47,040 modules.ml_screener [DEBUG] [ML S2 VETO] UBER ADR=3.3% 
< 4.0%
2026-03-02 17:56:47,044 modules.ml_screener [DEBUG] [ML S2 VETO] UAL below EMA5
0
2026-03-02 17:56:47,046 modules.ml_screener [DEBUG] [ML S2 VETO] UBSI ADR=2.7% 
< 4.0%
2026-03-02 17:56:47,047 modules.ml_screener [DEBUG] [ML S2 VETO] UBS ADR=1.8% <
 4.0%
2026-03-02 17:56:47,051 modules.ml_screener [DEBUG] [ML S2 VETO] UDMY below EMA
50
2026-03-02 17:56:47,053 modules.ml_screener [DEBUG] [ML S2 VETO] UCB ADR=2.8% <
 4.0%
2026-03-02 17:56:47,054 modules.ml_screener [DEBUG] [ML S2 VETO] UDR ADR=2.6% <
 4.0%
2026-03-02 17:56:47,055 modules.ml_screener [DEBUG] [ML Progress] Stage 2 49% —
 ATRC 已檢查 224/2604…
2026-03-02 17:56:47,058 modules.ml_screener [DEBUG] [ML S2 VETO] UE ADR=2.1% < 
4.0%
2026-03-02 17:56:47,061 modules.ml_screener [DEBUG] [ML S2 VETO] UEC below EMA5
0
2026-03-02 17:56:47,064 modules.ml_screener [DEBUG] [ML S2 VETO] UFPT below EMA
50
2026-03-02 17:56:47,066 modules.ml_screener [DEBUG] [ML S2 VETO] UFPI ADR=3.3% 
< 4.0%
2026-03-02 17:56:47,067 modules.ml_screener [DEBUG] [ML S2 VETO] UGI ADR=1.9% <
 4.0%
2026-03-02 17:56:47,068 modules.ml_screener [DEBUG] [ML S2 VETO] UHS ADR=3.6% <
 4.0%
2026-03-02 17:56:47,069 modules.ml_screener [DEBUG] [ML S2 VETO] UL ADR=1.4% < 
4.0%
2026-03-02 17:56:47,069 modules.ml_screener [DEBUG] [ML S2 VETO] UGP ADR=2.5% <
 4.0%
2026-03-02 17:56:47,071 modules.ml_screener [DEBUG] [ML S2 VETO] ULS ADR=3.9% <
 4.0%
2026-03-02 17:56:47,073 modules.ml_screener [DEBUG] [ML S2 VETO] ULTA ADR=2.9% 
< 4.0%
2026-03-02 17:56:47,073 modules.ml_screener [INFO] [ML S2 PASS] AUGO ADR=6.5% $
Vol=$74.6M
2026-03-02 17:56:47,079 modules.ml_screener [DEBUG] [ML S2 VETO] UMH ADR=2.2% <
 4.0%
2026-03-02 17:56:47,079 modules.ml_screener [DEBUG] [ML S2 VETO] UMC ADR=2.3% <
 4.0%
2026-03-02 17:56:47,080 modules.ml_screener [DEBUG] [ML S2 VETO] UMBF ADR=3.2% 
< 4.0%
2026-03-02 17:56:47,081 modules.ml_screener [DEBUG] [ML S2 VETO] UNCY $Vol=3759
283 < 5000000
2026-03-02 17:56:47,082 modules.ml_screener [DEBUG] [ML S2 VETO] UNFI ADR=3.6% 
< 4.0%
2026-03-02 17:56:47,082 modules.ml_screener [DEBUG] [ML S2 VETO] UNH ADR=2.8% <
 4.0%
2026-03-02 17:56:47,087 modules.ml_screener [DEBUG] [ML S2 VETO] UNIT below EMA
50
2026-03-02 17:56:47,089 modules.ml_screener [DEBUG] [ML S2 VETO] UNM ADR=3.0% <
 4.0%
2026-03-02 17:56:47,090 modules.ml_screener [DEBUG] [ML S2 VETO] UNP ADR=1.8% <
 4.0%
2026-03-02 17:56:47,091 modules.ml_screener [DEBUG] [ML Progress] Stage 2 49% —
 AUGO 已檢查 225/2604…
2026-03-02 17:56:47,094 modules.ml_screener [DEBUG] [ML S2 VETO] UPB below EMA5
0
2026-03-02 17:56:47,095 modules.ml_screener [DEBUG] [ML S2 VETO] UPS ADR=2.1% <
 4.0%
2026-03-02 17:56:47,096 modules.ml_screener [DEBUG] [ML S2 VETO] UPST below EMA
50
2026-03-02 17:56:47,101 modules.ml_screener [DEBUG] [ML S2 VETO] UPWK below EMA
50
2026-03-02 17:56:47,101 modules.ml_screener [DEBUG] [ML S2 VETO] URI ADR=3.4% <
 4.0%
2026-03-02 17:56:47,105 modules.ml_screener [DEBUG] [ML S2 VETO] USA ADR=1.0% <
 4.0%
2026-03-02 17:56:47,106 modules.ml_screener [DEBUG] [ML S2 VETO] URBN below EMA
50
2026-03-02 17:56:47,109 modules.ml_screener [DEBUG] [ML S2 VETO] USAR below EMA
50
2026-03-02 17:56:47,111 modules.ml_screener [DEBUG] [ML Progress] Stage 2 49% —
 AUB 已檢查 226/2604…
2026-03-02 17:56:47,116 modules.ml_screener [DEBUG] [ML S2 VETO] USB ADR=2.8% <
 4.0%
2026-03-02 17:56:47,126 modules.ml_screener [DEBUG] [ML S2 VETO] USFD ADR=3.3% 
< 4.0%
2026-03-02 17:56:47,127 modules.ml_screener [DEBUG] [ML S2 VETO] UTF ADR=1.0% <
 4.0%
2026-03-02 17:56:47,129 modules.ml_screener [DEBUG] [ML S2 VETO] UTZ below EMA5
0
2026-03-02 17:56:47,129 modules.ml_screener [DEBUG] [ML S2 VETO] UTHR ADR=3.6% 
< 4.0%
2026-03-02 17:56:47,132 modules.ml_screener [DEBUG] [ML S2 VETO] V ADR=2.4% < 4
.0%
2026-03-02 17:56:47,133 modules.ml_screener [DEBUG] [ML Progress] Stage 2 49% —
 AUNA 已檢查 227/2604…
2026-03-02 17:56:47,140 modules.ml_screener [DEBUG] [ML S2 VETO] URGN momentum 
3M=-14.1 6M=11.1
2026-03-02 17:56:47,142 modules.ml_screener [DEBUG] [ML S2 VETO] VC below EMA50
2026-03-02 17:56:47,144 modules.ml_screener [DEBUG] [ML S2 VETO] VCEL below EMA
50
2026-03-02 17:56:47,145 modules.ml_screener [DEBUG] [ML S2 VETO] VALE ADR=2.7% 
< 4.0%
2026-03-02 17:56:47,147 modules.ml_screener [DEBUG] [ML S2 VETO] VCTR ADR=3.3% 
< 4.0%
2026-03-02 17:56:47,152 modules.ml_screener [DEBUG] [ML S2 VETO] UTI momentum 3
M=22.8 6M=33.6
2026-03-02 17:56:47,154 modules.ml_screener [DEBUG] [ML S2 VETO] VECO below EMA
50
2026-03-02 17:56:47,154 modules.ml_screener [INFO] [ML S2 PASS] ATOM ADR=21.9% 
$Vol=$27.4M
2026-03-02 17:56:47,157 modules.ml_screener [DEBUG] [ML S2 VETO] VELO below EMA
50
2026-03-02 17:56:47,157 modules.ml_screener [DEBUG] [ML S2 VETO] VEEV ADR=4.0% 
< 4.0%
2026-03-02 17:56:47,159 modules.ml_screener [DEBUG] [ML S2 VETO] VCYT below EMA
50
2026-03-02 17:56:47,160 modules.ml_screener [DEBUG] [ML S2 WEEKLY VETO] VAC wee
kly downtrend (W-EMA10<W-EMA40)
2026-03-02 17:56:47,162 modules.ml_screener [DEBUG] [ML S2 VETO] VERX below EMA
50
2026-03-02 17:56:47,162 modules.ml_screener [DEBUG] [ML S2 VETO] VET ADR=3.6% <
 4.0%
2026-03-02 17:56:47,164 modules.ml_screener [DEBUG] [ML S2 VETO] VERA below EMA
50
2026-03-02 17:56:47,176 modules.ml_screener [DEBUG] [ML S2 VETO] VIA no rising 
EMAs
2026-03-02 17:56:47,177 modules.ml_screener [DEBUG] [ML Progress] Stage 2 49% —
 ATOM 已檢查 228/2604…
2026-03-02 17:56:47,178 modules.ml_screener [DEBUG] [ML S2 VETO] VICI ADR=1.8% 
< 4.0%
2026-03-02 17:56:47,179 modules.ml_screener [DEBUG] [ML S2 VETO] VIK ADR=3.5% <
 4.0%
2026-03-02 17:56:47,188 modules.ml_screener [DEBUG] [ML S2 VETO] VIPS ADR=3.5% 
< 4.0%
2026-03-02 17:56:47,188 modules.ml_screener [DEBUG] [ML S2 WEEKLY VETO] VG week
ly downtrend (W-EMA10<W-EMA40)
2026-03-02 17:56:47,188 modules.ml_screener [DEBUG] [ML S2 VETO] VIRT ADR=2.8% 
< 4.0%
2026-03-02 17:56:47,193 modules.ml_screener [DEBUG] [ML S2 VETO] VISN below EMA
50
2026-03-02 17:56:47,199 modules.ml_screener [DEBUG] [ML S2 VETO] VITL below EMA
50
2026-03-02 17:56:47,199 modules.ml_screener [DEBUG] [ML S2 VETO] VIST ADR=3.4% 
< 4.0%
2026-03-02 17:56:47,199 modules.ml_screener [DEBUG] [ML Progress] Stage 2 49% —
 AVA 已檢查 229/2604…
2026-03-02 17:56:47,201 modules.ml_screener [DEBUG] [ML S2 VETO] VIV ADR=2.4% <
 4.0%
2026-03-02 17:56:47,205 modules.ml_screener [DEBUG] [ML S2 VETO] VLO ADR=3.0% <
 4.0%
2026-03-02 17:56:47,207 modules.ml_screener [DEBUG] [ML S2 VETO] VLRS below EMA
50
2026-03-02 17:56:47,210 modules.ml_screener [DEBUG] [ML S2 VETO] VMC ADR=2.8% <
 4.0%
2026-03-02 17:56:47,210 modules.ml_screener [DEBUG] [ML S2 VETO] VLTO ADR=2.5% 
< 4.0%
2026-03-02 17:56:47,211 modules.ml_screener [DEBUG] [ML S2 VETO] VLY ADR=3.4% <
 4.0%
2026-03-02 17:56:47,215 modules.ml_screener [DEBUG] [ML S2 VETO] VNET below EMA
50
2026-03-02 17:56:47,218 modules.ml_screener [DEBUG] [ML S2 VETO] VNOM ADR=2.9% 
< 4.0%
2026-03-02 17:56:47,220 modules.ml_screener [DEBUG] [ML S2 VETO] VNO below EMA5
0
2026-03-02 17:56:47,221 modules.ml_screener [DEBUG] [ML S2 VETO] VKTX momentum 
3M=-6.1 6M=27.1
2026-03-02 17:56:47,221 modules.ml_screener [DEBUG] [ML Progress] Stage 2 49% —
 AUPH 已檢查 230/2604…
2026-03-02 17:56:47,226 modules.ml_screener [DEBUG] [ML S2 VETO] VOXR $Vol=4018
668 < 5000000
2026-03-02 17:56:47,227 modules.ml_screener [DEBUG] [ML S2 VETO] VOD ADR=1.5% <
 4.0%
2026-03-02 17:56:47,232 modules.ml_screener [DEBUG] [ML S2 VETO] VOYG below EMA
50
2026-03-02 17:56:47,233 modules.ml_screener [DEBUG] [ML S2 VETO] VOYA ADR=3.4% 
< 4.0%
2026-03-02 17:56:47,235 modules.ml_screener [DEBUG] [ML S2 VETO] VRDN below EMA
50
2026-03-02 17:56:47,235 modules.ml_screener [DEBUG] [ML S2 VETO] VRE ADR=1.7% <
 4.0%
2026-03-02 17:56:47,238 modules.ml_screener [DEBUG] [ML S2 VETO] VNT momentum 3
M=18.3 6M=-5.7
2026-03-02 17:56:47,243 modules.ml_screener [DEBUG] [ML S2 VETO] VRNS below EMA
50
2026-03-02 17:56:47,249 modules.ml_screener [DEBUG] [ML S2 VETO] VRRM ADR=3.7% 
< 4.0%
2026-03-02 17:56:47,250 modules.ml_screener [DEBUG] [ML S2 VETO] VRSN ADR=2.8% 
< 4.0%
2026-03-02 17:56:47,250 modules.ml_screener [DEBUG] [ML Progress] Stage 2 49% —
 AVAH 已檢查 231/2604…
2026-03-02 17:56:47,251 modules.ml_screener [DEBUG] [ML S2 WEEKLY VETO] VOR wee
kly downtrend (W-EMA10<W-EMA40)
2026-03-02 17:56:47,253 modules.ml_screener [DEBUG] [ML S2 WEEKLY VETO] VRSK we
ekly downtrend (W-EMA10<W-EMA40)
2026-03-02 17:56:47,255 modules.ml_screener [DEBUG] [ML S2 VETO] VRTX ADR=2.9% 
< 4.0%
2026-03-02 17:56:47,285 modules.ml_screener [DEBUG] [ML S2 VETO] VSNT no rising
 EMAs
2026-03-02 17:56:47,288 modules.ml_screener [DEBUG] [ML S2 VETO] VSTM below EMA
50
2026-03-02 17:56:47,290 modules.ml_screener [DEBUG] [ML S2 VETO] VTR ADR=1.8% <
 4.0%
2026-03-02 17:56:47,299 modules.ml_screener [DEBUG] [ML Progress] Stage 2 49% —
 AVAV 已檢查 232/2604…
2026-03-02 17:56:47,302 modules.ml_screener [DEBUG] [ML S2 VETO] VTS ADR=3.4% <
 4.0%
2026-03-02 17:56:47,303 modules.ml_screener [DEBUG] [ML S2 VETO] VTRS ADR=3.4% 
< 4.0%
2026-03-02 17:56:47,307 modules.ml_screener [DEBUG] [ML S2 VETO] VTYX ADR=0.2% 
< 4.0%
2026-03-02 17:56:47,309 modules.ml_screener [DEBUG] [ML S2 VETO] VVV ADR=2.5% <
 4.0%
2026-03-02 17:56:47,313 modules.ml_screener [DEBUG] [ML S2 VETO] VYX below EMA5
0
2026-03-02 17:56:47,316 modules.ml_screener [DEBUG] [ML S2 WEEKLY VETO] VST wee
kly downtrend (W-EMA10<W-EMA40)
2026-03-02 17:56:47,320 modules.ml_screener [DEBUG] [ML S2 VETO] VZ ADR=2.1% < 
4.0%
2026-03-02 17:56:47,322 modules.ml_screener [DEBUG] [ML S2 VETO] W below EMA50
2026-03-02 17:56:47,324 modules.ml_screener [DEBUG] [ML Progress] Stage 2 49% —
 AVNT 已檢查 233/2604…
2026-03-02 17:56:47,324 modules.ml_screener [DEBUG] [ML S2 VETO] WAB ADR=2.4% <
 4.0%
2026-03-02 17:56:47,329 modules.ml_screener [DEBUG] [ML S2 VETO] WAFD ADR=2.6% 
< 4.0%
2026-03-02 17:56:47,331 modules.ml_screener [DEBUG] [ML S2 VETO] WAL below EMA5
0
2026-03-02 17:56:47,336 modules.ml_screener [DEBUG] [ML S2 VETO] WAT ADR=3.9% <
 4.0%
2026-03-02 17:56:47,339 modules.ml_screener [DEBUG] [ML S2 VETO] WB ADR=2.8% < 
4.0%
2026-03-02 17:56:47,341 modules.ml_screener [DEBUG] [ML S2 VETO] WAY below EMA5
0
2026-03-02 17:56:47,341 modules.ml_screener [DEBUG] [ML S2 VETO] WBI no rising 
EMAs
2026-03-02 17:56:47,342 modules.ml_screener [DEBUG] [ML S2 VETO] WBD ADR=1.3% <
 4.0%
2026-03-02 17:56:47,344 modules.ml_screener [DEBUG] [ML S2 VETO] WBS ADR=1.3% <
 4.0%
2026-03-02 17:56:47,349 modules.ml_screener [DEBUG] [ML S2 VETO] WCN ADR=2.7% <
 4.0%
2026-03-02 17:56:47,349 modules.ml_screener [DEBUG] [ML Progress] Stage 2 49% —
 AVB 已檢查 234/2604…
2026-03-02 17:56:47,352 modules.ml_screener [DEBUG] [ML S2 VETO] WCC momentum 3
M=14.9 6M=27.9
2026-03-02 17:56:47,353 modules.ml_screener [DEBUG] [ML S2 VETO] WDAY below EMA
50
2026-03-02 17:56:47,355 modules.ml_screener [DEBUG] [ML S2 VETO] WD below EMA50
2026-03-02 17:56:47,356 modules.ml_screener [DEBUG] [ML S2 VETO] WDS ADR=2.0% <
 4.0%
2026-03-02 17:56:47,361 modules.ml_screener [DEBUG] [ML S2 VETO] WEC ADR=1.7% <
 4.0%
2026-03-02 17:56:47,362 modules.ml_screener [DEBUG] [ML S2 VETO] WEAV below EMA
50
2026-03-02 17:56:47,362 modules.ml_screener [DEBUG] [ML S2 VETO] WELL ADR=2.1% 
< 4.0%
2026-03-02 17:56:47,368 modules.ml_screener [DEBUG] [ML S2 VETO] WEX ADR=3.8% <
 4.0%
2026-03-02 17:56:47,369 modules.ml_screener [DEBUG] [ML Progress] Stage 2 49% —
 AVGO 已檢查 235/2604…
2026-03-02 17:56:47,369 modules.ml_screener [DEBUG] [ML S2 VETO] WFC ADR=3.9% <
 4.0%
2026-03-02 17:56:47,369 modules.ml_screener [DEBUG] [ML S2 VETO] WES ADR=2.5% <
 4.0%
2026-03-02 17:56:47,371 modules.ml_screener [DEBUG] [ML S2 VETO] WEN below EMA5
0
2026-03-02 17:56:47,374 modules.ml_screener [DEBUG] [ML S2 VETO] WFRD ADR=3.0% 
< 4.0%
2026-03-02 17:56:47,377 modules.ml_screener [DEBUG] [ML S2 VETO] WGO below EMA5
0
2026-03-02 17:56:47,378 modules.ml_screener [DEBUG] [ML S2 VETO] WGS below EMA5
0
2026-03-02 17:56:47,381 modules.ml_screener [DEBUG] [ML S2 VETO] WH ADR=3.7% < 
4.0%
2026-03-02 17:56:47,382 modules.ml_screener [DEBUG] [ML S2 VETO] WHR below EMA5
0
2026-03-02 17:56:47,382 modules.ml_screener [DEBUG] [ML Progress] Stage 2 49% —
 AVO 已檢查 236/2604…
2026-03-02 17:56:47,384 modules.ml_screener [DEBUG] [ML S2 VETO] WING below EMA
50
2026-03-02 17:56:47,387 modules.ml_screener [DEBUG] [ML S2 VETO] WIX below EMA5
0
2026-03-02 17:56:47,388 modules.ml_screener [DEBUG] [ML S2 VETO] WK below EMA50
2026-03-02 17:56:47,392 modules.ml_screener [DEBUG] [ML S2 VETO] WKC ADR=3.3% <
 4.0%
2026-03-02 17:56:47,394 modules.ml_screener [DEBUG] [ML S2 VETO] WLAC ADR=2.0% 
< 4.0%
2026-03-02 17:56:47,397 modules.ml_screener [DEBUG] [ML S2 VETO] WLDN below EMA
50
2026-03-02 17:56:47,400 modules.ml_screener [DEBUG] [ML S2 VETO] WLTH no rising
 EMAs
2026-03-02 17:56:47,400 modules.ml_screener [DEBUG] [ML S2 VETO] WM ADR=2.2% < 
4.0%
2026-03-02 17:56:47,402 modules.ml_screener [INFO] [ML S2 PASS] AVTX ADR=9.0% $
Vol=$7.3M
2026-03-02 17:56:47,402 modules.ml_screener [DEBUG] [ML S2 VETO] WMB ADR=2.2% <
 4.0%
2026-03-02 17:56:47,404 modules.ml_screener [DEBUG] [ML S2 VETO] WMG below EMA5
0
2026-03-02 17:56:47,405 modules.ml_screener [DEBUG] [ML S2 VETO] WMS ADR=2.9% <
 4.0%
2026-03-02 17:56:47,409 modules.ml_screener [DEBUG] [ML S2 VETO] WNC below EMA5
0
2026-03-02 17:56:47,410 modules.ml_screener [DEBUG] [ML S2 VETO] WOLF no rising
 EMAs
2026-03-02 17:56:47,410 modules.ml_screener [DEBUG] [ML S2 VETO] WMT ADR=2.9% <
 4.0%
2026-03-02 17:56:47,413 modules.ml_screener [DEBUG] [ML S2 VETO] WPM ADR=3.6% <
 4.0%
2026-03-02 17:56:47,413 modules.ml_screener [DEBUG] [ML S2 VETO] WPC ADR=1.8% <
 4.0%
2026-03-02 17:56:47,418 modules.ml_screener [DEBUG] [ML S2 VETO] WPP below EMA5
0
2026-03-02 17:56:47,420 modules.ml_screener [DEBUG] [ML S2 VETO] WRBY no rising
 EMAs
2026-03-02 17:56:47,420 modules.ml_screener [DEBUG] [ML Progress] Stage 2 49% —
 AVTX 已檢查 237/2604…
2026-03-02 17:56:47,421 modules.ml_screener [DEBUG] [ML S2 VETO] WRD below EMA5
0
2026-03-02 17:56:47,421 modules.ml_screener [DEBUG] [ML S2 VETO] WRB ADR=2.3% <
 4.0%
2026-03-02 17:56:47,423 modules.ml_screener [DEBUG] [ML S2 VETO] WSBC ADR=2.9% 
< 4.0%
2026-03-02 17:56:47,426 modules.ml_screener [DEBUG] [ML S2 VETO] WSFS ADR=3.0% 
< 4.0%
2026-03-02 17:56:47,428 modules.ml_screener [DEBUG] [ML S2 VETO] WSM ADR=3.8% <
 4.0%
2026-03-02 17:56:47,428 modules.ml_screener [DEBUG] [ML S2 VETO] WSO ADR=3.7% <
 4.0%
2026-03-02 17:56:47,430 modules.ml_screener [DEBUG] [ML S2 VETO] WST ADR=3.7% <
 4.0%
2026-03-02 17:56:47,431 modules.ml_screener [DEBUG] [ML S2 VETO] WT ADR=3.9% < 
4.0%
2026-03-02 17:56:47,432 modules.ml_screener [DEBUG] [ML S2 VETO] WTFC ADR=3.0% 
< 4.0%
2026-03-02 17:56:47,433 modules.ml_screener [DEBUG] [ML S2 WEEKLY VETO] WSC wee
kly downtrend (W-EMA10<W-EMA40)
2026-03-02 17:56:47,433 modules.ml_screener [DEBUG] [ML S2 VETO] WTRG ADR=2.7% 
< 4.0%
2026-03-02 17:56:47,434 modules.ml_screener [DEBUG] [ML Progress] Stage 2 49% —
 AVT 已檢查 238/2604…
2026-03-02 17:56:47,440 modules.ml_screener [DEBUG] [ML S2 VETO] WTW below EMA5
0
2026-03-02 17:56:47,440 modules.ml_screener [DEBUG] [ML S2 VETO] WU ADR=3.9% < 
4.0%
2026-03-02 17:56:47,445 modules.ml_screener [DEBUG] [ML S2 VETO] WWW below EMA5
0
2026-03-02 17:56:47,451 modules.ml_screener [DEBUG] [ML S2 VETO] WWD ADR=2.8% <
 4.0%
2026-03-02 17:56:47,451 modules.ml_screener [DEBUG] [ML S2 VETO] WY ADR=2.7% < 
4.0%
2026-03-02 17:56:47,452 modules.ml_screener [DEBUG] [ML S2 VETO] WYFI no rising
 EMAs
2026-03-02 17:56:47,454 modules.ml_screener [DEBUG] [ML S2 VETO] WYNN below EMA
50
2026-03-02 17:56:47,455 modules.ml_screener [DEBUG] [ML Progress] Stage 2 49% —
 AVR 已檢查 239/2604…
2026-03-02 17:56:47,455 modules.ml_screener [DEBUG] [ML S2 VETO] XEL ADR=2.0% <
 4.0%
2026-03-02 17:56:47,462 modules.ml_screener [DEBUG] [ML S2 VETO] XHR ADR=3.3% <
 4.0%
2026-03-02 17:56:47,467 modules.ml_screener [DEBUG] [ML S2 VETO] XERS below EMA
50
2026-03-02 17:56:47,467 modules.ml_screener [DEBUG] [ML S2 VETO] XIFR ADR=3.9% 
< 4.0%
2026-03-02 17:56:47,469 modules.ml_screener [DEBUG] [ML S2 VETO] XNCR below EMA
50
2026-03-02 17:56:47,470 modules.ml_screener [DEBUG] [ML S2 VETO] XOM ADR=2.3% <
 4.0%
2026-03-02 17:56:47,471 modules.ml_screener [DEBUG] [ML S2 VETO] XMTR below EMA
50
2026-03-02 17:56:47,479 modules.ml_screener [DEBUG] [ML S2 VETO] XPEL below EMA
50
2026-03-02 17:56:47,479 modules.ml_screener [DEBUG] [ML S2 VETO] XPEV ADR=2.7% 
< 4.0%
2026-03-02 17:56:47,480 modules.ml_screener [DEBUG] [ML Progress] Stage 2 49% —
 AVPT 已檢查 240/2604…
2026-03-02 17:56:47,482 modules.ml_screener [DEBUG] [ML S2 VETO] XPER $Vol=2474
566 < 5000000
2026-03-02 17:56:47,492 modules.ml_screener [DEBUG] [ML S2 VETO] XP momentum 3M
=20.8 6M=27.2
2026-03-02 17:56:47,493 modules.ml_screener [DEBUG] [ML S2 VETO] XENE momentum 
3M=6.3 6M=11.2
2026-03-02 17:56:47,499 modules.ml_screener [DEBUG] [ML S2 VETO] XYL ADR=2.9% <
 4.0%
2026-03-02 17:56:47,500 modules.ml_screener [DEBUG] [ML S2 VETO] XYZ no rising 
EMAs
2026-03-02 17:56:47,502 modules.ml_screener [DEBUG] [ML S2 VETO] XXI below EMA5
0
2026-03-02 17:56:47,502 modules.ml_screener [DEBUG] [ML S2 VETO] XWIN ADR=2.7% 
< 4.0%
2026-03-02 17:56:47,506 modules.ml_screener [DEBUG] [ML S2 VETO] XZO $Vol=34210
04 < 5000000
2026-03-02 17:56:47,511 modules.ml_screener [DEBUG] [ML S2 VETO] YELP below EMA
50
2026-03-02 17:56:47,516 modules.ml_screener [DEBUG] [ML Progress] Stage 2 49% —
 AVTR 已檢查 241/2604…
2026-03-02 17:56:47,519 modules.ml_screener [DEBUG] [ML S2 VETO] YETI below EMA
50
2026-03-02 17:56:47,520 modules.ml_screener [DEBUG] [ML S2 VETO] YEXT ADR=3.1% 
< 4.0%
2026-03-02 17:56:47,521 modules.ml_screener [DEBUG] [ML S2 VETO] YMM ADR=2.5% <
 4.0%
2026-03-02 17:56:47,527 modules.ml_screener [DEBUG] [ML S2 VETO] YPF ADR=3.8% <
 4.0%
2026-03-02 17:56:47,527 modules.ml_screener [DEBUG] [ML S2 VETO] YUM ADR=2.0% <
 4.0%
2026-03-02 17:56:47,529 modules.ml_screener [DEBUG] [ML S2 VETO] YUMC ADR=2.4% 
< 4.0%
2026-03-02 17:56:47,531 modules.ml_screener [DEBUG] [ML S2 VETO] Z below EMA50
2026-03-02 17:56:47,531 modules.ml_screener [DEBUG] [ML S2 VETO] ZBH ADR=2.6% <
 4.0%
2026-03-02 17:56:47,535 modules.ml_screener [DEBUG] [ML S2 VETO] ZBRA below EMA
50
2026-03-02 17:56:47,535 modules.ml_screener [DEBUG] [ML Progress] Stage 2 49% —
 AVY 已檢查 242/2604…
2026-03-02 17:56:47,537 modules.ml_screener [DEBUG] [ML S2 VETO] ZD below EMA50
2026-03-02 17:56:47,544 modules.ml_screener [DEBUG] [ML S2 VETO] ZETA below EMA
50
2026-03-02 17:56:47,548 modules.ml_screener [DEBUG] [ML S2 VETO] ZG below EMA50
2026-03-02 17:56:47,551 modules.ml_screener [DEBUG] [ML S2 VETO] ZIM ADR=3.6% <
 4.0%
2026-03-02 17:56:47,551 modules.ml_screener [DEBUG] [ML S2 VETO] ZGN ADR=3.9% <
 4.0%
2026-03-02 17:56:47,551 modules.ml_screener [DEBUG] [ML S2 VETO] ZION ADR=3.6% 
< 4.0%
2026-03-02 17:56:47,553 modules.ml_screener [DEBUG] [ML S2 VETO] ZLAB ADR=3.8% 
< 4.0%
2026-03-02 17:56:47,555 modules.ml_screener [DEBUG] [ML S2 VETO] ZTO ADR=2.0% <
 4.0%
2026-03-02 17:56:47,556 modules.ml_screener [DEBUG] [ML S2 VETO] ZTS ADR=3.3% <
 4.0%
2026-03-02 17:56:47,558 modules.ml_screener [DEBUG] [ML S2 VETO] ZS below EMA50
2026-03-02 17:56:47,560 modules.ml_screener [DEBUG] [ML S2 VETO] ZBIO momentum 
3M=-29.1 6M=57.7
2026-03-02 17:56:47,561 modules.ml_screener [DEBUG] [ML Progress] Stage 2 49% —
 AWF 已檢查 243/2604…
2026-03-02 17:56:47,561 modules.ml_screener [DEBUG] [ML S2 VETO] ZM below EMA50
2026-03-02 17:56:47,852 modules.ml_screener [DEBUG] [ML S2 VETO] ZURA $Vol=3387
748 < 5000000
2026-03-02 17:56:47,853 modules.ml_screener [DEBUG] [ML S2 VETO] ZVRA ADR=3.7% 
< 4.0%
2026-03-02 17:56:47,854 modules.ml_screener [DEBUG] [ML S2 VETO] ZWS ADR=2.4% <
 4.0%
2026-03-02 17:56:47,855 modules.ml_screener [DEBUG] [ML S2 VETO] ZYME ADR=3.9% 
< 4.0%
2026-03-02 17:56:47,857 modules.ml_screener [DEBUG] [ML Progress] Stage 2 49% —
 AVBP 已檢查 244/2604…
2026-03-02 17:56:47,858 modules.ml_screener [DEBUG] [ML Progress] Stage 2 49% —
 AWI 已檢查 245/2604…
2026-03-02 17:56:47,858 modules.ml_screener [DEBUG] [ML Progress] Stage 2 49% —
 AWK 已檢查 246/2604…
2026-03-02 17:56:47,858 modules.ml_screener [DEBUG] [ML Progress] Stage 2 49% —
 AX 已檢查 247/2604…
2026-03-02 17:56:47,858 modules.ml_screener [DEBUG] [ML Progress] Stage 2 49% —
 AXIA 已檢查 248/2604…
2026-03-02 17:56:47,858 modules.ml_screener [DEBUG] [ML Progress] Stage 2 49% —
 AVNS 已檢查 249/2604…
2026-03-02 17:56:47,858 modules.ml_screener [DEBUG] [ML Progress] Stage 2 49% —
 AXGN 已檢查 250/2604…
2026-03-02 17:56:47,859 modules.ml_screener [DEBUG] [ML Progress] Stage 2 49% —
 AXP 已檢查 251/2604…
2026-03-02 17:56:47,859 modules.ml_screener [DEBUG] [ML Progress] Stage 2 49% —
 AXTA 已檢查 252/2604…
2026-03-02 17:56:47,859 modules.ml_screener [INFO] [ML S2 PASS] AXTI ADR=14.0% 
$Vol=$212.0M
2026-03-02 17:56:47,859 modules.ml_screener [DEBUG] [ML Progress] Stage 2 49% —
 AXTI 已檢查 253/2604…
2026-03-02 17:56:47,859 modules.ml_screener [DEBUG] [ML Progress] Stage 2 49% —
 AXSM 已檢查 254/2604…
2026-03-02 17:56:47,859 modules.ml_screener [DEBUG] [ML Progress] Stage 2 49% —
 AXS 已檢查 255/2604…
2026-03-02 17:56:47,859 modules.ml_screener [DEBUG] [ML Progress] Stage 2 49% —
 AYI 已檢查 256/2604…
2026-03-02 17:56:47,859 modules.ml_screener [DEBUG] [ML Progress] Stage 2 49% —
 AZ 已檢查 257/2604…
2026-03-02 17:56:47,859 modules.ml_screener [DEBUG] [ML Progress] Stage 2 49% —
 AXON 已檢查 258/2604…
2026-03-02 17:56:47,859 modules.ml_screener [DEBUG] [ML Progress] Stage 2 49% —
 AZN 已檢查 259/2604…
2026-03-02 17:56:47,859 modules.ml_screener [DEBUG] [ML Progress] Stage 2 49% —
 B 已檢查 260/2604…
2026-03-02 17:56:47,859 modules.ml_screener [DEBUG] [ML Progress] Stage 2 49% —
 AZTA 已檢查 261/2604…
2026-03-02 17:56:47,859 modules.ml_screener [DEBUG] [ML Progress] Stage 2 49% —
 BA 已檢查 262/2604…
2026-03-02 17:56:47,859 modules.ml_screener [DEBUG] [ML Progress] Stage 2 49% —
 BAH 已檢查 263/2604…
2026-03-02 17:56:47,859 modules.ml_screener [DEBUG] [ML Progress] Stage 2 49% —
 BABA 已檢查 264/2604…
2026-03-02 17:56:47,859 modules.ml_screener [DEBUG] [ML Progress] Stage 2 49% —
 BAC 已檢查 265/2604…
2026-03-02 17:56:47,859 modules.ml_screener [DEBUG] [ML Progress] Stage 2 49% —
 BAM 已檢查 266/2604…
2026-03-02 17:56:47,859 modules.ml_screener [DEBUG] [ML Progress] Stage 2 49% —
 BALL 已檢查 267/2604…
2026-03-02 17:56:47,860 modules.ml_screener [DEBUG] [ML Progress] Stage 2 49% —
 BANC 已檢查 268/2604…
2026-03-02 17:56:47,860 modules.ml_screener [DEBUG] [ML Progress] Stage 2 49% —
 BANR 已檢查 269/2604…
2026-03-02 17:56:47,860 modules.ml_screener [DEBUG] [ML Progress] Stage 2 49% —
 BAR 已檢查 270/2604…
2026-03-02 17:56:47,860 modules.ml_screener [DEBUG] [ML Progress] Stage 2 49% —
 BATRK 已檢查 271/2604…
2026-03-02 17:56:47,860 modules.ml_screener [INFO] [ML S2 PASS] BATL ADR=22.3% 
$Vol=$36.1M
2026-03-02 17:56:47,860 modules.ml_screener [DEBUG] [ML Progress] Stage 2 49% —
 BATL 已檢查 272/2604…
2026-03-02 17:56:47,860 modules.ml_screener [DEBUG] [ML Progress] Stage 2 49% —
 BAP 已檢查 273/2604…
2026-03-02 17:56:47,860 modules.ml_screener [DEBUG] [ML Progress] Stage 2 49% —
 BAX 已檢查 274/2604…
2026-03-02 17:56:47,860 modules.ml_screener [DEBUG] [ML Progress] Stage 2 49% —
 BBAR 已檢查 275/2604…
2026-03-02 17:56:47,860 modules.ml_screener [DEBUG] [ML Progress] Stage 2 49% —
 BBBY 已檢查 276/2604…
2026-03-02 17:56:47,860 modules.ml_screener [DEBUG] [ML Progress] Stage 2 49% —
 BBDC 已檢查 277/2604…
2026-03-02 17:56:47,860 modules.ml_screener [DEBUG] [ML Progress] Stage 2 49% —
 BBIO 已檢查 278/2604…
2026-03-02 17:56:47,860 modules.ml_screener [DEBUG] [ML Progress] Stage 2 49% —
 BAND 已檢查 279/2604…
2026-03-02 17:56:47,860 modules.ml_screener [DEBUG] [ML Progress] Stage 2 49% —
 BBOT 已檢查 280/2604…
2026-03-02 17:56:47,860 modules.ml_screener [DEBUG] [ML Progress] Stage 2 49% —
 BBNX 已檢查 281/2604…
2026-03-02 17:56:47,860 modules.ml_screener [DEBUG] [ML Progress] Stage 2 49% —
 BBSI 已檢查 282/2604…
2026-03-02 17:56:47,860 modules.ml_screener [DEBUG] [ML Progress] Stage 2 49% —
 BBT 已檢查 283/2604…
2026-03-02 17:56:47,860 modules.ml_screener [DEBUG] [ML Progress] Stage 2 49% —
 BBW 已檢查 284/2604…
2026-03-02 17:56:47,860 modules.ml_screener [DEBUG] [ML Progress] Stage 2 49% —
 BBVA 已檢查 285/2604…
2026-03-02 17:56:47,860 modules.ml_screener [DEBUG] [ML Progress] Stage 2 49% —
 BBY 已檢查 286/2604…
2026-03-02 17:56:47,860 modules.ml_screener [DEBUG] [ML Progress] Stage 2 49% —
 BC 已檢查 287/2604…
2026-03-02 17:56:47,860 modules.ml_screener [DEBUG] [ML Progress] Stage 2 49% —
 BCAT 已檢查 288/2604…
2026-03-02 17:56:47,860 modules.ml_screener [DEBUG] [ML Progress] Stage 2 49% —
 BCE 已檢查 289/2604…
2026-03-02 17:56:47,860 modules.ml_screener [DEBUG] [ML Progress] Stage 2 49% —
 BCO 已檢查 290/2604…
2026-03-02 17:56:47,860 modules.ml_screener [DEBUG] [ML Progress] Stage 2 49% —
 BCS 已檢查 291/2604…
2026-03-02 17:56:47,860 modules.ml_screener [DEBUG] [ML Progress] Stage 2 49% —
 BCSF 已檢查 292/2604…
2026-03-02 17:56:47,860 modules.ml_screener [DEBUG] [ML Progress] Stage 2 49% —
 BBWI 已檢查 293/2604…
2026-03-02 17:56:47,860 modules.ml_screener [DEBUG] [ML Progress] Stage 2 49% —
 BCYC 已檢查 294/2604…
2026-03-02 17:56:47,861 modules.ml_screener [DEBUG] [ML Progress] Stage 2 49% —
 BDX 已檢查 295/2604…
2026-03-02 17:56:47,861 modules.ml_screener [DEBUG] [ML Progress] Stage 2 49% —
 BDJ 已檢查 296/2604…
2026-03-02 17:56:47,861 modules.ml_screener [DEBUG] [ML Progress] Stage 2 49% —
 BEKE 已檢查 297/2604…
2026-03-02 17:56:47,861 modules.ml_screener [DEBUG] [ML Progress] Stage 2 49% —
 BCAX 已檢查 298/2604…
2026-03-02 17:56:47,861 modules.ml_screener [DEBUG] [ML Progress] Stage 2 49% —
 BEN 已檢查 299/2604…
2026-03-02 17:56:47,861 modules.ml_screener [INFO] [ML S2 PASS] BEAM ADR=6.7% $
Vol=$46.7M
2026-03-02 17:56:47,861 modules.ml_screener [DEBUG] [ML Progress] Stage 2 49% —
 BEAM 已檢查 300/2604…
2026-03-02 17:56:47,861 modules.ml_screener [DEBUG] [ML Progress] Stage 2 49% —
 BCRX 已檢查 301/2604…
2026-03-02 17:56:47,861 modules.ml_screener [DEBUG] [ML Progress] Stage 2 49% —
 BEP 已檢查 302/2604…
2026-03-02 17:56:47,861 modules.ml_screener [DEBUG] [ML Progress] Stage 2 49% —
 BEPC 已檢查 303/2604…
2026-03-02 17:56:47,861 modules.ml_screener [DEBUG] [ML Progress] Stage 2 49% —
 BCC 已檢查 304/2604…
2026-03-02 17:56:47,861 modules.ml_screener [DEBUG] [ML Progress] Stage 2 49% —
 BFAM 已檢查 305/2604…
2026-03-02 17:56:47,861 modules.ml_screener [INFO] [ML S2 PASS] BE ADR=10.8% $V
ol=$1795.0M
2026-03-02 17:56:47,861 modules.ml_screener [DEBUG] [ML Progress] Stage 2 49% —
 BE 已檢查 306/2604…
2026-03-02 17:56:47,861 modules.ml_screener [DEBUG] [ML Progress] Stage 2 49% —
 BETA 已檢查 307/2604…
2026-03-02 17:56:47,861 modules.ml_screener [DEBUG] [ML Progress] Stage 2 49% —
 BETR 已檢查 308/2604…
2026-03-02 17:56:47,861 modules.ml_screener [DEBUG] [ML Progress] Stage 2 49% —
 BFH 已檢查 309/2604…
2026-03-02 17:56:47,861 modules.ml_screener [DEBUG] [ML Progress] Stage 2 49% —
 BG 已檢查 310/2604…
2026-03-02 17:56:47,861 modules.ml_screener [DEBUG] [ML Progress] Stage 2 49% —
 BHC 已檢查 311/2604…
2026-03-02 17:56:47,861 modules.ml_screener [DEBUG] [ML Progress] Stage 2 49% —
 BHE 已檢查 312/2604…
2026-03-02 17:56:47,861 modules.ml_screener [DEBUG] [ML Progress] Stage 2 49% —
 BGS 已檢查 313/2604…
2026-03-02 17:56:47,861 modules.ml_screener [DEBUG] [ML Progress] Stage 2 49% —
 BHK 已檢查 314/2604…
2026-03-02 17:56:47,861 modules.ml_screener [DEBUG] [ML Progress] Stage 2 49% —
 BHF 已檢查 315/2604…
2026-03-02 17:56:47,861 modules.ml_screener [DEBUG] [ML Progress] Stage 2 49% —
 BHP 已檢查 316/2604…
2026-03-02 17:56:47,861 modules.ml_screener [DEBUG] [ML Progress] Stage 2 49% —
 BGC 已檢查 317/2604…
2026-03-02 17:56:47,861 modules.ml_screener [DEBUG] [ML Progress] Stage 2 49% —
 BHVN 已檢查 318/2604…
2026-03-02 17:56:47,862 modules.ml_screener [DEBUG] [ML Progress] Stage 2 49% —
 BIDU 已檢查 319/2604…
2026-03-02 17:56:47,862 modules.ml_screener [DEBUG] [ML Progress] Stage 2 49% —
 BIIB 已檢查 320/2604…
2026-03-02 17:56:47,862 modules.ml_screener [DEBUG] [ML Progress] Stage 2 49% —
 BILI 已檢查 321/2604…
2026-03-02 17:56:47,862 modules.ml_screener [DEBUG] [ML Progress] Stage 2 49% —
 BILL 已檢查 322/2604…
2026-03-02 17:56:47,862 modules.ml_screener [INFO] [ML S2 PASS] BIOA ADR=6.9% $
Vol=$12.0M
2026-03-02 17:56:47,862 modules.ml_screener [DEBUG] [ML Progress] Stage 2 49% —
 BIOA 已檢查 323/2604…
2026-03-02 17:56:47,862 modules.ml_screener [DEBUG] [ML Progress] Stage 2 49% —
 BIP 已檢查 324/2604…
2026-03-02 17:56:47,862 modules.ml_screener [DEBUG] [ML Progress] Stage 2 49% —
 BIPC 已檢查 325/2604…
2026-03-02 17:56:47,862 modules.ml_screener [DEBUG] [ML Progress] Stage 2 49% —
 BJ 已檢查 326/2604…
2026-03-02 17:56:47,862 modules.ml_screener [DEBUG] [ML Progress] Stage 2 49% —
 BK 已檢查 327/2604…
2026-03-02 17:56:47,862 modules.ml_screener [DEBUG] [ML Progress] Stage 2 49% —
 BJRI 已檢查 328/2604…
2026-03-02 17:56:47,862 modules.ml_screener [DEBUG] [ML Progress] Stage 2 49% —
 BKE 已檢查 329/2604…
2026-03-02 17:56:47,862 modules.ml_screener [DEBUG] [ML Progress] Stage 2 49% —
 BKH 已檢查 330/2604…
2026-03-02 17:56:47,862 modules.ml_screener [DEBUG] [ML Progress] Stage 2 49% —
 BKD 已檢查 331/2604…
2026-03-02 17:56:47,862 modules.ml_screener [DEBUG] [ML Progress] Stage 2 49% —
 BKKT 已檢查 332/2604…
2026-03-02 17:56:47,862 modules.ml_screener [DEBUG] [ML Progress] Stage 2 49% —
 BKNG 已檢查 333/2604…
2026-03-02 17:56:47,862 modules.ml_screener [DEBUG] [ML Progress] Stage 2 49% —
 BKSY 已檢查 334/2604…
2026-03-02 17:56:47,862 modules.ml_screener [DEBUG] [ML Progress] Stage 2 49% —
 BKR 已檢查 335/2604…
2026-03-02 17:56:47,862 modules.ml_screener [DEBUG] [ML Progress] Stage 2 49% —
 BKU 已檢查 336/2604…
2026-03-02 17:56:47,862 modules.ml_screener [DEBUG] [ML Progress] Stage 2 49% —
 BL 已檢查 337/2604…
2026-03-02 17:56:47,862 modules.ml_screener [DEBUG] [ML Progress] Stage 2 49% —
 BLCO 已檢查 338/2604…
2026-03-02 17:56:47,862 modules.ml_screener [DEBUG] [ML Progress] Stage 2 49% —
 BIRK 已檢查 339/2604…
2026-03-02 17:56:47,862 modules.ml_screener [DEBUG] [ML Progress] Stage 2 49% —
 BLD 已檢查 340/2604…
2026-03-02 17:56:47,862 modules.ml_screener [DEBUG] [ML Progress] Stage 2 49% —
 BLFS 已檢查 341/2604…
2026-03-02 17:56:47,862 modules.ml_screener [DEBUG] [ML Progress] Stage 2 49% —
 BKV 已檢查 342/2604…
2026-03-02 17:56:47,862 modules.ml_screener [DEBUG] [ML Progress] Stage 2 49% —
 BLKB 已檢查 343/2604…
2026-03-02 17:56:47,862 modules.ml_screener [DEBUG] [ML Progress] Stage 2 49% —
 BLK 已檢查 344/2604…
2026-03-02 17:56:47,862 modules.ml_screener [DEBUG] [ML Progress] Stage 2 49% —
 BLDR 已檢查 345/2604…
2026-03-02 17:56:47,863 modules.ml_screener [DEBUG] [ML Progress] Stage 2 49% —
 BLLN 已檢查 346/2604…
2026-03-02 17:56:47,863 modules.ml_screener [DEBUG] [ML Progress] Stage 2 49% —
 BLMN 已檢查 347/2604…
2026-03-02 17:56:47,863 modules.ml_screener [DEBUG] [ML Progress] Stage 2 49% —
 BLBD 已檢查 348/2604…
2026-03-02 17:56:47,863 modules.ml_screener [DEBUG] [ML Progress] Stage 2 49% —
 BMA 已檢查 349/2604…
2026-03-02 17:56:47,863 modules.ml_screener [DEBUG] [ML Progress] Stage 2 49% —
 BLSH 已檢查 350/2604…
2026-03-02 17:56:47,863 modules.ml_screener [DEBUG] [ML Progress] Stage 2 49% —
 BMI 已檢查 351/2604…
2026-03-02 17:56:47,863 modules.ml_screener [DEBUG] [ML Progress] Stage 2 49% —
 BMNR 已檢查 352/2604…
2026-03-02 17:56:47,863 modules.ml_screener [DEBUG] [ML Progress] Stage 2 49% —
 BMO 已檢查 353/2604…
2026-03-02 17:56:47,863 modules.ml_screener [DEBUG] [ML Progress] Stage 2 49% —
 BN 已檢查 354/2604…
2026-03-02 17:56:47,863 modules.ml_screener [DEBUG] [ML Progress] Stage 2 49% —
 BMY 已檢查 355/2604…
2026-03-02 17:56:47,863 modules.ml_screener [DEBUG] [ML Progress] Stage 2 49% —
 BNL 已檢查 356/2604…
2026-03-02 17:56:47,863 modules.ml_screener [INFO] [ML S2 PASS] BNAI ADR=19.2% 
$Vol=$64.8M
2026-03-02 17:56:47,863 modules.ml_screener [DEBUG] [ML Progress] Stage 2 49% —
 BNAI 已檢查 357/2604…
2026-03-02 17:56:47,863 modules.ml_screener [DEBUG] [ML Progress] Stage 2 49% —
 BNS 已檢查 358/2604…
2026-03-02 17:56:47,863 modules.ml_screener [DEBUG] [ML Progress] Stage 2 49% —
 BNTX 已檢查 359/2604…
2026-03-02 17:56:47,863 modules.ml_screener [DEBUG] [ML Progress] Stage 2 49% —
 BOH 已檢查 360/2604…
2026-03-02 17:56:47,863 modules.ml_screener [DEBUG] [ML Progress] Stage 2 49% —
 BOKF 已檢查 361/2604…
2026-03-02 17:56:47,863 modules.ml_screener [DEBUG] [ML Progress] Stage 2 49% —
 BMRN 已檢查 362/2604…
2026-03-02 17:56:47,863 modules.ml_screener [DEBUG] [ML Progress] Stage 2 49% —
 BOOT 已檢查 363/2604…
2026-03-02 17:56:47,863 modules.ml_screener [DEBUG] [ML Progress] Stage 2 49% —
 BP 已檢查 364/2604…
2026-03-02 17:56:47,863 modules.ml_screener [INFO] [ML S2 PASS] BORR ADR=6.2% $
Vol=$44.5M
2026-03-02 17:56:47,863 modules.ml_screener [DEBUG] [ML Progress] Stage 2 49% —
 BORR 已檢查 365/2604…
2026-03-02 17:56:47,863 modules.ml_screener [DEBUG] [ML Progress] Stage 2 49% —
 BOOM 已檢查 366/2604…
2026-03-02 17:56:47,863 modules.ml_screener [DEBUG] [ML Progress] Stage 2 49% —
 BPRE 已檢查 367/2604…
2026-03-02 17:56:47,863 modules.ml_screener [DEBUG] [ML Progress] Stage 2 49% —
 BOW 已檢查 368/2604…
2026-03-02 17:56:47,863 modules.ml_screener [DEBUG] [ML Progress] Stage 2 49% —
 BPOP 已檢查 369/2604…
2026-03-02 17:56:47,863 modules.ml_screener [DEBUG] [ML Progress] Stage 2 49% —
 BOX 已檢查 370/2604…
2026-03-02 17:56:47,863 modules.ml_screener [DEBUG] [ML Progress] Stage 2 49% —
 BR 已檢查 371/2604…
2026-03-02 17:56:47,863 modules.ml_screener [DEBUG] [ML Progress] Stage 2 49% —
 BRBR 已檢查 372/2604…
2026-03-02 17:56:47,864 modules.ml_screener [DEBUG] [ML Progress] Stage 2 49% —
 BRCB 已檢查 373/2604…
2026-03-02 17:56:47,864 modules.ml_screener [DEBUG] [ML Progress] Stage 2 49% —
 BRO 已檢查 374/2604…
2026-03-02 17:56:47,864 modules.ml_screener [DEBUG] [ML Progress] Stage 2 49% —
 BRKR 已檢查 375/2604…
2026-03-02 17:56:47,864 modules.ml_screener [DEBUG] [ML Progress] Stage 2 49% —
 BRSL 已檢查 376/2604…
2026-03-02 17:56:47,864 modules.ml_screener [DEBUG] [ML Progress] Stage 2 49% —
 BRSP 已檢查 377/2604…
2026-03-02 17:56:47,864 modules.ml_screener [DEBUG] [ML Progress] Stage 2 49% —
 BROS 已檢查 378/2604…
2026-03-02 17:56:47,864 modules.ml_screener [DEBUG] [ML Progress] Stage 2 49% —
 BRX 已檢查 379/2604…
2026-03-02 17:56:47,864 modules.ml_screener [DEBUG] [ML Progress] Stage 2 49% —
 BSBR 已檢查 380/2604…
2026-03-02 17:56:47,864 modules.ml_screener [DEBUG] [ML Progress] Stage 2 49% —
 BSM 已檢查 381/2604…
2026-03-02 17:56:47,864 modules.ml_screener [DEBUG] [ML Progress] Stage 2 49% —
 BRZE 已檢查 382/2604…
2026-03-02 17:56:47,864 modules.ml_screener [DEBUG] [ML Progress] Stage 2 49% —
 BSX 已檢查 383/2604…
2026-03-02 17:56:47,864 modules.ml_screener [INFO] [ML S2 PASS] BTG ADR=6.5% $V
ol=$230.8M
2026-03-02 17:56:47,864 modules.ml_screener [DEBUG] [ML Progress] Stage 2 49% —
 BTG 已檢查 384/2604…
2026-03-02 17:56:47,864 modules.ml_screener [DEBUG] [ML Progress] Stage 2 49% —
 BTDR 已檢查 385/2604…
2026-03-02 17:56:47,864 modules.ml_screener [DEBUG] [ML Progress] Stage 2 49% —
 BSY 已檢查 386/2604…
2026-03-02 17:56:47,864 modules.ml_screener [DEBUG] [ML Progress] Stage 2 49% —
 BTI 已檢查 387/2604…
2026-03-02 17:56:47,864 modules.ml_screener [DEBUG] [ML Progress] Stage 2 49% —
 BTU 已檢查 388/2604…
2026-03-02 17:56:47,864 modules.ml_screener [DEBUG] [ML Progress] Stage 2 49% —
 BTX 已檢查 389/2604…
2026-03-02 17:56:47,864 modules.ml_screener [DEBUG] [ML Progress] Stage 2 49% —
 BUD 已檢查 390/2604…
2026-03-02 17:56:47,864 modules.ml_screener [DEBUG] [ML Progress] Stage 2 49% —
 BULL 已檢查 391/2604…
2026-03-02 17:56:47,864 modules.ml_screener [DEBUG] [ML Progress] Stage 2 49% —
 BUR 已檢查 392/2604…
2026-03-02 17:56:47,864 modules.ml_screener [DEBUG] [ML Progress] Stage 2 49% —
 BTZ 已檢查 393/2604…
2026-03-02 17:56:47,864 modules.ml_screener [DEBUG] [ML Progress] Stage 2 49% —
 BURL 已檢查 394/2604…
2026-03-02 17:56:47,864 modules.ml_screener [DEBUG] [ML Progress] Stage 2 49% —
 BUSE 已檢查 395/2604…
2026-03-02 17:56:47,864 modules.ml_screener [INFO] [ML S2 PASS] BVN ADR=4.9% $V
ol=$62.8M
2026-03-02 17:56:47,864 modules.ml_screener [DEBUG] [ML Progress] Stage 2 49% —
 BVN 已檢查 396/2604…
2026-03-02 17:56:47,864 modules.ml_screener [DEBUG] [ML Progress] Stage 2 49% —
 BTSG 已檢查 397/2604…
2026-03-02 17:56:47,864 modules.ml_screener [DEBUG] [ML Progress] Stage 2 49% —
 BV 已檢查 398/2604…
2026-03-02 17:56:47,864 modules.ml_screener [INFO] [ML S2 PASS] BW ADR=8.4% $Vo
l=$22.2M
2026-03-02 17:56:47,864 modules.ml_screener [DEBUG] [ML Progress] Stage 2 49% —
 BW 已檢查 399/2604…
2026-03-02 17:56:47,864 modules.ml_screener [DEBUG] [ML Progress] Stage 2 49% —
 BWIN 已檢查 400/2604…
2026-03-02 17:56:47,864 modules.ml_screener [DEBUG] [ML Progress] Stage 2 49% —
 BX 已檢查 401/2604…
2026-03-02 17:56:47,865 modules.ml_screener [INFO] [ML S2 PASS] BWA ADR=5.2% $V
ol=$262.3M
2026-03-02 17:56:47,865 modules.ml_screener [DEBUG] [ML Progress] Stage 2 49% —
 BWA 已檢查 402/2604…
2026-03-02 17:56:47,865 modules.ml_screener [DEBUG] [ML Progress] Stage 2 49% —
 BXSL 已檢查 403/2604…
2026-03-02 17:56:47,865 modules.ml_screener [DEBUG] [ML Progress] Stage 2 49% —
 BXMT 已檢查 404/2604…
2026-03-02 17:56:47,865 modules.ml_screener [DEBUG] [ML Progress] Stage 2 49% —
 BXP 已檢查 405/2604…
2026-03-02 17:56:47,865 modules.ml_screener [DEBUG] [ML Progress] Stage 2 49% —
 BYD 已檢查 406/2604…
2026-03-02 17:56:47,865 modules.ml_screener [DEBUG] [ML Progress] Stage 2 49% —
 BYRN 已檢查 407/2604…
2026-03-02 17:56:47,865 modules.ml_screener [DEBUG] [ML Progress] Stage 2 49% —
 BZ 已檢查 408/2604…
2026-03-02 17:56:47,865 modules.ml_screener [DEBUG] [ML Progress] Stage 2 49% —
 CAAP 已檢查 409/2604…
2026-03-02 17:56:47,865 modules.ml_screener [DEBUG] [ML Progress] Stage 2 49% —
 BZH 已檢查 410/2604…
2026-03-02 17:56:47,865 modules.ml_screener [DEBUG] [ML Progress] Stage 2 49% —
 C 已檢查 411/2604…
2026-03-02 17:56:47,865 modules.ml_screener [DEBUG] [ML Progress] Stage 2 49% —
 CADL 已檢查 412/2604…
2026-03-02 17:56:47,865 modules.ml_screener [DEBUG] [ML Progress] Stage 2 49% —
 CAE 已檢查 413/2604…
2026-03-02 17:56:47,865 modules.ml_screener [DEBUG] [ML Progress] Stage 2 49% —
 CAG 已檢查 414/2604…
2026-03-02 17:56:47,865 modules.ml_screener [DEBUG] [ML Progress] Stage 2 49% —
 CAI 已檢查 415/2604…
2026-03-02 17:56:47,865 modules.ml_screener [DEBUG] [ML Progress] Stage 2 49% —
 CAL 已檢查 416/2604…
2026-03-02 17:56:47,865 modules.ml_screener [INFO] [ML S2 PASS] CAKE ADR=4.2% $
Vol=$98.4M
2026-03-02 17:56:47,865 modules.ml_screener [DEBUG] [ML Progress] Stage 2 49% —
 CAKE 已檢查 417/2604…
2026-03-02 17:56:47,865 modules.ml_screener [DEBUG] [ML Progress] Stage 2 49% —
 CALM 已檢查 418/2604…
2026-03-02 17:56:47,865 modules.ml_screener [DEBUG] [ML Progress] Stage 2 49% —
 CAH 已檢查 419/2604…
2026-03-02 17:56:47,865 modules.ml_screener [DEBUG] [ML Progress] Stage 2 49% —
 CALX 已檢查 420/2604…
2026-03-02 17:56:47,865 modules.ml_screener [DEBUG] [ML Progress] Stage 2 49% —
 BWXT 已檢查 421/2604…
2026-03-02 17:56:47,865 modules.ml_screener [DEBUG] [ML Progress] Stage 2 49% —
 CAR 已檢查 422/2604…
2026-03-02 17:56:47,865 modules.ml_screener [INFO] [ML S2 PASS] CAPR ADR=6.6% $
Vol=$27.9M
2026-03-02 17:56:47,865 modules.ml_screener [DEBUG] [ML Progress] Stage 2 49% —
 CAPR 已檢查 423/2604…
2026-03-02 17:56:47,865 modules.ml_screener [DEBUG] [ML Progress] Stage 2 49% —
 CARL 已檢查 424/2604…
2026-03-02 17:56:47,866 modules.ml_screener [DEBUG] [ML Progress] Stage 2 49% —
 CARS 已檢查 425/2604…
2026-03-02 17:56:47,866 modules.ml_screener [DEBUG] [ML Progress] Stage 2 49% —
 CARG 已檢查 426/2604…
2026-03-02 17:56:47,866 modules.ml_screener [INFO] [ML S2 PASS] CALY ADR=5.2% $
Vol=$51.5M
2026-03-02 17:56:47,866 modules.ml_screener [DEBUG] [ML Progress] Stage 2 49% —
 CALY 已檢查 427/2604…
2026-03-02 17:56:47,866 modules.ml_screener [DEBUG] [ML Progress] Stage 2 49% —
 CARR 已檢查 428/2604…
2026-03-02 17:56:47,866 modules.ml_screener [INFO] [ML S2 PASS] CAMT ADR=5.3% $
Vol=$91.8M
2026-03-02 17:56:47,866 modules.ml_screener [DEBUG] [ML Progress] Stage 2 49% —
 CAMT 已檢查 429/2604…
2026-03-02 17:56:47,866 modules.ml_screener [DEBUG] [ML Progress] Stage 2 49% —
 CART 已檢查 430/2604…
2026-03-02 17:56:47,866 modules.ml_screener [DEBUG] [ML Progress] Stage 2 49% —
 CASH 已檢查 431/2604…
2026-03-02 17:56:47,866 modules.ml_screener [DEBUG] [ML Progress] Stage 2 49% —
 CASY 已檢查 432/2604…
2026-03-02 17:56:47,866 modules.ml_screener [DEBUG] [ML Progress] Stage 2 49% —
 CAT 已檢查 433/2604…
2026-03-02 17:56:47,866 modules.ml_screener [DEBUG] [ML Progress] Stage 2 50% —
 CATY 已檢查 434/2604…
2026-03-02 17:56:47,866 modules.ml_screener [INFO] [ML S2 PASS] CAVA ADR=6.2% $
Vol=$309.8M
2026-03-02 17:56:47,866 modules.ml_screener [DEBUG] [ML Progress] Stage 2 50% —
 CAVA 已檢查 435/2604…
2026-03-02 17:56:47,866 modules.ml_screener [DEBUG] [ML Progress] Stage 2 50% —
 CB 已檢查 436/2604…
2026-03-02 17:56:47,866 modules.ml_screener [DEBUG] [ML Progress] Stage 2 50% —
 CBC 已檢查 437/2604…
2026-03-02 17:56:47,866 modules.ml_screener [INFO] [ML S2 PASS] CATX ADR=9.4% $
Vol=$18.9M
2026-03-02 17:56:47,866 modules.ml_screener [DEBUG] [ML Progress] Stage 2 50% —
 CATX 已檢查 438/2604…
2026-03-02 17:56:47,866 modules.ml_screener [DEBUG] [ML Progress] Stage 2 50% —
 CBLL 已檢查 439/2604…
2026-03-02 17:56:47,866 modules.ml_screener [DEBUG] [ML Progress] Stage 2 50% —
 CBRE 已檢查 440/2604…
2026-03-02 17:56:47,866 modules.ml_screener [DEBUG] [ML Progress] Stage 2 50% —
 CBSH 已檢查 441/2604…
2026-03-02 17:56:47,866 modules.ml_screener [DEBUG] [ML Progress] Stage 2 50% —
 CBT 已檢查 442/2604…
2026-03-02 17:56:47,866 modules.ml_screener [INFO] [ML S2 PASS] CC ADR=8.2% $Vo
l=$76.6M
2026-03-02 17:56:47,866 modules.ml_screener [DEBUG] [ML Progress] Stage 2 50% —
 CC 已檢查 443/2604…
2026-03-02 17:56:47,866 modules.ml_screener [DEBUG] [ML Progress] Stage 2 50% —
 CCC 已檢查 444/2604…
2026-03-02 17:56:47,866 modules.ml_screener [DEBUG] [ML Progress] Stage 2 50% —
 CBZ 已檢查 445/2604…
2026-03-02 17:56:47,866 modules.ml_screener [DEBUG] [ML Progress] Stage 2 50% —
 CCEP 已檢查 446/2604…
2026-03-02 17:56:47,866 modules.ml_screener [DEBUG] [ML Progress] Stage 2 50% —
 CCI 已檢查 447/2604…
2026-03-02 17:56:47,866 modules.ml_screener [DEBUG] [ML Progress] Stage 2 50% —
 CCL 已檢查 448/2604…
2026-03-02 17:56:47,867 modules.ml_screener [DEBUG] [ML Progress] Stage 2 50% —
 CCK 已檢查 449/2604…
2026-03-02 17:56:47,868 modules.ml_screener [DEBUG] [ML Progress] Stage 2 50% —
 CCOI 已檢查 450/2604…
2026-03-02 17:56:47,868 modules.ml_screener [INFO] [ML S2 PASS] CCJ ADR=4.6% $V
ol=$515.2M
2026-03-02 17:56:47,868 modules.ml_screener [DEBUG] [ML Progress] Stage 2 50% —
 CCJ 已檢查 451/2604…
2026-03-02 17:56:47,868 modules.ml_screener [INFO] [ML S2 PASS] CDE ADR=6.6% $V
ol=$562.3M
2026-03-02 17:56:47,868 modules.ml_screener [DEBUG] [ML Progress] Stage 2 50% —
 CDE 已檢查 452/2604…
2026-03-02 17:56:47,868 modules.ml_screener [DEBUG] [ML Progress] Stage 2 50% —
 CBRL 已檢查 453/2604…
2026-03-02 17:56:47,868 modules.ml_screener [DEBUG] [ML Progress] Stage 2 50% —
 CCRN 已檢查 454/2604…
2026-03-02 17:56:47,869 modules.ml_screener [DEBUG] [ML Progress] Stage 2 50% —
 CDNL 已檢查 455/2604…
2026-03-02 17:56:47,869 modules.ml_screener [DEBUG] [ML Progress] Stage 2 50% —
 CDNA 已檢查 456/2604…
2026-03-02 17:56:47,869 modules.ml_screener [DEBUG] [ML Progress] Stage 2 50% —
 CDNS 已檢查 457/2604…
2026-03-02 17:56:47,869 modules.ml_screener [DEBUG] [ML Progress] Stage 2 50% —
 CDP 已檢查 458/2604…
2026-03-02 17:56:47,869 modules.ml_screener [INFO] [ML S2 PASS] CE ADR=5.3% $Vo
l=$150.0M
2026-03-02 17:56:47,869 modules.ml_screener [DEBUG] [ML Progress] Stage 2 50% —
 CE 已檢查 459/2604…
2026-03-02 17:56:47,869 modules.ml_screener [DEBUG] [ML Progress] Stage 2 50% —
 CDW 已檢查 460/2604…
2026-03-02 17:56:47,869 modules.ml_screener [DEBUG] [ML Progress] Stage 2 50% —
 CDZI 已檢查 461/2604…
2026-03-02 17:56:47,869 modules.ml_screener [INFO] [ML S2 PASS] CELC ADR=4.9% $
Vol=$69.2M
2026-03-02 17:56:47,869 modules.ml_screener [DEBUG] [ML Progress] Stage 2 50% —
 CELC 已檢查 462/2604…
2026-03-02 17:56:47,869 modules.ml_screener [DEBUG] [ML Progress] Stage 2 50% —
 CDIO 已檢查 463/2604…
2026-03-02 17:56:47,869 modules.ml_screener [DEBUG] [ML Progress] Stage 2 50% —
 CECO 已檢查 464/2604…
2026-03-02 17:56:47,869 modules.ml_screener [INFO] [ML S2 PASS] CELH ADR=4.9% $
Vol=$269.4M
2026-03-02 17:56:47,869 modules.ml_screener [DEBUG] [ML Progress] Stage 2 50% —
 CELH 已檢查 465/2604…
2026-03-02 17:56:47,869 modules.ml_screener [DEBUG] [ML Progress] Stage 2 50% —
 CEPT 已檢查 466/2604…
2026-03-02 17:56:47,869 modules.ml_screener [INFO] [ML S2 PASS] CENX ADR=7.3% $
Vol=$132.6M
2026-03-02 17:56:47,869 modules.ml_screener [DEBUG] [ML Progress] Stage 2 50% —
 CENX 已檢查 467/2604…
2026-03-02 17:56:47,869 modules.ml_screener [DEBUG] [ML Progress] Stage 2 50% —
 CERT 已檢查 468/2604…
2026-03-02 17:56:47,869 modules.ml_screener [DEBUG] [ML Progress] Stage 2 50% —
 CF 已檢查 469/2604…
2026-03-02 17:56:47,869 modules.ml_screener [DEBUG] [ML Progress] Stage 2 50% —
 CFG 已檢查 470/2604…
2026-03-02 17:56:47,869 modules.ml_screener [DEBUG] [ML Progress] Stage 2 50% —
 CEVA 已檢查 471/2604…
2026-03-02 17:56:47,869 modules.ml_screener [DEBUG] [ML Progress] Stage 2 50% —
 CFFN 已檢查 472/2604…
2026-03-02 17:56:47,869 modules.ml_screener [INFO] [ML S2 PASS] CGAU ADR=5.6% $
Vol=$38.7M
2026-03-02 17:56:47,869 modules.ml_screener [DEBUG] [ML Progress] Stage 2 50% —
 CGAU 已檢查 473/2604…
2026-03-02 17:56:47,869 modules.ml_screener [DEBUG] [ML Progress] Stage 2 50% —
 CFLT 已檢查 474/2604…
2026-03-02 17:56:47,869 modules.ml_screener [DEBUG] [ML Progress] Stage 2 50% —
 CEG 已檢查 475/2604…
2026-03-02 17:56:47,869 modules.ml_screener [DEBUG] [ML Progress] Stage 2 50% —
 CFR 已檢查 476/2604…
2026-03-02 17:56:47,869 modules.ml_screener [DEBUG] [ML Progress] Stage 2 50% —
 CG 已檢查 477/2604…
2026-03-02 17:56:47,869 modules.ml_screener [DEBUG] [ML Progress] Stage 2 50% —
 CGNT 已檢查 478/2604…
2026-03-02 17:56:47,869 modules.ml_screener [DEBUG] [ML Progress] Stage 2 50% —
 CGBD 已檢查 479/2604…
2026-03-02 17:56:47,869 modules.ml_screener [DEBUG] [ML Progress] Stage 2 50% —
 CHA 已檢查 480/2604…
2026-03-02 17:56:47,869 modules.ml_screener [INFO] [ML S2 PASS] CGON ADR=5.3% $
Vol=$44.2M
2026-03-02 17:56:47,869 modules.ml_screener [DEBUG] [ML Progress] Stage 2 50% —
 CGON 已檢查 481/2604…
2026-03-02 17:56:47,871 modules.ml_screener [INFO] [ML S2 PASS] CGEM ADR=7.9% $
Vol=$10.9M
2026-03-02 17:56:47,871 modules.ml_screener [DEBUG] [ML Progress] Stage 2 50% —
 CGEM 已檢查 482/2604…
2026-03-02 17:56:47,871 modules.ml_screener [DEBUG] [ML Progress] Stage 2 50% —
 CHD 已檢查 483/2604…
2026-03-02 17:56:47,871 modules.ml_screener [INFO] [ML S2 PASS] CGNX ADR=4.2% $
Vol=$159.2M
2026-03-02 17:56:47,871 modules.ml_screener [DEBUG] [ML Progress] Stage 2 50% —
 CGNX 已檢查 484/2604…
2026-03-02 17:56:47,871 modules.ml_screener [DEBUG] [ML Progress] Stage 2 50% —
 CHDN 已檢查 485/2604…
2026-03-02 17:56:47,871 modules.ml_screener [DEBUG] [ML Progress] Stage 2 50% —
 CHE 已檢查 486/2604…
2026-03-02 17:56:47,871 modules.ml_screener [DEBUG] [ML Progress] Stage 2 50% —
 CHCT 已檢查 487/2604…
2026-03-02 17:56:47,871 modules.ml_screener [DEBUG] [ML Progress] Stage 2 50% —
 CHEF 已檢查 488/2604…
2026-03-02 17:56:47,871 modules.ml_screener [DEBUG] [ML Progress] Stage 2 50% —
 CHKP 已檢查 489/2604…
2026-03-02 17:56:47,871 modules.ml_screener [DEBUG] [ML Progress] Stage 2 50% —
 CHH 已檢查 490/2604…
2026-03-02 17:56:47,871 modules.ml_screener [DEBUG] [ML Progress] Stage 2 50% —
 CHTR 已檢查 491/2604…
2026-03-02 17:56:47,872 modules.ml_screener [DEBUG] [ML Progress] Stage 2 50% —
 CI 已檢查 492/2604…
2026-03-02 17:56:47,872 modules.ml_screener [DEBUG] [ML Progress] Stage 2 50% —
 CHYM 已檢查 493/2604…
2026-03-02 17:56:47,872 modules.ml_screener [DEBUG] [ML Progress] Stage 2 50% —
 CHRD 已檢查 494/2604…
2026-03-02 17:56:47,872 modules.ml_screener [DEBUG] [ML Progress] Stage 2 50% —
 CHWY 已檢查 495/2604…
2026-03-02 17:56:47,872 modules.ml_screener [DEBUG] [ML Progress] Stage 2 50% —
 CIB 已檢查 496/2604…
2026-03-02 17:56:47,872 modules.ml_screener [INFO] [ML S2 PASS] CIEN ADR=7.3% $
Vol=$1287.9M
2026-03-02 17:56:47,872 modules.ml_screener [DEBUG] [ML Progress] Stage 2 50% —
 CIEN 已檢查 497/2604…
2026-03-02 17:56:47,872 modules.ml_screener [DEBUG] [ML Progress] Stage 2 50% —
 CIFR 已檢查 498/2604…
2026-03-02 17:56:47,872 modules.ml_screener [DEBUG] [ML Progress] Stage 2 50% —
 CIGI 已檢查 499/2604…
2026-03-02 17:56:47,872 modules.ml_screener [DEBUG] [ML Progress] Stage 2 50% —
 CINF 已檢查 500/2604…
2026-03-02 17:56:47,872 modules.ml_screener [DEBUG] [ML Progress] Stage 2 50% —
 CHRW 已檢查 501/2604…
2026-03-02 17:56:47,872 modules.ml_screener [DEBUG] [ML Progress] Stage 2 50% —
 CIM 已檢查 502/2604…
2026-03-02 17:56:47,872 modules.ml_screener [DEBUG] [ML Progress] Stage 2 50% —
 CION 已檢查 503/2604…
2026-03-02 17:56:47,872 modules.ml_screener [DEBUG] [ML Progress] Stage 2 50% —
 CING 已檢查 504/2604…
2026-03-02 17:56:47,872 modules.ml_screener [DEBUG] [ML Progress] Stage 2 50% —
 CLB 已檢查 505/2604…
2026-03-02 17:56:47,873 modules.ml_screener [DEBUG] [ML Progress] Stage 2 50% —
 CL 已檢查 506/2604…
2026-03-02 17:56:47,873 modules.ml_screener [INFO] [ML S2 PASS] CLMT ADR=4.7% $
Vol=$40.5M
2026-03-02 17:56:47,873 modules.ml_screener [DEBUG] [ML Progress] Stage 2 50% —
 CLMT 已檢查 507/2604…
2026-03-02 17:56:47,873 modules.ml_screener [DEBUG] [ML Progress] Stage 2 50% —
 CLBK 已檢查 508/2604…
2026-03-02 17:56:47,873 modules.ml_screener [DEBUG] [ML Progress] Stage 2 50% —
 CLBT 已檢查 509/2604…
2026-03-02 17:56:47,873 modules.ml_screener [DEBUG] [ML Progress] Stage 2 50% —
 CLDT 已檢查 510/2604…
2026-03-02 17:56:47,873 modules.ml_screener [DEBUG] [ML Progress] Stage 2 50% —
 CLF 已檢查 511/2604…
2026-03-02 17:56:47,873 modules.ml_screener [DEBUG] [ML Progress] Stage 2 50% —
 CLM 已檢查 512/2604…
2026-03-02 17:56:47,873 modules.ml_screener [DEBUG] [ML Progress] Stage 2 50% —
 CLH 已檢查 513/2604…
2026-03-02 17:56:47,873 modules.ml_screener [DEBUG] [ML Progress] Stage 2 50% —
 CLS 已檢查 514/2604…
2026-03-02 17:56:47,873 modules.ml_screener [DEBUG] [ML Progress] Stage 2 50% —
 CLPT 已檢查 515/2604…
2026-03-02 17:56:47,873 modules.ml_screener [DEBUG] [ML Progress] Stage 2 50% —
 CLDX 已檢查 516/2604…
2026-03-02 17:56:47,873 modules.ml_screener [DEBUG] [ML Progress] Stage 2 50% —
 CLSK 已檢查 517/2604…
2026-03-02 17:56:47,873 modules.ml_screener [DEBUG] [ML Progress] Stage 2 50% —
 CLW 已檢查 518/2604…
2026-03-02 17:56:47,873 modules.ml_screener [DEBUG] [ML Progress] Stage 2 50% —
 CLX 已檢查 519/2604…
2026-03-02 17:56:47,873 modules.ml_screener [DEBUG] [ML Progress] Stage 2 50% —
 CLYM 已檢查 520/2604…
2026-03-02 17:56:47,873 modules.ml_screener [DEBUG] [ML Progress] Stage 2 50% —
 CM 已檢查 521/2604…
2026-03-02 17:56:47,873 modules.ml_screener [DEBUG] [ML Progress] Stage 2 50% —
 CMBT 已檢查 522/2604…
2026-03-02 17:56:47,873 modules.ml_screener [DEBUG] [ML Progress] Stage 2 50% —
 CMC 已檢查 523/2604…
2026-03-02 17:56:47,873 modules.ml_screener [DEBUG] [ML Progress] Stage 2 50% —
 CMCSA 已檢查 524/2604…
2026-03-02 17:56:47,873 modules.ml_screener [DEBUG] [ML Progress] Stage 2 50% —
 CME 已檢查 525/2604…
2026-03-02 17:56:47,873 modules.ml_screener [DEBUG] [ML Progress] Stage 2 50% —
 CMCO 已檢查 526/2604…
2026-03-02 17:56:47,873 modules.ml_screener [DEBUG] [ML Progress] Stage 2 50% —
 CMG 已檢查 527/2604…
2026-03-02 17:56:47,874 modules.ml_screener [DEBUG] [ML Progress] Stage 2 50% —
 CMI 已檢查 528/2604…
2026-03-02 17:56:47,874 modules.ml_screener [INFO] [ML S2 PASS] CMPS ADR=9.0% $
Vol=$36.4M
2026-03-02 17:56:47,874 modules.ml_screener [DEBUG] [ML Progress] Stage 2 50% —
 CMPS 已檢查 529/2604…
2026-03-02 17:56:47,874 modules.ml_screener [INFO] [ML S2 PASS] CMP ADR=5.3% $V
ol=$12.5M
2026-03-02 17:56:47,874 modules.ml_screener [DEBUG] [ML Progress] Stage 2 50% —
 CMP 已檢查 530/2604…
2026-03-02 17:56:47,874 modules.ml_screener [DEBUG] [ML Progress] Stage 2 50% —
 CMRE 已檢查 531/2604…
2026-03-02 17:56:47,874 modules.ml_screener [DEBUG] [ML Progress] Stage 2 50% —
 CMPX 已檢查 532/2604…
2026-03-02 17:56:47,874 modules.ml_screener [DEBUG] [ML Progress] Stage 2 50% —
 CMTL 已檢查 533/2604…
2026-03-02 17:56:47,874 modules.ml_screener [DEBUG] [ML Progress] Stage 2 50% —
 CMS 已檢查 534/2604…
2026-03-02 17:56:47,874 modules.ml_screener [DEBUG] [ML Progress] Stage 2 50% —
 CNA 已檢查 535/2604…
2026-03-02 17:56:47,874 modules.ml_screener [DEBUG] [ML Progress] Stage 2 50% —
 CNC 已檢查 536/2604…
2026-03-02 17:56:47,874 modules.ml_screener [DEBUG] [ML Progress] Stage 2 50% —
 CNH 已檢查 537/2604…
2026-03-02 17:56:47,874 modules.ml_screener [DEBUG] [ML Progress] Stage 2 50% —
 CNM 已檢查 538/2604…
2026-03-02 17:56:47,874 modules.ml_screener [DEBUG] [ML Progress] Stage 2 50% —
 CNMD 已檢查 539/2604…
2026-03-02 17:56:47,874 modules.ml_screener [DEBUG] [ML Progress] Stage 2 50% —
 CNNE 已檢查 540/2604…
2026-03-02 17:56:47,874 modules.ml_screener [DEBUG] [ML Progress] Stage 2 50% —
 CNI 已檢查 541/2604…
2026-03-02 17:56:47,874 modules.ml_screener [DEBUG] [ML Progress] Stage 2 50% —
 CNOB 已檢查 542/2604…
2026-03-02 17:56:47,874 modules.ml_screener [DEBUG] [ML Progress] Stage 2 50% —
 CNO 已檢查 543/2604…
2026-03-02 17:56:47,874 modules.ml_screener [DEBUG] [ML Progress] Stage 2 50% —
 CNP 已檢查 544/2604…
2026-03-02 17:56:47,874 modules.ml_screener [DEBUG] [ML Progress] Stage 2 50% —
 CNK 已檢查 545/2604…
2026-03-02 17:56:47,874 modules.ml_screener [DEBUG] [ML Progress] Stage 2 50% —
 CNR 已檢查 546/2604…
2026-03-02 17:56:47,874 modules.ml_screener [DEBUG] [ML Progress] Stage 2 50% —
 CNQ 已檢查 547/2604…
2026-03-02 17:56:47,875 modules.ml_screener [INFO] [ML S2 PASS] CNTN ADR=10.0% 
$Vol=$5.8M
2026-03-02 17:56:47,875 modules.ml_screener [DEBUG] [ML Progress] Stage 2 50% —
 CNTN 已檢查 548/2604…
2026-03-02 17:56:47,875 modules.ml_screener [DEBUG] [ML Progress] Stage 2 50% —
 CNX 已檢查 549/2604…
2026-03-02 17:56:47,875 modules.ml_screener [INFO] [ML S2 PASS] COHU ADR=5.5% $
Vol=$32.2M
2026-03-02 17:56:47,876 modules.ml_screener [DEBUG] [ML Progress] Stage 2 50% —
 COHU 已檢查 550/2604…
2026-03-02 17:56:47,876 modules.ml_screener [DEBUG] [ML Progress] Stage 2 50% —
 CNXC 已檢查 551/2604…
2026-03-02 17:56:47,876 modules.ml_screener [DEBUG] [ML Progress] Stage 2 50% —
 CNTA 已檢查 552/2604…
2026-03-02 17:56:47,876 modules.ml_screener [DEBUG] [ML Progress] Stage 2 50% —
 COF 已檢查 553/2604…
2026-03-02 17:56:47,876 modules.ml_screener [INFO] [ML S2 PASS] COHR ADR=7.5% $
Vol=$1621.3M
2026-03-02 17:56:47,876 modules.ml_screener [DEBUG] [ML Progress] Stage 2 50% —
 COHR 已檢查 554/2604…
2026-03-02 17:56:47,876 modules.ml_screener [DEBUG] [ML Progress] Stage 2 50% —
 COIN 已檢查 555/2604…
2026-03-02 17:56:47,876 modules.ml_screener [DEBUG] [ML Progress] Stage 2 50% —
 COLB 已檢查 556/2604…
2026-03-02 17:56:47,876 modules.ml_screener [DEBUG] [ML Progress] Stage 2 50% —
 COCO 已檢查 557/2604…
2026-03-02 17:56:47,876 modules.ml_screener [DEBUG] [ML Progress] Stage 2 50% —
 COLL 已檢查 558/2604…
2026-03-02 17:56:47,876 modules.ml_screener [INFO] [ML S2 PASS] COGT ADR=5.1% $
Vol=$60.8M
2026-03-02 17:56:47,876 modules.ml_screener [DEBUG] [ML Progress] Stage 2 50% —
 COGT 已檢查 559/2604…
2026-03-02 17:56:47,876 modules.ml_screener [DEBUG] [ML Progress] Stage 2 50% —
 COLM 已檢查 560/2604…
2026-03-02 17:56:47,876 modules.ml_screener [DEBUG] [ML Progress] Stage 2 50% —
 COMP 已檢查 561/2604…
2026-03-02 17:56:47,876 modules.ml_screener [DEBUG] [ML Progress] Stage 2 50% —
 CON 已檢查 562/2604…
2026-03-02 17:56:47,876 modules.ml_screener [DEBUG] [ML Progress] Stage 2 50% —
 COO 已檢查 563/2604…
2026-03-02 17:56:47,876 modules.ml_screener [DEBUG] [ML Progress] Stage 2 50% —
 COP 已檢查 564/2604…
2026-03-02 17:56:47,876 modules.ml_screener [DEBUG] [ML Progress] Stage 2 50% —
 COR 已檢查 565/2604…
2026-03-02 17:56:47,876 modules.ml_screener [DEBUG] [ML Progress] Stage 2 50% —
 CODI 已檢查 566/2604…
2026-03-02 17:56:47,876 modules.ml_screener [DEBUG] [ML Progress] Stage 2 50% —
 CORT 已檢查 567/2604…
2026-03-02 17:56:47,876 modules.ml_screener [DEBUG] [ML Progress] Stage 2 50% —
 COKE 已檢查 568/2604…
2026-03-02 17:56:47,876 modules.ml_screener [DEBUG] [ML Progress] Stage 2 50% —
 CORZ 已檢查 569/2604…
2026-03-02 17:56:47,876 modules.ml_screener [DEBUG] [ML Progress] Stage 2 50% —
 COST 已檢查 570/2604…
2026-03-02 17:56:47,876 modules.ml_screener [DEBUG] [ML Progress] Stage 2 50% —
 COUR 已檢查 571/2604…
2026-03-02 17:56:47,876 modules.ml_screener [DEBUG] [ML Progress] Stage 2 50% —
 CP 已檢查 572/2604…
2026-03-02 17:56:47,876 modules.ml_screener [DEBUG] [ML Progress] Stage 2 50% —
 COLD 已檢查 573/2604…
2026-03-02 17:56:47,876 modules.ml_screener [DEBUG] [ML Progress] Stage 2 50% —
 CPB 已檢查 574/2604…
2026-03-02 17:56:47,876 modules.ml_screener [DEBUG] [ML Progress] Stage 2 50% —
 CPRT 已檢查 575/2604…
2026-03-02 17:56:47,876 modules.ml_screener [DEBUG] [ML Progress] Stage 2 50% —
 CPNG 已檢查 576/2604…
2026-03-02 17:56:47,876 modules.ml_screener [DEBUG] [ML Progress] Stage 2 50% —
 CPRX 已檢查 577/2604…
2026-03-02 17:56:47,876 modules.ml_screener [DEBUG] [ML Progress] Stage 2 50% —
 CPRI 已檢查 578/2604…
2026-03-02 17:56:47,876 modules.ml_screener [DEBUG] [ML Progress] Stage 2 50% —
 CPT 已檢查 579/2604…
2026-03-02 17:56:47,876 modules.ml_screener [DEBUG] [ML Progress] Stage 2 50% —
 CRBG 已檢查 580/2604…
2026-03-02 17:56:47,877 modules.ml_screener [DEBUG] [ML Progress] Stage 2 50% —
 CRC 已檢查 581/2604…
2026-03-02 17:56:47,877 modules.ml_screener [DEBUG] [ML Progress] Stage 2 50% —
 CR 已檢查 582/2604…
2026-03-02 17:56:47,877 modules.ml_screener [DEBUG] [ML Progress] Stage 2 50% —
 CRF 已檢查 583/2604…
2026-03-02 17:56:47,877 modules.ml_screener [DEBUG] [ML Progress] Stage 2 50% —
 CPAY 已檢查 584/2604…
2026-03-02 17:56:47,877 modules.ml_screener [DEBUG] [ML Progress] Stage 2 50% —
 CRDO 已檢查 585/2604…
2026-03-02 17:56:47,878 modules.ml_screener [DEBUG] [ML Progress] Stage 2 50% —
 CRI 已檢查 586/2604…
2026-03-02 17:56:47,878 modules.ml_screener [DEBUG] [ML Progress] Stage 2 50% —
 CRH 已檢查 587/2604…
2026-03-02 17:56:47,878 modules.ml_screener [DEBUG] [ML Progress] Stage 2 50% —
 CRK 已檢查 588/2604…
2026-03-02 17:56:47,878 modules.ml_screener [DEBUG] [ML Progress] Stage 2 50% —
 CRL 已檢查 589/2604…
2026-03-02 17:56:47,878 modules.ml_screener [DEBUG] [ML Progress] Stage 2 50% —
 CRCL 已檢查 590/2604…
2026-03-02 17:56:47,878 modules.ml_screener [DEBUG] [ML Progress] Stage 2 50% —
 CRMD 已檢查 591/2604…
2026-03-02 17:56:47,878 modules.ml_screener [DEBUG] [ML Progress] Stage 2 50% —
 CRM 已檢查 592/2604…
2026-03-02 17:56:47,878 modules.ml_screener [DEBUG] [ML Progress] Stage 2 50% —
 CRML 已檢查 593/2604…
2026-03-02 17:56:47,878 modules.ml_screener [DEBUG] [ML Progress] Stage 2 50% —
 CRNC 已檢查 594/2604…
2026-03-02 17:56:47,878 modules.ml_screener [DEBUG] [ML Progress] Stage 2 50% —
 CRNX 已檢查 595/2604…
2026-03-02 17:56:47,879 modules.ml_screener [DEBUG] [ML Progress] Stage 2 50% —
 CRGY 已檢查 596/2604…
2026-03-02 17:56:47,879 modules.ml_screener [DEBUG] [ML Progress] Stage 2 50% —
 CRSR 已檢查 597/2604…
2026-03-02 17:56:47,879 modules.ml_screener [DEBUG] [ML Progress] Stage 2 50% —
 CRTO 已檢查 598/2604…
2026-03-02 17:56:47,879 modules.ml_screener [DEBUG] [ML Progress] Stage 2 50% —
 CRUS 已檢查 599/2604…
2026-03-02 17:56:47,879 modules.ml_screener [INFO] [ML S2 PASS] CRVS ADR=6.0% $
Vol=$28.4M
2026-03-02 17:56:47,879 modules.ml_screener [DEBUG] [ML Progress] Stage 2 50% —
 CRVS 已檢查 600/2604…
2026-03-02 17:56:47,879 modules.ml_screener [DEBUG] [ML Progress] Stage 2 50% —
 CRWD 已檢查 601/2604…
2026-03-02 17:56:47,879 modules.ml_screener [DEBUG] [ML Progress] Stage 2 50% —
 CROX 已檢查 602/2604…
2026-03-02 17:56:47,879 modules.ml_screener [DEBUG] [ML Progress] Stage 2 50% —
 CRWV 已檢查 603/2604…
2026-03-02 17:56:47,879 modules.ml_screener [DEBUG] [ML Progress] Stage 2 50% —
 CSCO 已檢查 604/2604…
2026-03-02 17:56:47,879 modules.ml_screener [DEBUG] [ML Progress] Stage 2 50% —
 CRS 已檢查 605/2604…
2026-03-02 17:56:47,879 modules.ml_screener [DEBUG] [ML Progress] Stage 2 50% —
 CSGP 已檢查 606/2604…
2026-03-02 17:56:47,879 modules.ml_screener [DEBUG] [ML Progress] Stage 2 50% —
 CSIQ 已檢查 607/2604…
2026-03-02 17:56:47,879 modules.ml_screener [DEBUG] [ML Progress] Stage 2 50% —
 CRSP 已檢查 608/2604…
2026-03-02 17:56:47,880 modules.ml_screener [DEBUG] [ML Progress] Stage 2 50% —
 CSL 已檢查 609/2604…
2026-03-02 17:56:47,880 modules.ml_screener [INFO] [ML S2 PASS] CSTM ADR=4.9% $
Vol=$63.2M
2026-03-02 17:56:47,880 modules.ml_screener [DEBUG] [ML Progress] Stage 2 50% —
 CSTM 已檢查 610/2604…
2026-03-02 17:56:47,880 modules.ml_screener [DEBUG] [ML Progress] Stage 2 50% —
 CSTL 已檢查 611/2604…
2026-03-02 17:56:47,880 modules.ml_screener [DEBUG] [ML Progress] Stage 2 50% —
 CSX 已檢查 612/2604…
2026-03-02 17:56:47,880 modules.ml_screener [DEBUG] [ML Progress] Stage 2 50% —
 CSWC 已檢查 613/2604…
2026-03-02 17:56:47,880 modules.ml_screener [DEBUG] [ML Progress] Stage 2 50% —
 CTEV 已檢查 614/2604…
2026-03-02 17:56:47,880 modules.ml_screener [INFO] [ML S2 PASS] CTMX ADR=6.4% $
Vol=$17.2M
2026-03-02 17:56:47,880 modules.ml_screener [DEBUG] [ML Progress] Stage 2 50% —
 CTMX 已檢查 615/2604…
2026-03-02 17:56:47,880 modules.ml_screener [DEBUG] [ML Progress] Stage 2 50% —
 CTAS 已檢查 616/2604…
2026-03-02 17:56:47,880 modules.ml_screener [DEBUG] [ML Progress] Stage 2 50% —
 CTLP 已檢查 617/2604…
2026-03-02 17:56:47,880 modules.ml_screener [DEBUG] [ML Progress] Stage 2 50% —
 CTOS 已檢查 618/2604…
2026-03-02 17:56:47,880 modules.ml_screener [DEBUG] [ML Progress] Stage 2 50% —
 CTRA 已檢查 619/2604…
2026-03-02 17:56:47,880 modules.ml_screener [INFO] [ML S2 PASS] CTRI ADR=4.5% $
Vol=$50.1M
2026-03-02 17:56:47,880 modules.ml_screener [DEBUG] [ML Progress] Stage 2 50% —
 CTRI 已檢查 620/2604…
2026-03-02 17:56:47,881 modules.ml_screener [DEBUG] [ML Progress] Stage 2 50% —
 CTRE 已檢查 621/2604…
2026-03-02 17:56:47,881 modules.ml_screener [DEBUG] [ML Progress] Stage 2 50% —
 CTSH 已檢查 622/2604…
2026-03-02 17:56:47,881 modules.ml_screener [DEBUG] [ML Progress] Stage 2 50% —
 CTVA 已檢查 623/2604…
2026-03-02 17:56:47,881 modules.ml_screener [DEBUG] [ML Progress] Stage 2 50% —
 CUBI 已檢查 624/2604…
2026-03-02 17:56:47,881 modules.ml_screener [DEBUG] [ML Progress] Stage 2 50% —
 CUK 已檢查 625/2604…
2026-03-02 17:56:47,881 modules.ml_screener [DEBUG] [ML Progress] Stage 2 50% —
 CUBE 已檢查 626/2604…
2026-03-02 17:56:47,881 modules.ml_screener [DEBUG] [ML Progress] Stage 2 50% —
 CURB 已檢查 627/2604…
2026-03-02 17:56:47,881 modules.ml_screener [DEBUG] [ML Progress] Stage 2 50% —
 CUZ 已檢查 628/2604…
2026-03-02 17:56:47,881 modules.ml_screener [DEBUG] [ML Progress] Stage 2 50% —
 CVE 已檢查 629/2604…
2026-03-02 17:56:47,881 modules.ml_screener [DEBUG] [ML Progress] Stage 2 50% —
 CV 已檢查 630/2604…
2026-03-02 17:56:47,881 modules.ml_screener [DEBUG] [ML Progress] Stage 2 50% —
 CVBF 已檢查 631/2604…
2026-03-02 17:56:47,881 modules.ml_screener [DEBUG] [ML Progress] Stage 2 50% —
 CVRX 已檢查 632/2604…
2026-03-02 17:56:47,881 modules.ml_screener [DEBUG] [ML Progress] Stage 2 50% —
 CVNA 已檢查 633/2604…
2026-03-02 17:56:47,881 modules.ml_screener [DEBUG] [ML Progress] Stage 2 50% —
 CVLT 已檢查 634/2604…
2026-03-02 17:56:47,881 modules.ml_screener [DEBUG] [ML Progress] Stage 2 50% —
 CVI 已檢查 635/2604…
2026-03-02 17:56:47,882 modules.ml_screener [DEBUG] [ML Progress] Stage 2 50% —
 CVS 已檢查 636/2604…
2026-03-02 17:56:47,882 modules.ml_screener [DEBUG] [ML Progress] Stage 2 50% —
 CVSA 已檢查 637/2604…
2026-03-02 17:56:47,882 modules.ml_screener [DEBUG] [ML Progress] Stage 2 50% —
 CWAN 已檢查 638/2604…
2026-03-02 17:56:47,882 modules.ml_screener [DEBUG] [ML Progress] Stage 2 50% —
 CW 已檢查 639/2604…
2026-03-02 17:56:47,882 modules.ml_screener [DEBUG] [ML Progress] Stage 2 50% —
 CVX 已檢查 640/2604…
2026-03-02 17:56:47,882 modules.ml_screener [DEBUG] [ML Progress] Stage 2 50% —
 CWEN 已檢查 641/2604…
2026-03-02 17:56:47,882 modules.ml_screener [DEBUG] [ML Progress] Stage 2 50% —
 CWK 已檢查 642/2604…
2026-03-02 17:56:47,882 modules.ml_screener [DEBUG] [ML Progress] Stage 2 50% —
 CWH 已檢查 643/2604…
2026-03-02 17:56:47,882 modules.ml_screener [DEBUG] [ML Progress] Stage 2 50% —
 CWST 已檢查 644/2604…
2026-03-02 17:56:47,882 modules.ml_screener [DEBUG] [ML Progress] Stage 2 50% —
 CWT 已檢查 645/2604…
2026-03-02 17:56:47,882 modules.ml_screener [DEBUG] [ML Progress] Stage 2 50% —
 CX 已檢查 646/2604…
2026-03-02 17:56:47,883 modules.ml_screener [DEBUG] [ML Progress] Stage 2 50% —
 CXM 已檢查 647/2604…
2026-03-02 17:56:47,883 modules.ml_screener [DEBUG] [ML Progress] Stage 2 50% —
 CXT 已檢查 648/2604…
2026-03-02 17:56:47,883 modules.ml_screener [DEBUG] [ML Progress] Stage 2 50% —
 CXW 已檢查 649/2604…
2026-03-02 17:56:47,883 modules.ml_screener [INFO] [ML S2 PASS] CYD ADR=6.3% $V
ol=$12.7M
2026-03-02 17:56:47,883 modules.ml_screener [DEBUG] [ML Progress] Stage 2 50% —
 CYD 已檢查 650/2604…
2026-03-02 17:56:47,883 modules.ml_screener [DEBUG] [ML Progress] Stage 2 51% —
 CYTK 已檢查 651/2604…
2026-03-02 17:56:47,883 modules.ml_screener [DEBUG] [ML Progress] Stage 2 51% —
 D 已檢查 652/2604…
2026-03-02 17:56:47,883 modules.ml_screener [DEBUG] [ML Progress] Stage 2 51% —
 CYRX 已檢查 653/2604…
2026-03-02 17:56:47,883 modules.ml_screener [DEBUG] [ML Progress] Stage 2 51% —
 DAL 已檢查 654/2604…
2026-03-02 17:56:47,883 modules.ml_screener [DEBUG] [ML Progress] Stage 2 51% —
 DAN 已檢查 655/2604…
2026-03-02 17:56:47,883 modules.ml_screener [DEBUG] [ML Progress] Stage 2 51% —
 DAR 已檢查 656/2604…
2026-03-02 17:56:47,883 modules.ml_screener [DEBUG] [ML Progress] Stage 2 51% —
 CZR 已檢查 657/2604…
2026-03-02 17:56:47,883 modules.ml_screener [DEBUG] [ML Progress] Stage 2 51% —
 DASH 已檢查 658/2604…
2026-03-02 17:56:47,883 modules.ml_screener [INFO] [ML S2 PASS] DAKT ADR=4.5% $
Vol=$16.8M
2026-03-02 17:56:47,884 modules.ml_screener [DEBUG] [ML Progress] Stage 2 51% —
 DAKT 已檢查 659/2604…
2026-03-02 17:56:47,884 modules.ml_screener [DEBUG] [ML Progress] Stage 2 51% —
 DAWN 已檢查 660/2604…
2026-03-02 17:56:47,884 modules.ml_screener [DEBUG] [ML Progress] Stage 2 51% —
 DAVE 已檢查 661/2604…
2026-03-02 17:56:47,884 modules.ml_screener [DEBUG] [ML Progress] Stage 2 51% —
 DB 已檢查 662/2604…
2026-03-02 17:56:47,884 modules.ml_screener [INFO] [ML S2 PASS] DBI ADR=6.1% $V
ol=$5.3M
2026-03-02 17:56:47,884 modules.ml_screener [DEBUG] [ML Progress] Stage 2 51% —
 DBI 已檢查 663/2604…
2026-03-02 17:56:47,884 modules.ml_screener [DEBUG] [ML Progress] Stage 2 51% —
 DBRG 已檢查 664/2604…
2026-03-02 17:56:47,884 modules.ml_screener [DEBUG] [ML Progress] Stage 2 51% —
 DCH 已檢查 665/2604…
2026-03-02 17:56:47,884 modules.ml_screener [DEBUG] [ML Progress] Stage 2 51% —
 DBX 已檢查 666/2604…
2026-03-02 17:56:47,884 modules.ml_screener [DEBUG] [ML Progress] Stage 2 51% —
 DCI 已檢查 667/2604…
2026-03-02 17:56:47,884 modules.ml_screener [DEBUG] [ML Progress] Stage 2 51% —
 DBD 已檢查 668/2604…
2026-03-02 17:56:47,884 modules.ml_screener [INFO] [ML S2 PASS] DC ADR=6.6% $Vo
l=$12.0M
2026-03-02 17:56:47,884 modules.ml_screener [DEBUG] [ML Progress] Stage 2 51% —
 DC 已檢查 669/2604…
2026-03-02 17:56:47,884 modules.ml_screener [DEBUG] [ML Progress] Stage 2 51% —
 DDOG 已檢查 670/2604…
2026-03-02 17:56:47,884 modules.ml_screener [DEBUG] [ML Progress] Stage 2 51% —
 DD 已檢查 671/2604…
2026-03-02 17:56:47,884 modules.ml_screener [DEBUG] [ML Progress] Stage 2 51% —
 DEA 已檢查 672/2604…
2026-03-02 17:56:47,885 modules.ml_screener [DEBUG] [ML Progress] Stage 2 51% —
 DECK 已檢查 673/2604…
2026-03-02 17:56:47,885 modules.ml_screener [DEBUG] [ML Progress] Stage 2 51% —
 DCTH 已檢查 674/2604…
2026-03-02 17:56:47,885 modules.ml_screener [DEBUG] [ML Progress] Stage 2 51% —
 DEC 已檢查 675/2604…
2026-03-02 17:56:47,885 modules.ml_screener [DEBUG] [ML Progress] Stage 2 51% —
 DE 已檢查 676/2604…
2026-03-02 17:56:47,885 modules.ml_screener [DEBUG] [ML Progress] Stage 2 51% —
 DEI 已檢查 677/2604…
2026-03-02 17:56:47,885 modules.ml_screener [DEBUG] [ML Progress] Stage 2 51% —
 DFH 已檢查 678/2604…
2026-03-02 17:56:47,885 modules.ml_screener [DEBUG] [ML Progress] Stage 2 51% —
 DG 已檢查 679/2604…
2026-03-02 17:56:47,885 modules.ml_screener [DEBUG] [ML Progress] Stage 2 51% —
 DEO 已檢查 680/2604…
2026-03-02 17:56:47,885 modules.ml_screener [INFO] [ML S2 PASS] DHC ADR=5.2% $V
ol=$12.7M
2026-03-02 17:56:47,885 modules.ml_screener [DEBUG] [ML Progress] Stage 2 51% —
 DHC 已檢查 681/2604…
2026-03-02 17:56:47,885 modules.ml_screener [DEBUG] [ML Progress] Stage 2 51% —
 DGX 已檢查 682/2604…
2026-03-02 17:56:47,885 modules.ml_screener [DEBUG] [ML Progress] Stage 2 51% —
 DHR 已檢查 683/2604…
2026-03-02 17:56:47,885 modules.ml_screener [DEBUG] [ML Progress] Stage 2 51% —
 DHI 已檢查 684/2604…
2026-03-02 17:56:47,885 modules.ml_screener [DEBUG] [ML Progress] Stage 2 51% —
 DELL 已檢查 685/2604…
2026-03-02 17:56:47,885 modules.ml_screener [INFO] [ML S2 PASS] DFTX ADR=6.0% $
Vol=$23.9M
2026-03-02 17:56:47,886 modules.ml_screener [DEBUG] [ML Progress] Stage 2 51% —
 DFTX 已檢查 686/2604…
2026-03-02 17:56:47,886 modules.ml_screener [DEBUG] [ML Progress] Stage 2 51% —
 DIN 已檢查 687/2604…
2026-03-02 17:56:47,886 modules.ml_screener [DEBUG] [ML Progress] Stage 2 51% —
 DHT 已檢查 688/2604…
2026-03-02 17:56:47,886 modules.ml_screener [DEBUG] [ML Progress] Stage 2 51% —
 DINO 已檢查 689/2604…
2026-03-02 17:56:47,886 modules.ml_screener [DEBUG] [ML Progress] Stage 2 51% —
 DIS 已檢查 690/2604…
2026-03-02 17:56:47,886 modules.ml_screener [INFO] [ML S2 PASS] DIOD ADR=5.4% $
Vol=$32.3M
2026-03-02 17:56:47,886 modules.ml_screener [DEBUG] [ML Progress] Stage 2 51% —
 DIOD 已檢查 691/2604…
2026-03-02 17:56:47,886 modules.ml_screener [DEBUG] [ML Progress] Stage 2 51% —
 DKNG 已檢查 692/2604…
2026-03-02 17:56:47,886 modules.ml_screener [DEBUG] [ML Progress] Stage 2 51% —
 DJT 已檢查 693/2604…
2026-03-02 17:56:47,886 modules.ml_screener [DEBUG] [ML Progress] Stage 2 51% —
 DKS 已檢查 694/2604…
2026-03-02 17:56:47,886 modules.ml_screener [DEBUG] [ML Progress] Stage 2 51% —
 DLB 已檢查 695/2604…
2026-03-02 17:56:47,886 modules.ml_screener [DEBUG] [ML Progress] Stage 2 51% —
 DGII 已檢查 696/2604…
2026-03-02 17:56:47,886 modules.ml_screener [DEBUG] [ML Progress] Stage 2 51% —
 DLR 已檢查 697/2604…
2026-03-02 17:56:47,886 modules.ml_screener [DEBUG] [ML Progress] Stage 2 51% —
 DLO 已檢查 698/2604…
2026-03-02 17:56:47,886 modules.ml_screener [DEBUG] [ML Progress] Stage 2 51% —
 DLTR 已檢查 699/2604…
2026-03-02 17:56:47,886 modules.ml_screener [DEBUG] [ML Progress] Stage 2 51% —
 DLX 已檢查 700/2604…
2026-03-02 17:56:47,886 modules.ml_screener [DEBUG] [ML Progress] Stage 2 51% —
 DMII 已檢查 701/2604…
2026-03-02 17:56:47,886 modules.ml_screener [DEBUG] [ML Progress] Stage 2 51% —
 DNA 已檢查 702/2604…
2026-03-02 17:56:47,886 modules.ml_screener [DEBUG] [ML Progress] Stage 2 51% —
 DNOW 已檢查 703/2604…
2026-03-02 17:56:47,886 modules.ml_screener [DEBUG] [ML Progress] Stage 2 51% —
 DNP 已檢查 704/2604…
2026-03-02 17:56:47,886 modules.ml_screener [DEBUG] [ML Progress] Stage 2 51% —
 DOC 已檢查 705/2604…
2026-03-02 17:56:47,886 modules.ml_screener [DEBUG] [ML Progress] Stage 2 51% —
 DOCN 已檢查 706/2604…
2026-03-02 17:56:47,886 modules.ml_screener [INFO] [ML S2 PASS] DNTH ADR=6.3% $
Vol=$37.9M
2026-03-02 17:56:47,886 modules.ml_screener [DEBUG] [ML Progress] Stage 2 51% —
 DNTH 已檢查 707/2604…
2026-03-02 17:56:47,886 modules.ml_screener [DEBUG] [ML Progress] Stage 2 51% —
 DNLI 已檢查 708/2604…
2026-03-02 17:56:47,886 modules.ml_screener [DEBUG] [ML Progress] Stage 2 51% —
 DK 已檢查 709/2604…
2026-03-02 17:56:47,886 modules.ml_screener [DEBUG] [ML Progress] Stage 2 51% —
 DORM 已檢查 710/2604…
2026-03-02 17:56:47,887 modules.ml_screener [DEBUG] [ML Progress] Stage 2 51% —
 DOCU 已檢查 711/2604…
2026-03-02 17:56:47,887 modules.ml_screener [DEBUG] [ML Progress] Stage 2 51% —
 DOLE 已檢查 712/2604…
2026-03-02 17:56:47,887 modules.ml_screener [DEBUG] [ML Progress] Stage 2 51% —
 DOV 已檢查 713/2604…
2026-03-02 17:56:47,887 modules.ml_screener [INFO] [ML S2 PASS] DOW ADR=4.3% $V
ol=$419.0M
2026-03-02 17:56:47,887 modules.ml_screener [DEBUG] [ML Progress] Stage 2 51% —
 DOW 已檢查 714/2604…
2026-03-02 17:56:47,887 modules.ml_screener [DEBUG] [ML Progress] Stage 2 51% —
 DOX 已檢查 715/2604…
2026-03-02 17:56:47,887 modules.ml_screener [DEBUG] [ML Progress] Stage 2 51% —
 DOCS 已檢查 716/2604…
2026-03-02 17:56:47,887 modules.ml_screener [DEBUG] [ML Progress] Stage 2 51% —
 DPZ 已檢查 717/2604…
2026-03-02 17:56:47,887 modules.ml_screener [DEBUG] [ML Progress] Stage 2 51% —
 DQ 已檢查 718/2604…
2026-03-02 17:56:47,887 modules.ml_screener [INFO] [ML S2 PASS] DRD ADR=4.6% $V
ol=$12.7M
2026-03-02 17:56:47,888 modules.ml_screener [DEBUG] [ML Progress] Stage 2 51% —
 DRD 已檢查 719/2604…
2026-03-02 17:56:47,888 modules.ml_screener [DEBUG] [ML Progress] Stage 2 51% —
 DPRO 已檢查 720/2604…
2026-03-02 17:56:47,888 modules.ml_screener [DEBUG] [ML Progress] Stage 2 51% —
 DRDB 已檢查 721/2604…
2026-03-02 17:56:47,888 modules.ml_screener [DEBUG] [ML Progress] Stage 2 51% —
 DRH 已檢查 722/2604…
2026-03-02 17:56:47,888 modules.ml_screener [DEBUG] [ML Progress] Stage 2 51% —
 DRI 已檢查 723/2604…
2026-03-02 17:56:47,888 modules.ml_screener [DEBUG] [ML Progress] Stage 2 51% —
 DRVN 已檢查 724/2604…
2026-03-02 17:56:47,888 modules.ml_screener [DEBUG] [ML Progress] Stage 2 51% —
 DSGX 已檢查 725/2604…
2026-03-02 17:56:47,888 modules.ml_screener [DEBUG] [ML Progress] Stage 2 51% —
 DRTS 已檢查 726/2604…
2026-03-02 17:56:47,888 modules.ml_screener [DEBUG] [ML Progress] Stage 2 51% —
 DSU 已檢查 727/2604…
2026-03-02 17:56:47,888 modules.ml_screener [DEBUG] [ML Progress] Stage 2 51% —
 DT 已檢查 728/2604…
2026-03-02 17:56:47,888 modules.ml_screener [DEBUG] [ML Progress] Stage 2 51% —
 DSL 已檢查 729/2604…
2026-03-02 17:56:47,888 modules.ml_screener [DEBUG] [ML Progress] Stage 2 51% —
 DRS 已檢查 730/2604…
2026-03-02 17:56:47,888 modules.ml_screener [DEBUG] [ML Progress] Stage 2 51% —
 DTM 已檢查 731/2604…
2026-03-02 17:56:47,888 modules.ml_screener [DEBUG] [ML Progress] Stage 2 51% —
 DUK 已檢查 732/2604…
2026-03-02 17:56:47,888 modules.ml_screener [DEBUG] [ML Progress] Stage 2 51% —
 DUOT 已檢查 733/2604…
2026-03-02 17:56:47,888 modules.ml_screener [DEBUG] [ML Progress] Stage 2 51% —
 DTE 已檢查 734/2604…
2026-03-02 17:56:47,888 modules.ml_screener [DEBUG] [ML Progress] Stage 2 51% —
 DUOL 已檢查 735/2604…
2026-03-02 17:56:47,888 modules.ml_screener [DEBUG] [ML Progress] Stage 2 51% —
 DVA 已檢查 736/2604…
2026-03-02 17:56:47,888 modules.ml_screener [DEBUG] [ML Progress] Stage 2 51% —
 DV 已檢查 737/2604…
2026-03-02 17:56:47,888 modules.ml_screener [DEBUG] [ML Progress] Stage 2 51% —
 DVN 已檢查 738/2604…
2026-03-02 17:56:47,888 modules.ml_screener [DEBUG] [ML Progress] Stage 2 51% —
 DXCM 已檢查 739/2604…
2026-03-02 17:56:47,888 modules.ml_screener [DEBUG] [ML Progress] Stage 2 51% —
 DX 已檢查 740/2604…
2026-03-02 17:56:47,888 modules.ml_screener [DEBUG] [ML Progress] Stage 2 51% —
 DXC 已檢查 741/2604…
2026-03-02 17:56:47,888 modules.ml_screener [DEBUG] [ML Progress] Stage 2 51% —
 DXYZ 已檢查 742/2604…
2026-03-02 17:56:47,888 modules.ml_screener [DEBUG] [ML Progress] Stage 2 51% —
 E 已檢查 743/2604…
2026-03-02 17:56:47,888 modules.ml_screener [DEBUG] [ML Progress] Stage 2 51% —
 EA 已檢查 744/2604…
2026-03-02 17:56:47,888 modules.ml_screener [DEBUG] [ML Progress] Stage 2 51% —
 DYN 已檢查 745/2604…
2026-03-02 17:56:47,888 modules.ml_screener [DEBUG] [ML Progress] Stage 2 51% —
 EAT 已檢查 746/2604…
2026-03-02 17:56:47,888 modules.ml_screener [INFO] [ML S2 PASS] ECG ADR=6.4% $V
ol=$86.2M
2026-03-02 17:56:47,888 modules.ml_screener [DEBUG] [ML Progress] Stage 2 51% —
 ECG 已檢查 747/2604…
2026-03-02 17:56:47,888 modules.ml_screener [DEBUG] [ML Progress] Stage 2 51% —
 EBC 已檢查 748/2604…
2026-03-02 17:56:47,888 modules.ml_screener [DEBUG] [ML Progress] Stage 2 51% —
 EBS 已檢查 749/2604…
2026-03-02 17:56:47,888 modules.ml_screener [DEBUG] [ML Progress] Stage 2 51% —
 DY 已檢查 750/2604…
2026-03-02 17:56:47,888 modules.ml_screener [DEBUG] [ML Progress] Stage 2 51% —
 ECAT 已檢查 751/2604…
2026-03-02 17:56:47,888 modules.ml_screener [DEBUG] [ML Progress] Stage 2 51% —
 EC 已檢查 752/2604…
2026-03-02 17:56:47,888 modules.ml_screener [DEBUG] [ML Progress] Stage 2 51% —
 ECO 已檢查 753/2604…
2026-03-02 17:56:47,888 modules.ml_screener [DEBUG] [ML Progress] Stage 2 51% —
 ECL 已檢查 754/2604…
2026-03-02 17:56:47,888 modules.ml_screener [DEBUG] [ML Progress] Stage 2 51% —
 ECPG 已檢查 755/2604…
2026-03-02 17:56:47,888 modules.ml_screener [DEBUG] [ML Progress] Stage 2 51% —
 ECVT 已檢查 756/2604…
2026-03-02 17:56:47,888 modules.ml_screener [DEBUG] [ML Progress] Stage 2 51% —
 ED 已檢查 757/2604…
2026-03-02 17:56:47,889 modules.ml_screener [DEBUG] [ML Progress] Stage 2 51% —
 EBAY 已檢查 758/2604…
2026-03-02 17:56:47,889 modules.ml_screener [DEBUG] [ML Progress] Stage 2 51% —
 EDD 已檢查 759/2604…
2026-03-02 17:56:47,889 modules.ml_screener [INFO] [ML S2 PASS] EE ADR=4.4% $Vo
l=$17.1M
2026-03-02 17:56:47,889 modules.ml_screener [DEBUG] [ML Progress] Stage 2 51% —
 EE 已檢查 760/2604…
2026-03-02 17:56:47,889 modules.ml_screener [DEBUG] [ML Progress] Stage 2 51% —
 EDU 已檢查 761/2604…
2026-03-02 17:56:47,889 modules.ml_screener [DEBUG] [ML Progress] Stage 2 51% —
 EEFT 已檢查 762/2604…
2026-03-02 17:56:47,889 modules.ml_screener [INFO] [ML S2 PASS] EFXT ADR=4.8% $
Vol=$10.2M
2026-03-02 17:56:47,889 modules.ml_screener [DEBUG] [ML Progress] Stage 2 51% —
 EFXT 已檢查 763/2604…
2026-03-02 17:56:47,889 modules.ml_screener [DEBUG] [ML Progress] Stage 2 51% —
 EFC 已檢查 764/2604…
2026-03-02 17:56:47,889 modules.ml_screener [INFO] [ML S2 PASS] EGBN ADR=4.1% $
Vol=$8.8M
2026-03-02 17:56:47,890 modules.ml_screener [DEBUG] [ML Progress] Stage 2 51% —
 EGBN 已檢查 765/2604…
2026-03-02 17:56:47,890 modules.ml_screener [DEBUG] [ML Progress] Stage 2 51% —
 EFX 已檢查 766/2604…
2026-03-02 17:56:47,890 modules.ml_screener [DEBUG] [ML Progress] Stage 2 51% —
 EG 已檢查 767/2604…
2026-03-02 17:56:47,890 modules.ml_screener [DEBUG] [ML Progress] Stage 2 51% —
 EGP 已檢查 768/2604…
2026-03-02 17:56:47,890 modules.ml_screener [DEBUG] [ML Progress] Stage 2 51% —
 EH 已檢查 769/2604…
2026-03-02 17:56:47,890 modules.ml_screener [DEBUG] [ML Progress] Stage 2 51% —
 EHAB 已檢查 770/2604…
2026-03-02 17:56:47,890 modules.ml_screener [DEBUG] [ML Progress] Stage 2 51% —
 EHC 已檢查 771/2604…
2026-03-02 17:56:47,890 modules.ml_screener [DEBUG] [ML Progress] Stage 2 51% —
 EIX 已檢查 772/2604…
2026-03-02 17:56:47,890 modules.ml_screener [DEBUG] [ML Progress] Stage 2 51% —
 EL 已檢查 773/2604…
2026-03-02 17:56:47,890 modules.ml_screener [INFO] [ML S2 PASS] EGY ADR=4.3% $V
ol=$5.5M
2026-03-02 17:56:47,890 modules.ml_screener [DEBUG] [ML Progress] Stage 2 51% —
 EGY 已檢查 774/2604…
2026-03-02 17:56:47,890 modules.ml_screener [INFO] [ML S2 PASS] EGO ADR=4.9% $V
ol=$146.4M
2026-03-02 17:56:47,890 modules.ml_screener [DEBUG] [ML Progress] Stage 2 51% —
 EGO 已檢查 775/2604…
2026-03-02 17:56:47,890 modules.ml_screener [DEBUG] [ML Progress] Stage 2 51% —
 EIG 已檢查 776/2604…
2026-03-02 17:56:47,890 modules.ml_screener [INFO] [ML S2 PASS] ELVN ADR=5.2% $
Vol=$21.6M
2026-03-02 17:56:47,891 modules.ml_screener [DEBUG] [ML Progress] Stage 2 51% —
 ELVN 已檢查 777/2604…
2026-03-02 17:56:47,891 modules.ml_screener [DEBUG] [ML Progress] Stage 2 51% —
 ELS 已檢查 778/2604…
2026-03-02 17:56:47,891 modules.ml_screener [DEBUG] [ML Progress] Stage 2 51% —
 ELAN 已檢查 779/2604…
2026-03-02 17:56:47,891 modules.ml_screener [DEBUG] [ML Progress] Stage 2 51% —
 ELV 已檢查 780/2604…
2026-03-02 17:56:47,891 modules.ml_screener [DEBUG] [ML Progress] Stage 2 51% —
 ELVA 已檢查 781/2604…
2026-03-02 17:56:47,891 modules.ml_screener [DEBUG] [ML Progress] Stage 2 51% —
 EMBC 已檢查 782/2604…
2026-03-02 17:56:47,891 modules.ml_screener [DEBUG] [ML Progress] Stage 2 51% —
 EMA 已檢查 783/2604…
2026-03-02 17:56:47,891 modules.ml_screener [DEBUG] [ML Progress] Stage 2 51% —
 EMBJ 已檢查 784/2604…
2026-03-02 17:56:47,891 modules.ml_screener [DEBUG] [ML Progress] Stage 2 51% —
 EMN 已檢查 785/2604…
2026-03-02 17:56:47,891 modules.ml_screener [DEBUG] [ML Progress] Stage 2 51% —
 EME 已檢查 786/2604…
2026-03-02 17:56:47,891 modules.ml_screener [DEBUG] [ML Progress] Stage 2 51% —
 EMR 已檢查 787/2604…
2026-03-02 17:56:47,891 modules.ml_screener [DEBUG] [ML Progress] Stage 2 51% —
 ELF 已檢查 788/2604…
2026-03-02 17:56:47,891 modules.ml_screener [INFO] [ML S2 PASS] ENPH ADR=7.1% $
Vol=$426.8M
2026-03-02 17:56:47,892 modules.ml_screener [DEBUG] [ML Progress] Stage 2 51% —
 ENPH 已檢查 789/2604…
2026-03-02 17:56:47,892 modules.ml_screener [INFO] [ML S2 PASS] ENTG ADR=5.2% $
Vol=$418.8M
2026-03-02 17:56:47,892 modules.ml_screener [DEBUG] [ML Progress] Stage 2 51% —
 ENTG 已檢查 790/2604…
2026-03-02 17:56:47,892 modules.ml_screener [DEBUG] [ML Progress] Stage 2 51% —
 ENB 已檢查 791/2604…
2026-03-02 17:56:47,892 modules.ml_screener [DEBUG] [ML Progress] Stage 2 51% —
 ENR 已檢查 792/2604…
2026-03-02 17:56:47,892 modules.ml_screener [DEBUG] [ML Progress] Stage 2 51% —
 ENS 已檢查 793/2604…
2026-03-02 17:56:47,892 modules.ml_screener [DEBUG] [ML Progress] Stage 2 51% —
 ENSG 已檢查 794/2604…
2026-03-02 17:56:47,892 modules.ml_screener [DEBUG] [ML Progress] Stage 2 51% —
 ENVX 已檢查 795/2604…
2026-03-02 17:56:47,892 modules.ml_screener [DEBUG] [ML Progress] Stage 2 51% —
 EOSE 已檢查 796/2604…
2026-03-02 17:56:47,892 modules.ml_screener [DEBUG] [ML Progress] Stage 2 51% —
 EOG 已檢查 797/2604…
2026-03-02 17:56:47,892 modules.ml_screener [DEBUG] [ML Progress] Stage 2 51% —
 ENOV 已檢查 798/2604…
2026-03-02 17:56:47,892 modules.ml_screener [DEBUG] [ML Progress] Stage 2 51% —
 EPAM 已檢查 799/2604…
2026-03-02 17:56:47,892 modules.ml_screener [DEBUG] [ML Progress] Stage 2 51% —
 EPD 已檢查 800/2604…
2026-03-02 17:56:47,892 modules.ml_screener [DEBUG] [ML Progress] Stage 2 51% —
 EPC 已檢查 801/2604…
2026-03-02 17:56:47,892 modules.ml_screener [DEBUG] [ML Progress] Stage 2 51% —
 EPR 已檢查 802/2604…
2026-03-02 17:56:47,893 modules.ml_screener [DEBUG] [ML Progress] Stage 2 51% —
 EPRT 已檢查 803/2604…
2026-03-02 17:56:47,893 modules.ml_screener [DEBUG] [ML Progress] Stage 2 51% —
 EQIX 已檢查 804/2604…
2026-03-02 17:56:47,893 modules.ml_screener [INFO] [ML S2 PASS] EQX ADR=5.9% $V
ol=$174.8M
2026-03-02 17:56:47,893 modules.ml_screener [DEBUG] [ML Progress] Stage 2 51% —
 EQX 已檢查 805/2604…
2026-03-02 17:56:47,893 modules.ml_screener [DEBUG] [ML Progress] Stage 2 51% —
 EQH 已檢查 806/2604…
2026-03-02 17:56:47,893 modules.ml_screener [DEBUG] [ML Progress] Stage 2 51% —
 EQR 已檢查 807/2604…
2026-03-02 17:56:47,893 modules.ml_screener [INFO] [ML S2 PASS] ERAS ADR=6.1% $
Vol=$48.8M
2026-03-02 17:56:47,893 modules.ml_screener [DEBUG] [ML Progress] Stage 2 51% —
 ERAS 已檢查 808/2604…
2026-03-02 17:56:47,893 modules.ml_screener [DEBUG] [ML Progress] Stage 2 51% —
 EQNR 已檢查 809/2604…
2026-03-02 17:56:47,893 modules.ml_screener [DEBUG] [ML Progress] Stage 2 51% —
 EQT 已檢查 810/2604…
2026-03-02 17:56:47,893 modules.ml_screener [DEBUG] [ML Progress] Stage 2 51% —
 ERIC 已檢查 811/2604…
2026-03-02 17:56:47,893 modules.ml_screener [INFO] [ML S2 PASS] ERO ADR=5.9% $V
ol=$62.2M
2026-03-02 17:56:47,893 modules.ml_screener [DEBUG] [ML Progress] Stage 2 51% —
 ERO 已檢查 812/2604…
2026-03-02 17:56:47,893 modules.ml_screener [INFO] [ML S2 PASS] ESI ADR=4.4% $V
ol=$111.9M
2026-03-02 17:56:47,893 modules.ml_screener [DEBUG] [ML Progress] Stage 2 51% —
 ESI 已檢查 813/2604…
2026-03-02 17:56:47,893 modules.ml_screener [INFO] [ML S2 PASS] ESOA ADR=7.8% $
Vol=$5.7M
2026-03-02 17:56:47,894 modules.ml_screener [DEBUG] [ML Progress] Stage 2 51% —
 ESOA 已檢查 814/2604…
2026-03-02 17:56:47,894 modules.ml_screener [DEBUG] [ML Progress] Stage 2 51% —
 ERII 已檢查 815/2604…
2026-03-02 17:56:47,894 modules.ml_screener [DEBUG] [ML Progress] Stage 2 51% —
 ES 已檢查 816/2604…
2026-03-02 17:56:47,894 modules.ml_screener [DEBUG] [ML Progress] Stage 2 51% —
 ESAB 已檢查 817/2604…
2026-03-02 17:56:47,894 modules.ml_screener [DEBUG] [ML Progress] Stage 2 51% —
 ESNT 已檢查 818/2604…
2026-03-02 17:56:47,894 modules.ml_screener [DEBUG] [ML Progress] Stage 2 51% —
 ESRT 已檢查 819/2604…
2026-03-02 17:56:47,894 modules.ml_screener [DEBUG] [ML Progress] Stage 2 51% —
 ESS 已檢查 820/2604…
2026-03-02 17:56:47,894 modules.ml_screener [DEBUG] [ML Progress] Stage 2 51% —
 ESTC 已檢查 821/2604…
2026-03-02 17:56:47,894 modules.ml_screener [INFO] [ML S2 PASS] ESTA ADR=7.2% $
Vol=$41.0M
2026-03-02 17:56:47,894 modules.ml_screener [DEBUG] [ML Progress] Stage 2 51% —
 ESTA 已檢查 822/2604…
2026-03-02 17:56:47,894 modules.ml_screener [DEBUG] [ML Progress] Stage 2 51% —
 ETD 已檢查 823/2604…
2026-03-02 17:56:47,894 modules.ml_screener [DEBUG] [ML Progress] Stage 2 51% —
 ETN 已檢查 824/2604…
2026-03-02 17:56:47,894 modules.ml_screener [DEBUG] [ML Progress] Stage 2 51% —
 ET 已檢查 825/2604…
2026-03-02 17:56:47,894 modules.ml_screener [DEBUG] [ML Progress] Stage 2 51% —
 ETOR 已檢查 826/2604…
2026-03-02 17:56:47,894 modules.ml_screener [DEBUG] [ML Progress] Stage 2 51% —
 ETR 已檢查 827/2604…
2026-03-02 17:56:47,894 modules.ml_screener [DEBUG] [ML Progress] Stage 2 51% —
 EVER 已檢查 828/2604…
2026-03-02 17:56:47,894 modules.ml_screener [DEBUG] [ML Progress] Stage 2 51% —
 ETW 已檢查 829/2604…
2026-03-02 17:56:47,894 modules.ml_screener [DEBUG] [ML Progress] Stage 2 51% —
 EVLV 已檢查 830/2604…
2026-03-02 17:56:47,894 modules.ml_screener [DEBUG] [ML Progress] Stage 2 51% —
 EVMN 已檢查 831/2604…
2026-03-02 17:56:47,894 modules.ml_screener [DEBUG] [ML Progress] Stage 2 51% —
 EVR 已檢查 832/2604…
2026-03-02 17:56:47,894 modules.ml_screener [DEBUG] [ML Progress] Stage 2 51% —
 EVTC 已檢查 833/2604…
2026-03-02 17:56:47,894 modules.ml_screener [INFO] [ML S2 PASS] EWTX ADR=5.0% $
Vol=$25.1M
2026-03-02 17:56:47,894 modules.ml_screener [DEBUG] [ML Progress] Stage 2 51% —
 EWTX 已檢查 834/2604…
2026-03-02 17:56:47,894 modules.ml_screener [DEBUG] [ML Progress] Stage 2 51% —
 EVRG 已檢查 835/2604…
2026-03-02 17:56:47,894 modules.ml_screener [DEBUG] [ML Progress] Stage 2 51% —
 EW 已檢查 836/2604…
2026-03-02 17:56:47,894 modules.ml_screener [DEBUG] [ML Progress] Stage 2 51% —
 EVV 已檢查 837/2604…
2026-03-02 17:56:47,894 modules.ml_screener [DEBUG] [ML Progress] Stage 2 51% —
 EWBC 已檢查 838/2604…
2026-03-02 17:56:47,894 modules.ml_screener [DEBUG] [ML Progress] Stage 2 51% —
 EWCZ 已檢查 839/2604…
2026-03-02 17:56:47,894 modules.ml_screener [DEBUG] [ML Progress] Stage 2 51% —
 ETON 已檢查 840/2604…
2026-03-02 17:56:47,894 modules.ml_screener [DEBUG] [ML Progress] Stage 2 51% —
 EXAS 已檢查 841/2604…
2026-03-02 17:56:47,894 modules.ml_screener [DEBUG] [ML Progress] Stage 2 51% —
 ETSY 已檢查 842/2604…
2026-03-02 17:56:47,895 modules.ml_screener [DEBUG] [ML Progress] Stage 2 51% —
 EXC 已檢查 843/2604…
2026-03-02 17:56:47,895 modules.ml_screener [DEBUG] [ML Progress] Stage 2 51% —
 EXEL 已檢查 844/2604…
2026-03-02 17:56:47,895 modules.ml_screener [DEBUG] [ML Progress] Stage 2 51% —
 EXG 已檢查 845/2604…
2026-03-02 17:56:47,895 modules.ml_screener [DEBUG] [ML Progress] Stage 2 51% —
 EXE 已檢查 846/2604…
2026-03-02 17:56:47,895 modules.ml_screener [DEBUG] [ML Progress] Stage 2 51% —
 EXLS 已檢查 847/2604…
2026-03-02 17:56:47,895 modules.ml_screener [DEBUG] [ML Progress] Stage 2 51% —
 EXPE 已檢查 848/2604…
2026-03-02 17:56:47,895 modules.ml_screener [INFO] [ML S2 PASS] EXK ADR=6.5% $V
ol=$156.4M
2026-03-02 17:56:47,895 modules.ml_screener [DEBUG] [ML Progress] Stage 2 51% —
 EXK 已檢查 849/2604…
2026-03-02 17:56:47,895 modules.ml_screener [DEBUG] [ML Progress] Stage 2 51% —
 EXP 已檢查 850/2604…
2026-03-02 17:56:47,895 modules.ml_screener [DEBUG] [ML Progress] Stage 2 51% —
 EXPD 已檢查 851/2604…
2026-03-02 17:56:47,896 modules.ml_screener [DEBUG] [ML Progress] Stage 2 51% —
 EXPI 已檢查 852/2604…
2026-03-02 17:56:47,896 modules.ml_screener [DEBUG] [ML Progress] Stage 2 51% —
 EXPO 已檢查 853/2604…
2026-03-02 17:56:47,896 modules.ml_screener [DEBUG] [ML Progress] Stage 2 51% —
 EXR 已檢查 854/2604…
2026-03-02 17:56:47,896 modules.ml_screener [DEBUG] [ML Progress] Stage 2 51% —
 EYE 已檢查 855/2604…
2026-03-02 17:56:47,896 modules.ml_screener [DEBUG] [ML Progress] Stage 2 51% —
 EXTR 已檢查 856/2604…
2026-03-02 17:56:47,896 modules.ml_screener [DEBUG] [ML Progress] Stage 2 51% —
 F 已檢查 857/2604…
2026-03-02 17:56:47,896 modules.ml_screener [DEBUG] [ML Progress] Stage 2 51% —
 FA 已檢查 858/2604…
2026-03-02 17:56:47,896 modules.ml_screener [DEBUG] [ML Progress] Stage 2 51% —
 EZPW 已檢查 859/2604…
2026-03-02 17:56:47,896 modules.ml_screener [DEBUG] [ML Progress] Stage 2 51% —
 FAST 已檢查 860/2604…
2026-03-02 17:56:47,896 modules.ml_screener [DEBUG] [ML Progress] Stage 2 51% —
 FANG 已檢查 861/2604…
2026-03-02 17:56:47,896 modules.ml_screener [DEBUG] [ML Progress] Stage 2 51% —
 FAF 已檢查 862/2604…
2026-03-02 17:56:47,896 modules.ml_screener [INFO] [ML S2 PASS] FCEL ADR=7.7% $
Vol=$12.4M
2026-03-02 17:56:47,896 modules.ml_screener [DEBUG] [ML Progress] Stage 2 51% —
 FCEL 已檢查 863/2604…
2026-03-02 17:56:47,896 modules.ml_screener [DEBUG] [ML Progress] Stage 2 51% —
 EYPT 已檢查 864/2604…
2026-03-02 17:56:47,896 modules.ml_screener [DEBUG] [ML Progress] Stage 2 51% —
 FBP 已檢查 865/2604…
2026-03-02 17:56:47,896 modules.ml_screener [DEBUG] [ML Progress] Stage 2 51% —
 FBRT 已檢查 866/2604…
2026-03-02 17:56:47,896 modules.ml_screener [INFO] [ML S2 PASS] FCX ADR=4.1% $V
ol=$1249.0M
2026-03-02 17:56:47,896 modules.ml_screener [DEBUG] [ML Progress] Stage 2 51% —
 FCX 已檢查 867/2604…
2026-03-02 17:56:47,896 modules.ml_screener [DEBUG] [ML Progress] Stage 2 52% —
 FBIN 已檢查 868/2604…
2026-03-02 17:56:47,896 modules.ml_screener [DEBUG] [ML Progress] Stage 2 52% —
 FCF 已檢查 869/2604…
2026-03-02 17:56:47,896 modules.ml_screener [DEBUG] [ML Progress] Stage 2 52% —
 FCN 已檢查 870/2604…
2026-03-02 17:56:47,896 modules.ml_screener [DEBUG] [ML Progress] Stage 2 52% —
 FCPT 已檢查 871/2604…
2026-03-02 17:56:47,896 modules.ml_screener [DEBUG] [ML Progress] Stage 2 52% —
 FDS 已檢查 872/2604…
2026-03-02 17:56:47,896 modules.ml_screener [DEBUG] [ML Progress] Stage 2 52% —
 FDUS 已檢查 873/2604…
2026-03-02 17:56:47,896 modules.ml_screener [DEBUG] [ML Progress] Stage 2 52% —
 FDX 已檢查 874/2604…
2026-03-02 17:56:47,896 modules.ml_screener [DEBUG] [ML Progress] Stage 2 52% —
 FELE 已檢查 875/2604…
2026-03-02 17:56:47,896 modules.ml_screener [DEBUG] [ML Progress] Stage 2 52% —
 FE 已檢查 876/2604…
2026-03-02 17:56:47,897 modules.ml_screener [DEBUG] [ML Progress] Stage 2 52% —
 FERG 已檢查 877/2604…
2026-03-02 17:56:47,897 modules.ml_screener [DEBUG] [ML Progress] Stage 2 52% —
 FER 已檢查 878/2604…
2026-03-02 17:56:47,897 modules.ml_screener [INFO] [ML S2 PASS] FET ADR=5.9% $V
ol=$16.9M
2026-03-02 17:56:47,897 modules.ml_screener [DEBUG] [ML Progress] Stage 2 52% —
 FET 已檢查 879/2604…
2026-03-02 17:56:47,897 modules.ml_screener [DEBUG] [ML Progress] Stage 2 52% —
 FDMT 已檢查 880/2604…
2026-03-02 17:56:47,897 modules.ml_screener [DEBUG] [ML Progress] Stage 2 52% —
 FFBC 已檢查 881/2604…
2026-03-02 17:56:47,897 modules.ml_screener [DEBUG] [ML Progress] Stage 2 52% —
 FFIV 已檢查 882/2604…
2026-03-02 17:56:47,897 modules.ml_screener [DEBUG] [ML Progress] Stage 2 52% —
 FFWM 已檢查 883/2604…
2026-03-02 17:56:47,897 modules.ml_screener [DEBUG] [ML Progress] Stage 2 52% —
 FGL 已檢查 884/2604…
2026-03-02 17:56:47,897 modules.ml_screener [DEBUG] [ML Progress] Stage 2 52% —
 FG 已檢查 885/2604…
2026-03-02 17:56:47,898 modules.ml_screener [DEBUG] [ML Progress] Stage 2 52% —
 FHB 已檢查 886/2604…
2026-03-02 17:56:47,898 modules.ml_screener [DEBUG] [ML Progress] Stage 2 52% —
 FHI 已檢查 887/2604…
2026-03-02 17:56:47,898 modules.ml_screener [DEBUG] [ML Progress] Stage 2 52% —
 FHN 已檢查 888/2604…
2026-03-02 17:56:47,898 modules.ml_screener [DEBUG] [ML Progress] Stage 2 52% —
 FIBK 已檢查 889/2604…
2026-03-02 17:56:47,898 modules.ml_screener [DEBUG] [ML Progress] Stage 2 52% —
 FICO 已檢查 890/2604…
2026-03-02 17:56:47,898 modules.ml_screener [DEBUG] [ML Progress] Stage 2 52% —
 FIG 已檢查 891/2604…
2026-03-02 17:56:47,898 modules.ml_screener [DEBUG] [ML Progress] Stage 2 52% —
 FFIN 已檢查 892/2604…
2026-03-02 17:56:47,898 modules.ml_screener [DEBUG] [ML Progress] Stage 2 52% —
 FIGR 已檢查 893/2604…
2026-03-02 17:56:47,898 modules.ml_screener [DEBUG] [ML Progress] Stage 2 52% —
 FIHL 已檢查 894/2604…
2026-03-02 17:56:47,898 modules.ml_screener [INFO] [ML S2 PASS] FIP ADR=5.8% $V
ol=$6.6M
2026-03-02 17:56:47,898 modules.ml_screener [DEBUG] [ML Progress] Stage 2 52% —
 FIP 已檢查 895/2604…
2026-03-02 17:56:47,898 modules.ml_screener [DEBUG] [ML Progress] Stage 2 52% —
 FIS 已檢查 896/2604…
2026-03-02 17:56:47,898 modules.ml_screener [DEBUG] [ML Progress] Stage 2 52% —
 FINV 已檢查 897/2604…
2026-03-02 17:56:47,898 modules.ml_screener [DEBUG] [ML Progress] Stage 2 52% —
 FISV 已檢查 898/2604…
2026-03-02 17:56:47,898 modules.ml_screener [DEBUG] [ML Progress] Stage 2 52% —
 FITB 已檢查 899/2604…
2026-03-02 17:56:47,898 modules.ml_screener [INFO] [ML S2 PASS] FIGS ADR=5.7% $
Vol=$55.5M
2026-03-02 17:56:47,899 modules.ml_screener [DEBUG] [ML Progress] Stage 2 52% —
 FIGS 已檢查 900/2604…
2026-03-02 17:56:47,899 modules.ml_screener [DEBUG] [ML Progress] Stage 2 52% —
 FIVN 已檢查 901/2604…
2026-03-02 17:56:47,899 modules.ml_screener [DEBUG] [ML Progress] Stage 2 52% —
 FIVE 已檢查 902/2604…
2026-03-02 17:56:47,899 modules.ml_screener [DEBUG] [ML Progress] Stage 2 52% —
 FLEX 已檢查 903/2604…
2026-03-02 17:56:47,899 modules.ml_screener [DEBUG] [ML Progress] Stage 2 52% —
 FLG 已檢查 904/2604…
2026-03-02 17:56:47,899 modules.ml_screener [DEBUG] [ML Progress] Stage 2 52% —
 FLNG 已檢查 905/2604…
2026-03-02 17:56:47,899 modules.ml_screener [DEBUG] [ML Progress] Stage 2 52% —
 FLNC 已檢查 906/2604…
2026-03-02 17:56:47,899 modules.ml_screener [INFO] [ML S2 PASS] FIX ADR=5.4% $V
ol=$624.1M
2026-03-02 17:56:47,899 modules.ml_screener [DEBUG] [ML Progress] Stage 2 52% —
 FIX 已檢查 907/2604…
2026-03-02 17:56:47,899 modules.ml_screener [DEBUG] [ML Progress] Stage 2 52% —
 FLO 已檢查 908/2604…
2026-03-02 17:56:47,899 modules.ml_screener [DEBUG] [ML Progress] Stage 2 52% —
 FLGT 已檢查 909/2604…
2026-03-02 17:56:47,899 modules.ml_screener [DEBUG] [ML Progress] Stage 2 52% —
 FLUT 已檢查 910/2604…
2026-03-02 17:56:47,899 modules.ml_screener [DEBUG] [ML Progress] Stage 2 52% —
 FLY 已檢查 911/2604…
2026-03-02 17:56:47,899 modules.ml_screener [DEBUG] [ML Progress] Stage 2 52% —
 FLS 已檢查 912/2604…
2026-03-02 17:56:47,899 modules.ml_screener [DEBUG] [ML Progress] Stage 2 52% —
 FLYW 已檢查 913/2604…
2026-03-02 17:56:47,899 modules.ml_screener [INFO] [ML S2 PASS] FLOC ADR=5.3% $
Vol=$8.2M
2026-03-02 17:56:47,899 modules.ml_screener [DEBUG] [ML Progress] Stage 2 52% —
 FLOC 已檢查 914/2604…
2026-03-02 17:56:47,899 modules.ml_screener [DEBUG] [ML Progress] Stage 2 52% —
 FMC 已檢查 915/2604…
2026-03-02 17:56:47,899 modules.ml_screener [DEBUG] [ML Progress] Stage 2 52% —
 FMS 已檢查 916/2604…
2026-03-02 17:56:47,899 modules.ml_screener [DEBUG] [ML Progress] Stage 2 52% —
 FMNB 已檢查 917/2604…
2026-03-02 17:56:47,899 modules.ml_screener [INFO] [ML S2 PASS] FN ADR=6.6% $Vo
l=$412.3M
2026-03-02 17:56:47,899 modules.ml_screener [DEBUG] [ML Progress] Stage 2 52% —
 FN 已檢查 918/2604…
2026-03-02 17:56:47,899 modules.ml_screener [DEBUG] [ML Progress] Stage 2 52% —
 FMX 已檢查 919/2604…
2026-03-02 17:56:47,899 modules.ml_screener [DEBUG] [ML Progress] Stage 2 52% —
 FNF 已檢查 920/2604…
2026-03-02 17:56:47,899 modules.ml_screener [DEBUG] [ML Progress] Stage 2 52% —
 FNB 已檢查 921/2604…
2026-03-02 17:56:47,899 modules.ml_screener [DEBUG] [ML Progress] Stage 2 52% —
 FLR 已檢查 922/2604…
2026-03-02 17:56:47,899 modules.ml_screener [INFO] [ML S2 PASS] FNKO ADR=10.2% 
$Vol=$5.2M
2026-03-02 17:56:47,899 modules.ml_screener [DEBUG] [ML Progress] Stage 2 52% —
 FNKO 已檢查 923/2604…
2026-03-02 17:56:47,899 modules.ml_screener [DEBUG] [ML Progress] Stage 2 52% —
 FNV 已檢查 924/2604…
2026-03-02 17:56:47,899 modules.ml_screener [DEBUG] [ML Progress] Stage 2 52% —
 FOLD 已檢查 925/2604…
2026-03-02 17:56:47,899 modules.ml_screener [DEBUG] [ML Progress] Stage 2 52% —
 FOUR 已檢查 926/2604…
2026-03-02 17:56:47,899 modules.ml_screener [DEBUG] [ML Progress] Stage 2 52% —
 FND 已檢查 927/2604…
2026-03-02 17:56:47,900 modules.ml_screener [DEBUG] [ML Progress] Stage 2 52% —
 FOXA 已檢查 928/2604…
2026-03-02 17:56:47,900 modules.ml_screener [DEBUG] [ML Progress] Stage 2 52% —
 FOX 已檢查 929/2604…
2026-03-02 17:56:47,900 modules.ml_screener [DEBUG] [ML Progress] Stage 2 52% —
 FOXF 已檢查 930/2604…
2026-03-02 17:56:47,900 modules.ml_screener [INFO] [ML S2 PASS] FORM ADR=5.6% $
Vol=$141.6M
2026-03-02 17:56:47,900 modules.ml_screener [DEBUG] [ML Progress] Stage 2 52% —
 FORM 已檢查 931/2604…
2026-03-02 17:56:47,900 modules.ml_screener [DEBUG] [ML Progress] Stage 2 52% —
 FNGD 已檢查 932/2604…
2026-03-02 17:56:47,900 modules.ml_screener [DEBUG] [ML Progress] Stage 2 52% —
 FR 已檢查 933/2604…
2026-03-02 17:56:47,900 modules.ml_screener [DEBUG] [ML Progress] Stage 2 52% —
 FPI 已檢查 934/2604…
2026-03-02 17:56:47,900 modules.ml_screener [DEBUG] [ML Progress] Stage 2 52% —
 FRMI 已檢查 935/2604…
2026-03-02 17:56:47,900 modules.ml_screener [DEBUG] [ML Progress] Stage 2 52% —
 FROG 已檢查 936/2604…
2026-03-02 17:56:47,900 modules.ml_screener [INFO] [ML S2 PASS] FRPT ADR=4.5% $
Vol=$107.9M
2026-03-02 17:56:47,900 modules.ml_screener [DEBUG] [ML Progress] Stage 2 52% —
 FRPT 已檢查 937/2604…
2026-03-02 17:56:47,900 modules.ml_screener [DEBUG] [ML Progress] Stage 2 52% —
 FRGE 已檢查 938/2604…
2026-03-02 17:56:47,900 modules.ml_screener [DEBUG] [ML Progress] Stage 2 52% —
 FRO 已檢查 939/2604…
2026-03-02 17:56:47,900 modules.ml_screener [DEBUG] [ML Progress] Stage 2 52% —
 FRME 已檢查 940/2604…
2026-03-02 17:56:47,900 modules.ml_screener [DEBUG] [ML Progress] Stage 2 52% —
 FRSH 已檢查 941/2604…
2026-03-02 17:56:47,900 modules.ml_screener [DEBUG] [ML Progress] Stage 2 52% —
 FRT 已檢查 942/2604…
2026-03-02 17:56:47,900 modules.ml_screener [INFO] [ML S2 PASS] FTAI ADR=5.9% $
Vol=$516.1M
2026-03-02 17:56:47,900 modules.ml_screener [DEBUG] [ML Progress] Stage 2 52% —
 FTAI 已檢查 943/2604…
2026-03-02 17:56:47,900 modules.ml_screener [DEBUG] [ML Progress] Stage 2 52% —
 FSK 已檢查 944/2604…
2026-03-02 17:56:47,900 modules.ml_screener [DEBUG] [ML Progress] Stage 2 52% —
 FSLR 已檢查 945/2604…
2026-03-02 17:56:47,900 modules.ml_screener [INFO] [ML S2 PASS] FSLY ADR=12.0% 
$Vol=$293.0M
2026-03-02 17:56:47,900 modules.ml_screener [DEBUG] [ML Progress] Stage 2 52% —
 FSLY 已檢查 946/2604…
2026-03-02 17:56:47,900 modules.ml_screener [DEBUG] [ML Progress] Stage 2 52% —
 FSS 已檢查 947/2604…
2026-03-02 17:56:47,901 modules.ml_screener [DEBUG] [ML Progress] Stage 2 52% —
 FSSL 已檢查 948/2604…
2026-03-02 17:56:47,901 modules.ml_screener [INFO] [ML S2 PASS] FTDR ADR=4.0% $
Vol=$34.1M
2026-03-02 17:56:47,901 modules.ml_screener [DEBUG] [ML Progress] Stage 2 52% —
 FTDR 已檢查 949/2604…
2026-03-02 17:56:47,901 modules.ml_screener [DEBUG] [ML Progress] Stage 2 52% —
 FTI 已檢查 950/2604…
2026-03-02 17:56:47,901 modules.ml_screener [DEBUG] [ML Progress] Stage 2 52% —
 FTNT 已檢查 951/2604…
2026-03-02 17:56:47,901 modules.ml_screener [INFO] [ML S2 PASS] FSM ADR=6.4% $V
ol=$98.3M
2026-03-02 17:56:47,902 modules.ml_screener [DEBUG] [ML Progress] Stage 2 52% —
 FSM 已檢查 952/2604…
2026-03-02 17:56:47,902 modules.ml_screener [DEBUG] [ML Progress] Stage 2 52% —
 FTRE 已檢查 953/2604…
2026-03-02 17:56:47,902 modules.ml_screener [DEBUG] [ML Progress] Stage 2 52% —
 FTV 已檢查 954/2604…
2026-03-02 17:56:47,902 modules.ml_screener [DEBUG] [ML Progress] Stage 2 52% —
 FTS 已檢查 955/2604…
2026-03-02 17:56:47,902 modules.ml_screener [DEBUG] [ML Progress] Stage 2 52% —
 FULT 已檢查 956/2604…
2026-03-02 17:56:47,902 modules.ml_screener [DEBUG] [ML Progress] Stage 2 52% —
 FUTU 已檢查 957/2604…
2026-03-02 17:56:47,902 modules.ml_screener [DEBUG] [ML Progress] Stage 2 52% —
 FVRR 已檢查 958/2604…
2026-03-02 17:56:47,902 modules.ml_screener [DEBUG] [ML Progress] Stage 2 52% —
 FUN 已檢查 959/2604…
2026-03-02 17:56:47,902 modules.ml_screener [DEBUG] [ML Progress] Stage 2 52% —
 FUL 已檢查 960/2604…
2026-03-02 17:56:47,902 modules.ml_screener [DEBUG] [ML Progress] Stage 2 52% —
 FULC 已檢查 961/2604…
2026-03-02 17:56:47,902 modules.ml_screener [DEBUG] [ML Progress] Stage 2 52% —
 FWRD 已檢查 962/2604…
2026-03-02 17:56:47,902 modules.ml_screener [DEBUG] [ML Progress] Stage 2 52% —
 FWONK 已檢查 963/2604…
2026-03-02 17:56:47,902 modules.ml_screener [DEBUG] [ML Progress] Stage 2 52% —
 GAB 已檢查 964/2604…
2026-03-02 17:56:47,902 modules.ml_screener [DEBUG] [ML Progress] Stage 2 52% —
 FWRG 已檢查 965/2604…
2026-03-02 17:56:47,902 modules.ml_screener [DEBUG] [ML Progress] Stage 2 52% —
 G 已檢查 966/2604…
2026-03-02 17:56:47,902 modules.ml_screener [DEBUG] [ML Progress] Stage 2 52% —
 GBCI 已檢查 967/2604…
2026-03-02 17:56:47,902 modules.ml_screener [DEBUG] [ML Progress] Stage 2 52% —
 GBTG 已檢查 968/2604…
2026-03-02 17:56:47,902 modules.ml_screener [DEBUG] [ML Progress] Stage 2 52% —
 GBDC 已檢查 969/2604…
2026-03-02 17:56:47,902 modules.ml_screener [DEBUG] [ML Progress] Stage 2 52% —
 GD 已檢查 970/2604…
2026-03-02 17:56:47,902 modules.ml_screener [INFO] [ML S2 PASS] GCT ADR=6.0% $V
ol=$25.9M
2026-03-02 17:56:47,902 modules.ml_screener [DEBUG] [ML Progress] Stage 2 52% —
 GCT 已檢查 971/2604…
2026-03-02 17:56:47,902 modules.ml_screener [DEBUG] [ML Progress] Stage 2 52% —
 GDOT 已檢查 972/2604…
2026-03-02 17:56:47,902 modules.ml_screener [DEBUG] [ML Progress] Stage 2 52% —
 GDDY 已檢查 973/2604…
2026-03-02 17:56:47,902 modules.ml_screener [DEBUG] [ML Progress] Stage 2 52% —
 GAP 已檢查 974/2604…
2026-03-02 17:56:47,902 modules.ml_screener [DEBUG] [ML Progress] Stage 2 52% —
 GDS 已檢查 975/2604…
2026-03-02 17:56:47,902 modules.ml_screener [DEBUG] [ML Progress] Stage 2 52% —
 GE 已檢查 976/2604…
2026-03-02 17:56:47,902 modules.ml_screener [DEBUG] [ML Progress] Stage 2 52% —
 GDYN 已檢查 977/2604…
2026-03-02 17:56:47,902 modules.ml_screener [DEBUG] [ML Progress] Stage 2 52% —
 GEHC 已檢查 978/2604…
2026-03-02 17:56:47,902 modules.ml_screener [DEBUG] [ML Progress] Stage 2 52% —
 GEMI 已檢查 979/2604…
2026-03-02 17:56:47,902 modules.ml_screener [DEBUG] [ML Progress] Stage 2 52% —
 GEN 已檢查 980/2604…
2026-03-02 17:56:47,902 modules.ml_screener [INFO] [ML S2 PASS] GFI ADR=4.2% $V
ol=$171.5M
2026-03-02 17:56:47,902 modules.ml_screener [DEBUG] [ML Progress] Stage 2 52% —
 GFI 已檢查 981/2604…
2026-03-02 17:56:47,902 modules.ml_screener [INFO] [ML S2 PASS] GFS ADR=4.9% $V
ol=$172.3M
2026-03-02 17:56:47,902 modules.ml_screener [DEBUG] [ML Progress] Stage 2 52% —
 GFS 已檢查 982/2604…
2026-03-02 17:56:47,905 modules.ml_screener [DEBUG] [ML Progress] Stage 2 52% —
 GEV 已檢查 983/2604…
2026-03-02 17:56:47,905 modules.ml_screener [DEBUG] [ML Progress] Stage 2 52% —
 GEO 已檢查 984/2604…
2026-03-02 17:56:47,905 modules.ml_screener [DEBUG] [ML Progress] Stage 2 52% —
 GFL 已檢查 985/2604…
2026-03-02 17:56:47,905 modules.ml_screener [DEBUG] [ML Progress] Stage 2 52% —
 GCMG 已檢查 986/2604…
2026-03-02 17:56:47,905 modules.ml_screener [DEBUG] [ML Progress] Stage 2 52% —
 GGG 已檢查 987/2604…
2026-03-02 17:56:47,905 modules.ml_screener [DEBUG] [ML Progress] Stage 2 52% —
 GGN 已檢查 988/2604…
2026-03-02 17:56:47,905 modules.ml_screener [DEBUG] [ML Progress] Stage 2 52% —
 GH 已檢查 989/2604…
2026-03-02 17:56:47,905 modules.ml_screener [DEBUG] [ML Progress] Stage 2 52% —
 GIII 已檢查 990/2604…
2026-03-02 17:56:47,906 modules.ml_screener [DEBUG] [ML Progress] Stage 2 52% —
 GGAL 已檢查 991/2604…
2026-03-02 17:56:47,906 modules.ml_screener [DEBUG] [ML Progress] Stage 2 52% —
 GIB 已檢查 992/2604…
2026-03-02 17:56:47,906 modules.ml_screener [INFO] [ML S2 PASS] GILT ADR=6.7% $
Vol=$18.9M
2026-03-02 17:56:47,906 modules.ml_screener [DEBUG] [ML Progress] Stage 2 52% —
 GILT 已檢查 993/2604…
2026-03-02 17:56:47,906 modules.ml_screener [DEBUG] [ML Progress] Stage 2 52% —
 GIL 已檢查 994/2604…
2026-03-02 17:56:47,906 modules.ml_screener [DEBUG] [ML Progress] Stage 2 52% —
 GILD 已檢查 995/2604…
2026-03-02 17:56:47,906 modules.ml_screener [DEBUG] [ML Progress] Stage 2 52% —
 GIS 已檢查 996/2604…
2026-03-02 17:56:47,906 modules.ml_screener [DEBUG] [ML Progress] Stage 2 52% —
 GLDD 已檢查 997/2604…
2026-03-02 17:56:47,906 modules.ml_screener [DEBUG] [ML Progress] Stage 2 52% —
 GLBE 已檢查 998/2604…
2026-03-02 17:56:47,906 modules.ml_screener [DEBUG] [ML Progress] Stage 2 52% —
 GL 已檢查 999/2604…
2026-03-02 17:56:47,906 modules.ml_screener [DEBUG] [ML Progress] Stage 2 52% —
 GLIBK 已檢查 1000/2604…
2026-03-02 17:56:47,906 modules.ml_screener [DEBUG] [ML Progress] Stage 2 52% —
 GLNG 已檢查 1001/2604…
2026-03-02 17:56:47,906 modules.ml_screener [DEBUG] [ML Progress] Stage 2 52% —
 GLOB 已檢查 1002/2604…
2026-03-02 17:56:47,906 modules.ml_screener [DEBUG] [ML Progress] Stage 2 52% —
 GLPI 已檢查 1003/2604…
2026-03-02 17:56:47,906 modules.ml_screener [INFO] [ML S2 PASS] GLTO ADR=11.5% 
$Vol=$10.5M
2026-03-02 17:56:47,906 modules.ml_screener [DEBUG] [ML Progress] Stage 2 52% —
 GLTO 已檢查 1004/2604…
2026-03-02 17:56:47,906 modules.ml_screener [DEBUG] [ML Progress] Stage 2 52% —
 GKOS 已檢查 1005/2604…
2026-03-02 17:56:47,906 modules.ml_screener [DEBUG] [ML Progress] Stage 2 52% —
 GLUE 已檢查 1006/2604…
2026-03-02 17:56:47,906 modules.ml_screener [DEBUG] [ML Progress] Stage 2 52% —
 GM 已檢查 1007/2604…
2026-03-02 17:56:47,906 modules.ml_screener [DEBUG] [ML Progress] Stage 2 52% —
 GLXY 已檢查 1008/2604…
2026-03-02 17:56:47,906 modules.ml_screener [DEBUG] [ML Progress] Stage 2 52% —
 GMAB 已檢查 1009/2604…
2026-03-02 17:56:47,906 modules.ml_screener [INFO] [ML S2 PASS] GLW ADR=5.5% $V
ol=$1705.1M
2026-03-02 17:56:47,906 modules.ml_screener [DEBUG] [ML Progress] Stage 2 52% —
 GLW 已檢查 1010/2604…
2026-03-02 17:56:47,906 modules.ml_screener [DEBUG] [ML Progress] Stage 2 52% —
 GME 已檢查 1011/2604…
2026-03-02 17:56:47,906 modules.ml_screener [DEBUG] [ML Progress] Stage 2 52% —
 GNL 已檢查 1012/2604…
2026-03-02 17:56:47,906 modules.ml_screener [DEBUG] [ML Progress] Stage 2 52% —
 GMED 已檢查 1013/2604…
2026-03-02 17:56:47,906 modules.ml_screener [INFO] [ML S2 PASS] GNRC ADR=5.2% $
Vol=$305.1M
2026-03-02 17:56:47,906 modules.ml_screener [DEBUG] [ML Progress] Stage 2 52% —
 GNRC 已檢查 1014/2604…
2026-03-02 17:56:47,906 modules.ml_screener [DEBUG] [ML Progress] Stage 2 52% —
 GNTX 已檢查 1015/2604…
2026-03-02 17:56:47,906 modules.ml_screener [DEBUG] [ML Progress] Stage 2 52% —
 GNK 已檢查 1016/2604…
2026-03-02 17:56:47,906 modules.ml_screener [DEBUG] [ML Progress] Stage 2 52% —
 GNW 已檢查 1017/2604…
2026-03-02 17:56:47,906 modules.ml_screener [INFO] [ML S2 PASS] GOLD ADR=7.7% $
Vol=$54.9M
2026-03-02 17:56:47,908 modules.ml_screener [DEBUG] [ML Progress] Stage 2 52% —
 GOLD 已檢查 1018/2604…
2026-03-02 17:56:47,908 modules.ml_screener [DEBUG] [ML Progress] Stage 2 52% —
 GO 已檢查 1019/2604…
2026-03-02 17:56:47,908 modules.ml_screener [DEBUG] [ML Progress] Stage 2 52% —
 GOF 已檢查 1020/2604…
2026-03-02 17:56:47,908 modules.ml_screener [DEBUG] [ML Progress] Stage 2 52% —
 GOLF 已檢查 1021/2604…
2026-03-02 17:56:47,908 modules.ml_screener [DEBUG] [ML Progress] Stage 2 52% —
 GOOG 已檢查 1022/2604…
2026-03-02 17:56:47,908 modules.ml_screener [DEBUG] [ML Progress] Stage 2 52% —
 GOOD 已檢查 1023/2604…
2026-03-02 17:56:47,908 modules.ml_screener [DEBUG] [ML Progress] Stage 2 52% —
 GOOGL 已檢查 1024/2604…
2026-03-02 17:56:47,908 modules.ml_screener [DEBUG] [ML Progress] Stage 2 52% —
 GOOS 已檢查 1025/2604…
2026-03-02 17:56:47,908 modules.ml_screener [DEBUG] [ML Progress] Stage 2 52% —
 GPC 已檢查 1026/2604…
2026-03-02 17:56:47,908 modules.ml_screener [DEBUG] [ML Progress] Stage 2 52% —
 GPGI 已檢查 1027/2604…
2026-03-02 17:56:47,908 modules.ml_screener [INFO] [ML S2 PASS] GPRE ADR=5.4% $
Vol=$25.3M
2026-03-02 17:56:47,908 modules.ml_screener [DEBUG] [ML Progress] Stage 2 52% —
 GPRE 已檢查 1028/2604…
2026-03-02 17:56:47,908 modules.ml_screener [DEBUG] [ML Progress] Stage 2 52% —
 GPCR 已檢查 1029/2604…
2026-03-02 17:56:47,908 modules.ml_screener [DEBUG] [ML Progress] Stage 2 52% —
 GPN 已檢查 1030/2604…
2026-03-02 17:56:47,908 modules.ml_screener [DEBUG] [ML Progress] Stage 2 52% —
 GPK 已檢查 1031/2604…
2026-03-02 17:56:47,908 modules.ml_screener [DEBUG] [ML Progress] Stage 2 52% —
 GPRK 已檢查 1032/2604…
2026-03-02 17:56:47,908 modules.ml_screener [DEBUG] [ML Progress] Stage 2 52% —
 GRMN 已檢查 1033/2604…
2026-03-02 17:56:47,908 modules.ml_screener [INFO] [ML S2 PASS] GSAT ADR=6.2% $
Vol=$34.6M
2026-03-02 17:56:47,908 modules.ml_screener [DEBUG] [ML Progress] Stage 2 52% —
 GSAT 已檢查 1034/2604…
2026-03-02 17:56:47,908 modules.ml_screener [DEBUG] [ML Progress] Stage 2 52% —
 GRFS 已檢查 1035/2604…
2026-03-02 17:56:47,908 modules.ml_screener [DEBUG] [ML Progress] Stage 2 52% —
 GRAL 已檢查 1036/2604…
2026-03-02 17:56:47,908 modules.ml_screener [DEBUG] [ML Progress] Stage 2 52% —
 GRND 已檢查 1037/2604…
2026-03-02 17:56:47,908 modules.ml_screener [DEBUG] [ML Progress] Stage 2 52% —
 GRNT 已檢查 1038/2604…
2026-03-02 17:56:47,908 modules.ml_screener [DEBUG] [ML Progress] Stage 2 52% —
 GPOR 已檢查 1039/2604…
2026-03-02 17:56:47,908 modules.ml_screener [DEBUG] [ML Progress] Stage 2 52% —
 GRPN 已檢查 1040/2604…
2026-03-02 17:56:47,908 modules.ml_screener [DEBUG] [ML Progress] Stage 2 52% —
 GRRR 已檢查 1041/2604…
2026-03-02 17:56:47,908 modules.ml_screener [DEBUG] [ML Progress] Stage 2 52% —
 GS 已檢查 1042/2604…
2026-03-02 17:56:47,908 modules.ml_screener [DEBUG] [ML Progress] Stage 2 52% —
 GSBD 已檢查 1043/2604…
2026-03-02 17:56:47,908 modules.ml_screener [DEBUG] [ML Progress] Stage 2 52% —
 GSHD 已檢查 1044/2604…
2026-03-02 17:56:47,908 modules.ml_screener [DEBUG] [ML Progress] Stage 2 52% —
 GSK 已檢查 1045/2604…
2026-03-02 17:56:47,908 modules.ml_screener [DEBUG] [ML Progress] Stage 2 52% —
 GSL 已檢查 1046/2604…
2026-03-02 17:56:47,908 modules.ml_screener [DEBUG] [ML Progress] Stage 2 52% —
 GT 已檢查 1047/2604…
2026-03-02 17:56:47,908 modules.ml_screener [INFO] [ML S2 PASS] GSIT ADR=8.6% $
Vol=$6.4M
2026-03-02 17:56:47,909 modules.ml_screener [DEBUG] [ML Progress] Stage 2 52% —
 GSIT 已檢查 1048/2604…
2026-03-02 17:56:47,909 modules.ml_screener [DEBUG] [ML Progress] Stage 2 52% —
 GTE 已檢查 1049/2604…
2026-03-02 17:56:47,909 modules.ml_screener [DEBUG] [ML Progress] Stage 2 52% —
 GTES 已檢查 1050/2604…
2026-03-02 17:56:47,909 modules.ml_screener [DEBUG] [ML Progress] Stage 2 52% —
 GTLB 已檢查 1051/2604…
2026-03-02 17:56:47,909 modules.ml_screener [DEBUG] [ML Progress] Stage 2 52% —
 GTLS 已檢查 1052/2604…
2026-03-02 17:56:47,909 modules.ml_screener [DEBUG] [ML Progress] Stage 2 52% —
 GTM 已檢查 1053/2604…
2026-03-02 17:56:47,910 modules.ml_screener [DEBUG] [ML Progress] Stage 2 52% —
 GVA 已檢查 1054/2604…
2026-03-02 17:56:47,910 modules.ml_screener [DEBUG] [ML Progress] Stage 2 52% —
 GWRE 已檢查 1055/2604…
2026-03-02 17:56:47,910 modules.ml_screener [DEBUG] [ML Progress] Stage 2 52% —
 GSM 已檢查 1056/2604…
2026-03-02 17:56:47,910 modules.ml_screener [DEBUG] [ML Progress] Stage 2 52% —
 GXO 已檢查 1057/2604…
2026-03-02 17:56:47,910 modules.ml_screener [DEBUG] [ML Progress] Stage 2 52% —
 GTN 已檢查 1058/2604…
2026-03-02 17:56:47,910 modules.ml_screener [DEBUG] [ML Progress] Stage 2 52% —
 HAE 已檢查 1059/2604…
2026-03-02 17:56:47,910 modules.ml_screener [DEBUG] [ML Progress] Stage 2 52% —
 HAFC 已檢查 1060/2604…
2026-03-02 17:56:47,910 modules.ml_screener [DEBUG] [ML Progress] Stage 2 52% —
 GTX 已檢查 1061/2604…
2026-03-02 17:56:47,910 modules.ml_screener [DEBUG] [ML Progress] Stage 2 52% —
 HAFN 已檢查 1062/2604…
2026-03-02 17:56:47,910 modules.ml_screener [DEBUG] [ML Progress] Stage 2 52% —
 H 已檢查 1063/2604…
2026-03-02 17:56:47,910 modules.ml_screener [DEBUG] [ML Progress] Stage 2 52% —
 HAL 已檢查 1064/2604…
2026-03-02 17:56:47,910 modules.ml_screener [DEBUG] [ML Progress] Stage 2 52% —
 GTY 已檢查 1065/2604…
2026-03-02 17:56:47,910 modules.ml_screener [DEBUG] [ML Progress] Stage 2 52% —
 HALO 已檢查 1066/2604…
2026-03-02 17:56:47,910 modules.ml_screener [DEBUG] [ML Progress] Stage 2 52% —
 HASI 已檢查 1067/2604…
2026-03-02 17:56:47,910 modules.ml_screener [DEBUG] [ML Progress] Stage 2 52% —
 HAS 已檢查 1068/2604…
2026-03-02 17:56:47,910 modules.ml_screener [DEBUG] [ML Progress] Stage 2 52% —
 HAYW 已檢查 1069/2604…
2026-03-02 17:56:47,910 modules.ml_screener [DEBUG] [ML Progress] Stage 2 52% —
 HBAN 已檢查 1070/2604…
2026-03-02 17:56:47,910 modules.ml_screener [INFO] [ML S2 PASS] HBM ADR=5.4% $V
ol=$181.9M
2026-03-02 17:56:47,910 modules.ml_screener [DEBUG] [ML Progress] Stage 2 52% —
 HBM 已檢查 1071/2604…
2026-03-02 17:56:47,910 modules.ml_screener [DEBUG] [ML Progress] Stage 2 52% —
 HBNC 已檢查 1072/2604…
2026-03-02 17:56:47,910 modules.ml_screener [DEBUG] [ML Progress] Stage 2 52% —
 HCA 已檢查 1073/2604…
2026-03-02 17:56:47,910 modules.ml_screener [DEBUG] [ML Progress] Stage 2 52% —
 HCKT 已檢查 1074/2604…
2026-03-02 17:56:47,910 modules.ml_screener [DEBUG] [ML Progress] Stage 2 52% —
 HCC 已檢查 1075/2604…
2026-03-02 17:56:47,910 modules.ml_screener [DEBUG] [ML Progress] Stage 2 52% —
 HD 已檢查 1076/2604…
2026-03-02 17:56:47,910 modules.ml_screener [DEBUG] [ML Progress] Stage 2 52% —
 HE 已檢查 1077/2604…
2026-03-02 17:56:47,910 modules.ml_screener [DEBUG] [ML Progress] Stage 2 52% —
 HEI 已檢查 1078/2604…
2026-03-02 17:56:47,910 modules.ml_screener [DEBUG] [ML Progress] Stage 2 52% —
 HDB 已檢查 1079/2604…
2026-03-02 17:56:47,910 modules.ml_screener [DEBUG] [ML Progress] Stage 2 52% —
 HELE 已檢查 1080/2604…
2026-03-02 17:56:47,910 modules.ml_screener [DEBUG] [ML Progress] Stage 2 52% —
 HELP 已檢查 1081/2604…
2026-03-02 17:56:47,910 modules.ml_screener [DEBUG] [ML Progress] Stage 2 52% —
 HESM 已檢查 1082/2604…
2026-03-02 17:56:47,910 modules.ml_screener [DEBUG] [ML Progress] Stage 2 52% —
 HG 已檢查 1083/2604…
2026-03-02 17:56:47,910 modules.ml_screener [DEBUG] [ML Progress] Stage 2 52% —
 HGV 已檢查 1084/2604…
2026-03-02 17:56:47,910 modules.ml_screener [DEBUG] [ML Progress] Stage 2 53% —
 HFWA 已檢查 1085/2604…
2026-03-02 17:56:47,911 modules.ml_screener [DEBUG] [ML Progress] Stage 2 53% —
 HHH 已檢查 1086/2604…
2026-03-02 17:56:47,911 modules.ml_screener [DEBUG] [ML Progress] Stage 2 53% —
 HIG 已檢查 1087/2604…
2026-03-02 17:56:47,911 modules.ml_screener [DEBUG] [ML Progress] Stage 2 53% —
 HCSG 已檢查 1088/2604…
2026-03-02 17:56:47,911 modules.ml_screener [DEBUG] [ML Progress] Stage 2 53% —
 HII 已檢查 1089/2604…
2026-03-02 17:56:47,911 modules.ml_screener [DEBUG] [ML Progress] Stage 2 53% —
 HIMX 已檢查 1090/2604…
2026-03-02 17:56:47,911 modules.ml_screener [DEBUG] [ML Progress] Stage 2 53% —
 HIW 已檢查 1091/2604…
2026-03-02 17:56:47,912 modules.ml_screener [DEBUG] [ML Progress] Stage 2 53% —
 HIMS 已檢查 1092/2604…
2026-03-02 17:56:47,912 modules.ml_screener [INFO] [ML S2 PASS] HL ADR=7.0% $Vo
l=$565.0M
2026-03-02 17:56:47,912 modules.ml_screener [DEBUG] [ML Progress] Stage 2 53% —
 HL 已檢查 1093/2604…
2026-03-02 17:56:47,912 modules.ml_screener [DEBUG] [ML Progress] Stage 2 53% —
 HLI 已檢查 1094/2604…
2026-03-02 17:56:47,912 modules.ml_screener [DEBUG] [ML Progress] Stage 2 53% —
 HLNE 已檢查 1095/2604…
2026-03-02 17:56:47,912 modules.ml_screener [DEBUG] [ML Progress] Stage 2 53% —
 HLMN 已檢查 1096/2604…
2026-03-02 17:56:47,912 modules.ml_screener [INFO] [ML S2 PASS] HLF ADR=4.5% $V
ol=$34.1M
2026-03-02 17:56:47,912 modules.ml_screener [DEBUG] [ML Progress] Stage 2 53% —
 HLF 已檢查 1097/2604…
2026-03-02 17:56:47,912 modules.ml_screener [DEBUG] [ML Progress] Stage 2 53% —
 HLT 已檢查 1098/2604…
2026-03-02 17:56:47,912 modules.ml_screener [DEBUG] [ML Progress] Stage 2 53% —
 HLN 已檢查 1099/2604…
2026-03-02 17:56:47,912 modules.ml_screener [DEBUG] [ML Progress] Stage 2 53% —
 HMC 已檢查 1100/2604…
2026-03-02 17:56:47,912 modules.ml_screener [INFO] [ML S2 PASS] HLX ADR=5.3% $V
ol=$23.1M
2026-03-02 17:56:47,912 modules.ml_screener [DEBUG] [ML Progress] Stage 2 53% —
 HLX 已檢查 1101/2604…
2026-03-02 17:56:47,912 modules.ml_screener [DEBUG] [ML Progress] Stage 2 53% —
 HNI 已檢查 1102/2604…
2026-03-02 17:56:47,912 modules.ml_screener [DEBUG] [ML Progress] Stage 2 53% —
 HOG 已檢查 1103/2604…
2026-03-02 17:56:47,912 modules.ml_screener [DEBUG] [ML Progress] Stage 2 53% —
 HNRG 已檢查 1104/2604…
2026-03-02 17:56:47,912 modules.ml_screener [DEBUG] [ML Progress] Stage 2 53% —
 HOLX 已檢查 1105/2604…
2026-03-02 17:56:47,912 modules.ml_screener [INFO] [ML S2 PASS] HMY ADR=4.4% $V
ol=$112.6M
2026-03-02 17:56:47,912 modules.ml_screener [DEBUG] [ML Progress] Stage 2 53% —
 HMY 已檢查 1106/2604…
2026-03-02 17:56:47,912 modules.ml_screener [DEBUG] [ML Progress] Stage 2 53% —
 HOMB 已檢查 1107/2604…
2026-03-02 17:56:47,912 modules.ml_screener [DEBUG] [ML Progress] Stage 2 53% —
 HOOD 已檢查 1108/2604…
2026-03-02 17:56:47,912 modules.ml_screener [DEBUG] [ML Progress] Stage 2 53% —
 HP 已檢查 1109/2604…
2026-03-02 17:56:47,913 modules.ml_screener [DEBUG] [ML Progress] Stage 2 53% —
 HLIT 已檢查 1110/2604…
2026-03-02 17:56:47,913 modules.ml_screener [DEBUG] [ML Progress] Stage 2 53% —
 HPE 已檢查 1111/2604…
2026-03-02 17:56:47,913 modules.ml_screener [DEBUG] [ML Progress] Stage 2 53% —
 HOPE 已檢查 1112/2604…
2026-03-02 17:56:47,913 modules.ml_screener [DEBUG] [ML Progress] Stage 2 53% —
 HON 已檢查 1113/2604…
2026-03-02 17:56:47,913 modules.ml_screener [DEBUG] [ML Progress] Stage 2 53% —
 HPK 已檢查 1114/2604…
2026-03-02 17:56:47,913 modules.ml_screener [DEBUG] [ML Progress] Stage 2 53% —
 HNGE 已檢查 1115/2604…
2026-03-02 17:56:47,913 modules.ml_screener [DEBUG] [ML Progress] Stage 2 53% —
 HPQ 已檢查 1116/2604…
2026-03-02 17:56:47,913 modules.ml_screener [DEBUG] [ML Progress] Stage 2 53% —
 HPP 已檢查 1117/2604…
2026-03-02 17:56:47,913 modules.ml_screener [DEBUG] [ML Progress] Stage 2 53% —
 HR 已檢查 1118/2604…
2026-03-02 17:56:47,913 modules.ml_screener [DEBUG] [ML Progress] Stage 2 53% —
 HQY 已檢查 1119/2604…
2026-03-02 17:56:47,913 modules.ml_screener [DEBUG] [ML Progress] Stage 2 53% —
 HRB 已檢查 1120/2604…
2026-03-02 17:56:47,913 modules.ml_screener [INFO] [ML S2 PASS] HROW ADR=5.2% $
Vol=$26.7M
2026-03-02 17:56:47,913 modules.ml_screener [DEBUG] [ML Progress] Stage 2 53% —
 HROW 已檢查 1121/2604…
2026-03-02 17:56:47,913 modules.ml_screener [DEBUG] [ML Progress] Stage 2 53% —
 HRL 已檢查 1122/2604…
2026-03-02 17:56:47,913 modules.ml_screener [DEBUG] [ML Progress] Stage 2 53% —
 HRI 已檢查 1123/2604…
2026-03-02 17:56:47,913 modules.ml_screener [INFO] [ML S2 PASS] HSAI ADR=5.9% $
Vol=$51.3M
2026-03-02 17:56:47,913 modules.ml_screener [DEBUG] [ML Progress] Stage 2 53% —
 HSAI 已檢查 1124/2604…
2026-03-02 17:56:47,913 modules.ml_screener [DEBUG] [ML Progress] Stage 2 53% —
 HRZN 已檢查 1125/2604…
2026-03-02 17:56:47,914 modules.ml_screener [DEBUG] [ML Progress] Stage 2 53% —
 HRMY 已檢查 1126/2604…
2026-03-02 17:56:47,914 modules.ml_screener [DEBUG] [ML Progress] Stage 2 53% —
 HSBC 已檢查 1127/2604…
2026-03-02 17:56:47,914 modules.ml_screener [DEBUG] [ML Progress] Stage 2 53% —
 HSHP 已檢查 1128/2604…
2026-03-02 17:56:47,914 modules.ml_screener [DEBUG] [ML Progress] Stage 2 53% —
 HSIC 已檢查 1129/2604…
2026-03-02 17:56:47,914 modules.ml_screener [DEBUG] [ML Progress] Stage 2 53% —
 HST 已檢查 1130/2604…
2026-03-02 17:56:47,914 modules.ml_screener [DEBUG] [ML Progress] Stage 2 53% —
 HSTM 已檢查 1131/2604…
2026-03-02 17:56:47,914 modules.ml_screener [DEBUG] [ML Progress] Stage 2 53% —
 HTBK 已檢查 1132/2604…
2026-03-02 17:56:47,914 modules.ml_screener [DEBUG] [ML Progress] Stage 2 53% —
 HTFL 已檢查 1133/2604…
2026-03-02 17:56:47,914 modules.ml_screener [DEBUG] [ML Progress] Stage 2 53% —
 HTGC 已檢查 1134/2604…
2026-03-02 17:56:47,914 modules.ml_screener [DEBUG] [ML Progress] Stage 2 53% —
 HRTG 已檢查 1135/2604…
2026-03-02 17:56:47,914 modules.ml_screener [DEBUG] [ML Progress] Stage 2 53% —
 HTH 已檢查 1136/2604…
2026-03-02 17:56:47,914 modules.ml_screener [DEBUG] [ML Progress] Stage 2 53% —
 HTHT 已檢查 1137/2604…
2026-03-02 17:56:47,914 modules.ml_screener [DEBUG] [ML Progress] Stage 2 53% —
 HTO 已檢查 1138/2604…
2026-03-02 17:56:47,914 modules.ml_screener [DEBUG] [ML Progress] Stage 2 53% —
 HSY 已檢查 1139/2604…
2026-03-02 17:56:47,914 modules.ml_screener [DEBUG] [ML Progress] Stage 2 53% —
 HUBG 已檢查 1140/2604…
2026-03-02 17:56:47,914 modules.ml_screener [DEBUG] [ML Progress] Stage 2 53% —
 HUBS 已檢查 1141/2604…
2026-03-02 17:56:47,914 modules.ml_screener [DEBUG] [ML Progress] Stage 2 53% —
 HUM 已檢查 1142/2604…
2026-03-02 17:56:47,914 modules.ml_screener [DEBUG] [ML Progress] Stage 2 53% —
 HURN 已檢查 1143/2604…
2026-03-02 17:56:47,914 modules.ml_screener [DEBUG] [ML Progress] Stage 2 53% —
 HWM 已檢查 1144/2604…
2026-03-02 17:56:47,914 modules.ml_screener [DEBUG] [ML Progress] Stage 2 53% —
 HWC 已檢查 1145/2604…
2026-03-02 17:56:47,915 modules.ml_screener [DEBUG] [ML Progress] Stage 2 53% —
 HYT 已檢查 1146/2604…
2026-03-02 17:56:47,915 modules.ml_screener [INFO] [ML S2 PASS] HTLD ADR=4.2% $
Vol=$7.8M
2026-03-02 17:56:47,915 modules.ml_screener [DEBUG] [ML Progress] Stage 2 53% —
 HTLD 已檢查 1147/2604…
2026-03-02 17:56:47,915 modules.ml_screener [INFO] [ML S2 PASS] HUN ADR=6.8% $V
ol=$95.4M
2026-03-02 17:56:47,915 modules.ml_screener [DEBUG] [ML Progress] Stage 2 53% —
 HUN 已檢查 1148/2604…
2026-03-02 17:56:47,915 modules.ml_screener [DEBUG] [ML Progress] Stage 2 53% —
 HXL 已檢查 1149/2604…
2026-03-02 17:56:47,915 modules.ml_screener [DEBUG] [ML Progress] Stage 2 53% —
 IBKR 已檢查 1150/2604…
2026-03-02 17:56:47,915 modules.ml_screener [INFO] [ML S2 PASS] HYMC ADR=13.3% 
$Vol=$191.0M
2026-03-02 17:56:47,915 modules.ml_screener [DEBUG] [ML Progress] Stage 2 53% —
 HYMC 已檢查 1151/2604…
2026-03-02 17:56:47,915 modules.ml_screener [INFO] [ML S2 PASS] HZO ADR=6.2% $V
ol=$18.9M
2026-03-02 17:56:47,915 modules.ml_screener [DEBUG] [ML Progress] Stage 2 53% —
 HZO 已檢查 1152/2604…
2026-03-02 17:56:47,915 modules.ml_screener [DEBUG] [ML Progress] Stage 2 53% —
 IART 已檢查 1153/2604…
2026-03-02 17:56:47,915 modules.ml_screener [DEBUG] [ML Progress] Stage 2 53% —
 IBN 已檢查 1154/2604…
2026-03-02 17:56:47,915 modules.ml_screener [DEBUG] [ML Progress] Stage 2 53% —
 IBM 已檢查 1155/2604…
2026-03-02 17:56:47,915 modules.ml_screener [INFO] [ML S2 PASS] HUT ADR=8.4% $V
ol=$294.2M
2026-03-02 17:56:47,915 modules.ml_screener [DEBUG] [ML Progress] Stage 2 53% —
 HUT 已檢查 1156/2604…
2026-03-02 17:56:47,915 modules.ml_screener [DEBUG] [ML Progress] Stage 2 53% —
 IBOC 已檢查 1157/2604…
2026-03-02 17:56:47,915 modules.ml_screener [DEBUG] [ML Progress] Stage 2 53% —
 ICE 已檢查 1158/2604…
2026-03-02 17:56:47,915 modules.ml_screener [DEBUG] [ML Progress] Stage 2 53% —
 IDA 已檢查 1159/2604…
2026-03-02 17:56:47,916 modules.ml_screener [DEBUG] [ML Progress] Stage 2 53% —
 ICLR 已檢查 1160/2604…
2026-03-02 17:56:47,917 modules.ml_screener [DEBUG] [ML Progress] Stage 2 53% —
 IDXX 已檢查 1161/2604…
2026-03-02 17:56:47,917 modules.ml_screener [INFO] [ML S2 PASS] IBP ADR=5.4% $V
ol=$121.5M
2026-03-02 17:56:47,917 modules.ml_screener [DEBUG] [ML Progress] Stage 2 53% —
 IBP 已檢查 1162/2604…
2026-03-02 17:56:47,917 modules.ml_screener [INFO] [ML S2 PASS] IAG ADR=5.7% $V
ol=$197.0M
2026-03-02 17:56:47,917 modules.ml_screener [DEBUG] [ML Progress] Stage 2 53% —
 IAG 已檢查 1163/2604…
2026-03-02 17:56:47,917 modules.ml_screener [INFO] [ML S2 PASS] IBRX ADR=17.1% 
$Vol=$321.5M
2026-03-02 17:56:47,917 modules.ml_screener [DEBUG] [ML Progress] Stage 2 53% —
 IBRX 已檢查 1164/2604…
2026-03-02 17:56:47,917 modules.ml_screener [INFO] [ML S2 PASS] ICHR ADR=9.1% $
Vol=$58.4M
2026-03-02 17:56:47,918 modules.ml_screener [DEBUG] [ML Progress] Stage 2 53% —
 ICHR 已檢查 1165/2604…
2026-03-02 17:56:47,918 modules.ml_screener [DEBUG] [ML Progress] Stage 2 53% —
 IEP 已檢查 1166/2604…
2026-03-02 17:56:47,918 modules.ml_screener [DEBUG] [ML Progress] Stage 2 53% —
 IAC 已檢查 1167/2604…
2026-03-02 17:56:47,918 modules.ml_screener [DEBUG] [ML Progress] Stage 2 53% —
 IDYA 已檢查 1168/2604…
2026-03-02 17:56:47,918 modules.ml_screener [DEBUG] [ML Progress] Stage 2 53% —
 IFF 已檢查 1169/2604…
2026-03-02 17:56:47,918 modules.ml_screener [DEBUG] [ML Progress] Stage 2 53% —
 IEX 已檢查 1170/2604…
2026-03-02 17:56:47,918 modules.ml_screener [DEBUG] [ML Progress] Stage 2 53% —
 IHG 已檢查 1171/2604…
2026-03-02 17:56:47,918 modules.ml_screener [DEBUG] [ML Progress] Stage 2 53% —
 IE 已檢查 1172/2604…
2026-03-02 17:56:47,918 modules.ml_screener [DEBUG] [ML Progress] Stage 2 53% —
 IGD 已檢查 1173/2604…
2026-03-02 17:56:47,918 modules.ml_screener [DEBUG] [ML Progress] Stage 2 53% —
 IHS 已檢查 1174/2604…
2026-03-02 17:56:47,918 modules.ml_screener [DEBUG] [ML Progress] Stage 2 53% —
 IIPR 已檢查 1175/2604…
2026-03-02 17:56:47,918 modules.ml_screener [DEBUG] [ML Progress] Stage 2 53% —
 IIIV 已檢查 1176/2604…
2026-03-02 17:56:47,918 modules.ml_screener [DEBUG] [ML Progress] Stage 2 53% —
 ILMN 已檢查 1177/2604…
2026-03-02 17:56:47,918 modules.ml_screener [DEBUG] [ML Progress] Stage 2 53% —
 IMCR 已檢查 1178/2604…
2026-03-02 17:56:47,918 modules.ml_screener [DEBUG] [ML Progress] Stage 2 53% —
 IMMR 已檢查 1179/2604…
2026-03-02 17:56:47,918 modules.ml_screener [DEBUG] [ML Progress] Stage 2 53% —
 IMNM 已檢查 1180/2604…
2026-03-02 17:56:47,918 modules.ml_screener [DEBUG] [ML Progress] Stage 2 53% —
 IBTA 已檢查 1181/2604…
2026-03-02 17:56:47,918 modules.ml_screener [DEBUG] [ML Progress] Stage 2 53% —
 IMTX 已檢查 1182/2604…
2026-03-02 17:56:47,918 modules.ml_screener [DEBUG] [ML Progress] Stage 2 53% —
 IMO 已檢查 1183/2604…
2026-03-02 17:56:47,918 modules.ml_screener [DEBUG] [ML Progress] Stage 2 53% —
 IMSR 已檢查 1184/2604…
2026-03-02 17:56:47,918 modules.ml_screener [DEBUG] [ML Progress] Stage 2 53% —
 IMXI 已檢查 1185/2604…
2026-03-02 17:56:47,918 modules.ml_screener [DEBUG] [ML Progress] Stage 2 53% —
 INCY 已檢查 1186/2604…
2026-03-02 17:56:47,918 modules.ml_screener [DEBUG] [ML Progress] Stage 2 53% —
 INDB 已檢查 1187/2604…
2026-03-02 17:56:47,918 modules.ml_screener [DEBUG] [ML Progress] Stage 2 53% —
 IMAX 已檢查 1188/2604…
2026-03-02 17:56:47,918 modules.ml_screener [DEBUG] [ML Progress] Stage 2 53% —
 ING 已檢查 1189/2604…
2026-03-02 17:56:47,918 modules.ml_screener [INFO] [ML S2 PASS] INDO ADR=11.4% 
$Vol=$6.8M
2026-03-02 17:56:47,918 modules.ml_screener [DEBUG] [ML Progress] Stage 2 53% —
 INDO 已檢查 1190/2604…
2026-03-02 17:56:47,918 modules.ml_screener [DEBUG] [ML Progress] Stage 2 53% —
 INFY 已檢查 1191/2604…
2026-03-02 17:56:47,918 modules.ml_screener [DEBUG] [ML Progress] Stage 2 53% —
 INDV 已檢查 1192/2604…
2026-03-02 17:56:47,918 modules.ml_screener [INFO] [ML S2 PASS] IMMX ADR=8.5% $
Vol=$5.8M
2026-03-02 17:56:47,918 modules.ml_screener [DEBUG] [ML Progress] Stage 2 53% —
 IMMX 已檢查 1193/2604…
2026-03-02 17:56:47,920 modules.ml_screener [INFO] [ML S2 PASS] IMVT ADR=4.5% $
Vol=$37.0M
2026-03-02 17:56:47,920 modules.ml_screener [DEBUG] [ML Progress] Stage 2 53% —
 IMVT 已檢查 1194/2604…
2026-03-02 17:56:47,920 modules.ml_screener [DEBUG] [ML Progress] Stage 2 53% —
 INGM 已檢查 1195/2604…
2026-03-02 17:56:47,920 modules.ml_screener [INFO] [ML S2 PASS] INTC ADR=5.2% $
Vol=$4334.0M
2026-03-02 17:56:47,920 modules.ml_screener [DEBUG] [ML Progress] Stage 2 53% —
 INTC 已檢查 1196/2604…
2026-03-02 17:56:47,920 modules.ml_screener [DEBUG] [ML Progress] Stage 2 53% —
 INGR 已檢查 1197/2604…
2026-03-02 17:56:47,920 modules.ml_screener [DEBUG] [ML Progress] Stage 2 53% —
 INGN 已檢查 1198/2604…
2026-03-02 17:56:47,920 modules.ml_screener [DEBUG] [ML Progress] Stage 2 53% —
 INOD 已檢查 1199/2604…
2026-03-02 17:56:47,920 modules.ml_screener [DEBUG] [ML Progress] Stage 2 53% —
 INMD 已檢查 1200/2604…
2026-03-02 17:56:47,920 modules.ml_screener [DEBUG] [ML Progress] Stage 2 53% —
 INNV 已檢查 1201/2604…
2026-03-02 17:56:47,920 modules.ml_screener [DEBUG] [ML Progress] Stage 2 53% —
 INSM 已檢查 1202/2604…
2026-03-02 17:56:47,920 modules.ml_screener [DEBUG] [ML Progress] Stage 2 53% —
 INTA 已檢查 1203/2604…
2026-03-02 17:56:47,920 modules.ml_screener [DEBUG] [ML Progress] Stage 2 53% —
 INSW 已檢查 1204/2604…
2026-03-02 17:56:47,920 modules.ml_screener [DEBUG] [ML Progress] Stage 2 53% —
 INSP 已檢查 1205/2604…
2026-03-02 17:56:47,920 modules.ml_screener [DEBUG] [ML Progress] Stage 2 53% —
 INTU 已檢查 1206/2604…
2026-03-02 17:56:47,920 modules.ml_screener [DEBUG] [ML Progress] Stage 2 53% —
 INVA 已檢查 1207/2604…
2026-03-02 17:56:47,920 modules.ml_screener [DEBUG] [ML Progress] Stage 2 53% —
 INTR 已檢查 1208/2604…
2026-03-02 17:56:47,920 modules.ml_screener [DEBUG] [ML Progress] Stage 2 53% —
 INVH 已檢查 1209/2604…
2026-03-02 17:56:47,920 modules.ml_screener [DEBUG] [ML Progress] Stage 2 53% —
 IONQ 已檢查 1210/2604…
2026-03-02 17:56:47,920 modules.ml_screener [DEBUG] [ML Progress] Stage 2 53% —
 IOT 已檢查 1211/2604…
2026-03-02 17:56:47,921 modules.ml_screener [DEBUG] [ML Progress] Stage 2 53% —
 IONS 已檢查 1212/2604…
2026-03-02 17:56:47,921 modules.ml_screener [DEBUG] [ML Progress] Stage 2 53% —
 IQV 已檢查 1213/2604…
2026-03-02 17:56:47,921 modules.ml_screener [DEBUG] [ML Progress] Stage 2 53% —
 INVX 已檢查 1214/2604…
2026-03-02 17:56:47,921 modules.ml_screener [DEBUG] [ML Progress] Stage 2 53% —
 IR 已檢查 1215/2604…
2026-03-02 17:56:47,921 modules.ml_screener [INFO] [ML S2 PASS] IPGP ADR=9.8% $
Vol=$101.5M
2026-03-02 17:56:47,921 modules.ml_screener [DEBUG] [ML Progress] Stage 2 53% —
 IPGP 已檢查 1216/2604…
2026-03-02 17:56:47,921 modules.ml_screener [DEBUG] [ML Progress] Stage 2 53% —
 IPAR 已檢查 1217/2604…
2026-03-02 17:56:47,921 modules.ml_screener [INFO] [ML S2 PASS] IRDM ADR=6.0% $
Vol=$50.8M
2026-03-02 17:56:47,921 modules.ml_screener [DEBUG] [ML Progress] Stage 2 53% —
 IRDM 已檢查 1218/2604…
2026-03-02 17:56:47,921 modules.ml_screener [DEBUG] [ML Progress] Stage 2 53% —
 IP 已檢查 1219/2604…
2026-03-02 17:56:47,921 modules.ml_screener [DEBUG] [ML Progress] Stage 2 53% —
 IREN 已檢查 1220/2604…
2026-03-02 17:56:47,921 modules.ml_screener [DEBUG] [ML Progress] Stage 2 53% —
 IRM 已檢查 1221/2604…
2026-03-02 17:56:47,921 modules.ml_screener [DEBUG] [ML Progress] Stage 2 53% —
 IRT 已檢查 1222/2604…
2026-03-02 17:56:47,921 modules.ml_screener [DEBUG] [ML Progress] Stage 2 53% —
 IRTC 已檢查 1223/2604…
2026-03-02 17:56:47,921 modules.ml_screener [DEBUG] [ML Progress] Stage 2 53% —
 IRON 已檢查 1224/2604…
2026-03-02 17:56:47,921 modules.ml_screener [DEBUG] [ML Progress] Stage 2 53% —
 ISRG 已檢查 1225/2604…
2026-03-02 17:56:47,921 modules.ml_screener [INFO] [ML S2 PASS] ISSC ADR=8.1% $
Vol=$9.3M
2026-03-02 17:56:47,921 modules.ml_screener [DEBUG] [ML Progress] Stage 2 53% —
 ISSC 已檢查 1226/2604…
2026-03-02 17:56:47,921 modules.ml_screener [DEBUG] [ML Progress] Stage 2 53% —
 IT 已檢查 1227/2604…
2026-03-02 17:56:47,922 modules.ml_screener [DEBUG] [ML Progress] Stage 2 53% —
 ITRI 已檢查 1228/2604…
2026-03-02 17:56:47,922 modules.ml_screener [DEBUG] [ML Progress] Stage 2 53% —
 ITT 已檢查 1229/2604…
2026-03-02 17:56:47,922 modules.ml_screener [DEBUG] [ML Progress] Stage 2 53% —
 ITW 已檢查 1230/2604…
2026-03-02 17:56:47,922 modules.ml_screener [DEBUG] [ML Progress] Stage 2 53% —
 ITUB 已檢查 1231/2604…
2026-03-02 17:56:47,922 modules.ml_screener [DEBUG] [ML Progress] Stage 2 53% —
 IVA 已檢查 1232/2604…
2026-03-02 17:56:47,922 modules.ml_screener [DEBUG] [ML Progress] Stage 2 53% —
 IVR 已檢查 1233/2604…
2026-03-02 17:56:47,922 modules.ml_screener [DEBUG] [ML Progress] Stage 2 53% —
 IVT 已檢查 1234/2604…
2026-03-02 17:56:47,922 modules.ml_screener [DEBUG] [ML Progress] Stage 2 53% —
 JACK 已檢查 1235/2604…
2026-03-02 17:56:47,922 modules.ml_screener [DEBUG] [ML Progress] Stage 2 53% —
 J 已檢查 1236/2604…
2026-03-02 17:56:47,922 modules.ml_screener [DEBUG] [ML Progress] Stage 2 53% —
 ITGR 已檢查 1237/2604…
2026-03-02 17:56:47,922 modules.ml_screener [DEBUG] [ML Progress] Stage 2 53% —
 IVZ 已檢查 1238/2604…
2026-03-02 17:56:47,922 modules.ml_screener [DEBUG] [ML Progress] Stage 2 53% —
 IX 已檢查 1239/2604…
2026-03-02 17:56:47,922 modules.ml_screener [DEBUG] [ML Progress] Stage 2 53% —
 JANX 已檢查 1240/2604…
2026-03-02 17:56:47,922 modules.ml_screener [DEBUG] [ML Progress] Stage 2 53% —
 JBGS 已檢查 1241/2604…
2026-03-02 17:56:47,922 modules.ml_screener [DEBUG] [ML Progress] Stage 2 53% —
 JAZZ 已檢查 1242/2604…
2026-03-02 17:56:47,922 modules.ml_screener [DEBUG] [ML Progress] Stage 2 53% —
 JBHT 已檢查 1243/2604…
2026-03-02 17:56:47,923 modules.ml_screener [DEBUG] [ML Progress] Stage 2 53% —
 JACS 已檢查 1244/2604…
2026-03-02 17:56:47,923 modules.ml_screener [DEBUG] [ML Progress] Stage 2 53% —
 JBI 已檢查 1245/2604…
2026-03-02 17:56:47,923 modules.ml_screener [INFO] [ML S2 PASS] JBL ADR=4.3% $V
ol=$282.9M
2026-03-02 17:56:47,923 modules.ml_screener [DEBUG] [ML Progress] Stage 2 53% —
 JBL 已檢查 1246/2604…
2026-03-02 17:56:47,923 modules.ml_screener [DEBUG] [ML Progress] Stage 2 53% —
 JBS 已檢查 1247/2604…
2026-03-02 17:56:47,923 modules.ml_screener [INFO] [ML S2 PASS] JBLU ADR=6.4% $
Vol=$107.4M
2026-03-02 17:56:47,923 modules.ml_screener [DEBUG] [ML Progress] Stage 2 53% —
 JBLU 已檢查 1248/2604…
2026-03-02 17:56:47,923 modules.ml_screener [DEBUG] [ML Progress] Stage 2 53% —
 JBTM 已檢查 1249/2604…
2026-03-02 17:56:47,923 modules.ml_screener [DEBUG] [ML Progress] Stage 2 53% —
 JCI 已檢查 1250/2604…
2026-03-02 17:56:47,923 modules.ml_screener [DEBUG] [ML Progress] Stage 2 53% —
 JD 已檢查 1251/2604…
2026-03-02 17:56:47,923 modules.ml_screener [DEBUG] [ML Progress] Stage 2 53% —
 JEF 已檢查 1252/2604…
2026-03-02 17:56:47,923 modules.ml_screener [DEBUG] [ML Progress] Stage 2 53% —
 JHG 已檢查 1253/2604…
2026-03-02 17:56:47,923 modules.ml_screener [DEBUG] [ML Progress] Stage 2 53% —
 JKHY 已檢查 1254/2604…
2026-03-02 17:56:47,923 modules.ml_screener [DEBUG] [ML Progress] Stage 2 53% —
 JHX 已檢查 1255/2604…
2026-03-02 17:56:47,923 modules.ml_screener [DEBUG] [ML Progress] Stage 2 53% —
 JLL 已檢查 1256/2604…
2026-03-02 17:56:47,923 modules.ml_screener [DEBUG] [ML Progress] Stage 2 53% —
 JKS 已檢查 1257/2604…
2026-03-02 17:56:47,923 modules.ml_screener [DEBUG] [ML Progress] Stage 2 53% —
 JFR 已檢查 1258/2604…
2026-03-02 17:56:47,923 modules.ml_screener [DEBUG] [ML Progress] Stage 2 53% —
 JMIA 已檢查 1259/2604…
2026-03-02 17:56:47,923 modules.ml_screener [DEBUG] [ML Progress] Stage 2 53% —
 JNJ 已檢查 1260/2604…
2026-03-02 17:56:47,923 modules.ml_screener [DEBUG] [ML Progress] Stage 2 53% —
 JOBY 已檢查 1261/2604…
2026-03-02 17:56:47,923 modules.ml_screener [DEBUG] [ML Progress] Stage 2 53% —
 JPC 已檢查 1262/2604…
2026-03-02 17:56:47,923 modules.ml_screener [DEBUG] [ML Progress] Stage 2 53% —
 JXN 已檢查 1263/2604…
2026-03-02 17:56:47,923 modules.ml_screener [DEBUG] [ML Progress] Stage 2 53% —
 KBH 已檢查 1264/2604…
2026-03-02 17:56:47,923 modules.ml_screener [DEBUG] [ML Progress] Stage 2 53% —
 KBR 已檢查 1265/2604…
2026-03-02 17:56:47,924 modules.ml_screener [DEBUG] [ML Progress] Stage 2 53% —
 KBDC 已檢查 1266/2604…
2026-03-02 17:56:47,924 modules.ml_screener [DEBUG] [ML Progress] Stage 2 53% —
 KD 已檢查 1267/2604…
2026-03-02 17:56:47,924 modules.ml_screener [DEBUG] [ML Progress] Stage 2 53% —
 KDP 已檢查 1268/2604…
2026-03-02 17:56:47,924 modules.ml_screener [DEBUG] [ML Progress] Stage 2 53% —
 KDK 已檢查 1269/2604…
2026-03-02 17:56:47,924 modules.ml_screener [DEBUG] [ML Progress] Stage 2 53% —
 JPM 已檢查 1270/2604…
2026-03-02 17:56:47,924 modules.ml_screener [INFO] [ML S2 PASS] KEYS ADR=4.0% $
Vol=$473.7M
2026-03-02 17:56:47,924 modules.ml_screener [DEBUG] [ML Progress] Stage 2 53% —
 KEYS 已檢查 1271/2604…
2026-03-02 17:56:47,924 modules.ml_screener [DEBUG] [ML Progress] Stage 2 53% —
 KELYA 已檢查 1272/2604…
2026-03-02 17:56:47,925 modules.ml_screener [INFO] [ML S2 PASS] KGC ADR=4.3% $V
ol=$443.6M
2026-03-02 17:56:47,925 modules.ml_screener [DEBUG] [ML Progress] Stage 2 53% —
 KGC 已檢查 1273/2604…
2026-03-02 17:56:47,925 modules.ml_screener [DEBUG] [ML Progress] Stage 2 53% —
 KC 已檢查 1274/2604…
2026-03-02 17:56:47,925 modules.ml_screener [DEBUG] [ML Progress] Stage 2 53% —
 KEP 已檢查 1275/2604…
2026-03-02 17:56:47,925 modules.ml_screener [DEBUG] [ML Progress] Stage 2 53% —
 KEY 已檢查 1276/2604…
2026-03-02 17:56:47,925 modules.ml_screener [DEBUG] [ML Progress] Stage 2 53% —
 KEX 已檢查 1277/2604…
2026-03-02 17:56:47,925 modules.ml_screener [DEBUG] [ML Progress] Stage 2 53% —
 KALV 已檢查 1278/2604…
2026-03-02 17:56:47,925 modules.ml_screener [DEBUG] [ML Progress] Stage 2 53% —
 KFRC 已檢查 1279/2604…
2026-03-02 17:56:47,925 modules.ml_screener [DEBUG] [ML Progress] Stage 2 53% —
 KGS 已檢查 1280/2604…
2026-03-02 17:56:47,925 modules.ml_screener [DEBUG] [ML Progress] Stage 2 53% —
 KFY 已檢查 1281/2604…
2026-03-02 17:56:47,925 modules.ml_screener [DEBUG] [ML Progress] Stage 2 53% —
 KHC 已檢查 1282/2604…
2026-03-02 17:56:47,925 modules.ml_screener [DEBUG] [ML Progress] Stage 2 53% —
 KLAC 已檢查 1283/2604…
2026-03-02 17:56:47,925 modules.ml_screener [DEBUG] [ML Progress] Stage 2 53% —
 KIM 已檢查 1284/2604…
2026-03-02 17:56:47,925 modules.ml_screener [DEBUG] [ML Progress] Stage 2 53% —
 KKR 已檢查 1285/2604…
2026-03-02 17:56:47,925 modules.ml_screener [DEBUG] [ML Progress] Stage 2 53% —
 KLAR 已檢查 1286/2604…
2026-03-02 17:56:47,925 modules.ml_screener [DEBUG] [ML Progress] Stage 2 53% —
 KMI 已檢查 1287/2604…
2026-03-02 17:56:47,925 modules.ml_screener [DEBUG] [ML Progress] Stage 2 53% —
 KMB 已檢查 1288/2604…
2026-03-02 17:56:47,925 modules.ml_screener [INFO] [ML S2 PASS] KLIC ADR=4.6% $
Vol=$64.7M
2026-03-02 17:56:47,925 modules.ml_screener [DEBUG] [ML Progress] Stage 2 53% —
 KLIC 已檢查 1289/2604…
2026-03-02 17:56:47,925 modules.ml_screener [DEBUG] [ML Progress] Stage 2 53% —
 KMX 已檢查 1290/2604…
2026-03-02 17:56:47,925 modules.ml_screener [DEBUG] [ML Progress] Stage 2 53% —
 KMPR 已檢查 1291/2604…
2026-03-02 17:56:47,925 modules.ml_screener [DEBUG] [ML Progress] Stage 2 53% —
 KMT 已檢查 1292/2604…
2026-03-02 17:56:47,925 modules.ml_screener [DEBUG] [ML Progress] Stage 2 53% —
 KN 已檢查 1293/2604…
2026-03-02 17:56:47,925 modules.ml_screener [DEBUG] [ML Progress] Stage 2 53% —
 KNF 已檢查 1294/2604…
2026-03-02 17:56:47,925 modules.ml_screener [INFO] [ML S2 PASS] KNTK ADR=4.8% $
Vol=$80.8M
2026-03-02 17:56:47,925 modules.ml_screener [DEBUG] [ML Progress] Stage 2 53% —
 KNTK 已檢查 1295/2604…
2026-03-02 17:56:47,925 modules.ml_screener [DEBUG] [ML Progress] Stage 2 53% —
 KO 已檢查 1296/2604…
2026-03-02 17:56:47,925 modules.ml_screener [DEBUG] [ML Progress] Stage 2 53% —
 KNX 已檢查 1297/2604…
2026-03-02 17:56:47,925 modules.ml_screener [INFO] [ML S2 PASS] KOD ADR=8.2% $V
ol=$17.1M
2026-03-02 17:56:47,925 modules.ml_screener [DEBUG] [ML Progress] Stage 2 53% —
 KOD 已檢查 1298/2604…
2026-03-02 17:56:47,925 modules.ml_screener [DEBUG] [ML Progress] Stage 2 53% —
 KODK 已檢查 1299/2604…
2026-03-02 17:56:47,927 modules.ml_screener [DEBUG] [ML Progress] Stage 2 53% —
 KOF 已檢查 1300/2604…
2026-03-02 17:56:47,927 modules.ml_screener [DEBUG] [ML Progress] Stage 2 53% —
 KORE 已檢查 1301/2604…
2026-03-02 17:56:47,927 modules.ml_screener [DEBUG] [ML Progress] Stage 2 54% —
 KR 已檢查 1302/2604…
2026-03-02 17:56:47,927 modules.ml_screener [INFO] [ML S2 PASS] KPTI ADR=13.1% 
$Vol=$6.0M
2026-03-02 17:56:47,927 modules.ml_screener [DEBUG] [ML Progress] Stage 2 54% —
 KPTI 已檢查 1303/2604…
2026-03-02 17:56:47,927 modules.ml_screener [DEBUG] [ML Progress] Stage 2 54% —
 KRC 已檢查 1304/2604…
2026-03-02 17:56:47,927 modules.ml_screener [DEBUG] [ML Progress] Stage 2 54% —
 KREF 已檢查 1305/2604…
2026-03-02 17:56:47,927 modules.ml_screener [DEBUG] [ML Progress] Stage 2 54% —
 KRNY 已檢查 1306/2604…
2026-03-02 17:56:47,927 modules.ml_screener [DEBUG] [ML Progress] Stage 2 54% —
 KRG 已檢查 1307/2604…
2026-03-02 17:56:47,927 modules.ml_screener [DEBUG] [ML Progress] Stage 2 54% —
 KNSA 已檢查 1308/2604…
2026-03-02 17:56:47,927 modules.ml_screener [DEBUG] [ML Progress] Stage 2 54% —
 KRMN 已檢查 1309/2604…
2026-03-02 17:56:47,927 modules.ml_screener [DEBUG] [ML Progress] Stage 2 54% —
 KROS 已檢查 1310/2604…
2026-03-02 17:56:47,927 modules.ml_screener [DEBUG] [ML Progress] Stage 2 54% —
 KRP 已檢查 1311/2604…
2026-03-02 17:56:47,927 modules.ml_screener [DEBUG] [ML Progress] Stage 2 54% —
 KSPI 已檢查 1312/2604…
2026-03-02 17:56:47,927 modules.ml_screener [DEBUG] [ML Progress] Stage 2 54% —
 KTB 已檢查 1313/2604…
2026-03-02 17:56:47,927 modules.ml_screener [DEBUG] [ML Progress] Stage 2 54% —
 KT 已檢查 1314/2604…
2026-03-02 17:56:47,927 modules.ml_screener [DEBUG] [ML Progress] Stage 2 54% —
 KSS 已檢查 1315/2604…
2026-03-02 17:56:47,927 modules.ml_screener [DEBUG] [ML Progress] Stage 2 54% —
 KTOS 已檢查 1316/2604…
2026-03-02 17:56:47,927 modules.ml_screener [DEBUG] [ML Progress] Stage 2 54% —
 KVUE 已檢查 1317/2604…
2026-03-02 17:56:47,927 modules.ml_screener [DEBUG] [ML Progress] Stage 2 54% —
 KURA 已檢查 1318/2604…
2026-03-02 17:56:47,927 modules.ml_screener [DEBUG] [ML Progress] Stage 2 54% —
 KYIV 已檢查 1319/2604…
2026-03-02 17:56:47,928 modules.ml_screener [DEBUG] [ML Progress] Stage 2 54% —
 KW 已檢查 1320/2604…
2026-03-02 17:56:47,928 modules.ml_screener [DEBUG] [ML Progress] Stage 2 54% —
 KVYO 已檢查 1321/2604…
2026-03-02 17:56:47,928 modules.ml_screener [DEBUG] [ML Progress] Stage 2 54% —
 KYN 已檢查 1322/2604…
2026-03-02 17:56:47,928 modules.ml_screener [DEBUG] [ML Progress] Stage 2 54% —
 L 已檢查 1323/2604…
2026-03-02 17:56:47,928 modules.ml_screener [DEBUG] [ML Progress] Stage 2 54% —
 KYTX 已檢查 1324/2604…
2026-03-02 17:56:47,928 modules.ml_screener [DEBUG] [ML Progress] Stage 2 54% —
 LAD 已檢查 1325/2604…
2026-03-02 17:56:47,928 modules.ml_screener [INFO] [ML S2 PASS] KYMR ADR=5.9% $
Vol=$72.4M
2026-03-02 17:56:47,928 modules.ml_screener [DEBUG] [ML Progress] Stage 2 54% —
 KYMR 已檢查 1326/2604…
2026-03-02 17:56:47,928 modules.ml_screener [DEBUG] [ML Progress] Stage 2 54% —
 LAC 已檢查 1327/2604…
2026-03-02 17:56:47,928 modules.ml_screener [DEBUG] [ML Progress] Stage 2 54% —
 LADR 已檢查 1328/2604…
2026-03-02 17:56:47,928 modules.ml_screener [INFO] [ML S2 PASS] LAND ADR=4.2% $
Vol=$10.3M
2026-03-02 17:56:47,928 modules.ml_screener [DEBUG] [ML Progress] Stage 2 54% —
 LAND 已檢查 1329/2604…
2026-03-02 17:56:47,928 modules.ml_screener [DEBUG] [ML Progress] Stage 2 54% —
 LAZ 已檢查 1330/2604…
2026-03-02 17:56:47,928 modules.ml_screener [DEBUG] [ML Progress] Stage 2 54% —
 LAUR 已檢查 1331/2604…
2026-03-02 17:56:47,928 modules.ml_screener [INFO] [ML S2 PASS] LAR ADR=6.5% $V
ol=$18.7M
2026-03-02 17:56:47,928 modules.ml_screener [DEBUG] [ML Progress] Stage 2 54% —
 LAR 已檢查 1332/2604…
2026-03-02 17:56:47,928 modules.ml_screener [DEBUG] [ML Progress] Stage 2 54% —
 LAMR 已檢查 1333/2604…
2026-03-02 17:56:47,928 modules.ml_screener [DEBUG] [ML Progress] Stage 2 54% —
 LBRDK 已檢查 1334/2604…
2026-03-02 17:56:47,928 modules.ml_screener [DEBUG] [ML Progress] Stage 2 54% —
 LC 已檢查 1335/2604…
2026-03-02 17:56:47,929 modules.ml_screener [INFO] [ML S2 PASS] LASR ADR=7.5% $
Vol=$96.0M
2026-03-02 17:56:47,929 modules.ml_screener [DEBUG] [ML Progress] Stage 2 54% —
 LASR 已檢查 1336/2604…
2026-03-02 17:56:47,929 modules.ml_screener [DEBUG] [ML Progress] Stage 2 54% —
 LCID 已檢查 1337/2604…
2026-03-02 17:56:47,930 modules.ml_screener [DEBUG] [ML Progress] Stage 2 54% —
 LCII 已檢查 1338/2604…
2026-03-02 17:56:47,930 modules.ml_screener [DEBUG] [ML Progress] Stage 2 54% —
 LEA 已檢查 1339/2604…
2026-03-02 17:56:47,930 modules.ml_screener [DEBUG] [ML Progress] Stage 2 54% —
 LBTYK 已檢查 1340/2604…
2026-03-02 17:56:47,930 modules.ml_screener [INFO] [ML S2 PASS] LBRT ADR=4.9% $
Vol=$135.2M
2026-03-02 17:56:47,930 modules.ml_screener [DEBUG] [ML Progress] Stage 2 54% —
 LBRT 已檢查 1341/2604…
2026-03-02 17:56:47,930 modules.ml_screener [DEBUG] [ML Progress] Stage 2 54% —
 LDOS 已檢查 1342/2604…
2026-03-02 17:56:47,930 modules.ml_screener [DEBUG] [ML Progress] Stage 2 54% —
 LEG 已檢查 1343/2604…
2026-03-02 17:56:47,930 modules.ml_screener [DEBUG] [ML Progress] Stage 2 54% —
 LENZ 已檢查 1344/2604…
2026-03-02 17:56:47,930 modules.ml_screener [DEBUG] [ML Progress] Stage 2 54% —
 LEGN 已檢查 1345/2604…
2026-03-02 17:56:47,930 modules.ml_screener [DEBUG] [ML Progress] Stage 2 54% —
 LEN 已檢查 1346/2604…
2026-03-02 17:56:47,930 modules.ml_screener [DEBUG] [ML Progress] Stage 2 54% —
 LB 已檢查 1347/2604…
2026-03-02 17:56:47,930 modules.ml_screener [DEBUG] [ML Progress] Stage 2 54% —
 LEU 已檢查 1348/2604…
2026-03-02 17:56:47,930 modules.ml_screener [DEBUG] [ML Progress] Stage 2 54% —
 LEVI 已檢查 1349/2604…
2026-03-02 17:56:47,930 modules.ml_screener [DEBUG] [ML Progress] Stage 2 54% —
 LBTYA 已檢查 1350/2604…
2026-03-02 17:56:47,930 modules.ml_screener [DEBUG] [ML Progress] Stage 2 54% —
 LFUS 已檢查 1351/2604…
2026-03-02 17:56:47,930 modules.ml_screener [DEBUG] [ML Progress] Stage 2 54% —
 LGIH 已檢查 1352/2604…
2026-03-02 17:56:47,930 modules.ml_screener [DEBUG] [ML Progress] Stage 2 54% —
 LGN 已檢查 1353/2604…
2026-03-02 17:56:47,930 modules.ml_screener [DEBUG] [ML Progress] Stage 2 54% —
 LH 已檢查 1354/2604…
2026-03-02 17:56:47,930 modules.ml_screener [DEBUG] [ML Progress] Stage 2 54% —
 LHX 已檢查 1355/2604…
2026-03-02 17:56:47,930 modules.ml_screener [DEBUG] [ML Progress] Stage 2 54% —
 LI 已檢查 1356/2604…
2026-03-02 17:56:47,930 modules.ml_screener [INFO] [ML S2 PASS] LINC ADR=6.3% $
Vol=$17.9M
2026-03-02 17:56:47,930 modules.ml_screener [DEBUG] [ML Progress] Stage 2 54% —
 LINC 已檢查 1357/2604…
2026-03-02 17:56:47,930 modules.ml_screener [DEBUG] [ML Progress] Stage 2 54% —
 LIF 已檢查 1358/2604…
2026-03-02 17:56:47,930 modules.ml_screener [DEBUG] [ML Progress] Stage 2 54% —
 LII 已檢查 1359/2604…
2026-03-02 17:56:47,930 modules.ml_screener [DEBUG] [ML Progress] Stage 2 54% —
 LFST 已檢查 1360/2604…
2026-03-02 17:56:47,930 modules.ml_screener [DEBUG] [ML Progress] Stage 2 54% —
 LILA 已檢查 1361/2604…
2026-03-02 17:56:47,930 modules.ml_screener [DEBUG] [ML Progress] Stage 2 54% —
 LIN 已檢查 1362/2604…
2026-03-02 17:56:47,930 modules.ml_screener [INFO] [ML S2 PASS] LIND ADR=4.1% $
Vol=$17.5M
2026-03-02 17:56:47,930 modules.ml_screener [DEBUG] [ML Progress] Stage 2 54% —
 LIND 已檢查 1363/2604…
2026-03-02 17:56:47,930 modules.ml_screener [DEBUG] [ML Progress] Stage 2 54% —
 LION 已檢查 1364/2604…
2026-03-02 17:56:47,930 modules.ml_screener [DEBUG] [ML Progress] Stage 2 54% —
 LIVN 已檢查 1365/2604…
2026-03-02 17:56:47,930 modules.ml_screener [DEBUG] [ML Progress] Stage 2 54% —
 LMAT 已檢查 1366/2604…
2026-03-02 17:56:47,930 modules.ml_screener [DEBUG] [ML Progress] Stage 2 54% —
 LLY 已檢查 1367/2604…
2026-03-02 17:56:47,930 modules.ml_screener [DEBUG] [ML Progress] Stage 2 54% —
 LILAK 已檢查 1368/2604…
2026-03-02 17:56:47,930 modules.ml_screener [DEBUG] [ML Progress] Stage 2 54% —
 LMND 已檢查 1369/2604…
2026-03-02 17:56:47,930 modules.ml_screener [DEBUG] [ML Progress] Stage 2 54% —
 LKQ 已檢查 1370/2604…
2026-03-02 17:56:47,932 modules.ml_screener [DEBUG] [ML Progress] Stage 2 54% —
 LMRI 已檢查 1371/2604…
2026-03-02 17:56:47,932 modules.ml_screener [INFO] [ML S2 PASS] LITE ADR=8.2% $
Vol=$3294.7M
2026-03-02 17:56:47,932 modules.ml_screener [DEBUG] [ML Progress] Stage 2 54% —
 LITE 已檢查 1372/2604…
2026-03-02 17:56:47,932 modules.ml_screener [DEBUG] [ML Progress] Stage 2 54% —
 LMT 已檢查 1373/2604…
2026-03-02 17:56:47,932 modules.ml_screener [DEBUG] [ML Progress] Stage 2 54% —
 LNT 已檢查 1374/2604…
2026-03-02 17:56:47,932 modules.ml_screener [DEBUG] [ML Progress] Stage 2 54% —
 LNC 已檢查 1375/2604…
2026-03-02 17:56:47,932 modules.ml_screener [DEBUG] [ML Progress] Stage 2 54% —
 LNG 已檢查 1376/2604…
2026-03-02 17:56:47,932 modules.ml_screener [DEBUG] [ML Progress] Stage 2 54% —
 LNTH 已檢查 1377/2604…
2026-03-02 17:56:47,932 modules.ml_screener [DEBUG] [ML Progress] Stage 2 54% —
 LOB 已檢查 1378/2604…
2026-03-02 17:56:47,932 modules.ml_screener [DEBUG] [ML Progress] Stage 2 54% —
 LLYVK 已檢查 1379/2604…
2026-03-02 17:56:47,932 modules.ml_screener [DEBUG] [ML Progress] Stage 2 54% —
 LINE 已檢查 1380/2604…
2026-03-02 17:56:47,932 modules.ml_screener [DEBUG] [ML Progress] Stage 2 54% —
 LOGI 已檢查 1381/2604…
2026-03-02 17:56:47,932 modules.ml_screener [DEBUG] [ML Progress] Stage 2 54% —
 LOW 已檢查 1382/2604…
2026-03-02 17:56:47,932 modules.ml_screener [DEBUG] [ML Progress] Stage 2 54% —
 LOMA 已檢查 1383/2604…
2026-03-02 17:56:47,932 modules.ml_screener [DEBUG] [ML Progress] Stage 2 54% —
 LPG 已檢查 1384/2604…
2026-03-02 17:56:47,932 modules.ml_screener [DEBUG] [ML Progress] Stage 2 54% —
 LOPE 已檢查 1385/2604…
2026-03-02 17:56:47,932 modules.ml_screener [DEBUG] [ML Progress] Stage 2 54% —
 LPL 已檢查 1386/2604…
2026-03-02 17:56:47,932 modules.ml_screener [DEBUG] [ML Progress] Stage 2 54% —
 LOAR 已檢查 1387/2604…
2026-03-02 17:56:47,932 modules.ml_screener [DEBUG] [ML Progress] Stage 2 54% —
 LPX 已檢查 1388/2604…
2026-03-02 17:56:47,932 modules.ml_screener [DEBUG] [ML Progress] Stage 2 54% —
 LQDA 已檢查 1389/2604…
2026-03-02 17:56:47,932 modules.ml_screener [DEBUG] [ML Progress] Stage 2 54% —
 LPTH 已檢查 1390/2604…
2026-03-02 17:56:47,932 modules.ml_screener [DEBUG] [ML Progress] Stage 2 54% —
 LPLA 已檢查 1391/2604…
2026-03-02 17:56:47,932 modules.ml_screener [INFO] [ML S2 PASS] LRMR ADR=12.5% 
$Vol=$44.0M
2026-03-02 17:56:47,932 modules.ml_screener [DEBUG] [ML Progress] Stage 2 54% —
 LRMR 已檢查 1392/2604…
2026-03-02 17:56:47,932 modules.ml_screener [INFO] [ML S2 PASS] LSTR ADR=5.7% $
Vol=$113.5M
2026-03-02 17:56:47,932 modules.ml_screener [DEBUG] [ML Progress] Stage 2 54% —
 LSTR 已檢查 1393/2604…
2026-03-02 17:56:47,932 modules.ml_screener [DEBUG] [ML Progress] Stage 2 54% —
 LSPD 已檢查 1394/2604…
2026-03-02 17:56:47,932 modules.ml_screener [INFO] [ML S2 PASS] LRCX ADR=4.2% $
Vol=$2583.4M
2026-03-02 17:56:47,933 modules.ml_screener [DEBUG] [ML Progress] Stage 2 54% —
 LRCX 已檢查 1395/2604…
2026-03-02 17:56:47,933 modules.ml_screener [DEBUG] [ML Progress] Stage 2 54% —
 LRN 已檢查 1396/2604…
2026-03-02 17:56:47,933 modules.ml_screener [DEBUG] [ML Progress] Stage 2 54% —
 LTBR 已檢查 1397/2604…
2026-03-02 17:56:47,933 modules.ml_screener [DEBUG] [ML Progress] Stage 2 54% —
 LTC 已檢查 1398/2604…
2026-03-02 17:56:47,933 modules.ml_screener [INFO] [ML S2 PASS] LSCC ADR=4.7% $
Vol=$217.8M
2026-03-02 17:56:47,933 modules.ml_screener [DEBUG] [ML Progress] Stage 2 54% —
 LSCC 已檢查 1399/2604…
2026-03-02 17:56:47,933 modules.ml_screener [DEBUG] [ML Progress] Stage 2 54% —
 LTH 已檢查 1400/2604…
2026-03-02 17:56:47,933 modules.ml_screener [DEBUG] [ML Progress] Stage 2 54% —
 LTM 已檢查 1401/2604…
2026-03-02 17:56:47,933 modules.ml_screener [DEBUG] [ML Progress] Stage 2 54% —
 LTRX 已檢查 1402/2604…
2026-03-02 17:56:47,933 modules.ml_screener [DEBUG] [ML Progress] Stage 2 54% —
 LULU 已檢查 1403/2604…
2026-03-02 17:56:47,933 modules.ml_screener [DEBUG] [ML Progress] Stage 2 54% —
 LUMN 已檢查 1404/2604…
2026-03-02 17:56:47,934 modules.ml_screener [DEBUG] [ML Progress] Stage 2 54% —
 LUNR 已檢查 1405/2604…
2026-03-02 17:56:47,934 modules.ml_screener [DEBUG] [ML Progress] Stage 2 54% —
 LUV 已檢查 1406/2604…
2026-03-02 17:56:47,934 modules.ml_screener [DEBUG] [ML Progress] Stage 2 54% —
 LW 已檢查 1407/2604…
2026-03-02 17:56:47,934 modules.ml_screener [DEBUG] [ML Progress] Stage 2 54% —
 LUXE 已檢查 1408/2604…
2026-03-02 17:56:47,934 modules.ml_screener [DEBUG] [ML Progress] Stage 2 54% —
 LWAC 已檢查 1409/2604…
2026-03-02 17:56:47,934 modules.ml_screener [INFO] [ML S2 PASS] LXU ADR=4.9% $V
ol=$5.1M
2026-03-02 17:56:47,934 modules.ml_screener [DEBUG] [ML Progress] Stage 2 54% —
 LXU 已檢查 1410/2604…
2026-03-02 17:56:47,934 modules.ml_screener [DEBUG] [ML Progress] Stage 2 54% —
 LVS 已檢查 1411/2604…
2026-03-02 17:56:47,934 modules.ml_screener [DEBUG] [ML Progress] Stage 2 54% —
 LXP 已檢查 1412/2604…
2026-03-02 17:56:47,934 modules.ml_screener [DEBUG] [ML Progress] Stage 2 54% —
 LXEO 已檢查 1413/2604…
2026-03-02 17:56:47,934 modules.ml_screener [INFO] [ML S2 PASS] LYB ADR=4.2% $V
ol=$403.6M
2026-03-02 17:56:47,934 modules.ml_screener [DEBUG] [ML Progress] Stage 2 54% —
 LYB 已檢查 1414/2604…
2026-03-02 17:56:47,934 modules.ml_screener [DEBUG] [ML Progress] Stage 2 54% —
 LYFT 已檢查 1415/2604…
2026-03-02 17:56:47,934 modules.ml_screener [DEBUG] [ML Progress] Stage 2 54% —
 LYV 已檢查 1416/2604…
2026-03-02 17:56:47,934 modules.ml_screener [DEBUG] [ML Progress] Stage 2 54% —
 LYG 已檢查 1417/2604…
2026-03-02 17:56:47,934 modules.ml_screener [DEBUG] [ML Progress] Stage 2 54% —
 LZ 已檢查 1418/2604…
2026-03-02 17:56:47,934 modules.ml_screener [DEBUG] [ML Progress] Stage 2 54% —
 MA 已檢查 1419/2604…
2026-03-02 17:56:47,934 modules.ml_screener [DEBUG] [ML Progress] Stage 2 54% —
 LZB 已檢查 1420/2604…
2026-03-02 17:56:47,934 modules.ml_screener [DEBUG] [ML Progress] Stage 2 54% —
 M 已檢查 1421/2604…
2026-03-02 17:56:47,934 modules.ml_screener [DEBUG] [ML Progress] Stage 2 54% —
 MAGN 已檢查 1422/2604…
2026-03-02 17:56:47,934 modules.ml_screener [INFO] [ML S2 PASS] MAMA ADR=5.4% $
Vol=$9.9M
2026-03-02 17:56:47,934 modules.ml_screener [DEBUG] [ML Progress] Stage 2 54% —
 MAMA 已檢查 1423/2604…
2026-03-02 17:56:47,934 modules.ml_screener [DEBUG] [ML Progress] Stage 2 54% —
 MAC 已檢查 1424/2604…
2026-03-02 17:56:47,934 modules.ml_screener [DEBUG] [ML Progress] Stage 2 54% —
 MAA 已檢查 1425/2604…
2026-03-02 17:56:47,934 modules.ml_screener [DEBUG] [ML Progress] Stage 2 54% —
 MAIN 已檢查 1426/2604…
2026-03-02 17:56:47,934 modules.ml_screener [DEBUG] [ML Progress] Stage 2 54% —
 MAN 已檢查 1427/2604…
2026-03-02 17:56:47,934 modules.ml_screener [DEBUG] [ML Progress] Stage 2 54% —
 MANH 已檢查 1428/2604…
2026-03-02 17:56:47,934 modules.ml_screener [DEBUG] [ML Progress] Stage 2 54% —
 MANU 已檢查 1429/2604…
2026-03-02 17:56:47,934 modules.ml_screener [DEBUG] [ML Progress] Stage 2 54% —
 LYTS 已檢查 1430/2604…
2026-03-02 17:56:47,934 modules.ml_screener [DEBUG] [ML Progress] Stage 2 54% —
 MAR 已檢查 1431/2604…
2026-03-02 17:56:47,934 modules.ml_screener [DEBUG] [ML Progress] Stage 2 54% —
 MARA 已檢查 1432/2604…
2026-03-02 17:56:47,935 modules.ml_screener [DEBUG] [ML Progress] Stage 2 54% —
 MASI 已檢查 1433/2604…
2026-03-02 17:56:47,935 modules.ml_screener [DEBUG] [ML Progress] Stage 2 54% —
 MAS 已檢查 1434/2604…
2026-03-02 17:56:47,935 modules.ml_screener [DEBUG] [ML Progress] Stage 2 54% —
 MATV 已檢查 1435/2604…
2026-03-02 17:56:47,935 modules.ml_screener [DEBUG] [ML Progress] Stage 2 54% —
 MAT 已檢查 1436/2604…
2026-03-02 17:56:47,935 modules.ml_screener [DEBUG] [ML Progress] Stage 2 54% —
 MATX 已檢查 1437/2604…
2026-03-02 17:56:47,935 modules.ml_screener [INFO] [ML S2 PASS] MAZE ADR=6.3% $
Vol=$23.1M
2026-03-02 17:56:47,935 modules.ml_screener [DEBUG] [ML Progress] Stage 2 54% —
 MAZE 已檢查 1438/2604…
2026-03-02 17:56:47,935 modules.ml_screener [DEBUG] [ML Progress] Stage 2 54% —
 MAX 已檢查 1439/2604…
2026-03-02 17:56:47,935 modules.ml_screener [DEBUG] [ML Progress] Stage 2 54% —
 MBI 已檢查 1440/2604…
2026-03-02 17:56:47,936 modules.ml_screener [DEBUG] [ML Progress] Stage 2 54% —
 MBC 已檢查 1441/2604…
2026-03-02 17:56:47,936 modules.ml_screener [DEBUG] [ML Progress] Stage 2 54% —
 MBLY 已檢查 1442/2604…
2026-03-02 17:56:47,936 modules.ml_screener [DEBUG] [ML Progress] Stage 2 54% —
 MBX 已檢查 1443/2604…
2026-03-02 17:56:47,936 modules.ml_screener [DEBUG] [ML Progress] Stage 2 54% —
 MCD 已檢查 1444/2604…
2026-03-02 17:56:47,936 modules.ml_screener [DEBUG] [ML Progress] Stage 2 54% —
 MCB 已檢查 1445/2604…
2026-03-02 17:56:47,936 modules.ml_screener [DEBUG] [ML Progress] Stage 2 54% —
 MC 已檢查 1446/2604…
2026-03-02 17:56:47,936 modules.ml_screener [DEBUG] [ML Progress] Stage 2 54% —
 MCHB 已檢查 1447/2604…
2026-03-02 17:56:47,936 modules.ml_screener [DEBUG] [ML Progress] Stage 2 54% —
 MCHPP 已檢查 1448/2604…
2026-03-02 17:56:47,936 modules.ml_screener [DEBUG] [ML Progress] Stage 2 54% —
 MCK 已檢查 1449/2604…
2026-03-02 17:56:47,936 modules.ml_screener [DEBUG] [ML Progress] Stage 2 54% —
 MCHP 已檢查 1450/2604…
2026-03-02 17:56:47,936 modules.ml_screener [DEBUG] [ML Progress] Stage 2 54% —
 MCO 已檢查 1451/2604…
2026-03-02 17:56:47,936 modules.ml_screener [DEBUG] [ML Progress] Stage 2 54% —
 MCW 已檢查 1452/2604…
2026-03-02 17:56:47,936 modules.ml_screener [DEBUG] [ML Progress] Stage 2 54% —
 MCY 已檢查 1453/2604…
2026-03-02 17:56:47,936 modules.ml_screener [DEBUG] [ML Progress] Stage 2 54% —
 MDB 已檢查 1454/2604…
2026-03-02 17:56:47,936 modules.ml_screener [DEBUG] [ML Progress] Stage 2 54% —
 MD 已檢查 1455/2604…
2026-03-02 17:56:47,937 modules.ml_screener [DEBUG] [ML Progress] Stage 2 54% —
 MDGL 已檢查 1456/2604…
2026-03-02 17:56:47,937 modules.ml_screener [DEBUG] [ML Progress] Stage 2 54% —
 MDT 已檢查 1457/2604…
2026-03-02 17:56:47,937 modules.ml_screener [DEBUG] [ML Progress] Stage 2 54% —
 MEDP 已檢查 1458/2604…
2026-03-02 17:56:47,937 modules.ml_screener [DEBUG] [ML Progress] Stage 2 54% —
 MDLZ 已檢查 1459/2604…
2026-03-02 17:56:47,937 modules.ml_screener [DEBUG] [ML Progress] Stage 2 54% —
 MDU 已檢查 1460/2604…
2026-03-02 17:56:47,937 modules.ml_screener [DEBUG] [ML Progress] Stage 2 54% —
 MEOH 已檢查 1461/2604…
2026-03-02 17:56:47,937 modules.ml_screener [DEBUG] [ML Progress] Stage 2 54% —
 MEI 已檢查 1462/2604…
2026-03-02 17:56:47,937 modules.ml_screener [DEBUG] [ML Progress] Stage 2 54% —
 MET 已檢查 1463/2604…
2026-03-02 17:56:47,937 modules.ml_screener [DEBUG] [ML Progress] Stage 2 54% —
 META 已檢查 1464/2604…
2026-03-02 17:56:47,937 modules.ml_screener [DEBUG] [ML Progress] Stage 2 54% —
 MELI 已檢查 1465/2604…
2026-03-02 17:56:47,937 modules.ml_screener [DEBUG] [ML Progress] Stage 2 54% —
 METC 已檢查 1466/2604…
2026-03-02 17:56:47,937 modules.ml_screener [DEBUG] [ML Progress] Stage 2 54% —
 MFA 已檢查 1467/2604…
2026-03-02 17:56:47,937 modules.ml_screener [DEBUG] [ML Progress] Stage 2 54% —
 MFC 已檢查 1468/2604…
2026-03-02 17:56:47,937 modules.ml_screener [DEBUG] [ML Progress] Stage 2 54% —
 MFG 已檢查 1469/2604…
2026-03-02 17:56:47,937 modules.ml_screener [DEBUG] [ML Progress] Stage 2 54% —
 MFIC 已檢查 1470/2604…
2026-03-02 17:56:47,937 modules.ml_screener [DEBUG] [ML Progress] Stage 2 54% —
 MGA 已檢查 1471/2604…
2026-03-02 17:56:47,937 modules.ml_screener [DEBUG] [ML Progress] Stage 2 54% —
 MEG 已檢查 1472/2604…
2026-03-02 17:56:47,937 modules.ml_screener [DEBUG] [ML Progress] Stage 2 54% —
 MGPI 已檢查 1473/2604…
2026-03-02 17:56:47,937 modules.ml_screener [DEBUG] [ML Progress] Stage 2 54% —
 MGNI 已檢查 1474/2604…
2026-03-02 17:56:47,937 modules.ml_screener [DEBUG] [ML Progress] Stage 2 54% —
 MGY 已檢查 1475/2604…
2026-03-02 17:56:47,937 modules.ml_screener [DEBUG] [ML Progress] Stage 2 54% —
 MH 已檢查 1476/2604…
2026-03-02 17:56:47,937 modules.ml_screener [DEBUG] [ML Progress] Stage 2 54% —
 MHD 已檢查 1477/2604…
2026-03-02 17:56:47,937 modules.ml_screener [DEBUG] [ML Progress] Stage 2 54% —
 MHK 已檢查 1478/2604…
2026-03-02 17:56:47,937 modules.ml_screener [DEBUG] [ML Progress] Stage 2 54% —
 MIAX 已檢查 1479/2604…
2026-03-02 17:56:47,939 modules.ml_screener [DEBUG] [ML Progress] Stage 2 54% —
 MICC 已檢查 1480/2604…
2026-03-02 17:56:47,939 modules.ml_screener [DEBUG] [ML Progress] Stage 2 54% —
 MGM 已檢查 1481/2604…
2026-03-02 17:56:47,939 modules.ml_screener [DEBUG] [ML Progress] Stage 2 54% —
 MIDD 已檢查 1482/2604…
2026-03-02 17:56:47,939 modules.ml_screener [DEBUG] [ML Progress] Stage 2 54% —
 MIRM 已檢查 1483/2604…
2026-03-02 17:56:47,939 modules.ml_screener [INFO] [ML S2 PASS] MITK ADR=5.1% $
Vol=$14.2M
2026-03-02 17:56:47,939 modules.ml_screener [DEBUG] [ML Progress] Stage 2 54% —
 MITK 已檢查 1484/2604…
2026-03-02 17:56:47,939 modules.ml_screener [DEBUG] [ML Progress] Stage 2 54% —
 MIR 已檢查 1485/2604…
2026-03-02 17:56:47,939 modules.ml_screener [INFO] [ML S2 PASS] MKSI ADR=5.4% $
Vol=$469.5M
2026-03-02 17:56:47,939 modules.ml_screener [DEBUG] [ML Progress] Stage 2 54% —
 MKSI 已檢查 1486/2604…
2026-03-02 17:56:47,939 modules.ml_screener [DEBUG] [ML Progress] Stage 2 54% —
 MKC 已檢查 1487/2604…
2026-03-02 17:56:47,939 modules.ml_screener [DEBUG] [ML Progress] Stage 2 54% —
 MLI 已檢查 1488/2604…
2026-03-02 17:56:47,939 modules.ml_screener [DEBUG] [ML Progress] Stage 2 54% —
 MKTX 已檢查 1489/2604…
2026-03-02 17:56:47,939 modules.ml_screener [DEBUG] [ML Progress] Stage 2 54% —
 MLCO 已檢查 1490/2604…
2026-03-02 17:56:47,939 modules.ml_screener [DEBUG] [ML Progress] Stage 2 54% —
 MLKN 已檢查 1491/2604…
2026-03-02 17:56:47,939 modules.ml_screener [DEBUG] [ML Progress] Stage 2 54% —
 MLM 已檢查 1492/2604…
2026-03-02 17:56:47,939 modules.ml_screener [DEBUG] [ML Progress] Stage 2 54% —
 MLYS 已檢查 1493/2604…
2026-03-02 17:56:47,939 modules.ml_screener [DEBUG] [ML Progress] Stage 2 54% —
 MMS 已檢查 1494/2604…
2026-03-02 17:56:47,939 modules.ml_screener [DEBUG] [ML Progress] Stage 2 54% —
 MMM 已檢查 1495/2604…
2026-03-02 17:56:47,939 modules.ml_screener [DEBUG] [ML Progress] Stage 2 54% —
 MMSI 已檢查 1496/2604…
2026-03-02 17:56:47,939 modules.ml_screener [DEBUG] [ML Progress] Stage 2 54% —
 MMYT 已檢查 1497/2604…
2026-03-02 17:56:47,939 modules.ml_screener [DEBUG] [ML Progress] Stage 2 54% —
 MNDY 已檢查 1498/2604…
2026-03-02 17:56:47,939 modules.ml_screener [DEBUG] [ML Progress] Stage 2 54% —
 MNR 已檢查 1499/2604…
2026-03-02 17:56:47,939 modules.ml_screener [DEBUG] [ML Progress] Stage 2 54% —
 MNSO 已檢查 1500/2604…
2026-03-02 17:56:47,939 modules.ml_screener [DEBUG] [ML Progress] Stage 2 54% —
 MNRO 已檢查 1501/2604…
2026-03-02 17:56:47,939 modules.ml_screener [DEBUG] [ML Progress] Stage 2 54% —
 MNST 已檢查 1502/2604…
2026-03-02 17:56:47,940 modules.ml_screener [DEBUG] [ML Progress] Stage 2 54% —
 MNTN 已檢查 1503/2604…
2026-03-02 17:56:47,940 modules.ml_screener [DEBUG] [ML Progress] Stage 2 54% —
 MO 已檢查 1504/2604…
2026-03-02 17:56:47,940 modules.ml_screener [INFO] [ML S2 PASS] MOD ADR=5.8% $V
ol=$334.9M
2026-03-02 17:56:47,940 modules.ml_screener [DEBUG] [ML Progress] Stage 2 54% —
 MOD 已檢查 1505/2604…
2026-03-02 17:56:47,940 modules.ml_screener [DEBUG] [ML Progress] Stage 2 54% —
 MLTX 已檢查 1506/2604…
2026-03-02 17:56:47,940 modules.ml_screener [DEBUG] [ML Progress] Stage 2 54% —
 MOH 已檢查 1507/2604…
2026-03-02 17:56:47,940 modules.ml_screener [DEBUG] [ML Progress] Stage 2 54% —
 MOS 已檢查 1508/2604…
2026-03-02 17:56:47,940 modules.ml_screener [DEBUG] [ML Progress] Stage 2 54% —
 MORN 已檢查 1509/2604…
2026-03-02 17:56:47,940 modules.ml_screener [DEBUG] [ML Progress] Stage 2 54% —
 MOMO 已檢查 1510/2604…
2026-03-02 17:56:47,940 modules.ml_screener [DEBUG] [ML Progress] Stage 2 54% —
 MP 已檢查 1511/2604…
2026-03-02 17:56:47,940 modules.ml_screener [DEBUG] [ML Progress] Stage 2 54% —
 MPC 已檢查 1512/2604…
2026-03-02 17:56:47,940 modules.ml_screener [DEBUG] [ML Progress] Stage 2 54% —
 MQY 已檢查 1513/2604…
2026-03-02 17:56:47,940 modules.ml_screener [INFO] [ML S2 PASS] MRCY ADR=5.0% $
Vol=$56.8M
2026-03-02 17:56:47,940 modules.ml_screener [DEBUG] [ML Progress] Stage 2 54% —
 MRCY 已檢查 1514/2604…
2026-03-02 17:56:47,942 modules.ml_screener [DEBUG] [ML Progress] Stage 2 54% —
 MRK 已檢查 1515/2604…
2026-03-02 17:56:47,942 modules.ml_screener [DEBUG] [ML Progress] Stage 2 54% —
 MRAM 已檢查 1516/2604…
2026-03-02 17:56:47,942 modules.ml_screener [INFO] [ML S2 PASS] MRTN ADR=4.2% $
Vol=$9.8M
2026-03-02 17:56:47,942 modules.ml_screener [DEBUG] [ML Progress] Stage 2 54% —
 MRTN 已檢查 1517/2604…
2026-03-02 17:56:47,942 modules.ml_screener [INFO] [ML S2 PASS] MRNA ADR=7.0% $
Vol=$466.7M
2026-03-02 17:56:47,942 modules.ml_screener [DEBUG] [ML Progress] Stage 2 54% —
 MRNA 已檢查 1518/2604…
2026-03-02 17:56:47,942 modules.ml_screener [DEBUG] [ML Progress] Stage 2 55% —
 MRP 已檢查 1519/2604…
2026-03-02 17:56:47,942 modules.ml_screener [DEBUG] [ML Progress] Stage 2 55% —
 MRSH 已檢查 1520/2604…
2026-03-02 17:56:47,942 modules.ml_screener [DEBUG] [ML Progress] Stage 2 55% —
 MPT 已檢查 1521/2604…
2026-03-02 17:56:47,942 modules.ml_screener [DEBUG] [ML Progress] Stage 2 55% —
 MPWR 已檢查 1522/2604…
2026-03-02 17:56:47,942 modules.ml_screener [DEBUG] [ML Progress] Stage 2 55% —
 MPLX 已檢查 1523/2604…
2026-03-02 17:56:47,942 modules.ml_screener [DEBUG] [ML Progress] Stage 2 55% —
 MRVL 已檢查 1524/2604…
2026-03-02 17:56:47,943 modules.ml_screener [DEBUG] [ML Progress] Stage 2 55% —
 MS 已檢查 1525/2604…
2026-03-02 17:56:47,943 modules.ml_screener [DEBUG] [ML Progress] Stage 2 55% —
 MRX 已檢查 1526/2604…
2026-03-02 17:56:47,943 modules.ml_screener [DEBUG] [ML Progress] Stage 2 55% —
 MSDL 已檢查 1527/2604…
2026-03-02 17:56:47,943 modules.ml_screener [DEBUG] [ML Progress] Stage 2 55% —
 MSCI 已檢查 1528/2604…
2026-03-02 17:56:47,943 modules.ml_screener [DEBUG] [ML Progress] Stage 2 55% —
 MSGE 已檢查 1529/2604…
2026-03-02 17:56:47,943 modules.ml_screener [DEBUG] [ML Progress] Stage 2 55% —
 MSFT 已檢查 1530/2604…
2026-03-02 17:56:47,943 modules.ml_screener [DEBUG] [ML Progress] Stage 2 55% —
 MSI 已檢查 1531/2604…
2026-03-02 17:56:47,943 modules.ml_screener [DEBUG] [ML Progress] Stage 2 55% —
 MSIF 已檢查 1532/2604…
2026-03-02 17:56:47,943 modules.ml_screener [DEBUG] [ML Progress] Stage 2 55% —
 MSM 已檢查 1533/2604…
2026-03-02 17:56:47,943 modules.ml_screener [DEBUG] [ML Progress] Stage 2 55% —
 MT 已檢查 1534/2604…
2026-03-02 17:56:47,943 modules.ml_screener [DEBUG] [ML Progress] Stage 2 55% —
 MSTR 已檢查 1535/2604…
2026-03-02 17:56:47,943 modules.ml_screener [DEBUG] [ML Progress] Stage 2 55% —
 MTA 已檢查 1536/2604…
2026-03-02 17:56:47,943 modules.ml_screener [DEBUG] [ML Progress] Stage 2 55% —
 MTCH 已檢查 1537/2604…
2026-03-02 17:56:47,943 modules.ml_screener [DEBUG] [ML Progress] Stage 2 55% —
 MTB 已檢查 1538/2604…
2026-03-02 17:56:47,943 modules.ml_screener [DEBUG] [ML Progress] Stage 2 55% —
 MTG 已檢查 1539/2604…
2026-03-02 17:56:47,943 modules.ml_screener [DEBUG] [ML Progress] Stage 2 55% —
 MTN 已檢查 1540/2604…
2026-03-02 17:56:47,943 modules.ml_screener [DEBUG] [ML Progress] Stage 2 55% —
 MTDR 已檢查 1541/2604…
2026-03-02 17:56:47,943 modules.ml_screener [INFO] [ML S2 PASS] MUX ADR=5.8% $V
ol=$30.5M
2026-03-02 17:56:47,943 modules.ml_screener [DEBUG] [ML Progress] Stage 2 55% —
 MUX 已檢查 1542/2604…
2026-03-02 17:56:47,943 modules.ml_screener [DEBUG] [ML Progress] Stage 2 55% —
 MTH 已檢查 1543/2604…
2026-03-02 17:56:47,943 modules.ml_screener [INFO] [ML S2 PASS] MU ADR=5.5% $Vo
l=$14740.1M
2026-03-02 17:56:47,943 modules.ml_screener [DEBUG] [ML Progress] Stage 2 55% —
 MU 已檢查 1544/2604…
2026-03-02 17:56:47,943 modules.ml_screener [DEBUG] [ML Progress] Stage 2 55% —
 MTUS 已檢查 1545/2604…
2026-03-02 17:56:47,943 modules.ml_screener [INFO] [ML S2 PASS] MTZ ADR=4.9% $V
ol=$271.7M
2026-03-02 17:56:47,943 modules.ml_screener [DEBUG] [ML Progress] Stage 2 55% —
 MTZ 已檢查 1546/2604…
2026-03-02 17:56:47,943 modules.ml_screener [DEBUG] [ML Progress] Stage 2 55% —
 MTSI 已檢查 1547/2604…
2026-03-02 17:56:47,943 modules.ml_screener [DEBUG] [ML Progress] Stage 2 55% —
 MUFG 已檢查 1548/2604…
2026-03-02 17:56:47,943 modules.ml_screener [DEBUG] [ML Progress] Stage 2 55% —
 MWA 已檢查 1549/2604…
2026-03-02 17:56:47,944 modules.ml_screener [DEBUG] [ML Progress] Stage 2 55% —
 MXL 已檢查 1550/2604…
2026-03-02 17:56:47,944 modules.ml_screener [DEBUG] [ML Progress] Stage 2 55% —
 NAC 已檢查 1551/2604…
2026-03-02 17:56:47,944 modules.ml_screener [DEBUG] [ML Progress] Stage 2 55% —
 MUR 已檢查 1552/2604…
2026-03-02 17:56:47,944 modules.ml_screener [DEBUG] [ML Progress] Stage 2 55% —
 NAD 已檢查 1553/2604…
2026-03-02 17:56:47,945 modules.ml_screener [DEBUG] [ML Progress] Stage 2 55% —
 NAGE 已檢查 1554/2604…
2026-03-02 17:56:47,945 modules.ml_screener [DEBUG] [ML Progress] Stage 2 55% —
 NAT 已檢查 1555/2604…
2026-03-02 17:56:47,945 modules.ml_screener [DEBUG] [ML Progress] Stage 2 55% —
 NATL 已檢查 1556/2604…
2026-03-02 17:56:47,945 modules.ml_screener [DEBUG] [ML Progress] Stage 2 55% —
 NB 已檢查 1557/2604…
2026-03-02 17:56:47,945 modules.ml_screener [DEBUG] [ML Progress] Stage 2 55% —
 NAVI 已檢查 1558/2604…
2026-03-02 17:56:47,945 modules.ml_screener [DEBUG] [ML Progress] Stage 2 55% —
 MYRG 已檢查 1559/2604…
2026-03-02 17:56:47,945 modules.ml_screener [DEBUG] [ML Progress] Stage 2 55% —
 NBHC 已檢查 1560/2604…
2026-03-02 17:56:47,945 modules.ml_screener [DEBUG] [ML Progress] Stage 2 55% —
 NBBK 已檢查 1561/2604…
2026-03-02 17:56:47,945 modules.ml_screener [DEBUG] [ML Progress] Stage 2 55% —
 NBIS 已檢查 1562/2604…
2026-03-02 17:56:47,945 modules.ml_screener [DEBUG] [ML Progress] Stage 2 55% —
 NAVN 已檢查 1563/2604…
2026-03-02 17:56:47,945 modules.ml_screener [DEBUG] [ML Progress] Stage 2 55% —
 NBIX 已檢查 1564/2604…
2026-03-02 17:56:47,945 modules.ml_screener [INFO] [ML S2 PASS] NBR ADR=5.2% $V
ol=$31.5M
2026-03-02 17:56:47,945 modules.ml_screener [DEBUG] [ML Progress] Stage 2 55% —
 NBR 已檢查 1565/2604…
2026-03-02 17:56:47,945 modules.ml_screener [DEBUG] [ML Progress] Stage 2 55% —
 NCDL 已檢查 1566/2604…
2026-03-02 17:56:47,945 modules.ml_screener [INFO] [ML S2 PASS] NCLH ADR=4.9% $
Vol=$541.9M
2026-03-02 17:56:47,945 modules.ml_screener [DEBUG] [ML Progress] Stage 2 55% —
 NCLH 已檢查 1567/2604…
2026-03-02 17:56:47,945 modules.ml_screener [INFO] [ML S2 PASS] NCI ADR=77.0% $
Vol=$25.3M
2026-03-02 17:56:47,945 modules.ml_screener [DEBUG] [ML Progress] Stage 2 55% —
 NCI 已檢查 1568/2604…
2026-03-02 17:56:47,945 modules.ml_screener [DEBUG] [ML Progress] Stage 2 55% —
 NAMS 已檢查 1569/2604…
2026-03-02 17:56:47,945 modules.ml_screener [DEBUG] [ML Progress] Stage 2 55% —
 NCNO 已檢查 1570/2604…
2026-03-02 17:56:47,945 modules.ml_screener [DEBUG] [ML Progress] Stage 2 55% —
 NDSN 已檢查 1571/2604…
2026-03-02 17:56:47,945 modules.ml_screener [DEBUG] [ML Progress] Stage 2 55% —
 NDAQ 已檢查 1572/2604…
2026-03-02 17:56:47,945 modules.ml_screener [DEBUG] [ML Progress] Stage 2 55% —
 NEA 已檢查 1573/2604…
2026-03-02 17:56:47,945 modules.ml_screener [DEBUG] [ML Progress] Stage 2 55% —
 NEE 已檢查 1574/2604…
2026-03-02 17:56:47,945 modules.ml_screener [INFO] [ML S2 PASS] NEM ADR=4.0% $V
ol=$1222.8M
2026-03-02 17:56:47,945 modules.ml_screener [DEBUG] [ML Progress] Stage 2 55% —
 NEM 已檢查 1575/2604…
2026-03-02 17:56:47,945 modules.ml_screener [INFO] [ML S2 PASS] NE ADR=4.6% $Vo
l=$116.3M
2026-03-02 17:56:47,945 modules.ml_screener [DEBUG] [ML Progress] Stage 2 55% —
 NE 已檢查 1576/2604…
2026-03-02 17:56:47,945 modules.ml_screener [DEBUG] [ML Progress] Stage 2 55% —
 NEO 已檢查 1577/2604…
2026-03-02 17:56:47,945 modules.ml_screener [DEBUG] [ML Progress] Stage 2 55% —
 NEOG 已檢查 1578/2604…
2026-03-02 17:56:47,945 modules.ml_screener [INFO] [ML S2 PASS] NEXA ADR=6.3% $
Vol=$8.6M
2026-03-02 17:56:47,945 modules.ml_screener [DEBUG] [ML Progress] Stage 2 55% —
 NEXA 已檢查 1579/2604…
2026-03-02 17:56:47,945 modules.ml_screener [DEBUG] [ML Progress] Stage 2 55% —
 NEXN 已檢查 1580/2604…
2026-03-02 17:56:47,945 modules.ml_screener [INFO] [ML S2 PASS] NESR ADR=5.0% $
Vol=$40.9M
2026-03-02 17:56:47,945 modules.ml_screener [DEBUG] [ML Progress] Stage 2 55% —
 NESR 已檢查 1581/2604…
2026-03-02 17:56:47,947 modules.ml_screener [DEBUG] [ML Progress] Stage 2 55% —
 NET 已檢查 1582/2604…
2026-03-02 17:56:47,947 modules.ml_screener [INFO] [ML S2 PASS] NEWP ADR=9.1% $
Vol=$5.0M
2026-03-02 17:56:47,948 modules.ml_screener [DEBUG] [ML Progress] Stage 2 55% —
 NEWP 已檢查 1583/2604…
2026-03-02 17:56:47,948 modules.ml_screener [INFO] [ML S2 PASS] NG ADR=8.5% $Vo
l=$47.3M
2026-03-02 17:56:47,948 modules.ml_screener [DEBUG] [ML Progress] Stage 2 55% —
 NG 已檢查 1584/2604…
2026-03-02 17:56:47,948 modules.ml_screener [DEBUG] [ML Progress] Stage 2 55% —
 NFG 已檢查 1585/2604…
2026-03-02 17:56:47,948 modules.ml_screener [INFO] [ML S2 PASS] NGD ADR=6.5% $V
ol=$209.9M
2026-03-02 17:56:47,948 modules.ml_screener [DEBUG] [ML Progress] Stage 2 55% —
 NGD 已檢查 1586/2604…
2026-03-02 17:56:47,948 modules.ml_screener [DEBUG] [ML Progress] Stage 2 55% —
 NEXT 已檢查 1587/2604…
2026-03-02 17:56:47,948 modules.ml_screener [DEBUG] [ML Progress] Stage 2 55% —
 NFLX 已檢查 1588/2604…
2026-03-02 17:56:47,948 modules.ml_screener [DEBUG] [ML Progress] Stage 2 55% —
 NGG 已檢查 1589/2604…
2026-03-02 17:56:47,948 modules.ml_screener [DEBUG] [ML Progress] Stage 2 55% —
 NGL 已檢查 1590/2604…
2026-03-02 17:56:47,948 modules.ml_screener [DEBUG] [ML Progress] Stage 2 55% —
 NGVT 已檢查 1591/2604…
2026-03-02 17:56:47,948 modules.ml_screener [DEBUG] [ML Progress] Stage 2 55% —
 NGNE 已檢查 1592/2604…
2026-03-02 17:56:47,948 modules.ml_screener [DEBUG] [ML Progress] Stage 2 55% —
 NI 已檢查 1593/2604…
2026-03-02 17:56:47,948 modules.ml_screener [DEBUG] [ML Progress] Stage 2 55% —
 NIQ 已檢查 1594/2604…
2026-03-02 17:56:47,948 modules.ml_screener [DEBUG] [ML Progress] Stage 2 55% —
 NHI 已檢查 1595/2604…
2026-03-02 17:56:47,948 modules.ml_screener [DEBUG] [ML Progress] Stage 2 55% —
 NJR 已檢查 1596/2604…
2026-03-02 17:56:47,948 modules.ml_screener [INFO] [ML S2 PASS] NKTR ADR=9.0% $
Vol=$107.6M
2026-03-02 17:56:47,948 modules.ml_screener [DEBUG] [ML Progress] Stage 2 55% —
 NKTR 已檢查 1597/2604…
2026-03-02 17:56:47,948 modules.ml_screener [DEBUG] [ML Progress] Stage 2 55% —
 NKE 已檢查 1598/2604…
2026-03-02 17:56:47,948 modules.ml_screener [DEBUG] [ML Progress] Stage 2 55% —
 NMFC 已檢查 1599/2604…
2026-03-02 17:56:47,948 modules.ml_screener [DEBUG] [ML Progress] Stage 2 55% —
 NLY 已檢查 1600/2604…
2026-03-02 17:56:47,948 modules.ml_screener [DEBUG] [ML Progress] Stage 2 55% —
 NMR 已檢查 1601/2604…
2026-03-02 17:56:47,948 modules.ml_screener [DEBUG] [ML Progress] Stage 2 55% —
 NMAX 已檢查 1602/2604…
2026-03-02 17:56:47,948 modules.ml_screener [DEBUG] [ML Progress] Stage 2 55% —
 NMIH 已檢查 1603/2604…
2026-03-02 17:56:47,948 modules.ml_screener [DEBUG] [ML Progress] Stage 2 55% —
 NMRK 已檢查 1604/2604…
2026-03-02 17:56:47,948 modules.ml_screener [DEBUG] [ML Progress] Stage 2 55% —
 NMZ 已檢查 1605/2604…
2026-03-02 17:56:47,948 modules.ml_screener [DEBUG] [ML Progress] Stage 2 55% —
 NICE 已檢查 1606/2604…
2026-03-02 17:56:47,948 modules.ml_screener [DEBUG] [ML Progress] Stage 2 55% —
 NNN 已檢查 1607/2604…
2026-03-02 17:56:47,948 modules.ml_screener [DEBUG] [ML Progress] Stage 2 55% —
 NOC 已檢查 1608/2604…
2026-03-02 17:56:47,948 modules.ml_screener [DEBUG] [ML Progress] Stage 2 55% —
 NNE 已檢查 1609/2604…
2026-03-02 17:56:47,948 modules.ml_screener [DEBUG] [ML Progress] Stage 2 55% —
 NOK 已檢查 1610/2604…
2026-03-02 17:56:47,948 modules.ml_screener [DEBUG] [ML Progress] Stage 2 55% —
 NOMD 已檢查 1611/2604…
2026-03-02 17:56:47,948 modules.ml_screener [DEBUG] [ML Progress] Stage 2 55% —
 NOV 已檢查 1612/2604…
2026-03-02 17:56:47,948 modules.ml_screener [DEBUG] [ML Progress] Stage 2 55% —
 NOW 已檢查 1613/2604…
2026-03-02 17:56:47,948 modules.ml_screener [DEBUG] [ML Progress] Stage 2 55% —
 NN 已檢查 1614/2604…
2026-03-02 17:56:47,948 modules.ml_screener [INFO] [ML S2 PASS] NOVT ADR=5.0% $
Vol=$54.8M
2026-03-02 17:56:47,948 modules.ml_screener [DEBUG] [ML Progress] Stage 2 55% —
 NOVT 已檢查 1615/2604…
2026-03-02 17:56:47,948 modules.ml_screener [DEBUG] [ML Progress] Stage 2 55% —
 NRDS 已檢查 1616/2604…
2026-03-02 17:56:47,949 modules.ml_screener [DEBUG] [ML Progress] Stage 2 55% —
 NP 已檢查 1617/2604…
2026-03-02 17:56:47,949 modules.ml_screener [DEBUG] [ML Progress] Stage 2 55% —
 NOG 已檢查 1618/2604…
2026-03-02 17:56:47,949 modules.ml_screener [DEBUG] [ML Progress] Stage 2 55% —
 NRIX 已檢查 1619/2604…
2026-03-02 17:56:47,950 modules.ml_screener [DEBUG] [ML Progress] Stage 2 55% —
 NSA 已檢查 1620/2604…
2026-03-02 17:56:47,950 modules.ml_screener [DEBUG] [ML Progress] Stage 2 55% —
 NSIT 已檢查 1621/2604…
2026-03-02 17:56:47,950 modules.ml_screener [DEBUG] [ML Progress] Stage 2 55% —
 NSC 已檢查 1622/2604…
2026-03-02 17:56:47,950 modules.ml_screener [DEBUG] [ML Progress] Stage 2 55% —
 NSP 已檢查 1623/2604…
2026-03-02 17:56:47,950 modules.ml_screener [DEBUG] [ML Progress] Stage 2 55% —
 NSSC 已檢查 1624/2604…
2026-03-02 17:56:47,950 modules.ml_screener [DEBUG] [ML Progress] Stage 2 55% —
 NTAP 已檢查 1625/2604…
2026-03-02 17:56:47,950 modules.ml_screener [DEBUG] [ML Progress] Stage 2 55% —
 NPKI 已檢查 1626/2604…
2026-03-02 17:56:47,950 modules.ml_screener [DEBUG] [ML Progress] Stage 2 55% —
 NRG 已檢查 1627/2604…
2026-03-02 17:56:47,950 modules.ml_screener [DEBUG] [ML Progress] Stage 2 55% —
 NTCT 已檢查 1628/2604…
2026-03-02 17:56:47,950 modules.ml_screener [DEBUG] [ML Progress] Stage 2 55% —
 NTES 已檢查 1629/2604…
2026-03-02 17:56:47,950 modules.ml_screener [INFO] [ML S2 PASS] NTLA ADR=6.5% $
Vol=$43.5M
2026-03-02 17:56:47,950 modules.ml_screener [DEBUG] [ML Progress] Stage 2 55% —
 NTLA 已檢查 1630/2604…
2026-03-02 17:56:47,950 modules.ml_screener [DEBUG] [ML Progress] Stage 2 55% —
 NTGR 已檢查 1631/2604…
2026-03-02 17:56:47,950 modules.ml_screener [DEBUG] [ML Progress] Stage 2 55% —
 NTNX 已檢查 1632/2604…
2026-03-02 17:56:47,950 modules.ml_screener [DEBUG] [ML Progress] Stage 2 55% —
 NTR 已檢查 1633/2604…
2026-03-02 17:56:47,950 modules.ml_screener [DEBUG] [ML Progress] Stage 2 55% —
 NTSK 已檢查 1634/2604…
2026-03-02 17:56:47,950 modules.ml_screener [DEBUG] [ML Progress] Stage 2 55% —
 NTRS 已檢查 1635/2604…
2026-03-02 17:56:47,950 modules.ml_screener [DEBUG] [ML Progress] Stage 2 55% —
 NTRA 已檢查 1636/2604…
2026-03-02 17:56:47,950 modules.ml_screener [DEBUG] [ML Progress] Stage 2 55% —
 NUE 已檢查 1637/2604…
2026-03-02 17:56:47,950 modules.ml_screener [DEBUG] [ML Progress] Stage 2 55% —
 NU 已檢查 1638/2604…
2026-03-02 17:56:47,950 modules.ml_screener [DEBUG] [ML Progress] Stage 2 55% —
 NTST 已檢查 1639/2604…
2026-03-02 17:56:47,950 modules.ml_screener [DEBUG] [ML Progress] Stage 2 55% —
 NUS 已檢查 1640/2604…
2026-03-02 17:56:47,950 modules.ml_screener [DEBUG] [ML Progress] Stage 2 55% —
 NUV 已檢查 1641/2604…
2026-03-02 17:56:47,950 modules.ml_screener [DEBUG] [ML Progress] Stage 2 55% —
 NUVB 已檢查 1642/2604…
2026-03-02 17:56:47,950 modules.ml_screener [DEBUG] [ML Progress] Stage 2 55% —
 NVA 已檢查 1643/2604…
2026-03-02 17:56:47,950 modules.ml_screener [INFO] [ML S2 PASS] NVAX ADR=8.1% $
Vol=$46.9M
2026-03-02 17:56:47,950 modules.ml_screener [DEBUG] [ML Progress] Stage 2 55% —
 NVAX 已檢查 1644/2604…
2026-03-02 17:56:47,950 modules.ml_screener [DEBUG] [ML Progress] Stage 2 55% —
 NVG 已檢查 1645/2604…
2026-03-02 17:56:47,950 modules.ml_screener [DEBUG] [ML Progress] Stage 2 55% —
 NVDA 已檢查 1646/2604…
2026-03-02 17:56:47,950 modules.ml_screener [INFO] [ML S2 PASS] NVMI ADR=4.4% $
Vol=$205.9M
2026-03-02 17:56:47,950 modules.ml_screener [DEBUG] [ML Progress] Stage 2 55% —
 NVMI 已檢查 1647/2604…
2026-03-02 17:56:47,950 modules.ml_screener [DEBUG] [ML Progress] Stage 2 55% —
 NUVL 已檢查 1648/2604…
2026-03-02 17:56:47,950 modules.ml_screener [DEBUG] [ML Progress] Stage 2 55% —
 NVO 已檢查 1649/2604…
2026-03-02 17:56:47,950 modules.ml_screener [DEBUG] [ML Progress] Stage 2 55% —
 NVRI 已檢查 1650/2604…
2026-03-02 17:56:47,950 modules.ml_screener [DEBUG] [ML Progress] Stage 2 55% —
 NVST 已檢查 1651/2604…
2026-03-02 17:56:47,950 modules.ml_screener [DEBUG] [ML Progress] Stage 2 55% —
 NVT 已檢查 1652/2604…
2026-03-02 17:56:47,952 modules.ml_screener [DEBUG] [ML Progress] Stage 2 55% —
 NVS 已檢查 1653/2604…
2026-03-02 17:56:47,952 modules.ml_screener [DEBUG] [ML Progress] Stage 2 55% —
 NWBI 已檢查 1654/2604…
2026-03-02 17:56:47,952 modules.ml_screener [DEBUG] [ML Progress] Stage 2 55% —
 NWE 已檢查 1655/2604…
2026-03-02 17:56:47,952 modules.ml_screener [DEBUG] [ML Progress] Stage 2 55% —
 NWS 已檢查 1656/2604…
2026-03-02 17:56:47,952 modules.ml_screener [DEBUG] [ML Progress] Stage 2 55% —
 NWG 已檢查 1657/2604…
2026-03-02 17:56:47,952 modules.ml_screener [DEBUG] [ML Progress] Stage 2 55% —
 NVCR 已檢查 1658/2604…
2026-03-02 17:56:47,952 modules.ml_screener [DEBUG] [ML Progress] Stage 2 55% —
 NWN 已檢查 1659/2604…
2026-03-02 17:56:47,952 modules.ml_screener [DEBUG] [ML Progress] Stage 2 55% —
 NWSA 已檢查 1660/2604…
2026-03-02 17:56:47,952 modules.ml_screener [DEBUG] [ML Progress] Stage 2 55% —
 NXPI 已檢查 1661/2604…
2026-03-02 17:56:47,952 modules.ml_screener [DEBUG] [ML Progress] Stage 2 55% —
 NVTS 已檢查 1662/2604…
2026-03-02 17:56:47,952 modules.ml_screener [INFO] [ML S2 PASS] NX ADR=4.0% $Vo
l=$11.6M
2026-03-02 17:56:47,952 modules.ml_screener [DEBUG] [ML Progress] Stage 2 55% —
 NX 已檢查 1663/2604…
2026-03-02 17:56:47,952 modules.ml_screener [DEBUG] [ML Progress] Stage 2 55% —
 NXT 已檢查 1664/2604…
2026-03-02 17:56:47,952 modules.ml_screener [DEBUG] [ML Progress] Stage 2 55% —
 NYT 已檢查 1665/2604…
2026-03-02 17:56:47,952 modules.ml_screener [INFO] [ML S2 PASS] NXE ADR=4.7% $V
ol=$117.5M
2026-03-02 17:56:47,952 modules.ml_screener [DEBUG] [ML Progress] Stage 2 55% —
 NXE 已檢查 1666/2604…
2026-03-02 17:56:47,952 modules.ml_screener [DEBUG] [ML Progress] Stage 2 55% —
 O 已檢查 1667/2604…
2026-03-02 17:56:47,952 modules.ml_screener [INFO] [ML S2 PASS] NXST ADR=4.5% $
Vol=$93.4M
2026-03-02 17:56:47,952 modules.ml_screener [DEBUG] [ML Progress] Stage 2 55% —
 NXST 已檢查 1668/2604…
2026-03-02 17:56:47,952 modules.ml_screener [DEBUG] [ML Progress] Stage 2 55% —
 NXRT 已檢查 1669/2604…
2026-03-02 17:56:47,952 modules.ml_screener [DEBUG] [ML Progress] Stage 2 55% —
 NZF 已檢查 1670/2604…
2026-03-02 17:56:47,952 modules.ml_screener [DEBUG] [ML Progress] Stage 2 55% —
 OBDC 已檢查 1671/2604…
2026-03-02 17:56:47,952 modules.ml_screener [DEBUG] [ML Progress] Stage 2 55% —
 OBE 已檢查 1672/2604…
2026-03-02 17:56:47,952 modules.ml_screener [DEBUG] [ML Progress] Stage 2 55% —
 OC 已檢查 1673/2604…
2026-03-02 17:56:47,952 modules.ml_screener [DEBUG] [ML Progress] Stage 2 55% —
 OCFC 已檢查 1674/2604…
2026-03-02 17:56:47,952 modules.ml_screener [DEBUG] [ML Progress] Stage 2 55% —
 OCS 已檢查 1675/2604…
2026-03-02 17:56:47,952 modules.ml_screener [DEBUG] [ML Progress] Stage 2 55% —
 ODD 已檢查 1676/2604…
2026-03-02 17:56:47,952 modules.ml_screener [DEBUG] [ML Progress] Stage 2 55% —
 ODFL 已檢查 1677/2604…
2026-03-02 17:56:47,952 modules.ml_screener [DEBUG] [ML Progress] Stage 2 55% —
 OCSL 已檢查 1678/2604…
2026-03-02 17:56:47,952 modules.ml_screener [DEBUG] [ML Progress] Stage 2 55% —
 OCUL 已檢查 1679/2604…
2026-03-02 17:56:47,952 modules.ml_screener [DEBUG] [ML Progress] Stage 2 55% —
 OFG 已檢查 1680/2604…
2026-03-02 17:56:47,952 modules.ml_screener [DEBUG] [ML Progress] Stage 2 55% —
 OEC 已檢查 1681/2604…
2026-03-02 17:56:47,952 modules.ml_screener [DEBUG] [ML Progress] Stage 2 55% —
 OFIX 已檢查 1682/2604…
2026-03-02 17:56:47,953 modules.ml_screener [DEBUG] [ML Progress] Stage 2 55% —
 OGE 已檢查 1683/2604…
2026-03-02 17:56:47,953 modules.ml_screener [DEBUG] [ML Progress] Stage 2 55% —
 OGS 已檢查 1684/2604…
2026-03-02 17:56:47,953 modules.ml_screener [DEBUG] [ML Progress] Stage 2 55% —
 OGN 已檢查 1685/2604…
2026-03-02 17:56:47,953 modules.ml_screener [DEBUG] [ML Progress] Stage 2 55% —
 OHI 已檢查 1686/2604…
2026-03-02 17:56:47,953 modules.ml_screener [DEBUG] [ML Progress] Stage 2 55% —
 OI 已檢查 1687/2604…
2026-03-02 17:56:47,953 modules.ml_screener [DEBUG] [ML Progress] Stage 2 55% —
 OKLO 已檢查 1688/2604…
2026-03-02 17:56:47,954 modules.ml_screener [DEBUG] [ML Progress] Stage 2 55% —
 OKE 已檢查 1689/2604…
2026-03-02 17:56:47,955 modules.ml_screener [INFO] [ML S2 PASS] OII ADR=5.8% $V
ol=$52.0M
2026-03-02 17:56:47,955 modules.ml_screener [DEBUG] [ML Progress] Stage 2 55% —
 OII 已檢查 1690/2604…
2026-03-02 17:56:47,955 modules.ml_screener [INFO] [ML S2 PASS] OIS ADR=7.5% $V
ol=$16.8M
2026-03-02 17:56:47,955 modules.ml_screener [DEBUG] [ML Progress] Stage 2 55% —
 OIS 已檢查 1691/2604…
2026-03-02 17:56:47,955 modules.ml_screener [DEBUG] [ML Progress] Stage 2 55% —
 OKTA 已檢查 1692/2604…
2026-03-02 17:56:47,955 modules.ml_screener [DEBUG] [ML Progress] Stage 2 55% —
 OLED 已檢查 1693/2604…
2026-03-02 17:56:47,955 modules.ml_screener [INFO] [ML S2 PASS] ON ADR=4.1% $Vo
l=$670.4M
2026-03-02 17:56:47,955 modules.ml_screener [DEBUG] [ML Progress] Stage 2 55% —
 ON 已檢查 1694/2604…
2026-03-02 17:56:47,955 modules.ml_screener [INFO] [ML S2 PASS] OLN ADR=5.6% $V
ol=$85.6M
2026-03-02 17:56:47,955 modules.ml_screener [DEBUG] [ML Progress] Stage 2 55% —
 OLN 已檢查 1695/2604…
2026-03-02 17:56:47,955 modules.ml_screener [DEBUG] [ML Progress] Stage 2 55% —
 OLMA 已檢查 1696/2604…
2026-03-02 17:56:47,955 modules.ml_screener [INFO] [ML S2 PASS] OMER ADR=4.8% $
Vol=$11.5M
2026-03-02 17:56:47,955 modules.ml_screener [DEBUG] [ML Progress] Stage 2 55% —
 OMER 已檢查 1697/2604…
2026-03-02 17:56:47,955 modules.ml_screener [DEBUG] [ML Progress] Stage 2 55% —
 OLLI 已檢查 1698/2604…
2026-03-02 17:56:47,955 modules.ml_screener [DEBUG] [ML Progress] Stage 2 55% —
 OMDA 已檢查 1699/2604…
2026-03-02 17:56:47,955 modules.ml_screener [DEBUG] [ML Progress] Stage 2 55% —
 OMCL 已檢查 1700/2604…
2026-03-02 17:56:47,955 modules.ml_screener [DEBUG] [ML Progress] Stage 2 55% —
 OMF 已檢查 1701/2604…
2026-03-02 17:56:47,955 modules.ml_screener [DEBUG] [ML Progress] Stage 2 55% —
 ONC 已檢查 1702/2604…
2026-03-02 17:56:47,955 modules.ml_screener [DEBUG] [ML Progress] Stage 2 55% —
 ONB 已檢查 1703/2604…
2026-03-02 17:56:47,955 modules.ml_screener [DEBUG] [ML Progress] Stage 2 55% —
 ONON 已檢查 1704/2604…
2026-03-02 17:56:47,955 modules.ml_screener [DEBUG] [ML Progress] Stage 2 55% —
 ONDS 已檢查 1705/2604…
2026-03-02 17:56:47,955 modules.ml_screener [INFO] [ML S2 PASS] ONTO ADR=5.6% $
Vol=$238.8M
2026-03-02 17:56:47,955 modules.ml_screener [DEBUG] [ML Progress] Stage 2 55% —
 ONTO 已檢查 1706/2604…
2026-03-02 17:56:47,955 modules.ml_screener [DEBUG] [ML Progress] Stage 2 55% —
 OMC 已檢查 1707/2604…
2026-03-02 17:56:47,955 modules.ml_screener [DEBUG] [ML Progress] Stage 2 55% —
 ONTF 已檢查 1708/2604…
2026-03-02 17:56:47,955 modules.ml_screener [DEBUG] [ML Progress] Stage 2 55% —
 OPEN 已檢查 1709/2604…
2026-03-02 17:56:47,955 modules.ml_screener [DEBUG] [ML Progress] Stage 2 55% —
 OPFI 已檢查 1710/2604…
2026-03-02 17:56:47,955 modules.ml_screener [DEBUG] [ML Progress] Stage 2 55% —
 OPCH 已檢查 1711/2604…
2026-03-02 17:56:47,955 modules.ml_screener [DEBUG] [ML Progress] Stage 2 55% —
 OPLN 已檢查 1712/2604…
2026-03-02 17:56:47,955 modules.ml_screener [DEBUG] [ML Progress] Stage 2 55% —
 OPRT 已檢查 1713/2604…
2026-03-02 17:56:47,955 modules.ml_screener [DEBUG] [ML Progress] Stage 2 55% —
 OPRX 已檢查 1714/2604…
2026-03-02 17:56:47,955 modules.ml_screener [INFO] [ML S2 PASS] OR ADR=4.4% $Vo
l=$54.5M
2026-03-02 17:56:47,955 modules.ml_screener [DEBUG] [ML Progress] Stage 2 55% —
 OR 已檢查 1715/2604…
2026-03-02 17:56:47,955 modules.ml_screener [INFO] [ML S2 PASS] OPTX ADR=15.0% 
$Vol=$6.0M
2026-03-02 17:56:47,955 modules.ml_screener [DEBUG] [ML Progress] Stage 2 55% —
 OPTX 已檢查 1716/2604…
2026-03-02 17:56:47,955 modules.ml_screener [DEBUG] [ML Progress] Stage 2 55% —
 ORA 已檢查 1717/2604…
2026-03-02 17:56:47,955 modules.ml_screener [INFO] [ML S2 PASS] ORLA ADR=6.0% $
Vol=$36.1M
2026-03-02 17:56:47,955 modules.ml_screener [DEBUG] [ML Progress] Stage 2 55% —
 ORLA 已檢查 1718/2604…
2026-03-02 17:56:47,955 modules.ml_screener [DEBUG] [ML Progress] Stage 2 55% —
 ORC 已檢查 1719/2604…
2026-03-02 17:56:47,955 modules.ml_screener [DEBUG] [ML Progress] Stage 2 55% —
 ORCL 已檢查 1720/2604…
2026-03-02 17:56:47,957 modules.ml_screener [DEBUG] [ML Progress] Stage 2 55% —
 OPRA 已檢查 1721/2604…
2026-03-02 17:56:47,957 modules.ml_screener [INFO] [ML S2 PASS] ORKA ADR=5.5% $
Vol=$11.4M
2026-03-02 17:56:47,957 modules.ml_screener [DEBUG] [ML Progress] Stage 2 55% —
 ORKA 已檢查 1722/2604…
2026-03-02 17:56:47,957 modules.ml_screener [DEBUG] [ML Progress] Stage 2 55% —
 ORI 已檢查 1723/2604…
2026-03-02 17:56:47,957 modules.ml_screener [DEBUG] [ML Progress] Stage 2 55% —
 ORLY 已檢查 1724/2604…
2026-03-02 17:56:47,957 modules.ml_screener [DEBUG] [ML Progress] Stage 2 55% —
 ORIC 已檢查 1725/2604…
2026-03-02 17:56:47,957 modules.ml_screener [DEBUG] [ML Progress] Stage 2 55% —
 OS 已檢查 1726/2604…
2026-03-02 17:56:47,957 modules.ml_screener [DEBUG] [ML Progress] Stage 2 55% —
 OSBC 已檢查 1727/2604…
2026-03-02 17:56:47,957 modules.ml_screener [DEBUG] [ML Progress] Stage 2 55% —
 OSCR 已檢查 1728/2604…
2026-03-02 17:56:47,958 modules.ml_screener [DEBUG] [ML Progress] Stage 2 55% —
 OSG 已檢查 1729/2604…
2026-03-02 17:56:47,958 modules.ml_screener [DEBUG] [ML Progress] Stage 2 55% —
 OSK 已檢查 1730/2604…
2026-03-02 17:56:47,958 modules.ml_screener [INFO] [ML S2 PASS] ORN ADR=5.2% $V
ol=$5.7M
2026-03-02 17:56:47,958 modules.ml_screener [DEBUG] [ML Progress] Stage 2 55% —
 ORN 已檢查 1731/2604…
2026-03-02 17:56:47,958 modules.ml_screener [DEBUG] [ML Progress] Stage 2 55% —
 OSS 已檢查 1732/2604…
2026-03-02 17:56:47,958 modules.ml_screener [DEBUG] [ML Progress] Stage 2 55% —
 OSPN 已檢查 1733/2604…
2026-03-02 17:56:47,958 modules.ml_screener [DEBUG] [ML Progress] Stage 2 55% —
 OTEX 已檢查 1734/2604…
2026-03-02 17:56:47,958 modules.ml_screener [DEBUG] [ML Progress] Stage 2 55% —
 OUT 已檢查 1735/2604…
2026-03-02 17:56:47,958 modules.ml_screener [DEBUG] [ML Progress] Stage 2 56% —
 OTF 已檢查 1736/2604…
2026-03-02 17:56:47,958 modules.ml_screener [DEBUG] [ML Progress] Stage 2 56% —
 OUST 已檢查 1737/2604…
2026-03-02 17:56:47,958 modules.ml_screener [DEBUG] [ML Progress] Stage 2 56% —
 OVV 已檢查 1738/2604…
2026-03-02 17:56:47,958 modules.ml_screener [DEBUG] [ML Progress] Stage 2 56% —
 OXY 已檢查 1739/2604…
2026-03-02 17:56:47,958 modules.ml_screener [DEBUG] [ML Progress] Stage 2 56% —
 OWL 已檢查 1740/2604…
2026-03-02 17:56:47,958 modules.ml_screener [DEBUG] [ML Progress] Stage 2 56% —
 OXLC 已檢查 1741/2604…
2026-03-02 17:56:47,958 modules.ml_screener [DEBUG] [ML Progress] Stage 2 56% —
 PAA 已檢查 1742/2604…
2026-03-02 17:56:47,958 modules.ml_screener [DEBUG] [ML Progress] Stage 2 56% —
 OZK 已檢查 1743/2604…
2026-03-02 17:56:47,958 modules.ml_screener [DEBUG] [ML Progress] Stage 2 56% —
 OTIS 已檢查 1744/2604…
2026-03-02 17:56:47,958 modules.ml_screener [DEBUG] [ML Progress] Stage 2 56% —
 PACK 已檢查 1745/2604…
2026-03-02 17:56:47,958 modules.ml_screener [DEBUG] [ML Progress] Stage 2 56% —
 OSW 已檢查 1746/2604…
2026-03-02 17:56:47,958 modules.ml_screener [DEBUG] [ML Progress] Stage 2 56% —
 PAGP 已檢查 1747/2604…
2026-03-02 17:56:47,958 modules.ml_screener [DEBUG] [ML Progress] Stage 2 56% —
 PANW 已檢查 1748/2604…
2026-03-02 17:56:47,958 modules.ml_screener [DEBUG] [ML Progress] Stage 2 56% —
 PATH 已檢查 1749/2604…
2026-03-02 17:56:47,958 modules.ml_screener [INFO] [ML S2 PASS] PACS ADR=6.3% $
Vol=$41.9M
2026-03-02 17:56:47,958 modules.ml_screener [DEBUG] [ML Progress] Stage 2 56% —
 PACS 已檢查 1750/2604…
2026-03-02 17:56:47,958 modules.ml_screener [INFO] [ML S2 PASS] PAAS ADR=5.1% $
Vol=$533.6M
2026-03-02 17:56:47,958 modules.ml_screener [DEBUG] [ML Progress] Stage 2 56% —
 PAAS 已檢查 1751/2604…
2026-03-02 17:56:47,958 modules.ml_screener [DEBUG] [ML Progress] Stage 2 56% —
 PAR 已檢查 1752/2604…
2026-03-02 17:56:47,958 modules.ml_screener [INFO] [ML S2 PASS] PANL ADR=4.8% $
Vol=$5.7M
2026-03-02 17:56:47,958 modules.ml_screener [DEBUG] [ML Progress] Stage 2 56% —
 PANL 已檢查 1753/2604…
2026-03-02 17:56:47,958 modules.ml_screener [DEBUG] [ML Progress] Stage 2 56% —
 PATK 已檢查 1754/2604…
2026-03-02 17:56:47,960 modules.ml_screener [DEBUG] [ML Progress] Stage 2 56% —
 PAX 已檢查 1755/2604…
2026-03-02 17:56:47,960 modules.ml_screener [DEBUG] [ML Progress] Stage 2 56% —
 PAY 已檢查 1756/2604…
2026-03-02 17:56:47,960 modules.ml_screener [DEBUG] [ML Progress] Stage 2 56% —
 PBA 已檢查 1757/2604…
2026-03-02 17:56:47,960 modules.ml_screener [DEBUG] [ML Progress] Stage 2 56% —
 PAYC 已檢查 1758/2604…
2026-03-02 17:56:47,960 modules.ml_screener [DEBUG] [ML Progress] Stage 2 56% —
 PAYX 已檢查 1759/2604…
2026-03-02 17:56:47,960 modules.ml_screener [DEBUG] [ML Progress] Stage 2 56% —
 PBH 已檢查 1760/2604…
2026-03-02 17:56:47,960 modules.ml_screener [DEBUG] [ML Progress] Stage 2 56% —
 PB 已檢查 1761/2604…
2026-03-02 17:56:47,960 modules.ml_screener [DEBUG] [ML Progress] Stage 2 56% —
 PBI 已檢查 1762/2604…
2026-03-02 17:56:47,960 modules.ml_screener [DEBUG] [ML Progress] Stage 2 56% —
 PAGS 已檢查 1763/2604…
2026-03-02 17:56:47,960 modules.ml_screener [DEBUG] [ML Progress] Stage 2 56% —
 PBR 已檢查 1764/2604…
2026-03-02 17:56:47,960 modules.ml_screener [DEBUG] [ML Progress] Stage 2 56% —
 PARR 已檢查 1765/2604…
2026-03-02 17:56:47,960 modules.ml_screener [DEBUG] [ML Progress] Stage 2 56% —
 PBYI 已檢查 1766/2604…
2026-03-02 17:56:47,960 modules.ml_screener [DEBUG] [ML Progress] Stage 2 56% —
 PCAR 已檢查 1767/2604…
2026-03-02 17:56:47,960 modules.ml_screener [DEBUG] [ML Progress] Stage 2 56% —
 PCG 已檢查 1768/2604…
2026-03-02 17:56:47,960 modules.ml_screener [DEBUG] [ML Progress] Stage 2 56% —
 PCN 已檢查 1769/2604…
2026-03-02 17:56:47,960 modules.ml_screener [DEBUG] [ML Progress] Stage 2 56% —
 PCRX 已檢查 1770/2604…
2026-03-02 17:56:47,960 modules.ml_screener [DEBUG] [ML Progress] Stage 2 56% —
 PCT 已檢查 1771/2604…
2026-03-02 17:56:47,960 modules.ml_screener [DEBUG] [ML Progress] Stage 2 56% —
 PCTY 已檢查 1772/2604…
2026-03-02 17:56:47,960 modules.ml_screener [DEBUG] [ML Progress] Stage 2 56% —
 PBF 已檢查 1773/2604…
2026-03-02 17:56:47,960 modules.ml_screener [DEBUG] [ML Progress] Stage 2 56% —
 PCOR 已檢查 1774/2604…
2026-03-02 17:56:47,960 modules.ml_screener [DEBUG] [ML Progress] Stage 2 56% —
 PD 已檢查 1775/2604…
2026-03-02 17:56:47,960 modules.ml_screener [DEBUG] [ML Progress] Stage 2 56% —
 PDD 已檢查 1776/2604…
2026-03-02 17:56:47,960 modules.ml_screener [INFO] [ML S2 PASS] PDYN ADR=8.1% $
Vol=$17.8M
2026-03-02 17:56:47,960 modules.ml_screener [DEBUG] [ML Progress] Stage 2 56% —
 PDYN 已檢查 1777/2604…
2026-03-02 17:56:47,960 modules.ml_screener [DEBUG] [ML Progress] Stage 2 56% —
 PDI 已檢查 1778/2604…
2026-03-02 17:56:47,960 modules.ml_screener [DEBUG] [ML Progress] Stage 2 56% —
 PDO 已檢查 1779/2604…
2026-03-02 17:56:47,960 modules.ml_screener [INFO] [ML S2 PASS] PCVX ADR=5.9% $
Vol=$99.9M
2026-03-02 17:56:47,961 modules.ml_screener [DEBUG] [ML Progress] Stage 2 56% —
 PCVX 已檢查 1780/2604…
2026-03-02 17:56:47,961 modules.ml_screener [DEBUG] [ML Progress] Stage 2 56% —
 PDM 已檢查 1781/2604…
2026-03-02 17:56:47,961 modules.ml_screener [DEBUG] [ML Progress] Stage 2 56% —
 PECO 已檢查 1782/2604…
2026-03-02 17:56:47,961 modules.ml_screener [DEBUG] [ML Progress] Stage 2 56% —
 PEG 已檢查 1783/2604…
2026-03-02 17:56:47,961 modules.ml_screener [DEBUG] [ML Progress] Stage 2 56% —
 PEGA 已檢查 1784/2604…
2026-03-02 17:56:47,961 modules.ml_screener [DEBUG] [ML Progress] Stage 2 56% —
 PEN 已檢查 1785/2604…
2026-03-02 17:56:47,961 modules.ml_screener [DEBUG] [ML Progress] Stage 2 56% —
 PEP 已檢查 1786/2604…
2026-03-02 17:56:47,961 modules.ml_screener [DEBUG] [ML Progress] Stage 2 56% —
 PERI 已檢查 1787/2604…
2026-03-02 17:56:47,961 modules.ml_screener [DEBUG] [ML Progress] Stage 2 56% —
 PFE 已檢查 1788/2604…
2026-03-02 17:56:47,961 modules.ml_screener [DEBUG] [ML Progress] Stage 2 56% —
 PEB 已檢查 1789/2604…
2026-03-02 17:56:47,961 modules.ml_screener [DEBUG] [ML Progress] Stage 2 56% —
 PFG 已檢查 1790/2604…
2026-03-02 17:56:47,961 modules.ml_screener [DEBUG] [ML Progress] Stage 2 56% —
 PFGC 已檢查 1791/2604…
2026-03-02 17:56:47,962 modules.ml_screener [DEBUG] [ML Progress] Stage 2 56% —
 PFLT 已檢查 1792/2604…
2026-03-02 17:56:47,962 modules.ml_screener [DEBUG] [ML Progress] Stage 2 56% —
 PFN 已檢查 1793/2604…
2026-03-02 17:56:47,962 modules.ml_screener [DEBUG] [ML Progress] Stage 2 56% —
 PENG 已檢查 1794/2604…
2026-03-02 17:56:47,962 modules.ml_screener [DEBUG] [ML Progress] Stage 2 56% —
 PENN 已檢查 1795/2604…
2026-03-02 17:56:47,962 modules.ml_screener [DEBUG] [ML Progress] Stage 2 56% —
 PFS 已檢查 1796/2604…
2026-03-02 17:56:47,962 modules.ml_screener [DEBUG] [ML Progress] Stage 2 56% —
 PFSI 已檢查 1797/2604…
2026-03-02 17:56:47,963 modules.ml_screener [DEBUG] [ML Progress] Stage 2 56% —
 PGNY 已檢查 1798/2604…
2026-03-02 17:56:47,963 modules.ml_screener [DEBUG] [ML Progress] Stage 2 56% —
 PG 已檢查 1799/2604…
2026-03-02 17:56:47,963 modules.ml_screener [DEBUG] [ML Progress] Stage 2 56% —
 PGR 已檢查 1800/2604…
2026-03-02 17:56:47,963 modules.ml_screener [DEBUG] [ML Progress] Stage 2 56% —
 PH 已檢查 1801/2604…
2026-03-02 17:56:47,963 modules.ml_screener [DEBUG] [ML Progress] Stage 2 56% —
 PGY 已檢查 1802/2604…
2026-03-02 17:56:47,963 modules.ml_screener [DEBUG] [ML Progress] Stage 2 56% —
 PHG 已檢查 1803/2604…
2026-03-02 17:56:47,963 modules.ml_screener [DEBUG] [ML Progress] Stage 2 56% —
 PHIN 已檢查 1804/2604…
2026-03-02 17:56:47,963 modules.ml_screener [DEBUG] [ML Progress] Stage 2 56% —
 PHAT 已檢查 1805/2604…
2026-03-02 17:56:47,963 modules.ml_screener [DEBUG] [ML Progress] Stage 2 56% —
 PHM 已檢查 1806/2604…
2026-03-02 17:56:47,963 modules.ml_screener [DEBUG] [ML Progress] Stage 2 56% —
 PI 已檢查 1807/2604…
2026-03-02 17:56:47,963 modules.ml_screener [DEBUG] [ML Progress] Stage 2 56% —
 PINS 已檢查 1808/2604…
2026-03-02 17:56:47,963 modules.ml_screener [DEBUG] [ML Progress] Stage 2 56% —
 PII 已檢查 1809/2604…
2026-03-02 17:56:47,963 modules.ml_screener [DEBUG] [ML Progress] Stage 2 56% —
 PHR 已檢查 1810/2604…
2026-03-02 17:56:47,963 modules.ml_screener [DEBUG] [ML Progress] Stage 2 56% —
 PJT 已檢查 1811/2604…
2026-03-02 17:56:47,963 modules.ml_screener [INFO] [ML S2 PASS] PL ADR=8.8% $Vo
l=$227.9M
2026-03-02 17:56:47,963 modules.ml_screener [DEBUG] [ML Progress] Stage 2 56% —
 PL 已檢查 1812/2604…
2026-03-02 17:56:47,963 modules.ml_screener [INFO] [ML S2 PASS] PLAB ADR=7.1% $
Vol=$46.4M
2026-03-02 17:56:47,963 modules.ml_screener [DEBUG] [ML Progress] Stage 2 56% —
 PLAB 已檢查 1813/2604…
2026-03-02 17:56:47,963 modules.ml_screener [DEBUG] [ML Progress] Stage 2 56% —
 PKG 已檢查 1814/2604…
2026-03-02 17:56:47,963 modules.ml_screener [DEBUG] [ML Progress] Stage 2 56% —
 PKST 已檢查 1815/2604…
2026-03-02 17:56:47,963 modules.ml_screener [DEBUG] [ML Progress] Stage 2 56% —
 PK 已檢查 1816/2604…
2026-03-02 17:56:47,963 modules.ml_screener [DEBUG] [ML Progress] Stage 2 56% —
 PLAY 已檢查 1817/2604…
2026-03-02 17:56:47,963 modules.ml_screener [INFO] [ML S2 PASS] PKE ADR=4.9% $V
ol=$6.7M
2026-03-02 17:56:47,963 modules.ml_screener [DEBUG] [ML Progress] Stage 2 56% —
 PKE 已檢查 1818/2604…
2026-03-02 17:56:47,963 modules.ml_screener [DEBUG] [ML Progress] Stage 2 56% —
 PLOW 已檢查 1819/2604…
2026-03-02 17:56:47,963 modules.ml_screener [INFO] [ML S2 PASS] PLSE ADR=9.6% $
Vol=$12.4M
2026-03-02 17:56:47,963 modules.ml_screener [DEBUG] [ML Progress] Stage 2 56% —
 PLSE 已檢查 1820/2604…
2026-03-02 17:56:47,963 modules.ml_screener [DEBUG] [ML Progress] Stage 2 56% —
 PLD 已檢查 1821/2604…
2026-03-02 17:56:47,963 modules.ml_screener [DEBUG] [ML Progress] Stage 2 56% —
 PLNT 已檢查 1822/2604…
2026-03-02 17:56:47,963 modules.ml_screener [DEBUG] [ML Progress] Stage 2 56% —
 PLTR 已檢查 1823/2604…
2026-03-02 17:56:47,963 modules.ml_screener [DEBUG] [ML Progress] Stage 2 56% —
 PML 已檢查 1824/2604…
2026-03-02 17:56:47,963 modules.ml_screener [DEBUG] [ML Progress] Stage 2 56% —
 PM 已檢查 1825/2604…
2026-03-02 17:56:47,963 modules.ml_screener [DEBUG] [ML Progress] Stage 2 56% —
 PMT 已檢查 1826/2604…
2026-03-02 17:56:47,963 modules.ml_screener [DEBUG] [ML Progress] Stage 2 56% —
 PNFP 已檢查 1827/2604…
2026-03-02 17:56:47,964 modules.ml_screener [DEBUG] [ML Progress] Stage 2 56% —
 PNC 已檢查 1828/2604…
2026-03-02 17:56:47,964 modules.ml_screener [DEBUG] [ML Progress] Stage 2 56% —
 PNR 已檢查 1829/2604…
2026-03-02 17:56:47,964 modules.ml_screener [DEBUG] [ML Progress] Stage 2 56% —
 PNW 已檢查 1830/2604…
2026-03-02 17:56:47,964 modules.ml_screener [DEBUG] [ML Progress] Stage 2 56% —
 POET 已檢查 1831/2604…
2026-03-02 17:56:47,965 modules.ml_screener [DEBUG] [ML Progress] Stage 2 56% —
 PODD 已檢查 1832/2604…
2026-03-02 17:56:47,965 modules.ml_screener [DEBUG] [ML Progress] Stage 2 56% —
 PONY 已檢查 1833/2604…
2026-03-02 17:56:47,965 modules.ml_screener [DEBUG] [ML Progress] Stage 2 56% —
 POOL 已檢查 1834/2604…
2026-03-02 17:56:47,965 modules.ml_screener [DEBUG] [ML Progress] Stage 2 56% —
 POST 已檢查 1835/2604…
2026-03-02 17:56:47,965 modules.ml_screener [DEBUG] [ML Progress] Stage 2 56% —
 POR 已檢查 1836/2604…
2026-03-02 17:56:47,965 modules.ml_screener [DEBUG] [ML Progress] Stage 2 56% —
 PNTG 已檢查 1837/2604…
2026-03-02 17:56:47,965 modules.ml_screener [DEBUG] [ML Progress] Stage 2 56% —
 PPG 已檢查 1838/2604…
2026-03-02 17:56:47,965 modules.ml_screener [DEBUG] [ML Progress] Stage 2 56% —
 PPL 已檢查 1839/2604…
2026-03-02 17:56:47,965 modules.ml_screener [DEBUG] [ML Progress] Stage 2 56% —
 PPC 已檢查 1840/2604…
2026-03-02 17:56:47,965 modules.ml_screener [INFO] [ML S2 PASS] PRG ADR=5.0% $V
ol=$21.1M
2026-03-02 17:56:47,965 modules.ml_screener [DEBUG] [ML Progress] Stage 2 56% —
 PRG 已檢查 1841/2604…
2026-03-02 17:56:47,965 modules.ml_screener [DEBUG] [ML Progress] Stage 2 56% —
 PR 已檢查 1842/2604…
2026-03-02 17:56:47,965 modules.ml_screener [INFO] [ML S2 PASS] PPTA ADR=7.5% $
Vol=$57.8M
2026-03-02 17:56:47,965 modules.ml_screener [DEBUG] [ML Progress] Stage 2 56% —
 PPTA 已檢查 1843/2604…
2026-03-02 17:56:47,965 modules.ml_screener [DEBUG] [ML Progress] Stage 2 56% —
 PRCH 已檢查 1844/2604…
2026-03-02 17:56:47,965 modules.ml_screener [INFO] [ML S2 PASS] PRAX ADR=6.0% $
Vol=$148.4M
2026-03-02 17:56:47,965 modules.ml_screener [DEBUG] [ML Progress] Stage 2 56% —
 PRAX 已檢查 1845/2604…
2026-03-02 17:56:47,965 modules.ml_screener [DEBUG] [ML Progress] Stage 2 56% —
 PRCT 已檢查 1846/2604…
2026-03-02 17:56:47,965 modules.ml_screener [INFO] [ML S2 PASS] POWI ADR=4.1% $
Vol=$42.0M
2026-03-02 17:56:47,965 modules.ml_screener [DEBUG] [ML Progress] Stage 2 56% —
 POWI 已檢查 1847/2604…
2026-03-02 17:56:47,965 modules.ml_screener [DEBUG] [ML Progress] Stage 2 56% —
 PRE 已檢查 1848/2604…
2026-03-02 17:56:47,965 modules.ml_screener [DEBUG] [ML Progress] Stage 2 56% —
 PRDO 已檢查 1849/2604…
2026-03-02 17:56:47,965 modules.ml_screener [DEBUG] [ML Progress] Stage 2 56% —
 PRA 已檢查 1850/2604…
2026-03-02 17:56:47,965 modules.ml_screener [DEBUG] [ML Progress] Stage 2 56% —
 PRGO 已檢查 1851/2604…
2026-03-02 17:56:47,965 modules.ml_screener [DEBUG] [ML Progress] Stage 2 56% —
 PRAA 已檢查 1852/2604…
2026-03-02 17:56:47,965 modules.ml_screener [DEBUG] [ML Progress] Stage 2 56% —
 PRTA 已檢查 1853/2604…
2026-03-02 17:56:47,965 modules.ml_screener [DEBUG] [ML Progress] Stage 2 56% —
 PRU 已檢查 1854/2604…
2026-03-02 17:56:47,965 modules.ml_screener [DEBUG] [ML Progress] Stage 2 56% —
 PRKS 已檢查 1855/2604…
2026-03-02 17:56:47,965 modules.ml_screener [DEBUG] [ML Progress] Stage 2 56% —
 PSA 已檢查 1856/2604…
2026-03-02 17:56:47,965 modules.ml_screener [DEBUG] [ML Progress] Stage 2 56% —
 PRMB 已檢查 1857/2604…
2026-03-02 17:56:47,965 modules.ml_screener [DEBUG] [ML Progress] Stage 2 56% —
 PSFE 已檢查 1858/2604…
2026-03-02 17:56:47,965 modules.ml_screener [DEBUG] [ML Progress] Stage 2 56% —
 PRM 已檢查 1859/2604…
2026-03-02 17:56:47,965 modules.ml_screener [DEBUG] [ML Progress] Stage 2 56% —
 PRGS 已檢查 1860/2604…
2026-03-02 17:56:47,965 modules.ml_screener [INFO] [ML S2 PASS] PSIX ADR=8.4% $
Vol=$43.0M
2026-03-02 17:56:47,965 modules.ml_screener [DEBUG] [ML Progress] Stage 2 56% —
 PSIX 已檢查 1861/2604…
2026-03-02 17:56:47,967 modules.ml_screener [DEBUG] [ML Progress] Stage 2 56% —
 PSN 已檢查 1862/2604…
2026-03-02 17:56:47,967 modules.ml_screener [DEBUG] [ML Progress] Stage 2 56% —
 PRVA 已檢查 1863/2604…
2026-03-02 17:56:47,967 modules.ml_screener [DEBUG] [ML Progress] Stage 2 56% —
 PSNL 已檢查 1864/2604…
2026-03-02 17:56:47,967 modules.ml_screener [DEBUG] [ML Progress] Stage 2 56% —
 PRIM 已檢查 1865/2604…
2026-03-02 17:56:47,967 modules.ml_screener [DEBUG] [ML Progress] Stage 2 56% —
 PSTG 已檢查 1866/2604…
2026-03-02 17:56:47,967 modules.ml_screener [DEBUG] [ML Progress] Stage 2 56% —
 PSTL 已檢查 1867/2604…
2026-03-02 17:56:47,967 modules.ml_screener [DEBUG] [ML Progress] Stage 2 56% —
 PSO 已檢查 1868/2604…
2026-03-02 17:56:47,967 modules.ml_screener [DEBUG] [ML Progress] Stage 2 56% —
 PSX 已檢查 1869/2604…
2026-03-02 17:56:47,967 modules.ml_screener [DEBUG] [ML Progress] Stage 2 56% —
 PTC 已檢查 1870/2604…
2026-03-02 17:56:47,967 modules.ml_screener [INFO] [ML S2 PASS] PTEN ADR=4.4% $
Vol=$86.6M
2026-03-02 17:56:47,967 modules.ml_screener [DEBUG] [ML Progress] Stage 2 56% —
 PTEN 已檢查 1871/2604…
2026-03-02 17:56:47,967 modules.ml_screener [DEBUG] [ML Progress] Stage 2 56% —
 PTCT 已檢查 1872/2604…
2026-03-02 17:56:47,967 modules.ml_screener [DEBUG] [ML Progress] Stage 2 56% —
 PTLO 已檢查 1873/2604…
2026-03-02 17:56:47,967 modules.ml_screener [DEBUG] [ML Progress] Stage 2 56% —
 PSKY 已檢查 1874/2604…
2026-03-02 17:56:47,967 modules.ml_screener [DEBUG] [ML Progress] Stage 2 56% —
 PTY 已檢查 1875/2604…
2026-03-02 17:56:47,967 modules.ml_screener [DEBUG] [ML Progress] Stage 2 56% —
 PSNY 已檢查 1876/2604…
2026-03-02 17:56:47,967 modules.ml_screener [DEBUG] [ML Progress] Stage 2 56% —
 PTRN 已檢查 1877/2604…
2026-03-02 17:56:47,967 modules.ml_screener [DEBUG] [ML Progress] Stage 2 56% —
 PUK 已檢查 1878/2604…
2026-03-02 17:56:47,967 modules.ml_screener [DEBUG] [ML Progress] Stage 2 56% —
 PVH 已檢查 1879/2604…
2026-03-02 17:56:47,967 modules.ml_screener [DEBUG] [ML Progress] Stage 2 56% —
 PWP 已檢查 1880/2604…
2026-03-02 17:56:47,967 modules.ml_screener [DEBUG] [ML Progress] Stage 2 56% —
 PWR 已檢查 1881/2604…
2026-03-02 17:56:47,968 modules.ml_screener [DEBUG] [ML Progress] Stage 2 56% —
 PYPL 已檢查 1882/2604…
2026-03-02 17:56:47,968 modules.ml_screener [DEBUG] [ML Progress] Stage 2 56% —
 PZZA 已檢查 1883/2604…
2026-03-02 17:56:47,968 modules.ml_screener [INFO] [ML S2 PASS] PVLA ADR=8.6% $
Vol=$45.4M
2026-03-02 17:56:47,968 modules.ml_screener [DEBUG] [ML Progress] Stage 2 56% —
 PVLA 已檢查 1884/2604…
2026-03-02 17:56:47,968 modules.ml_screener [INFO] [ML S2 PASS] PUMP ADR=7.8% $
Vol=$37.5M
2026-03-02 17:56:47,968 modules.ml_screener [DEBUG] [ML Progress] Stage 2 56% —
 PUMP 已檢查 1885/2604…
2026-03-02 17:56:47,968 modules.ml_screener [DEBUG] [ML Progress] Stage 2 56% —
 PUBM 已檢查 1886/2604…
2026-03-02 17:56:47,968 modules.ml_screener [DEBUG] [ML Progress] Stage 2 56% —
 PTGX 已檢查 1887/2604…
2026-03-02 17:56:47,968 modules.ml_screener [DEBUG] [ML Progress] Stage 2 56% —
 QCOM 已檢查 1888/2604…
2026-03-02 17:56:47,968 modules.ml_screener [DEBUG] [ML Progress] Stage 2 56% —
 Q 已檢查 1889/2604…
2026-03-02 17:56:47,968 modules.ml_screener [DEBUG] [ML Progress] Stage 2 56% —
 QDEL 已檢查 1890/2604…
2026-03-02 17:56:47,968 modules.ml_screener [DEBUG] [ML Progress] Stage 2 56% —
 QGEN 已檢查 1891/2604…
2026-03-02 17:56:47,968 modules.ml_screener [DEBUG] [ML Progress] Stage 2 56% —
 QMCO 已檢查 1892/2604…
2026-03-02 17:56:47,968 modules.ml_screener [DEBUG] [ML Progress] Stage 2 56% —
 QBTS 已檢查 1893/2604…
2026-03-02 17:56:47,968 modules.ml_screener [DEBUG] [ML Progress] Stage 2 56% —
 QFIN 已檢查 1894/2604…
2026-03-02 17:56:47,968 modules.ml_screener [DEBUG] [ML Progress] Stage 2 56% —
 QLYS 已檢查 1895/2604…
2026-03-02 17:56:47,968 modules.ml_screener [DEBUG] [ML Progress] Stage 2 56% —
 QNST 已檢查 1896/2604…
2026-03-02 17:56:47,968 modules.ml_screener [DEBUG] [ML Progress] Stage 2 56% —
 QRVO 已檢查 1897/2604…
2026-03-02 17:56:47,970 modules.ml_screener [DEBUG] [ML Progress] Stage 2 56% —
 QS 已檢查 1898/2604…
2026-03-02 17:56:47,970 modules.ml_screener [DEBUG] [ML Progress] Stage 2 56% —
 QSR 已檢查 1899/2604…
2026-03-02 17:56:47,970 modules.ml_screener [DEBUG] [ML Progress] Stage 2 56% —
 QTWO 已檢查 1900/2604…
2026-03-02 17:56:47,970 modules.ml_screener [DEBUG] [ML Progress] Stage 2 56% —
 QTRX 已檢查 1901/2604…
2026-03-02 17:56:47,970 modules.ml_screener [DEBUG] [ML Progress] Stage 2 56% —
 QUBT 已檢查 1902/2604…
2026-03-02 17:56:47,970 modules.ml_screener [DEBUG] [ML Progress] Stage 2 56% —
 QUAD 已檢查 1903/2604…
2026-03-02 17:56:47,970 modules.ml_screener [DEBUG] [ML Progress] Stage 2 56% —
 QURE 已檢查 1904/2604…
2026-03-02 17:56:47,970 modules.ml_screener [INFO] [ML S2 PASS] R ADR=4.0% $Vol
=$102.2M
2026-03-02 17:56:47,970 modules.ml_screener [DEBUG] [ML Progress] Stage 2 56% —
 R 已檢查 1905/2604…
2026-03-02 17:56:47,970 modules.ml_screener [DEBUG] [ML Progress] Stage 2 56% —
 RAAQ 已檢查 1906/2604…
2026-03-02 17:56:47,970 modules.ml_screener [DEBUG] [ML Progress] Stage 2 56% —
 RAL 已檢查 1907/2604…
2026-03-02 17:56:47,970 modules.ml_screener [DEBUG] [ML Progress] Stage 2 56% —
 RACE 已檢查 1908/2604…
2026-03-02 17:56:47,970 modules.ml_screener [DEBUG] [ML Progress] Stage 2 56% —
 RAPT 已檢查 1909/2604…
2026-03-02 17:56:47,970 modules.ml_screener [INFO] [ML S2 PASS] QXO ADR=4.9% $V
ol=$178.9M
2026-03-02 17:56:47,970 modules.ml_screener [DEBUG] [ML Progress] Stage 2 56% —
 QXO 已檢查 1910/2604…
2026-03-02 17:56:47,970 modules.ml_screener [DEBUG] [ML Progress] Stage 2 56% —
 RARE 已檢查 1911/2604…
2026-03-02 17:56:47,970 modules.ml_screener [DEBUG] [ML Progress] Stage 2 56% —
 RBRK 已檢查 1912/2604…
2026-03-02 17:56:47,970 modules.ml_screener [DEBUG] [ML Progress] Stage 2 56% —
 RBLX 已檢查 1913/2604…
2026-03-02 17:56:47,970 modules.ml_screener [DEBUG] [ML Progress] Stage 2 56% —
 RCAT 已檢查 1914/2604…
2026-03-02 17:56:47,970 modules.ml_screener [DEBUG] [ML Progress] Stage 2 56% —
 RCEL 已檢查 1915/2604…
2026-03-02 17:56:47,970 modules.ml_screener [DEBUG] [ML Progress] Stage 2 56% —
 RBA 已檢查 1916/2604…
2026-03-02 17:56:47,970 modules.ml_screener [DEBUG] [ML Progress] Stage 2 56% —
 RCUS 已檢查 1917/2604…
2026-03-02 17:56:47,970 modules.ml_screener [DEBUG] [ML Progress] Stage 2 56% —
 RCI 已檢查 1918/2604…
2026-03-02 17:56:47,970 modules.ml_screener [DEBUG] [ML Progress] Stage 2 56% —
 RDDT 已檢查 1919/2604…
2026-03-02 17:56:47,970 modules.ml_screener [DEBUG] [ML Progress] Stage 2 56% —
 RDNT 已檢查 1920/2604…
2026-03-02 17:56:47,971 modules.ml_screener [DEBUG] [ML Progress] Stage 2 56% —
 RAMP 已檢查 1921/2604…
2026-03-02 17:56:47,971 modules.ml_screener [DEBUG] [ML Progress] Stage 2 56% —
 RDW 已檢查 1922/2604…
2026-03-02 17:56:47,971 modules.ml_screener [DEBUG] [ML Progress] Stage 2 56% —
 RDN 已檢查 1923/2604…
2026-03-02 17:56:47,971 modules.ml_screener [DEBUG] [ML Progress] Stage 2 56% —
 RCL 已檢查 1924/2604…
2026-03-02 17:56:47,971 modules.ml_screener [DEBUG] [ML Progress] Stage 2 56% —
 RDY 已檢查 1925/2604…
2026-03-02 17:56:47,971 modules.ml_screener [DEBUG] [ML Progress] Stage 2 56% —
 REG 已檢查 1926/2604…
2026-03-02 17:56:47,971 modules.ml_screener [DEBUG] [ML Progress] Stage 2 56% —
 REAL 已檢查 1927/2604…
2026-03-02 17:56:47,971 modules.ml_screener [INFO] [ML S2 PASS] RERE ADR=5.0% $
Vol=$5.1M
2026-03-02 17:56:47,971 modules.ml_screener [DEBUG] [ML Progress] Stage 2 56% —
 RERE 已檢查 1928/2604…
2026-03-02 17:56:47,971 modules.ml_screener [DEBUG] [ML Progress] Stage 2 56% —
 REGN 已檢查 1929/2604…
2026-03-02 17:56:47,971 modules.ml_screener [DEBUG] [ML Progress] Stage 2 56% —
 RELX 已檢查 1930/2604…
2026-03-02 17:56:47,971 modules.ml_screener [DEBUG] [ML Progress] Stage 2 56% —
 RES 已檢查 1931/2604…
2026-03-02 17:56:47,971 modules.ml_screener [DEBUG] [ML Progress] Stage 2 56% —
 RCKT 已檢查 1932/2604…
2026-03-02 17:56:47,971 modules.ml_screener [DEBUG] [ML Progress] Stage 2 56% —
 REYN 已檢查 1933/2604…
2026-03-02 17:56:47,971 modules.ml_screener [DEBUG] [ML Progress] Stage 2 56% —
 REXR 已檢查 1934/2604…
2026-03-02 17:56:47,972 modules.ml_screener [DEBUG] [ML Progress] Stage 2 56% —
 REPL 已檢查 1935/2604…
2026-03-02 17:56:47,972 modules.ml_screener [INFO] [ML S2 PASS] RGLD ADR=4.0% $
Vol=$273.4M
2026-03-02 17:56:47,972 modules.ml_screener [DEBUG] [ML Progress] Stage 2 56% —
 RGLD 已檢查 1936/2604…
2026-03-02 17:56:47,972 modules.ml_screener [INFO] [ML S2 PASS] REZI ADR=4.1% $
Vol=$55.0M
2026-03-02 17:56:47,972 modules.ml_screener [DEBUG] [ML Progress] Stage 2 56% —
 REZI 已檢查 1937/2604…
2026-03-02 17:56:47,972 modules.ml_screener [DEBUG] [ML Progress] Stage 2 56% —
 RF 已檢查 1938/2604…
2026-03-02 17:56:47,972 modules.ml_screener [DEBUG] [ML Progress] Stage 2 56% —
 RGEN 已檢查 1939/2604…
2026-03-02 17:56:47,972 modules.ml_screener [DEBUG] [ML Progress] Stage 2 56% —
 RGA 已檢查 1940/2604…
2026-03-02 17:56:47,972 modules.ml_screener [DEBUG] [ML Progress] Stage 2 56% —
 RGNX 已檢查 1941/2604…
2026-03-02 17:56:47,972 modules.ml_screener [DEBUG] [ML Progress] Stage 2 56% —
 RELY 已檢查 1942/2604…
2026-03-02 17:56:47,972 modules.ml_screener [DEBUG] [ML Progress] Stage 2 56% —
 RGTI 已檢查 1943/2604…
2026-03-02 17:56:47,972 modules.ml_screener [DEBUG] [ML Progress] Stage 2 56% —
 RH 已檢查 1944/2604…
2026-03-02 17:56:47,972 modules.ml_screener [DEBUG] [ML Progress] Stage 2 56% —
 RHI 已檢查 1945/2604…
2026-03-02 17:56:47,972 modules.ml_screener [DEBUG] [ML Progress] Stage 2 56% —
 RIGL 已檢查 1946/2604…
2026-03-02 17:56:47,972 modules.ml_screener [DEBUG] [ML Progress] Stage 2 56% —
 RHP 已檢查 1947/2604…
2026-03-02 17:56:47,972 modules.ml_screener [DEBUG] [ML Progress] Stage 2 56% —
 RIO 已檢查 1948/2604…
2026-03-02 17:56:47,972 modules.ml_screener [INFO] [ML S2 PASS] RIG ADR=6.7% $V
ol=$397.8M
2026-03-02 17:56:47,972 modules.ml_screener [DEBUG] [ML Progress] Stage 2 56% —
 RIG 已檢查 1949/2604…
2026-03-02 17:56:47,972 modules.ml_screener [DEBUG] [ML Progress] Stage 2 56% —
 RILY 已檢查 1950/2604…
2026-03-02 17:56:47,972 modules.ml_screener [DEBUG] [ML Progress] Stage 2 56% —
 RITM 已檢查 1951/2604…
2026-03-02 17:56:47,972 modules.ml_screener [DEBUG] [ML Progress] Stage 2 56% —
 RIVN 已檢查 1952/2604…
2026-03-02 17:56:47,972 modules.ml_screener [DEBUG] [ML Progress] Stage 2 57% —
 RJF 已檢查 1953/2604…
2026-03-02 17:56:47,972 modules.ml_screener [DEBUG] [ML Progress] Stage 2 57% —
 RKLB 已檢查 1954/2604…
2026-03-02 17:56:47,972 modules.ml_screener [DEBUG] [ML Progress] Stage 2 57% —
 RKT 已檢查 1955/2604…
2026-03-02 17:56:47,973 modules.ml_screener [DEBUG] [ML Progress] Stage 2 57% —
 RL 已檢查 1956/2604…
2026-03-02 17:56:47,973 modules.ml_screener [DEBUG] [ML Progress] Stage 2 57% —
 RLI 已檢查 1957/2604…
2026-03-02 17:56:47,973 modules.ml_screener [INFO] [ML S2 PASS] RLAY ADR=7.6% $
Vol=$21.5M
2026-03-02 17:56:47,973 modules.ml_screener [DEBUG] [ML Progress] Stage 2 57% —
 RLAY 已檢查 1958/2604…
2026-03-02 17:56:47,973 modules.ml_screener [DEBUG] [ML Progress] Stage 2 57% —
 RIOT 已檢查 1959/2604…
2026-03-02 17:56:47,973 modules.ml_screener [DEBUG] [ML Progress] Stage 2 57% —
 RLJ 已檢查 1960/2604…
2026-03-02 17:56:47,973 modules.ml_screener [DEBUG] [ML Progress] Stage 2 57% —
 RNAM 已檢查 1961/2604…
2026-03-02 17:56:47,973 modules.ml_screener [DEBUG] [ML Progress] Stage 2 57% —
 RMD 已檢查 1962/2604…
2026-03-02 17:56:47,973 modules.ml_screener [DEBUG] [ML Progress] Stage 2 57% —
 RMBS 已檢查 1963/2604…
2026-03-02 17:56:47,973 modules.ml_screener [DEBUG] [ML Progress] Stage 2 57% —
 RNR 已檢查 1964/2604…
2026-03-02 17:56:47,973 modules.ml_screener [DEBUG] [ML Progress] Stage 2 57% —
 RNW 已檢查 1965/2604…
2026-03-02 17:56:47,973 modules.ml_screener [DEBUG] [ML Progress] Stage 2 57% —
 RNST 已檢查 1966/2604…
2026-03-02 17:56:47,973 modules.ml_screener [DEBUG] [ML Progress] Stage 2 57% —
 ROK 已檢查 1967/2604…
2026-03-02 17:56:47,973 modules.ml_screener [DEBUG] [ML Progress] Stage 2 57% —
 ROIV 已檢查 1968/2604…
2026-03-02 17:56:47,973 modules.ml_screener [DEBUG] [ML Progress] Stage 2 57% —
 ROKU 已檢查 1969/2604…
2026-03-02 17:56:47,974 modules.ml_screener [DEBUG] [ML Progress] Stage 2 57% —
 ROL 已檢查 1970/2604…
2026-03-02 17:56:47,974 modules.ml_screener [INFO] [ML S2 PASS] RNG ADR=7.8% $V
ol=$134.4M
2026-03-02 17:56:47,975 modules.ml_screener [DEBUG] [ML Progress] Stage 2 57% —
 RNG 已檢查 1971/2604…
2026-03-02 17:56:47,975 modules.ml_screener [DEBUG] [ML Progress] Stage 2 57% —
 ROP 已檢查 1972/2604…
2026-03-02 17:56:47,975 modules.ml_screener [DEBUG] [ML Progress] Stage 2 57% —
 ROOT 已檢查 1973/2604…
2026-03-02 17:56:47,975 modules.ml_screener [DEBUG] [ML Progress] Stage 2 57% —
 RPD 已檢查 1974/2604…
2026-03-02 17:56:47,975 modules.ml_screener [DEBUG] [ML Progress] Stage 2 57% —
 ROST 已檢查 1975/2604…
2026-03-02 17:56:47,975 modules.ml_screener [DEBUG] [ML Progress] Stage 2 57% —
 RPC 已檢查 1976/2604…
2026-03-02 17:56:47,975 modules.ml_screener [DEBUG] [ML Progress] Stage 2 57% —
 RPRX 已檢查 1977/2604…
2026-03-02 17:56:47,975 modules.ml_screener [DEBUG] [ML Progress] Stage 2 57% —
 RQI 已檢查 1978/2604…
2026-03-02 17:56:47,975 modules.ml_screener [DEBUG] [ML Progress] Stage 2 57% —
 RRC 已檢查 1979/2604…
2026-03-02 17:56:47,975 modules.ml_screener [DEBUG] [ML Progress] Stage 2 57% —
 RRR 已檢查 1980/2604…
2026-03-02 17:56:47,975 modules.ml_screener [DEBUG] [ML Progress] Stage 2 57% —
 RPM 已檢查 1981/2604…
2026-03-02 17:56:47,976 modules.ml_screener [INFO] [ML S2 PASS] RRX ADR=4.1% $V
ol=$291.9M
2026-03-02 17:56:47,976 modules.ml_screener [DEBUG] [ML Progress] Stage 2 57% —
 RRX 已檢查 1982/2604…
2026-03-02 17:56:47,976 modules.ml_screener [DEBUG] [ML Progress] Stage 2 57% —
 RRGB 已檢查 1983/2604…
2026-03-02 17:56:47,976 modules.ml_screener [DEBUG] [ML Progress] Stage 2 57% —
 RS 已檢查 1984/2604…
2026-03-02 17:56:47,976 modules.ml_screener [DEBUG] [ML Progress] Stage 2 57% —
 RSG 已檢查 1985/2604…
2026-03-02 17:56:47,976 modules.ml_screener [DEBUG] [ML Progress] Stage 2 57% —
 ROAD 已檢查 1986/2604…
2026-03-02 17:56:47,976 modules.ml_screener [DEBUG] [ML Progress] Stage 2 57% —
 RTO 已檢查 1987/2604…
2026-03-02 17:56:47,976 modules.ml_screener [DEBUG] [ML Progress] Stage 2 57% —
 RTX 已檢查 1988/2604…
2026-03-02 17:56:47,976 modules.ml_screener [DEBUG] [ML Progress] Stage 2 57% —
 RUM 已檢查 1989/2604…
2026-03-02 17:56:47,976 modules.ml_screener [DEBUG] [ML Progress] Stage 2 57% —
 RUSHA 已檢查 1990/2604…
2026-03-02 17:56:47,976 modules.ml_screener [DEBUG] [ML Progress] Stage 2 57% —
 RSI 已檢查 1991/2604…
2026-03-02 17:56:47,976 modules.ml_screener [DEBUG] [ML Progress] Stage 2 57% —
 RUN 已檢查 1992/2604…
2026-03-02 17:56:47,976 modules.ml_screener [INFO] [ML S2 PASS] RXO ADR=10.2% $
Vol=$50.6M
2026-03-02 17:56:47,976 modules.ml_screener [DEBUG] [ML Progress] Stage 2 57% —
 RXO 已檢查 1993/2604…
2026-03-02 17:56:47,976 modules.ml_screener [DEBUG] [ML Progress] Stage 2 57% —
 RVMD 已檢查 1994/2604…
2026-03-02 17:56:47,976 modules.ml_screener [DEBUG] [ML Progress] Stage 2 57% —
 RVLV 已檢查 1995/2604…
2026-03-02 17:56:47,976 modules.ml_screener [DEBUG] [ML Progress] Stage 2 57% —
 RWAY 已檢查 1996/2604…
2026-03-02 17:56:47,976 modules.ml_screener [DEBUG] [ML Progress] Stage 2 57% —
 RVTY 已檢查 1997/2604…
2026-03-02 17:56:47,976 modules.ml_screener [DEBUG] [ML Progress] Stage 2 57% —
 RXST 已檢查 1998/2604…
2026-03-02 17:56:47,976 modules.ml_screener [DEBUG] [ML Progress] Stage 2 57% —
 RY 已檢查 1999/2604…
2026-03-02 17:56:47,976 modules.ml_screener [DEBUG] [ML Progress] Stage 2 57% —
 RYAAY 已檢查 2000/2604…
2026-03-02 17:56:47,976 modules.ml_screener [INFO] [ML S2 PASS] RYAM ADR=7.0% $
Vol=$9.9M
2026-03-02 17:56:47,976 modules.ml_screener [DEBUG] [ML Progress] Stage 2 57% —
 RYAM 已檢查 2001/2604…
2026-03-02 17:56:47,976 modules.ml_screener [DEBUG] [ML Progress] Stage 2 57% —
 RYTM 已檢查 2002/2604…
2026-03-02 17:56:47,976 modules.ml_screener [DEBUG] [ML Progress] Stage 2 57% —
 RYAN 已檢查 2003/2604…
2026-03-02 17:56:47,976 modules.ml_screener [INFO] [ML S2 PASS] SA ADR=5.7% $Vo
l=$34.1M
2026-03-02 17:56:47,976 modules.ml_screener [DEBUG] [ML Progress] Stage 2 57% —
 SA 已檢查 2004/2604…
2026-03-02 17:56:47,978 modules.ml_screener [DEBUG] [ML Progress] Stage 2 57% —
 RYZ 已檢查 2005/2604…
2026-03-02 17:56:47,978 modules.ml_screener [DEBUG] [ML Progress] Stage 2 57% —
 RYN 已檢查 2006/2604…
2026-03-02 17:56:47,978 modules.ml_screener [INFO] [ML S2 PASS] SAIA ADR=4.9% $
Vol=$246.2M
2026-03-02 17:56:47,978 modules.ml_screener [DEBUG] [ML Progress] Stage 2 57% —
 SAIA 已檢查 2007/2604…
2026-03-02 17:56:47,978 modules.ml_screener [DEBUG] [ML Progress] Stage 2 57% —
 RWT 已檢查 2008/2604…
2026-03-02 17:56:47,978 modules.ml_screener [DEBUG] [ML Progress] Stage 2 57% —
 SAFE 已檢查 2009/2604…
2026-03-02 17:56:47,978 modules.ml_screener [DEBUG] [ML Progress] Stage 2 57% —
 SAIL 已檢查 2010/2604…
2026-03-02 17:56:47,978 modules.ml_screener [DEBUG] [ML Progress] Stage 2 57% —
 SAH 已檢查 2011/2604…
2026-03-02 17:56:47,978 modules.ml_screener [DEBUG] [ML Progress] Stage 2 57% —
 S 已檢查 2012/2604…
2026-03-02 17:56:47,978 modules.ml_screener [DEBUG] [ML Progress] Stage 2 57% —
 SAIC 已檢查 2013/2604…
2026-03-02 17:56:47,978 modules.ml_screener [INFO] [ML S2 PASS] SATS ADR=5.0% $
Vol=$476.4M
2026-03-02 17:56:47,978 modules.ml_screener [DEBUG] [ML Progress] Stage 2 57% —
 SATS 已檢查 2014/2604…
2026-03-02 17:56:47,979 modules.ml_screener [DEBUG] [ML Progress] Stage 2 57% —
 SAN 已檢查 2015/2604…
2026-03-02 17:56:47,979 modules.ml_screener [DEBUG] [ML Progress] Stage 2 57% —
 SAP 已檢查 2016/2604…
2026-03-02 17:56:47,979 modules.ml_screener [DEBUG] [ML Progress] Stage 2 57% —
 SB 已檢查 2017/2604…
2026-03-02 17:56:47,979 modules.ml_screener [DEBUG] [ML Progress] Stage 2 57% —
 SBCF 已檢查 2018/2604…
2026-03-02 17:56:47,979 modules.ml_screener [DEBUG] [ML Progress] Stage 2 57% —
 SARO 已檢查 2019/2604…
2026-03-02 17:56:47,979 modules.ml_screener [DEBUG] [ML Progress] Stage 2 57% —
 SBAC 已檢查 2020/2604…
2026-03-02 17:56:47,979 modules.ml_screener [DEBUG] [ML Progress] Stage 2 57% —
 SBET 已檢查 2021/2604…
2026-03-02 17:56:47,979 modules.ml_screener [DEBUG] [ML Progress] Stage 2 57% —
 SANM 已檢查 2022/2604…
2026-03-02 17:56:47,979 modules.ml_screener [DEBUG] [ML Progress] Stage 2 57% —
 SBRA 已檢查 2023/2604…
2026-03-02 17:56:47,979 modules.ml_screener [DEBUG] [ML Progress] Stage 2 57% —
 SBS 已檢查 2024/2604…
2026-03-02 17:56:47,979 modules.ml_screener [INFO] [ML S2 PASS] SBSW ADR=4.6% $
Vol=$124.4M
2026-03-02 17:56:47,979 modules.ml_screener [DEBUG] [ML Progress] Stage 2 57% —
 SBSW 已檢查 2025/2604…
2026-03-02 17:56:47,979 modules.ml_screener [DEBUG] [ML Progress] Stage 2 57% —
 SBLK 已檢查 2026/2604…
2026-03-02 17:56:47,979 modules.ml_screener [DEBUG] [ML Progress] Stage 2 57% —
 SBUX 已檢查 2027/2604…
2026-03-02 17:56:47,979 modules.ml_screener [INFO] [ML S2 PASS] SCCO ADR=4.8% $
Vol=$435.5M
2026-03-02 17:56:47,979 modules.ml_screener [DEBUG] [ML Progress] Stage 2 57% —
 SCCO 已檢查 2028/2604…
2026-03-02 17:56:47,979 modules.ml_screener [DEBUG] [ML Progress] Stage 2 57% —
 SBGI 已檢查 2029/2604…
2026-03-02 17:56:47,979 modules.ml_screener [DEBUG] [ML Progress] Stage 2 57% —
 SBH 已檢查 2030/2604…
2026-03-02 17:56:47,979 modules.ml_screener [INFO] [ML S2 PASS] SCZM ADR=7.4% $
Vol=$6.1M
2026-03-02 17:56:47,979 modules.ml_screener [DEBUG] [ML Progress] Stage 2 57% —
 SCZM 已檢查 2031/2604…
2026-03-02 17:56:47,979 modules.ml_screener [DEBUG] [ML Progress] Stage 2 57% —
 SCI 已檢查 2032/2604…
2026-03-02 17:56:47,979 modules.ml_screener [DEBUG] [ML Progress] Stage 2 57% —
 SCHW 已檢查 2033/2604…
2026-03-02 17:56:47,979 modules.ml_screener [DEBUG] [ML Progress] Stage 2 57% —
 SDGR 已檢查 2034/2604…
2026-03-02 17:56:47,979 modules.ml_screener [DEBUG] [ML Progress] Stage 2 57% —
 SCHL 已檢查 2035/2604…
2026-03-02 17:56:47,979 modules.ml_screener [INFO] [ML S2 PASS] SDRL ADR=4.5% $
Vol=$49.7M
2026-03-02 17:56:47,979 modules.ml_screener [DEBUG] [ML Progress] Stage 2 57% —
 SDRL 已檢查 2036/2604…
2026-03-02 17:56:47,979 modules.ml_screener [DEBUG] [ML Progress] Stage 2 57% —
 SE 已檢查 2037/2604…
2026-03-02 17:56:47,983 modules.ml_screener [DEBUG] [ML Progress] Stage 2 57% —
 SEI 已檢查 2038/2604…
2026-03-02 17:56:47,983 modules.ml_screener [DEBUG] [ML Progress] Stage 2 57% —
 SCVL 已檢查 2039/2604…
2026-03-02 17:56:47,983 modules.ml_screener [DEBUG] [ML Progress] Stage 2 57% —
 SEE 已檢查 2040/2604…
2026-03-02 17:56:47,983 modules.ml_screener [DEBUG] [ML Progress] Stage 2 57% —
 SEIC 已檢查 2041/2604…
2026-03-02 17:56:47,983 modules.ml_screener [DEBUG] [ML Progress] Stage 2 57% —
 SENS 已檢查 2042/2604…
2026-03-02 17:56:47,983 modules.ml_screener [DEBUG] [ML Progress] Stage 2 57% —
 SEMR 已檢查 2043/2604…
2026-03-02 17:56:47,983 modules.ml_screener [DEBUG] [ML Progress] Stage 2 57% —
 SEM 已檢查 2044/2604…
2026-03-02 17:56:47,983 modules.ml_screener [INFO] [ML S2 PASS] SEPN ADR=7.8% $
Vol=$8.8M
2026-03-02 17:56:47,983 modules.ml_screener [DEBUG] [ML Progress] Stage 2 57% —
 SEPN 已檢查 2045/2604…
2026-03-02 17:56:47,983 modules.ml_screener [DEBUG] [ML Progress] Stage 2 57% —
 SEDG 已檢查 2046/2604…
2026-03-02 17:56:47,983 modules.ml_screener [DEBUG] [ML Progress] Stage 2 57% —
 SERV 已檢查 2047/2604…
2026-03-02 17:56:47,983 modules.ml_screener [DEBUG] [ML Progress] Stage 2 57% —
 SF 已檢查 2048/2604…
2026-03-02 17:56:47,983 modules.ml_screener [DEBUG] [ML Progress] Stage 2 57% —
 SFBS 已檢查 2049/2604…
2026-03-02 17:56:47,983 modules.ml_screener [DEBUG] [ML Progress] Stage 2 57% —
 SFD 已檢查 2050/2604…
2026-03-02 17:56:47,983 modules.ml_screener [DEBUG] [ML Progress] Stage 2 57% —
 SFL 已檢查 2051/2604…
2026-03-02 17:56:47,983 modules.ml_screener [DEBUG] [ML Progress] Stage 2 57% —
 SFM 已檢查 2052/2604…
2026-03-02 17:56:47,983 modules.ml_screener [DEBUG] [ML Progress] Stage 2 57% —
 SEZL 已檢查 2053/2604…
2026-03-02 17:56:47,983 modules.ml_screener [DEBUG] [ML Progress] Stage 2 57% —
 SFNC 已檢查 2054/2604…
2026-03-02 17:56:47,983 modules.ml_screener [DEBUG] [ML Progress] Stage 2 57% —
 SG 已檢查 2055/2604…
2026-03-02 17:56:47,983 modules.ml_screener [INFO] [ML S2 PASS] SGML ADR=9.1% $
Vol=$56.5M
2026-03-02 17:56:47,984 modules.ml_screener [DEBUG] [ML Progress] Stage 2 57% —
 SGML 已檢查 2056/2604…
2026-03-02 17:56:47,984 modules.ml_screener [DEBUG] [ML Progress] Stage 2 57% —
 SGMT 已檢查 2057/2604…
2026-03-02 17:56:47,984 modules.ml_screener [DEBUG] [ML Progress] Stage 2 57% —
 SGI 已檢查 2058/2604…
2026-03-02 17:56:47,984 modules.ml_screener [DEBUG] [ML Progress] Stage 2 57% —
 SGRY 已檢查 2059/2604…
2026-03-02 17:56:47,984 modules.ml_screener [DEBUG] [ML Progress] Stage 2 57% —
 SHC 已檢查 2060/2604…
2026-03-02 17:56:47,984 modules.ml_screener [DEBUG] [ML Progress] Stage 2 57% —
 SHEL 已檢查 2061/2604…
2026-03-02 17:56:47,984 modules.ml_screener [DEBUG] [ML Progress] Stage 2 57% —
 SGHC 已檢查 2062/2604…
2026-03-02 17:56:47,984 modules.ml_screener [DEBUG] [ML Progress] Stage 2 57% —
 SHIP 已檢查 2063/2604…
2026-03-02 17:56:47,984 modules.ml_screener [DEBUG] [ML Progress] Stage 2 57% —
 SHLS 已檢查 2064/2604…
2026-03-02 17:56:47,984 modules.ml_screener [DEBUG] [ML Progress] Stage 2 57% —
 SHAK 已檢查 2065/2604…
2026-03-02 17:56:47,984 modules.ml_screener [DEBUG] [ML Progress] Stage 2 57% —
 SHMD 已檢查 2066/2604…
2026-03-02 17:56:47,984 modules.ml_screener [DEBUG] [ML Progress] Stage 2 57% —
 SHOO 已檢查 2067/2604…
2026-03-02 17:56:47,984 modules.ml_screener [DEBUG] [ML Progress] Stage 2 57% —
 SHO 已檢查 2068/2604…
2026-03-02 17:56:47,984 modules.ml_screener [DEBUG] [ML Progress] Stage 2 57% —
 SHOP 已檢查 2069/2604…
2026-03-02 17:56:47,984 modules.ml_screener [DEBUG] [ML Progress] Stage 2 57% —
 SIBN 已檢查 2070/2604…
2026-03-02 17:56:47,984 modules.ml_screener [DEBUG] [ML Progress] Stage 2 57% —
 SIGA 已檢查 2071/2604…
2026-03-02 17:56:47,984 modules.ml_screener [DEBUG] [ML Progress] Stage 2 57% —
 SHW 已檢查 2072/2604…
2026-03-02 17:56:47,984 modules.ml_screener [DEBUG] [ML Progress] Stage 2 57% —
 SILA 已檢查 2073/2604…
2026-03-02 17:56:47,984 modules.ml_screener [DEBUG] [ML Progress] Stage 2 57% —
 SIGI 已檢查 2074/2604…
2026-03-02 17:56:47,985 modules.ml_screener [INFO] [ML S2 PASS] SIMO ADR=6.1% $
Vol=$99.8M
2026-03-02 17:56:47,985 modules.ml_screener [DEBUG] [ML Progress] Stage 2 57% —
 SIMO 已檢查 2075/2604…
2026-03-02 17:56:47,985 modules.ml_screener [INFO] [ML S2 PASS] SITM ADR=5.7% $
Vol=$164.6M
2026-03-02 17:56:47,985 modules.ml_screener [DEBUG] [ML Progress] Stage 2 57% —
 SITM 已檢查 2076/2604…
2026-03-02 17:56:47,985 modules.ml_screener [DEBUG] [ML Progress] Stage 2 57% —
 SIRI 已檢查 2077/2604…
2026-03-02 17:56:47,985 modules.ml_screener [DEBUG] [ML Progress] Stage 2 57% —
 SITC 已檢查 2078/2604…
2026-03-02 17:56:47,985 modules.ml_screener [DEBUG] [ML Progress] Stage 2 57% —
 SITE 已檢查 2079/2604…
2026-03-02 17:56:47,985 modules.ml_screener [DEBUG] [ML Progress] Stage 2 57% —
 SJM 已檢查 2080/2604…
2026-03-02 17:56:47,985 modules.ml_screener [DEBUG] [ML Progress] Stage 2 57% —
 SKT 已檢查 2081/2604…
2026-03-02 17:56:47,985 modules.ml_screener [DEBUG] [ML Progress] Stage 2 57% —
 SKM 已檢查 2082/2604…
2026-03-02 17:56:47,985 modules.ml_screener [DEBUG] [ML Progress] Stage 2 57% —
 SIG 已檢查 2083/2604…
2026-03-02 17:56:47,985 modules.ml_screener [INFO] [ML S2 PASS] SKE ADR=5.1% $V
ol=$33.5M
2026-03-02 17:56:47,985 modules.ml_screener [DEBUG] [ML Progress] Stage 2 57% —
 SKE 已檢查 2084/2604…
2026-03-02 17:56:47,985 modules.ml_screener [DEBUG] [ML Progress] Stage 2 57% —
 SLB 已檢查 2085/2604…
2026-03-02 17:56:47,985 modules.ml_screener [DEBUG] [ML Progress] Stage 2 57% —
 SKY 已檢查 2086/2604…
2026-03-02 17:56:47,985 modules.ml_screener [DEBUG] [ML Progress] Stage 2 57% —
 SKYW 已檢查 2087/2604…
2026-03-02 17:56:47,985 modules.ml_screener [INFO] [ML S2 PASS] SKYT ADR=4.2% $
Vol=$46.7M
2026-03-02 17:56:47,985 modules.ml_screener [DEBUG] [ML Progress] Stage 2 57% —
 SKYT 已檢查 2088/2604…
2026-03-02 17:56:47,985 modules.ml_screener [DEBUG] [ML Progress] Stage 2 57% —
 SLAB 已檢查 2089/2604…
2026-03-02 17:56:47,985 modules.ml_screener [INFO] [ML S2 PASS] SLDB ADR=9.7% $
Vol=$7.8M
2026-03-02 17:56:47,985 modules.ml_screener [DEBUG] [ML Progress] Stage 2 57% —
 SLDB 已檢查 2090/2604…
2026-03-02 17:56:47,985 modules.ml_screener [DEBUG] [ML Progress] Stage 2 57% —
 SLGN 已檢查 2091/2604…
2026-03-02 17:56:47,985 modules.ml_screener [DEBUG] [ML Progress] Stage 2 57% —
 SLF 已檢查 2092/2604…
2026-03-02 17:56:47,986 modules.ml_screener [DEBUG] [ML Progress] Stage 2 57% —
 SLG 已檢查 2093/2604…
2026-03-02 17:56:47,986 modules.ml_screener [DEBUG] [ML Progress] Stage 2 57% —
 SLM 已檢查 2094/2604…
2026-03-02 17:56:47,986 modules.ml_screener [DEBUG] [ML Progress] Stage 2 57% —
 SLNO 已檢查 2095/2604…
2026-03-02 17:56:47,986 modules.ml_screener [DEBUG] [ML Progress] Stage 2 57% —
 SKWD 已檢查 2096/2604…
2026-03-02 17:56:47,986 modules.ml_screener [DEBUG] [ML Progress] Stage 2 57% —
 SLVM 已檢查 2097/2604…
2026-03-02 17:56:47,986 modules.ml_screener [DEBUG] [ML Progress] Stage 2 57% —
 SMCI 已檢查 2098/2604…
2026-03-02 17:56:47,986 modules.ml_screener [DEBUG] [ML Progress] Stage 2 57% —
 SLRC 已檢查 2099/2604…
2026-03-02 17:56:47,986 modules.ml_screener [DEBUG] [ML Progress] Stage 2 57% —
 SMA 已檢查 2100/2604…
2026-03-02 17:56:47,986 modules.ml_screener [DEBUG] [ML Progress] Stage 2 57% —
 SMFG 已檢查 2101/2604…
2026-03-02 17:56:47,986 modules.ml_screener [DEBUG] [ML Progress] Stage 2 57% —
 SMPL 已檢查 2102/2604…
2026-03-02 17:56:47,986 modules.ml_screener [DEBUG] [ML Progress] Stage 2 57% —
 SMG 已檢查 2103/2604…
2026-03-02 17:56:47,986 modules.ml_screener [DEBUG] [ML Progress] Stage 2 57% —
 SMR 已檢查 2104/2604…
2026-03-02 17:56:47,986 modules.ml_screener [DEBUG] [ML Progress] Stage 2 57% —
 SLDE 已檢查 2105/2604…
2026-03-02 17:56:47,986 modules.ml_screener [DEBUG] [ML Progress] Stage 2 57% —
 SM 已檢查 2106/2604…
2026-03-02 17:56:47,986 modules.ml_screener [INFO] [ML S2 PASS] SMTC ADR=5.0% $
Vol=$136.4M
2026-03-02 17:56:47,986 modules.ml_screener [DEBUG] [ML Progress] Stage 2 57% —
 SMTC 已檢查 2107/2604…
2026-03-02 17:56:47,986 modules.ml_screener [DEBUG] [ML Progress] Stage 2 57% —
 SNA 已檢查 2108/2604…
2026-03-02 17:56:47,988 modules.ml_screener [DEBUG] [ML Progress] Stage 2 57% —
 SNAP 已檢查 2109/2604…
2026-03-02 17:56:47,988 modules.ml_screener [INFO] [ML S2 PASS] SN ADR=5.2% $Vo
l=$211.2M
2026-03-02 17:56:47,988 modules.ml_screener [DEBUG] [ML Progress] Stage 2 57% —
 SN 已檢查 2110/2604…
2026-03-02 17:56:47,988 modules.ml_screener [DEBUG] [ML Progress] Stage 2 57% —
 SMMT 已檢查 2111/2604…
2026-03-02 17:56:47,988 modules.ml_screener [DEBUG] [ML Progress] Stage 2 57% —
 SNBR 已檢查 2112/2604…
2026-03-02 17:56:47,988 modules.ml_screener [DEBUG] [ML Progress] Stage 2 57% —
 SND 已檢查 2113/2604…
2026-03-02 17:56:47,988 modules.ml_screener [DEBUG] [ML Progress] Stage 2 57% —
 SNDR 已檢查 2114/2604…
2026-03-02 17:56:47,988 modules.ml_screener [INFO] [ML S2 PASS] SNDK ADR=8.0% $
Vol=$14476.6M
2026-03-02 17:56:47,988 modules.ml_screener [DEBUG] [ML Progress] Stage 2 57% —
 SNDK 已檢查 2115/2604…
2026-03-02 17:56:47,988 modules.ml_screener [DEBUG] [ML Progress] Stage 2 57% —
 SNEX 已檢查 2116/2604…
2026-03-02 17:56:47,988 modules.ml_screener [INFO] [ML S2 PASS] SNCY ADR=4.5% $
Vol=$23.8M
2026-03-02 17:56:47,988 modules.ml_screener [DEBUG] [ML Progress] Stage 2 57% —
 SNCY 已檢查 2117/2604…
2026-03-02 17:56:47,988 modules.ml_screener [DEBUG] [ML Progress] Stage 2 57% —
 SNOW 已檢查 2118/2604…
2026-03-02 17:56:47,988 modules.ml_screener [DEBUG] [ML Progress] Stage 2 57% —
 SNPS 已檢查 2119/2604…
2026-03-02 17:56:47,988 modules.ml_screener [DEBUG] [ML Progress] Stage 2 57% —
 SNN 已檢查 2120/2604…
2026-03-02 17:56:47,988 modules.ml_screener [DEBUG] [ML Progress] Stage 2 57% —
 SNX 已檢查 2121/2604…
2026-03-02 17:56:47,989 modules.ml_screener [DEBUG] [ML Progress] Stage 2 57% —
 SNY 已檢查 2122/2604…
2026-03-02 17:56:47,989 modules.ml_screener [DEBUG] [ML Progress] Stage 2 57% —
 SO 已檢查 2123/2604…
2026-03-02 17:56:47,989 modules.ml_screener [DEBUG] [ML Progress] Stage 2 57% —
 SOC 已檢查 2124/2604…
2026-03-02 17:56:47,989 modules.ml_screener [DEBUG] [ML Progress] Stage 2 57% —
 SOBO 已檢查 2125/2604…
2026-03-02 17:56:47,989 modules.ml_screener [DEBUG] [ML Progress] Stage 2 57% —
 SOFI 已檢查 2126/2604…
2026-03-02 17:56:47,989 modules.ml_screener [DEBUG] [ML Progress] Stage 2 57% —
 SOLS 已檢查 2127/2604…
2026-03-02 17:56:47,989 modules.ml_screener [DEBUG] [ML Progress] Stage 2 57% —
 SOLV 已檢查 2128/2604…
2026-03-02 17:56:47,989 modules.ml_screener [DEBUG] [ML Progress] Stage 2 57% —
 SOMN 已檢查 2129/2604…
2026-03-02 17:56:47,989 modules.ml_screener [DEBUG] [ML Progress] Stage 2 57% —
 SON 已檢查 2130/2604…
2026-03-02 17:56:47,989 modules.ml_screener [DEBUG] [ML Progress] Stage 2 57% —
 SONY 已檢查 2131/2604…
2026-03-02 17:56:47,989 modules.ml_screener [DEBUG] [ML Progress] Stage 2 57% —
 SNDX 已檢查 2132/2604…
2026-03-02 17:56:47,989 modules.ml_screener [DEBUG] [ML Progress] Stage 2 57% —
 SONO 已檢查 2133/2604…
2026-03-02 17:56:47,989 modules.ml_screener [DEBUG] [ML Progress] Stage 2 57% —
 SOUN 已檢查 2134/2604…
2026-03-02 17:56:47,989 modules.ml_screener [DEBUG] [ML Progress] Stage 2 57% —
 SPB 已檢查 2135/2604…
2026-03-02 17:56:47,989 modules.ml_screener [DEBUG] [ML Progress] Stage 2 57% —
 SPG 已檢查 2136/2604…
2026-03-02 17:56:47,989 modules.ml_screener [DEBUG] [ML Progress] Stage 2 57% —
 SPAI 已檢查 2137/2604…
2026-03-02 17:56:47,989 modules.ml_screener [DEBUG] [ML Progress] Stage 2 57% —
 SPGI 已檢查 2138/2604…
2026-03-02 17:56:47,989 modules.ml_screener [INFO] [ML S2 PASS] SPHR ADR=4.4% $
Vol=$82.6M
2026-03-02 17:56:47,989 modules.ml_screener [DEBUG] [ML Progress] Stage 2 57% —
 SPHR 已檢查 2139/2604…
2026-03-02 17:56:47,989 modules.ml_screener [DEBUG] [ML Progress] Stage 2 57% —
 SPNT 已檢查 2140/2604…
2026-03-02 17:56:47,989 modules.ml_screener [DEBUG] [ML Progress] Stage 2 57% —
 SPIR 已檢查 2141/2604…
2026-03-02 17:56:47,989 modules.ml_screener [DEBUG] [ML Progress] Stage 2 57% —
 SPOK 已檢查 2142/2604…
2026-03-02 17:56:47,989 modules.ml_screener [DEBUG] [ML Progress] Stage 2 57% —
 SPRY 已檢查 2143/2604…
2026-03-02 17:56:47,990 modules.ml_screener [DEBUG] [ML Progress] Stage 2 57% —
 SPT 已檢查 2144/2604…
2026-03-02 17:56:47,990 modules.ml_screener [DEBUG] [ML Progress] Stage 2 57% —
 SQM 已檢查 2145/2604…
2026-03-02 17:56:47,990 modules.ml_screener [DEBUG] [ML Progress] Stage 2 57% —
 SPSC 已檢查 2146/2604…
2026-03-02 17:56:47,990 modules.ml_screener [DEBUG] [ML Progress] Stage 2 57% —
 SRAD 已檢查 2147/2604…
2026-03-02 17:56:47,990 modules.ml_screener [DEBUG] [ML Progress] Stage 2 57% —
 SR 已檢查 2148/2604…
2026-03-02 17:56:47,990 modules.ml_screener [DEBUG] [ML Progress] Stage 2 57% —
 SRE 已檢查 2149/2604…
2026-03-02 17:56:47,990 modules.ml_screener [DEBUG] [ML Progress] Stage 2 57% —
 SSB 已檢查 2150/2604…
2026-03-02 17:56:47,990 modules.ml_screener [DEBUG] [ML Progress] Stage 2 57% —
 SRRK 已檢查 2151/2604…
2026-03-02 17:56:47,990 modules.ml_screener [DEBUG] [ML Progress] Stage 2 57% —
 SRPT 已檢查 2152/2604…
2026-03-02 17:56:47,990 modules.ml_screener [DEBUG] [ML Progress] Stage 2 57% —
 SPOT 已檢查 2153/2604…
2026-03-02 17:56:47,990 modules.ml_screener [DEBUG] [ML Progress] Stage 2 57% —
 SPXC 已檢查 2154/2604…
2026-03-02 17:56:47,990 modules.ml_screener [DEBUG] [ML Progress] Stage 2 57% —
 SSL 已檢查 2155/2604…
2026-03-02 17:56:47,990 modules.ml_screener [DEBUG] [ML Progress] Stage 2 57% —
 SSNC 已檢查 2156/2604…
2026-03-02 17:56:47,990 modules.ml_screener [DEBUG] [ML Progress] Stage 2 57% —
 SSTK 已檢查 2157/2604…
2026-03-02 17:56:47,990 modules.ml_screener [INFO] [ML S2 PASS] SSRM ADR=6.7% $
Vol=$120.8M
2026-03-02 17:56:47,991 modules.ml_screener [DEBUG] [ML Progress] Stage 2 57% —
 SSRM 已檢查 2158/2604…
2026-03-02 17:56:47,991 modules.ml_screener [DEBUG] [ML Progress] Stage 2 57% —
 SSYS 已檢查 2159/2604…
2026-03-02 17:56:47,991 modules.ml_screener [DEBUG] [ML Progress] Stage 2 57% —
 ST 已檢查 2160/2604…
2026-03-02 17:56:47,991 modules.ml_screener [DEBUG] [ML Progress] Stage 2 57% —
 STAA 已檢查 2161/2604…
2026-03-02 17:56:47,991 modules.ml_screener [DEBUG] [ML Progress] Stage 2 57% —
 STBA 已檢查 2162/2604…
2026-03-02 17:56:47,991 modules.ml_screener [DEBUG] [ML Progress] Stage 2 57% —
 STE 已檢查 2163/2604…
2026-03-02 17:56:47,991 modules.ml_screener [DEBUG] [ML Progress] Stage 2 57% —
 STEL 已檢查 2164/2604…
2026-03-02 17:56:47,991 modules.ml_screener [DEBUG] [ML Progress] Stage 2 57% —
 STEP 已檢查 2165/2604…
2026-03-02 17:56:47,991 modules.ml_screener [DEBUG] [ML Progress] Stage 2 57% —
 STKL 已檢查 2166/2604…
2026-03-02 17:56:47,991 modules.ml_screener [DEBUG] [ML Progress] Stage 2 57% —
 STLD 已檢查 2167/2604…
2026-03-02 17:56:47,991 modules.ml_screener [DEBUG] [ML Progress] Stage 2 57% —
 STM 已檢查 2168/2604…
2026-03-02 17:56:47,991 modules.ml_screener [DEBUG] [ML Progress] Stage 2 57% —
 STLA 已檢查 2169/2604…
2026-03-02 17:56:47,991 modules.ml_screener [DEBUG] [ML Progress] Stage 2 58% —
 STN 已檢查 2170/2604…
2026-03-02 17:56:47,991 modules.ml_screener [DEBUG] [ML Progress] Stage 2 58% —
 STNG 已檢查 2171/2604…
2026-03-02 17:56:47,991 modules.ml_screener [INFO] [ML S2 PASS] STOK ADR=6.3% $
Vol=$21.7M
2026-03-02 17:56:47,991 modules.ml_screener [DEBUG] [ML Progress] Stage 2 58% —
 STOK 已檢查 2172/2604…
2026-03-02 17:56:47,991 modules.ml_screener [DEBUG] [ML Progress] Stage 2 58% —
 STRA 已檢查 2173/2604…
2026-03-02 17:56:47,991 modules.ml_screener [DEBUG] [ML Progress] Stage 2 58% —
 STRC 已檢查 2174/2604…
2026-03-02 17:56:47,991 modules.ml_screener [DEBUG] [ML Progress] Stage 2 58% —
 STT 已檢查 2175/2604…
2026-03-02 17:56:47,991 modules.ml_screener [DEBUG] [ML Progress] Stage 2 58% —
 STVN 已檢查 2176/2604…
2026-03-02 17:56:47,991 modules.ml_screener [DEBUG] [ML Progress] Stage 2 58% —
 STNE 已檢查 2177/2604…
2026-03-02 17:56:47,991 modules.ml_screener [DEBUG] [ML Progress] Stage 2 58% —
 STWD 已檢查 2178/2604…
2026-03-02 17:56:47,991 modules.ml_screener [DEBUG] [ML Progress] Stage 2 58% —
 STUB 已檢查 2179/2604…
2026-03-02 17:56:47,991 modules.ml_screener [INFO] [ML S2 PASS] STX ADR=5.6% $V
ol=$1758.0M
2026-03-02 17:56:47,992 modules.ml_screener [DEBUG] [ML Progress] Stage 2 58% —
 STX 已檢查 2180/2604…
2026-03-02 17:56:47,992 modules.ml_screener [DEBUG] [ML Progress] Stage 2 58% —
 SU 已檢查 2181/2604…
2026-03-02 17:56:47,992 modules.ml_screener [DEBUG] [ML Progress] Stage 2 58% —
 STZ 已檢查 2182/2604…
2026-03-02 17:56:47,992 modules.ml_screener [DEBUG] [ML Progress] Stage 2 58% —
 SUN 已檢查 2183/2604…
2026-03-02 17:56:47,992 modules.ml_screener [DEBUG] [ML Progress] Stage 2 58% —
 SUI 已檢查 2184/2604…
2026-03-02 17:56:47,992 modules.ml_screener [DEBUG] [ML Progress] Stage 2 58% —
 SUNC 已檢查 2185/2604…
2026-03-02 17:56:47,992 modules.ml_screener [DEBUG] [ML Progress] Stage 2 58% —
 SUZ 已檢查 2186/2604…
2026-03-02 17:56:47,992 modules.ml_screener [DEBUG] [ML Progress] Stage 2 58% —
 STRL 已檢查 2187/2604…
2026-03-02 17:56:47,992 modules.ml_screener [DEBUG] [ML Progress] Stage 2 58% —
 SUPV 已檢查 2188/2604…
2026-03-02 17:56:47,992 modules.ml_screener [DEBUG] [ML Progress] Stage 2 58% —
 SVV 已檢查 2189/2604…
2026-03-02 17:56:47,992 modules.ml_screener [DEBUG] [ML Progress] Stage 2 58% —
 SWK 已檢查 2190/2604…
2026-03-02 17:56:47,992 modules.ml_screener [DEBUG] [ML Progress] Stage 2 58% —
 SUPN 已檢查 2191/2604…
2026-03-02 17:56:47,993 modules.ml_screener [INFO] [ML S2 PASS] SVM ADR=6.5% $V
ol=$78.9M
2026-03-02 17:56:47,993 modules.ml_screener [DEBUG] [ML Progress] Stage 2 58% —
 SVM 已檢查 2192/2604…
2026-03-02 17:56:47,993 modules.ml_screener [INFO] [ML S2 PASS] SVRA ADR=6.5% $
Vol=$9.1M
2026-03-02 17:56:47,993 modules.ml_screener [DEBUG] [ML Progress] Stage 2 58% —
 SVRA 已檢查 2193/2604…
2026-03-02 17:56:47,993 modules.ml_screener [DEBUG] [ML Progress] Stage 2 58% —
 SWKS 已檢查 2194/2604…
2026-03-02 17:56:47,993 modules.ml_screener [INFO] [ML S2 PASS] SW ADR=4.0% $Vo
l=$359.8M
2026-03-02 17:56:47,993 modules.ml_screener [DEBUG] [ML Progress] Stage 2 58% —
 SW 已檢查 2195/2604…
2026-03-02 17:56:47,993 modules.ml_screener [DEBUG] [ML Progress] Stage 2 58% —
 SXC 已檢查 2196/2604…
2026-03-02 17:56:47,993 modules.ml_screener [DEBUG] [ML Progress] Stage 2 58% —
 SWX 已檢查 2197/2604…
2026-03-02 17:56:47,993 modules.ml_screener [DEBUG] [ML Progress] Stage 2 58% —
 SWBI 已檢查 2198/2604…
2026-03-02 17:56:47,993 modules.ml_screener [DEBUG] [ML Progress] Stage 2 58% —
 SYF 已檢查 2199/2604…
2026-03-02 17:56:47,993 modules.ml_screener [DEBUG] [ML Progress] Stage 2 58% —
 SYK 已檢查 2200/2604…
2026-03-02 17:56:47,993 modules.ml_screener [DEBUG] [ML Progress] Stage 2 58% —
 SWIM 已檢查 2201/2604…
2026-03-02 17:56:47,993 modules.ml_screener [DEBUG] [ML Progress] Stage 2 58% —
 SYM 已檢查 2202/2604…
2026-03-02 17:56:47,993 modules.ml_screener [DEBUG] [ML Progress] Stage 2 58% —
 SYNA 已檢查 2203/2604…
2026-03-02 17:56:47,993 modules.ml_screener [DEBUG] [ML Progress] Stage 2 58% —
 TAC 已檢查 2204/2604…
2026-03-02 17:56:47,993 modules.ml_screener [INFO] [ML S2 PASS] SYRE ADR=6.1% $
Vol=$28.9M
2026-03-02 17:56:47,993 modules.ml_screener [DEBUG] [ML Progress] Stage 2 58% —
 SYRE 已檢查 2205/2604…
2026-03-02 17:56:47,993 modules.ml_screener [DEBUG] [ML Progress] Stage 2 58% —
 T 已檢查 2206/2604…
2026-03-02 17:56:47,993 modules.ml_screener [DEBUG] [ML Progress] Stage 2 58% —
 SYY 已檢查 2207/2604…
2026-03-02 17:56:47,993 modules.ml_screener [DEBUG] [ML Progress] Stage 2 58% —
 SXT 已檢查 2208/2604…
2026-03-02 17:56:47,993 modules.ml_screener [INFO] [ML S2 PASS] TARA ADR=8.5% $
Vol=$7.5M
2026-03-02 17:56:47,993 modules.ml_screener [DEBUG] [ML Progress] Stage 2 58% —
 TARA 已檢查 2209/2604…
2026-03-02 17:56:47,993 modules.ml_screener [DEBUG] [ML Progress] Stage 2 58% —
 TAL 已檢查 2210/2604…
2026-03-02 17:56:47,993 modules.ml_screener [DEBUG] [ML Progress] Stage 2 58% —
 TAK 已檢查 2211/2604…
2026-03-02 17:56:47,993 modules.ml_screener [DEBUG] [ML Progress] Stage 2 58% —
 TAP 已檢查 2212/2604…
2026-03-02 17:56:47,993 modules.ml_screener [DEBUG] [ML Progress] Stage 2 58% —
 TASK 已檢查 2213/2604…
2026-03-02 17:56:47,993 modules.ml_screener [DEBUG] [ML Progress] Stage 2 58% —
 TBBB 已檢查 2214/2604…
2026-03-02 17:56:47,994 modules.ml_screener [DEBUG] [ML Progress] Stage 2 58% —
 TALO 已檢查 2215/2604…
2026-03-02 17:56:47,994 modules.ml_screener [INFO] [ML S2 PASS] TCMD ADR=6.2% $
Vol=$13.2M
2026-03-02 17:56:47,994 modules.ml_screener [DEBUG] [ML Progress] Stage 2 58% —
 TCMD 已檢查 2216/2604…
2026-03-02 17:56:47,994 modules.ml_screener [DEBUG] [ML Progress] Stage 2 58% —
 TBBK 已檢查 2217/2604…
2026-03-02 17:56:47,994 modules.ml_screener [DEBUG] [ML Progress] Stage 2 58% —
 TBPH 已檢查 2218/2604…
2026-03-02 17:56:47,994 modules.ml_screener [DEBUG] [ML Progress] Stage 2 58% —
 TCBI 已檢查 2219/2604…
2026-03-02 17:56:47,994 modules.ml_screener [DEBUG] [ML Progress] Stage 2 58% —
 TARS 已檢查 2220/2604…
2026-03-02 17:56:47,994 modules.ml_screener [DEBUG] [ML Progress] Stage 2 58% —
 TD 已檢查 2221/2604…
2026-03-02 17:56:47,994 modules.ml_screener [DEBUG] [ML Progress] Stage 2 58% —
 TCOM 已檢查 2222/2604…
2026-03-02 17:56:47,994 modules.ml_screener [DEBUG] [ML Progress] Stage 2 58% —
 TDOC 已檢查 2223/2604…
2026-03-02 17:56:47,995 modules.ml_screener [DEBUG] [ML Progress] Stage 2 58% —
 TDG 已檢查 2224/2604…
2026-03-02 17:56:47,995 modules.ml_screener [DEBUG] [ML Progress] Stage 2 58% —
 TDS 已檢查 2225/2604…
2026-03-02 17:56:47,995 modules.ml_screener [INFO] [ML S2 PASS] TDAY ADR=5.3% $
Vol=$9.9M
2026-03-02 17:56:47,995 modules.ml_screener [DEBUG] [ML Progress] Stage 2 58% —
 TDAY 已檢查 2226/2604…
2026-03-02 17:56:47,995 modules.ml_screener [DEBUG] [ML Progress] Stage 2 58% —
 TDY 已檢查 2227/2604…
2026-03-02 17:56:47,995 modules.ml_screener [DEBUG] [ML Progress] Stage 2 58% —
 TDC 已檢查 2228/2604…
2026-03-02 17:56:47,995 modules.ml_screener [DEBUG] [ML Progress] Stage 2 58% —
 TE 已檢查 2229/2604…
2026-03-02 17:56:47,995 modules.ml_screener [DEBUG] [ML Progress] Stage 2 58% —
 TEAM 已檢查 2230/2604…
2026-03-02 17:56:47,995 modules.ml_screener [DEBUG] [ML Progress] Stage 2 58% —
 TECK 已檢查 2231/2604…
2026-03-02 17:56:47,995 modules.ml_screener [DEBUG] [ML Progress] Stage 2 58% —
 TEL 已檢查 2232/2604…
2026-03-02 17:56:47,995 modules.ml_screener [DEBUG] [ML Progress] Stage 2 58% —
 TECH 已檢查 2233/2604…
2026-03-02 17:56:47,995 modules.ml_screener [INFO] [ML S2 PASS] TDW ADR=4.4% $V
ol=$57.8M
2026-03-02 17:56:47,995 modules.ml_screener [DEBUG] [ML Progress] Stage 2 58% —
 TDW 已檢查 2234/2604…
2026-03-02 17:56:47,995 modules.ml_screener [DEBUG] [ML Progress] Stage 2 58% —
 TEM 已檢查 2235/2604…
2026-03-02 17:56:47,995 modules.ml_screener [DEBUG] [ML Progress] Stage 2 58% —
 TENB 已檢查 2236/2604…
2026-03-02 17:56:47,995 modules.ml_screener [DEBUG] [ML Progress] Stage 2 58% —
 TEN 已檢查 2237/2604…
2026-03-02 17:56:47,995 modules.ml_screener [DEBUG] [ML Progress] Stage 2 58% —
 TEVA 已檢查 2238/2604…
2026-03-02 17:56:47,995 modules.ml_screener [INFO] [ML S2 PASS] TER ADR=4.8% $V
ol=$1258.3M
2026-03-02 17:56:47,995 modules.ml_screener [DEBUG] [ML Progress] Stage 2 58% —
 TER 已檢查 2239/2604…
2026-03-02 17:56:47,995 modules.ml_screener [DEBUG] [ML Progress] Stage 2 58% —
 TFIN 已檢查 2240/2604…
2026-03-02 17:56:47,995 modules.ml_screener [DEBUG] [ML Progress] Stage 2 58% —
 TFC 已檢查 2241/2604…
2026-03-02 17:56:47,995 modules.ml_screener [INFO] [ML S2 PASS] TERN ADR=5.5% $
Vol=$79.1M
2026-03-02 17:56:47,995 modules.ml_screener [DEBUG] [ML Progress] Stage 2 58% —
 TERN 已檢查 2242/2604…
2026-03-02 17:56:47,995 modules.ml_screener [DEBUG] [ML Progress] Stage 2 58% —
 TFPM 已檢查 2243/2604…
2026-03-02 17:56:47,995 modules.ml_screener [INFO] [ML S2 PASS] TEX ADR=4.8% $V
ol=$199.7M
2026-03-02 17:56:47,995 modules.ml_screener [DEBUG] [ML Progress] Stage 2 58% —
 TEX 已檢查 2244/2604…
2026-03-02 17:56:47,995 modules.ml_screener [DEBUG] [ML Progress] Stage 2 58% —
 TFSL 已檢查 2245/2604…
2026-03-02 17:56:47,995 modules.ml_screener [INFO] [ML S2 PASS] TFII ADR=4.6% $
Vol=$56.9M
2026-03-02 17:56:47,995 modules.ml_screener [DEBUG] [ML Progress] Stage 2 58% —
 TFII 已檢查 2246/2604…
2026-03-02 17:56:47,995 modules.ml_screener [DEBUG] [ML Progress] Stage 2 58% —
 TGLS 已檢查 2247/2604…
2026-03-02 17:56:47,996 modules.ml_screener [DEBUG] [ML Progress] Stage 2 58% —
 TGNA 已檢查 2248/2604…
2026-03-02 17:56:47,996 modules.ml_screener [DEBUG] [ML Progress] Stage 2 58% —
 TGT 已檢查 2249/2604…
2026-03-02 17:56:47,997 modules.ml_screener [INFO] [ML S2 PASS] TGB ADR=6.3% $V
ol=$59.0M
2026-03-02 17:56:47,997 modules.ml_screener [DEBUG] [ML Progress] Stage 2 58% —
 TGB 已檢查 2250/2604…
2026-03-02 17:56:47,997 modules.ml_screener [DEBUG] [ML Progress] Stage 2 58% —
 TGTX 已檢查 2251/2604…
2026-03-02 17:56:47,997 modules.ml_screener [DEBUG] [ML Progress] Stage 2 58% —
 TH 已檢查 2252/2604…
2026-03-02 17:56:47,997 modules.ml_screener [DEBUG] [ML Progress] Stage 2 58% —
 THO 已檢查 2253/2604…
2026-03-02 17:56:47,997 modules.ml_screener [DEBUG] [ML Progress] Stage 2 58% —
 TIC 已檢查 2254/2604…
2026-03-02 17:56:47,997 modules.ml_screener [INFO] [ML S2 PASS] THR ADR=5.8% $V
ol=$40.4M
2026-03-02 17:56:47,997 modules.ml_screener [DEBUG] [ML Progress] Stage 2 58% —
 THR 已檢查 2255/2604…
2026-03-02 17:56:47,997 modules.ml_screener [DEBUG] [ML Progress] Stage 2 58% —
 THRM 已檢查 2256/2604…
2026-03-02 17:56:47,997 modules.ml_screener [DEBUG] [ML Progress] Stage 2 58% —
 TIGO 已檢查 2257/2604…
2026-03-02 17:56:47,997 modules.ml_screener [DEBUG] [ML Progress] Stage 2 58% —
 TIGR 已檢查 2258/2604…
2026-03-02 17:56:47,997 modules.ml_screener [DEBUG] [ML Progress] Stage 2 58% —
 TFX 已檢查 2259/2604…
2026-03-02 17:56:47,997 modules.ml_screener [DEBUG] [ML Progress] Stage 2 58% —
 THC 已檢查 2260/2604…
2026-03-02 17:56:47,998 modules.ml_screener [DEBUG] [ML Progress] Stage 2 58% —
 TJX 已檢查 2261/2604…
2026-03-02 17:56:47,998 modules.ml_screener [DEBUG] [ML Progress] Stage 2 58% —
 TK 已檢查 2262/2604…
2026-03-02 17:56:47,998 modules.ml_screener [DEBUG] [ML Progress] Stage 2 58% —
 TIMB 已檢查 2263/2604…
2026-03-02 17:56:47,998 modules.ml_screener [DEBUG] [ML Progress] Stage 2 58% —
 TKC 已檢查 2264/2604…
2026-03-02 17:56:47,998 modules.ml_screener [DEBUG] [ML Progress] Stage 2 58% —
 TKO 已檢查 2265/2604…
2026-03-02 17:56:47,998 modules.ml_screener [DEBUG] [ML Progress] Stage 2 58% —
 TKR 已檢查 2266/2604…
2026-03-02 17:56:47,998 modules.ml_screener [DEBUG] [ML Progress] Stage 2 58% —
 TLK 已檢查 2267/2604…
2026-03-02 17:56:47,998 modules.ml_screener [DEBUG] [ML Progress] Stage 2 58% —
 TILE 已檢查 2268/2604…
2026-03-02 17:56:47,998 modules.ml_screener [DEBUG] [ML Progress] Stage 2 58% —
 TLX 已檢查 2269/2604…
2026-03-02 17:56:47,998 modules.ml_screener [DEBUG] [ML Progress] Stage 2 58% —
 TLRY 已檢查 2270/2604…
2026-03-02 17:56:47,998 modules.ml_screener [DEBUG] [ML Progress] Stage 2 58% —
 TME 已檢查 2271/2604…
2026-03-02 17:56:47,998 modules.ml_screener [DEBUG] [ML Progress] Stage 2 58% —
 TMC 已檢查 2272/2604…
2026-03-02 17:56:47,998 modules.ml_screener [DEBUG] [ML Progress] Stage 2 58% —
 TMO 已檢查 2273/2604…
2026-03-02 17:56:47,998 modules.ml_screener [DEBUG] [ML Progress] Stage 2 58% —
 TMHC 已檢查 2274/2604…
2026-03-02 17:56:47,998 modules.ml_screener [INFO] [ML S2 PASS] TNDM ADR=8.2% $
Vol=$65.2M
2026-03-02 17:56:47,998 modules.ml_screener [DEBUG] [ML Progress] Stage 2 58% —
 TNDM 已檢查 2275/2604…
2026-03-02 17:56:47,998 modules.ml_screener [DEBUG] [ML Progress] Stage 2 58% —
 TMUS 已檢查 2276/2604…
2026-03-02 17:56:47,998 modules.ml_screener [DEBUG] [ML Progress] Stage 2 58% —
 TLN 已檢查 2277/2604…
2026-03-02 17:56:47,998 modules.ml_screener [DEBUG] [ML Progress] Stage 2 58% —
 TNC 已檢查 2278/2604…
2026-03-02 17:56:47,998 modules.ml_screener [DEBUG] [ML Progress] Stage 2 58% —
 TMDX 已檢查 2279/2604…
2026-03-02 17:56:47,998 modules.ml_screener [DEBUG] [ML Progress] Stage 2 58% —
 TNET 已檢查 2280/2604…
2026-03-02 17:56:47,998 modules.ml_screener [DEBUG] [ML Progress] Stage 2 58% —
 TNGX 已檢查 2281/2604…
2026-03-02 17:56:47,998 modules.ml_screener [DEBUG] [ML Progress] Stage 2 58% —
 TNL 已檢查 2282/2604…
2026-03-02 17:56:47,998 modules.ml_screener [DEBUG] [ML Progress] Stage 2 58% —
 TNK 已檢查 2283/2604…
2026-03-02 17:56:47,999 modules.ml_screener [DEBUG] [ML Progress] Stage 2 58% —
 TNXP 已檢查 2284/2604…
2026-03-02 17:56:47,999 modules.ml_screener [DEBUG] [ML Progress] Stage 2 58% —
 TOL 已檢查 2285/2604…
2026-03-02 17:56:47,999 modules.ml_screener [DEBUG] [ML Progress] Stage 2 58% —
 TOWN 已檢查 2286/2604…
2026-03-02 17:56:47,999 modules.ml_screener [DEBUG] [ML Progress] Stage 2 58% —
 TPC 已檢查 2287/2604…
2026-03-02 17:56:47,999 modules.ml_screener [DEBUG] [ML Progress] Stage 2 58% —
 TOST 已檢查 2288/2604…
2026-03-02 17:56:47,999 modules.ml_screener [DEBUG] [ML Progress] Stage 2 58% —
 TPH 已檢查 2289/2604…
2026-03-02 17:56:47,999 modules.ml_screener [DEBUG] [ML Progress] Stage 2 58% —
 TPG 已檢查 2290/2604…
2026-03-02 17:56:47,999 modules.ml_screener [DEBUG] [ML Progress] Stage 2 58% —
 TPR 已檢查 2291/2604…
2026-03-02 17:56:47,999 modules.ml_screener [DEBUG] [ML Progress] Stage 2 58% —
 TREE 已檢查 2292/2604…
2026-03-02 17:56:47,999 modules.ml_screener [DEBUG] [ML Progress] Stage 2 58% —
 TPVG 已檢查 2293/2604…
2026-03-02 17:56:47,999 modules.ml_screener [INFO] [ML S2 PASS] TPL ADR=6.3% $V
ol=$302.4M
2026-03-02 17:56:47,999 modules.ml_screener [DEBUG] [ML Progress] Stage 2 58% —
 TPL 已檢查 2294/2604…
2026-03-02 17:56:47,999 modules.ml_screener [DEBUG] [ML Progress] Stage 2 58% —
 TRGP 已檢查 2295/2604…
2026-03-02 17:56:47,999 modules.ml_screener [DEBUG] [ML Progress] Stage 2 58% —
 TRI 已檢查 2296/2604…
2026-03-02 17:56:47,999 modules.ml_screener [DEBUG] [ML Progress] Stage 2 58% —
 TRIN 已檢查 2297/2604…
2026-03-02 17:56:47,999 modules.ml_screener [DEBUG] [ML Progress] Stage 2 58% —
 TRIP 已檢查 2298/2604…
2026-03-02 17:56:47,999 modules.ml_screener [DEBUG] [ML Progress] Stage 2 58% —
 TRMB 已檢查 2299/2604…
2026-03-02 17:56:47,999 modules.ml_screener [DEBUG] [ML Progress] Stage 2 58% —
 TRN 已檢查 2300/2604…
2026-03-02 17:56:47,999 modules.ml_screener [DEBUG] [ML Progress] Stage 2 58% —
 TRMD 已檢查 2301/2604…
2026-03-02 17:56:47,999 modules.ml_screener [INFO] [ML S2 PASS] TROX ADR=8.8% $
Vol=$35.6M
2026-03-02 17:56:47,999 modules.ml_screener [DEBUG] [ML Progress] Stage 2 58% —
 TROX 已檢查 2302/2604…
2026-03-02 17:56:48,000 modules.ml_screener [DEBUG] [ML Progress] Stage 2 58% —
 TROW 已檢查 2303/2604…
2026-03-02 17:56:48,000 modules.ml_screener [DEBUG] [ML Progress] Stage 2 58% —
 TRP 已檢查 2304/2604…
2026-03-02 17:56:48,000 modules.ml_screener [DEBUG] [ML Progress] Stage 2 58% —
 TRNO 已檢查 2305/2604…
2026-03-02 17:56:48,000 modules.ml_screener [DEBUG] [ML Progress] Stage 2 58% —
 TRMK 已檢查 2306/2604…
2026-03-02 17:56:48,000 modules.ml_screener [DEBUG] [ML Progress] Stage 2 58% —
 TREX 已檢查 2307/2604…
2026-03-02 17:56:48,000 modules.ml_screener [DEBUG] [ML Progress] Stage 2 58% —
 TRS 已檢查 2308/2604…
2026-03-02 17:56:48,000 modules.ml_screener [DEBUG] [ML Progress] Stage 2 58% —
 TRU 已檢查 2309/2604…
2026-03-02 17:56:48,000 modules.ml_screener [DEBUG] [ML Progress] Stage 2 58% —
 TRUP 已檢查 2310/2604…
2026-03-02 17:56:48,000 modules.ml_screener [DEBUG] [ML Progress] Stage 2 58% —
 TRTX 已檢查 2311/2604…
2026-03-02 17:56:48,000 modules.ml_screener [DEBUG] [ML Progress] Stage 2 58% —
 TRV 已檢查 2312/2604…
2026-03-02 17:56:48,000 modules.ml_screener [DEBUG] [ML Progress] Stage 2 58% —
 TS 已檢查 2313/2604…
2026-03-02 17:56:48,000 modules.ml_screener [DEBUG] [ML Progress] Stage 2 58% —
 TSCO 已檢查 2314/2604…
2026-03-02 17:56:48,000 modules.ml_screener [DEBUG] [ML Progress] Stage 2 58% —
 TSLA 已檢查 2315/2604…
2026-03-02 17:56:48,000 modules.ml_screener [DEBUG] [ML Progress] Stage 2 58% —
 TSLX 已檢查 2316/2604…
2026-03-02 17:56:48,000 modules.ml_screener [INFO] [ML S2 PASS] TSEM ADR=6.5% $
Vol=$325.9M
2026-03-02 17:56:48,000 modules.ml_screener [DEBUG] [ML Progress] Stage 2 58% —
 TSEM 已檢查 2317/2604…
2026-03-02 17:56:48,000 modules.ml_screener [DEBUG] [ML Progress] Stage 2 58% —
 TSM 已檢查 2318/2604…
2026-03-02 17:56:48,000 modules.ml_screener [DEBUG] [ML Progress] Stage 2 58% —
 TSN 已檢查 2319/2604…
2026-03-02 17:56:48,001 modules.ml_screener [DEBUG] [ML Progress] Stage 2 58% —
 TRVI 已檢查 2320/2604…
2026-03-02 17:56:48,001 modules.ml_screener [DEBUG] [ML Progress] Stage 2 58% —
 TTD 已檢查 2321/2604…
2026-03-02 17:56:48,001 modules.ml_screener [DEBUG] [ML Progress] Stage 2 58% —
 TTAN 已檢查 2322/2604…
2026-03-02 17:56:48,001 modules.ml_screener [DEBUG] [ML Progress] Stage 2 58% —
 TTC 已檢查 2323/2604…
2026-03-02 17:56:48,001 modules.ml_screener [DEBUG] [ML Progress] Stage 2 58% —
 TTE 已檢查 2324/2604…
2026-03-02 17:56:48,001 modules.ml_screener [DEBUG] [ML Progress] Stage 2 58% —
 TT 已檢查 2325/2604…
2026-03-02 17:56:48,001 modules.ml_screener [INFO] [ML S2 PASS] TTMI ADR=6.7% $
Vol=$242.6M
2026-03-02 17:56:48,001 modules.ml_screener [DEBUG] [ML Progress] Stage 2 58% —
 TTMI 已檢查 2326/2604…
2026-03-02 17:56:48,001 modules.ml_screener [DEBUG] [ML Progress] Stage 2 58% —
 TTI 已檢查 2327/2604…
2026-03-02 17:56:48,001 modules.ml_screener [DEBUG] [ML Progress] Stage 2 58% —
 TTEK 已檢查 2328/2604…
2026-03-02 17:56:48,002 modules.ml_screener [DEBUG] [ML Progress] Stage 2 58% —
 TU 已檢查 2329/2604…
2026-03-02 17:56:48,002 modules.ml_screener [DEBUG] [ML Progress] Stage 2 58% —
 TTWO 已檢查 2330/2604…
2026-03-02 17:56:48,002 modules.ml_screener [INFO] [ML S2 PASS] TXG ADR=7.4% $V
ol=$56.6M
2026-03-02 17:56:48,002 modules.ml_screener [DEBUG] [ML Progress] Stage 2 58% —
 TXG 已檢查 2331/2604…
2026-03-02 17:56:48,002 modules.ml_screener [DEBUG] [ML Progress] Stage 2 58% —
 TSSI 已檢查 2332/2604…
2026-03-02 17:56:48,002 modules.ml_screener [INFO] [ML S2 PASS] TWI ADR=4.6% $V
ol=$6.8M
2026-03-02 17:56:48,002 modules.ml_screener [DEBUG] [ML Progress] Stage 2 58% —
 TWI 已檢查 2333/2604…
2026-03-02 17:56:48,002 modules.ml_screener [DEBUG] [ML Progress] Stage 2 58% —
 TVTX 已檢查 2334/2604…
2026-03-02 17:56:48,002 modules.ml_screener [DEBUG] [ML Progress] Stage 2 58% —
 TWFG 已檢查 2335/2604…
2026-03-02 17:56:48,002 modules.ml_screener [DEBUG] [ML Progress] Stage 2 58% —
 TW 已檢查 2336/2604…
2026-03-02 17:56:48,002 modules.ml_screener [DEBUG] [ML Progress] Stage 2 58% —
 TWLO 已檢查 2337/2604…
2026-03-02 17:56:48,002 modules.ml_screener [DEBUG] [ML Progress] Stage 2 58% —
 TWO 已檢查 2338/2604…
2026-03-02 17:56:48,002 modules.ml_screener [INFO] [ML S2 PASS] TWST ADR=6.2% $
Vol=$78.9M
2026-03-02 17:56:48,002 modules.ml_screener [DEBUG] [ML Progress] Stage 2 58% —
 TWST 已檢查 2339/2604…
2026-03-02 17:56:48,002 modules.ml_screener [DEBUG] [ML Progress] Stage 2 58% —
 TXN 已檢查 2340/2604…
2026-03-02 17:56:48,003 modules.ml_screener [DEBUG] [ML Progress] Stage 2 58% —
 TXNM 已檢查 2341/2604…
2026-03-02 17:56:48,003 modules.ml_screener [DEBUG] [ML Progress] Stage 2 58% —
 TXRH 已檢查 2342/2604…
2026-03-02 17:56:48,003 modules.ml_screener [DEBUG] [ML Progress] Stage 2 58% —
 TXT 已檢查 2343/2604…
2026-03-02 17:56:48,003 modules.ml_screener [DEBUG] [ML Progress] Stage 2 58% —
 TYL 已檢查 2344/2604…
2026-03-02 17:56:48,003 modules.ml_screener [DEBUG] [ML Progress] Stage 2 58% —
 U 已檢查 2345/2604…
2026-03-02 17:56:48,003 modules.ml_screener [INFO] [ML S2 PASS] UAA ADR=5.3% $V
ol=$82.2M
2026-03-02 17:56:48,003 modules.ml_screener [DEBUG] [ML Progress] Stage 2 58% —
 UAA 已檢查 2346/2604…
2026-03-02 17:56:48,003 modules.ml_screener [DEBUG] [ML Progress] Stage 2 58% —
 UBER 已檢查 2347/2604…
2026-03-02 17:56:48,003 modules.ml_screener [DEBUG] [ML Progress] Stage 2 58% —
 UAL 已檢查 2348/2604…
2026-03-02 17:56:48,003 modules.ml_screener [INFO] [ML S2 PASS] UA ADR=5.2% $Vo
l=$28.4M
2026-03-02 17:56:48,003 modules.ml_screener [DEBUG] [ML Progress] Stage 2 58% —
 UA 已檢查 2349/2604…
2026-03-02 17:56:48,003 modules.ml_screener [DEBUG] [ML Progress] Stage 2 58% —
 UBSI 已檢查 2350/2604…
2026-03-02 17:56:48,003 modules.ml_screener [DEBUG] [ML Progress] Stage 2 58% —
 UBS 已檢查 2351/2604…
2026-03-02 17:56:48,003 modules.ml_screener [INFO] [ML S2 PASS] TYRA ADR=9.2% $
Vol=$25.1M
2026-03-02 17:56:48,003 modules.ml_screener [DEBUG] [ML Progress] Stage 2 58% —
 TYRA 已檢查 2352/2604…
2026-03-02 17:56:48,003 modules.ml_screener [DEBUG] [ML Progress] Stage 2 58% —
 UDMY 已檢查 2353/2604…
2026-03-02 17:56:48,003 modules.ml_screener [DEBUG] [ML Progress] Stage 2 58% —
 UCB 已檢查 2354/2604…
2026-03-02 17:56:48,003 modules.ml_screener [INFO] [ML S2 PASS] UAMY ADR=9.9% $
Vol=$95.9M
2026-03-02 17:56:48,003 modules.ml_screener [DEBUG] [ML Progress] Stage 2 58% —
 UAMY 已檢查 2355/2604…
2026-03-02 17:56:48,003 modules.ml_screener [DEBUG] [ML Progress] Stage 2 58% —
 UDR 已檢查 2356/2604…
2026-03-02 17:56:48,003 modules.ml_screener [INFO] [ML S2 PASS] UCTT ADR=8.5% $
Vol=$110.8M
2026-03-02 17:56:48,003 modules.ml_screener [DEBUG] [ML Progress] Stage 2 58% —
 UCTT 已檢查 2357/2604…
2026-03-02 17:56:48,003 modules.ml_screener [DEBUG] [ML Progress] Stage 2 58% —
 UE 已檢查 2358/2604…
2026-03-02 17:56:48,003 modules.ml_screener [DEBUG] [ML Progress] Stage 2 58% —
 UEC 已檢查 2359/2604…
2026-03-02 17:56:48,003 modules.ml_screener [DEBUG] [ML Progress] Stage 2 58% —
 UFPT 已檢查 2360/2604…
2026-03-02 17:56:48,003 modules.ml_screener [DEBUG] [ML Progress] Stage 2 58% —
 UFPI 已檢查 2361/2604…
2026-03-02 17:56:48,003 modules.ml_screener [DEBUG] [ML Progress] Stage 2 58% —
 UGI 已檢查 2362/2604…
2026-03-02 17:56:48,003 modules.ml_screener [DEBUG] [ML Progress] Stage 2 58% —
 UHS 已檢查 2363/2604…
2026-03-02 17:56:48,003 modules.ml_screener [DEBUG] [ML Progress] Stage 2 58% —
 UL 已檢查 2364/2604…
2026-03-02 17:56:48,003 modules.ml_screener [INFO] [ML S2 PASS] UMAC ADR=9.9% $
Vol=$28.9M
2026-03-02 17:56:48,004 modules.ml_screener [DEBUG] [ML Progress] Stage 2 58% —
 UMAC 已檢查 2365/2604…
2026-03-02 17:56:48,004 modules.ml_screener [DEBUG] [ML Progress] Stage 2 58% —
 UGP 已檢查 2366/2604…
2026-03-02 17:56:48,004 modules.ml_screener [DEBUG] [ML Progress] Stage 2 58% —
 ULS 已檢查 2367/2604…
2026-03-02 17:56:48,004 modules.ml_screener [DEBUG] [ML Progress] Stage 2 58% —
 ULTA 已檢查 2368/2604…
2026-03-02 17:56:48,004 modules.ml_screener [DEBUG] [ML Progress] Stage 2 58% —
 UMH 已檢查 2369/2604…
2026-03-02 17:56:48,004 modules.ml_screener [DEBUG] [ML Progress] Stage 2 58% —
 UMC 已檢查 2370/2604…
2026-03-02 17:56:48,004 modules.ml_screener [DEBUG] [ML Progress] Stage 2 58% —
 UMBF 已檢查 2371/2604…
2026-03-02 17:56:48,004 modules.ml_screener [DEBUG] [ML Progress] Stage 2 58% —
 UNCY 已檢查 2372/2604…
2026-03-02 17:56:48,004 modules.ml_screener [DEBUG] [ML Progress] Stage 2 58% —
 UNFI 已檢查 2373/2604…
2026-03-02 17:56:48,004 modules.ml_screener [DEBUG] [ML Progress] Stage 2 58% —
 UNH 已檢查 2374/2604…
2026-03-02 17:56:48,004 modules.ml_screener [DEBUG] [ML Progress] Stage 2 58% —
 UNIT 已檢查 2375/2604…
2026-03-02 17:56:48,004 modules.ml_screener [DEBUG] [ML Progress] Stage 2 58% —
 UNM 已檢查 2376/2604…
2026-03-02 17:56:48,004 modules.ml_screener [DEBUG] [ML Progress] Stage 2 58% —
 UNP 已檢查 2377/2604…
2026-03-02 17:56:48,004 modules.ml_screener [DEBUG] [ML Progress] Stage 2 58% —
 UPB 已檢查 2378/2604…
2026-03-02 17:56:48,004 modules.ml_screener [DEBUG] [ML Progress] Stage 2 58% —
 UPS 已檢查 2379/2604…
2026-03-02 17:56:48,004 modules.ml_screener [DEBUG] [ML Progress] Stage 2 58% —
 UPST 已檢查 2380/2604…
2026-03-02 17:56:48,004 modules.ml_screener [DEBUG] [ML Progress] Stage 2 58% —
 UPWK 已檢查 2381/2604…
2026-03-02 17:56:48,004 modules.ml_screener [INFO] [ML S2 PASS] UPBD ADR=5.1% $
Vol=$17.4M
2026-03-02 17:56:48,004 modules.ml_screener [DEBUG] [ML Progress] Stage 2 58% —
 UPBD 已檢查 2382/2604…
2026-03-02 17:56:48,004 modules.ml_screener [DEBUG] [ML Progress] Stage 2 58% —
 URI 已檢查 2383/2604…
2026-03-02 17:56:48,004 modules.ml_screener [DEBUG] [ML Progress] Stage 2 58% —
 USA 已檢查 2384/2604…
2026-03-02 17:56:48,004 modules.ml_screener [DEBUG] [ML Progress] Stage 2 58% —
 URBN 已檢查 2385/2604…
2026-03-02 17:56:48,004 modules.ml_screener [DEBUG] [ML Progress] Stage 2 58% —
 USAR 已檢查 2386/2604…
2026-03-02 17:56:48,004 modules.ml_screener [INFO] [ML S2 PASS] USAS ADR=8.4% $
Vol=$57.8M
2026-03-02 17:56:48,004 modules.ml_screener [DEBUG] [ML Progress] Stage 2 59% —
 USAS 已檢查 2387/2604…
2026-03-02 17:56:48,004 modules.ml_screener [DEBUG] [ML Progress] Stage 2 59% —
 USB 已檢查 2388/2604…
2026-03-02 17:56:48,004 modules.ml_screener [DEBUG] [ML Progress] Stage 2 59% —
 USFD 已檢查 2389/2604…
2026-03-02 17:56:48,004 modules.ml_screener [INFO] [ML S2 PASS] UUUU ADR=8.7% $
Vol=$273.7M
2026-03-02 17:56:48,004 modules.ml_screener [DEBUG] [ML Progress] Stage 2 59% —
 UUUU 已檢查 2390/2604…
2026-03-02 17:56:48,004 modules.ml_screener [DEBUG] [ML Progress] Stage 2 59% —
 UTF 已檢查 2391/2604…
2026-03-02 17:56:48,004 modules.ml_screener [DEBUG] [ML Progress] Stage 2 59% —
 UTZ 已檢查 2392/2604…
2026-03-02 17:56:48,004 modules.ml_screener [INFO] [ML S2 PASS] USAU ADR=6.2% $
Vol=$6.5M
2026-03-02 17:56:48,004 modules.ml_screener [DEBUG] [ML Progress] Stage 2 59% —
 USAU 已檢查 2393/2604…
2026-03-02 17:56:48,004 modules.ml_screener [DEBUG] [ML Progress] Stage 2 59% —
 UTHR 已檢查 2394/2604…
2026-03-02 17:56:48,005 modules.ml_screener [DEBUG] [ML Progress] Stage 2 59% —
 V 已檢查 2395/2604…
2026-03-02 17:56:48,005 modules.ml_screener [DEBUG] [ML Progress] Stage 2 59% —
 URGN 已檢查 2396/2604…
2026-03-02 17:56:48,005 modules.ml_screener [DEBUG] [ML Progress] Stage 2 59% —
 VC 已檢查 2397/2604…
2026-03-02 17:56:48,005 modules.ml_screener [DEBUG] [ML Progress] Stage 2 59% —
 VCEL 已檢查 2398/2604…
2026-03-02 17:56:48,005 modules.ml_screener [DEBUG] [ML Progress] Stage 2 59% —
 VALE 已檢查 2399/2604…
2026-03-02 17:56:48,005 modules.ml_screener [DEBUG] [ML Progress] Stage 2 59% —
 VCTR 已檢查 2400/2604…
2026-03-02 17:56:48,005 modules.ml_screener [DEBUG] [ML Progress] Stage 2 59% —
 UTI 已檢查 2401/2604…
2026-03-02 17:56:48,005 modules.ml_screener [DEBUG] [ML Progress] Stage 2 59% —
 VECO 已檢查 2402/2604…
2026-03-02 17:56:48,005 modules.ml_screener [INFO] [ML S2 PASS] VAL ADR=6.9% $V
ol=$232.1M
2026-03-02 17:56:48,005 modules.ml_screener [DEBUG] [ML Progress] Stage 2 59% —
 VAL 已檢查 2403/2604…
2026-03-02 17:56:48,005 modules.ml_screener [DEBUG] [ML Progress] Stage 2 59% —
 VELO 已檢查 2404/2604…
2026-03-02 17:56:48,005 modules.ml_screener [DEBUG] [ML Progress] Stage 2 59% —
 VEEV 已檢查 2405/2604…
2026-03-02 17:56:48,005 modules.ml_screener [DEBUG] [ML Progress] Stage 2 59% —
 VCYT 已檢查 2406/2604…
2026-03-02 17:56:48,005 modules.ml_screener [INFO] [ML S2 PASS] VFC ADR=4.2% $V
ol=$137.0M
2026-03-02 17:56:48,006 modules.ml_screener [DEBUG] [ML Progress] Stage 2 59% —
 VFC 已檢查 2407/2604…
2026-03-02 17:56:48,007 modules.ml_screener [DEBUG] [ML Progress] Stage 2 59% —
 VAC 已檢查 2408/2604…
2026-03-02 17:56:48,007 modules.ml_screener [DEBUG] [ML Progress] Stage 2 59% —
 VERX 已檢查 2409/2604…
2026-03-02 17:56:48,007 modules.ml_screener [DEBUG] [ML Progress] Stage 2 59% —
 VET 已檢查 2410/2604…
2026-03-02 17:56:48,007 modules.ml_screener [DEBUG] [ML Progress] Stage 2 59% —
 VERA 已檢查 2411/2604…
2026-03-02 17:56:48,007 modules.ml_screener [INFO] [ML S2 PASS] VIAV ADR=5.7% $
Vol=$140.1M
2026-03-02 17:56:48,007 modules.ml_screener [DEBUG] [ML Progress] Stage 2 59% —
 VIAV 已檢查 2412/2604…
2026-03-02 17:56:48,007 modules.ml_screener [DEBUG] [ML Progress] Stage 2 59% —
 VIA 已檢查 2413/2604…
2026-03-02 17:56:48,007 modules.ml_screener [DEBUG] [ML Progress] Stage 2 59% —
 VICI 已檢查 2414/2604…
2026-03-02 17:56:48,007 modules.ml_screener [DEBUG] [ML Progress] Stage 2 59% —
 VIK 已檢查 2415/2604…
2026-03-02 17:56:48,007 modules.ml_screener [INFO] [ML S2 PASS] VICR ADR=9.9% $
Vol=$127.4M
2026-03-02 17:56:48,007 modules.ml_screener [DEBUG] [ML Progress] Stage 2 59% —
 VICR 已檢查 2416/2604…
2026-03-02 17:56:48,007 modules.ml_screener [DEBUG] [ML Progress] Stage 2 59% —
 VIPS 已檢查 2417/2604…
2026-03-02 17:56:48,007 modules.ml_screener [INFO] [ML S2 PASS] VIR ADR=7.4% $V
ol=$48.8M
2026-03-02 17:56:48,007 modules.ml_screener [DEBUG] [ML Progress] Stage 2 59% —
 VIR 已檢查 2418/2604…
2026-03-02 17:56:48,008 modules.ml_screener [DEBUG] [ML Progress] Stage 2 59% —
 VG 已檢查 2419/2604…
2026-03-02 17:56:48,008 modules.ml_screener [DEBUG] [ML Progress] Stage 2 59% —
 VIRT 已檢查 2420/2604…
2026-03-02 17:56:48,008 modules.ml_screener [DEBUG] [ML Progress] Stage 2 59% —
 VISN 已檢查 2421/2604…
2026-03-02 17:56:48,008 modules.ml_screener [DEBUG] [ML Progress] Stage 2 59% —
 VITL 已檢查 2422/2604…
2026-03-02 17:56:48,008 modules.ml_screener [DEBUG] [ML Progress] Stage 2 59% —
 VIST 已檢查 2423/2604…
2026-03-02 17:56:48,008 modules.ml_screener [DEBUG] [ML Progress] Stage 2 59% —
 VIV 已檢查 2424/2604…
2026-03-02 17:56:48,008 modules.ml_screener [DEBUG] [ML Progress] Stage 2 59% —
 VLO 已檢查 2425/2604…
2026-03-02 17:56:48,008 modules.ml_screener [DEBUG] [ML Progress] Stage 2 59% —
 VLRS 已檢查 2426/2604…
2026-03-02 17:56:48,008 modules.ml_screener [DEBUG] [ML Progress] Stage 2 59% —
 VMC 已檢查 2427/2604…
2026-03-02 17:56:48,008 modules.ml_screener [DEBUG] [ML Progress] Stage 2 59% —
 VLTO 已檢查 2428/2604…
2026-03-02 17:56:48,008 modules.ml_screener [DEBUG] [ML Progress] Stage 2 59% —
 VLY 已檢查 2429/2604…
2026-03-02 17:56:48,008 modules.ml_screener [DEBUG] [ML Progress] Stage 2 59% —
 VNET 已檢查 2430/2604…
2026-03-02 17:56:48,008 modules.ml_screener [DEBUG] [ML Progress] Stage 2 59% —
 VNOM 已檢查 2431/2604…
2026-03-02 17:56:48,008 modules.ml_screener [INFO] [ML S2 PASS] VNDA ADR=7.7% $
Vol=$34.4M
2026-03-02 17:56:48,008 modules.ml_screener [DEBUG] [ML Progress] Stage 2 59% —
 VNDA 已檢查 2432/2604…
2026-03-02 17:56:48,008 modules.ml_screener [DEBUG] [ML Progress] Stage 2 59% —
 VNO 已檢查 2433/2604…
2026-03-02 17:56:48,008 modules.ml_screener [DEBUG] [ML Progress] Stage 2 59% —
 VKTX 已檢查 2434/2604…
2026-03-02 17:56:48,008 modules.ml_screener [DEBUG] [ML Progress] Stage 2 59% —
 VOXR 已檢查 2435/2604…
2026-03-02 17:56:48,008 modules.ml_screener [DEBUG] [ML Progress] Stage 2 59% —
 VOD 已檢查 2436/2604…
2026-03-02 17:56:48,008 modules.ml_screener [DEBUG] [ML Progress] Stage 2 59% —
 VOYG 已檢查 2437/2604…
2026-03-02 17:56:48,008 modules.ml_screener [DEBUG] [ML Progress] Stage 2 59% —
 VOYA 已檢查 2438/2604…
2026-03-02 17:56:48,008 modules.ml_screener [INFO] [ML S2 PASS] VSAT ADR=6.8% $
Vol=$79.8M
2026-03-02 17:56:48,008 modules.ml_screener [DEBUG] [ML Progress] Stage 2 59% —
 VSAT 已檢查 2439/2604…
2026-03-02 17:56:48,008 modules.ml_screener [DEBUG] [ML Progress] Stage 2 59% —
 VRDN 已檢查 2440/2604…
2026-03-02 17:56:48,011 modules.ml_screener [INFO] [ML S2 PASS] VRT ADR=5.4% $V
ol=$1583.6M
2026-03-02 17:56:48,011 modules.ml_screener [DEBUG] [ML Progress] Stage 2 59% —
 VRT 已檢查 2441/2604…
2026-03-02 17:56:48,011 modules.ml_screener [DEBUG] [ML Progress] Stage 2 59% —
 VRE 已檢查 2442/2604…
2026-03-02 17:56:48,012 modules.ml_screener [DEBUG] [ML Progress] Stage 2 59% —
 VNT 已檢查 2443/2604…
2026-03-02 17:56:48,012 modules.ml_screener [DEBUG] [ML Progress] Stage 2 59% —
 VRNS 已檢查 2444/2604…
2026-03-02 17:56:48,012 modules.ml_screener [DEBUG] [ML Progress] Stage 2 59% —
 VRRM 已檢查 2445/2604…
2026-03-02 17:56:48,012 modules.ml_screener [DEBUG] [ML Progress] Stage 2 59% —
 VRSN 已檢查 2446/2604…
2026-03-02 17:56:48,012 modules.ml_screener [INFO] [ML S2 PASS] VSCO ADR=5.5% $
Vol=$99.5M
2026-03-02 17:56:48,012 modules.ml_screener [DEBUG] [ML Progress] Stage 2 59% —
 VSCO 已檢查 2447/2604…
2026-03-02 17:56:48,012 modules.ml_screener [DEBUG] [ML Progress] Stage 2 59% —
 VOR 已檢查 2448/2604…
2026-03-02 17:56:48,012 modules.ml_screener [DEBUG] [ML Progress] Stage 2 59% —
 VRSK 已檢查 2449/2604…
2026-03-02 17:56:48,012 modules.ml_screener [DEBUG] [ML Progress] Stage 2 59% —
 VRTX 已檢查 2450/2604…
2026-03-02 17:56:48,012 modules.ml_screener [DEBUG] [ML Progress] Stage 2 59% —
 VSNT 已檢查 2451/2604…
2026-03-02 17:56:48,012 modules.ml_screener [INFO] [ML S2 PASS] VSH ADR=4.5% $V
ol=$53.8M
2026-03-02 17:56:48,012 modules.ml_screener [DEBUG] [ML Progress] Stage 2 59% —
 VSH 已檢查 2452/2604…
2026-03-02 17:56:48,012 modules.ml_screener [DEBUG] [ML Progress] Stage 2 59% —
 VSTM 已檢查 2453/2604…
2026-03-02 17:56:48,012 modules.ml_screener [DEBUG] [ML Progress] Stage 2 59% —
 VTR 已檢查 2454/2604…
2026-03-02 17:56:48,012 modules.ml_screener [DEBUG] [ML Progress] Stage 2 59% —
 VTS 已檢查 2455/2604…
2026-03-02 17:56:48,012 modules.ml_screener [INFO] [ML S2 PASS] VSEC ADR=5.3% $
Vol=$168.0M
2026-03-02 17:56:48,012 modules.ml_screener [DEBUG] [ML Progress] Stage 2 59% —
 VSEC 已檢查 2456/2604…
2026-03-02 17:56:48,012 modules.ml_screener [DEBUG] [ML Progress] Stage 2 59% —
 VTRS 已檢查 2457/2604…
2026-03-02 17:56:48,012 modules.ml_screener [DEBUG] [ML Progress] Stage 2 59% —
 VTYX 已檢查 2458/2604…
2026-03-02 17:56:48,012 modules.ml_screener [INFO] [ML S2 PASS] VVX ADR=4.9% $V
ol=$34.0M
2026-03-02 17:56:48,012 modules.ml_screener [DEBUG] [ML Progress] Stage 2 59% —
 VVX 已檢查 2459/2604…
2026-03-02 17:56:48,012 modules.ml_screener [DEBUG] [ML Progress] Stage 2 59% —
 VVV 已檢查 2460/2604…
2026-03-02 17:56:48,012 modules.ml_screener [INFO] [ML S2 PASS] VSTS ADR=6.2% $
Vol=$18.2M
2026-03-02 17:56:48,012 modules.ml_screener [DEBUG] [ML Progress] Stage 2 59% —
 VSTS 已檢查 2461/2604…
2026-03-02 17:56:48,012 modules.ml_screener [DEBUG] [ML Progress] Stage 2 59% —
 VYX 已檢查 2462/2604…
2026-03-02 17:56:48,012 modules.ml_screener [DEBUG] [ML Progress] Stage 2 59% —
 VST 已檢查 2463/2604…
2026-03-02 17:56:48,012 modules.ml_screener [DEBUG] [ML Progress] Stage 2 59% —
 VZ 已檢查 2464/2604…
2026-03-02 17:56:48,012 modules.ml_screener [DEBUG] [ML Progress] Stage 2 59% —
 W 已檢查 2465/2604…
2026-03-02 17:56:48,012 modules.ml_screener [DEBUG] [ML Progress] Stage 2 59% —
 WAB 已檢查 2466/2604…
2026-03-02 17:56:48,012 modules.ml_screener [DEBUG] [ML Progress] Stage 2 59% —
 WAFD 已檢查 2467/2604…
2026-03-02 17:56:48,012 modules.ml_screener [DEBUG] [ML Progress] Stage 2 59% —
 WAL 已檢查 2468/2604…
2026-03-02 17:56:48,012 modules.ml_screener [DEBUG] [ML Progress] Stage 2 59% —
 WAT 已檢查 2469/2604…
2026-03-02 17:56:48,012 modules.ml_screener [DEBUG] [ML Progress] Stage 2 59% —
 WB 已檢查 2470/2604…
2026-03-02 17:56:48,012 modules.ml_screener [DEBUG] [ML Progress] Stage 2 59% —
 WAY 已檢查 2471/2604…
2026-03-02 17:56:48,012 modules.ml_screener [DEBUG] [ML Progress] Stage 2 59% —
 WBI 已檢查 2472/2604…
2026-03-02 17:56:48,012 modules.ml_screener [DEBUG] [ML Progress] Stage 2 59% —
 WBD 已檢查 2473/2604…
2026-03-02 17:56:48,012 modules.ml_screener [DEBUG] [ML Progress] Stage 2 59% —
 WBS 已檢查 2474/2604…
2026-03-02 17:56:48,013 modules.ml_screener [INFO] [ML S2 PASS] WDC ADR=7.0% $V
ol=$3177.6M
2026-03-02 17:56:48,013 modules.ml_screener [DEBUG] [ML Progress] Stage 2 59% —
 WDC 已檢查 2475/2604…
2026-03-02 17:56:48,013 modules.ml_screener [DEBUG] [ML Progress] Stage 2 59% —
 WCN 已檢查 2476/2604…
2026-03-02 17:56:48,013 modules.ml_screener [DEBUG] [ML Progress] Stage 2 59% —
 WCC 已檢查 2477/2604…
2026-03-02 17:56:48,013 modules.ml_screener [DEBUG] [ML Progress] Stage 2 59% —
 WDAY 已檢查 2478/2604…
2026-03-02 17:56:48,013 modules.ml_screener [DEBUG] [ML Progress] Stage 2 59% —
 WD 已檢查 2479/2604…
2026-03-02 17:56:48,013 modules.ml_screener [DEBUG] [ML Progress] Stage 2 59% —
 WDS 已檢查 2480/2604…
2026-03-02 17:56:48,013 modules.ml_screener [DEBUG] [ML Progress] Stage 2 59% —
 WEC 已檢查 2481/2604…
2026-03-02 17:56:48,014 modules.ml_screener [DEBUG] [ML Progress] Stage 2 59% —
 WEAV 已檢查 2482/2604…
2026-03-02 17:56:48,014 modules.ml_screener [DEBUG] [ML Progress] Stage 2 59% —
 WELL 已檢查 2483/2604…
2026-03-02 17:56:48,014 modules.ml_screener [DEBUG] [ML Progress] Stage 2 59% —
 WEX 已檢查 2484/2604…
2026-03-02 17:56:48,014 modules.ml_screener [DEBUG] [ML Progress] Stage 2 59% —
 WFC 已檢查 2485/2604…
2026-03-02 17:56:48,014 modules.ml_screener [DEBUG] [ML Progress] Stage 2 59% —
 WES 已檢查 2486/2604…
2026-03-02 17:56:48,014 modules.ml_screener [DEBUG] [ML Progress] Stage 2 59% —
 WEN 已檢查 2487/2604…
2026-03-02 17:56:48,014 modules.ml_screener [INFO] [ML S2 PASS] WERN ADR=5.0% $
Vol=$52.4M
2026-03-02 17:56:48,014 modules.ml_screener [DEBUG] [ML Progress] Stage 2 59% —
 WERN 已檢查 2488/2604…
2026-03-02 17:56:48,014 modules.ml_screener [DEBUG] [ML Progress] Stage 2 59% —
 WFRD 已檢查 2489/2604…
2026-03-02 17:56:48,014 modules.ml_screener [DEBUG] [ML Progress] Stage 2 59% —
 WGO 已檢查 2490/2604…
2026-03-02 17:56:48,014 modules.ml_screener [DEBUG] [ML Progress] Stage 2 59% —
 WGS 已檢查 2491/2604…
2026-03-02 17:56:48,014 modules.ml_screener [DEBUG] [ML Progress] Stage 2 59% —
 WH 已檢查 2492/2604…
2026-03-02 17:56:48,014 modules.ml_screener [DEBUG] [ML Progress] Stage 2 59% —
 WHR 已檢查 2493/2604…
2026-03-02 17:56:48,014 modules.ml_screener [DEBUG] [ML Progress] Stage 2 59% —
 WING 已檢查 2494/2604…
2026-03-02 17:56:48,014 modules.ml_screener [DEBUG] [ML Progress] Stage 2 59% —
 WIX 已檢查 2495/2604…
2026-03-02 17:56:48,014 modules.ml_screener [DEBUG] [ML Progress] Stage 2 59% —
 WK 已檢查 2496/2604…
2026-03-02 17:56:48,014 modules.ml_screener [DEBUG] [ML Progress] Stage 2 59% —
 WKC 已檢查 2497/2604…
2026-03-02 17:56:48,014 modules.ml_screener [DEBUG] [ML Progress] Stage 2 59% —
 WLAC 已檢查 2498/2604…
2026-03-02 17:56:48,014 modules.ml_screener [INFO] [ML S2 PASS] WHD ADR=4.4% $V
ol=$61.3M
2026-03-02 17:56:48,014 modules.ml_screener [DEBUG] [ML Progress] Stage 2 59% —
 WHD 已檢查 2499/2604…
2026-03-02 17:56:48,014 modules.ml_screener [DEBUG] [ML Progress] Stage 2 59% —
 WLDN 已檢查 2500/2604…
2026-03-02 17:56:48,014 modules.ml_screener [INFO] [ML S2 PASS] WLK ADR=5.3% $V
ol=$141.8M
2026-03-02 17:56:48,014 modules.ml_screener [DEBUG] [ML Progress] Stage 2 59% —
 WLK 已檢查 2501/2604…
2026-03-02 17:56:48,014 modules.ml_screener [DEBUG] [ML Progress] Stage 2 59% —
 WLTH 已檢查 2502/2604…
2026-03-02 17:56:48,014 modules.ml_screener [DEBUG] [ML Progress] Stage 2 59% —
 WM 已檢查 2503/2604…
2026-03-02 17:56:48,014 modules.ml_screener [DEBUG] [ML Progress] Stage 2 59% —
 WMB 已檢查 2504/2604…
2026-03-02 17:56:48,014 modules.ml_screener [DEBUG] [ML Progress] Stage 2 59% —
 WMG 已檢查 2505/2604…
2026-03-02 17:56:48,014 modules.ml_screener [DEBUG] [ML Progress] Stage 2 59% —
 WMS 已檢查 2506/2604…
2026-03-02 17:56:48,014 modules.ml_screener [DEBUG] [ML Progress] Stage 2 59% —
 WNC 已檢查 2507/2604…
2026-03-02 17:56:48,014 modules.ml_screener [DEBUG] [ML Progress] Stage 2 59% —
 WOLF 已檢查 2508/2604…
2026-03-02 17:56:48,014 modules.ml_screener [DEBUG] [ML Progress] Stage 2 59% —
 WMT 已檢查 2509/2604…
2026-03-02 17:56:48,014 modules.ml_screener [DEBUG] [ML Progress] Stage 2 59% —
 WPM 已檢查 2510/2604…
2026-03-02 17:56:48,017 modules.ml_screener [DEBUG] [ML Progress] Stage 2 59% —
 WPC 已檢查 2511/2604…
2026-03-02 17:56:48,017 modules.ml_screener [DEBUG] [ML Progress] Stage 2 59% —
 WPP 已檢查 2512/2604…
2026-03-02 17:56:48,017 modules.ml_screener [DEBUG] [ML Progress] Stage 2 59% —
 WRBY 已檢查 2513/2604…
2026-03-02 17:56:48,017 modules.ml_screener [DEBUG] [ML Progress] Stage 2 59% —
 WRD 已檢查 2514/2604…
2026-03-02 17:56:48,017 modules.ml_screener [DEBUG] [ML Progress] Stage 2 59% —
 WRB 已檢查 2515/2604…
2026-03-02 17:56:48,017 modules.ml_screener [DEBUG] [ML Progress] Stage 2 59% —
 WSBC 已檢查 2516/2604…
2026-03-02 17:56:48,017 modules.ml_screener [DEBUG] [ML Progress] Stage 2 59% —
 WSFS 已檢查 2517/2604…
2026-03-02 17:56:48,017 modules.ml_screener [DEBUG] [ML Progress] Stage 2 59% —
 WSM 已檢查 2518/2604…
2026-03-02 17:56:48,017 modules.ml_screener [DEBUG] [ML Progress] Stage 2 59% —
 WSO 已檢查 2519/2604…
2026-03-02 17:56:48,017 modules.ml_screener [DEBUG] [ML Progress] Stage 2 59% —
 WST 已檢查 2520/2604…
2026-03-02 17:56:48,017 modules.ml_screener [DEBUG] [ML Progress] Stage 2 59% —
 WT 已檢查 2521/2604…
2026-03-02 17:56:48,017 modules.ml_screener [DEBUG] [ML Progress] Stage 2 59% —
 WTFC 已檢查 2522/2604…
2026-03-02 17:56:48,017 modules.ml_screener [DEBUG] [ML Progress] Stage 2 59% —
 WSC 已檢查 2523/2604…
2026-03-02 17:56:48,017 modules.ml_screener [DEBUG] [ML Progress] Stage 2 59% —
 WTRG 已檢查 2524/2604…
2026-03-02 17:56:48,017 modules.ml_screener [DEBUG] [ML Progress] Stage 2 59% —
 WTW 已檢查 2525/2604…
2026-03-02 17:56:48,017 modules.ml_screener [INFO] [ML S2 PASS] WULF ADR=10.3% 
$Vol=$613.6M
2026-03-02 17:56:48,017 modules.ml_screener [DEBUG] [ML Progress] Stage 2 59% —
 WULF 已檢查 2526/2604…
2026-03-02 17:56:48,017 modules.ml_screener [DEBUG] [ML Progress] Stage 2 59% —
 WU 已檢查 2527/2604…
2026-03-02 17:56:48,017 modules.ml_screener [INFO] [ML S2 PASS] WTTR ADR=5.4% $
Vol=$25.2M
2026-03-02 17:56:48,017 modules.ml_screener [DEBUG] [ML Progress] Stage 2 59% —
 WTTR 已檢查 2528/2604…
2026-03-02 17:56:48,017 modules.ml_screener [INFO] [ML S2 PASS] WVE ADR=5.9% $V
ol=$35.5M
2026-03-02 17:56:48,017 modules.ml_screener [DEBUG] [ML Progress] Stage 2 59% —
 WVE 已檢查 2529/2604…
2026-03-02 17:56:48,017 modules.ml_screener [DEBUG] [ML Progress] Stage 2 59% —
 WWW 已檢查 2530/2604…
2026-03-02 17:56:48,017 modules.ml_screener [DEBUG] [ML Progress] Stage 2 59% —
 WWD 已檢查 2531/2604…
2026-03-02 17:56:48,017 modules.ml_screener [DEBUG] [ML Progress] Stage 2 59% —
 WY 已檢查 2532/2604…
2026-03-02 17:56:48,017 modules.ml_screener [DEBUG] [ML Progress] Stage 2 59% —
 WYFI 已檢查 2533/2604…
2026-03-02 17:56:48,017 modules.ml_screener [DEBUG] [ML Progress] Stage 2 59% —
 WYNN 已檢查 2534/2604…
2026-03-02 17:56:48,017 modules.ml_screener [DEBUG] [ML Progress] Stage 2 59% —
 XEL 已檢查 2535/2604…
2026-03-02 17:56:48,017 modules.ml_screener [DEBUG] [ML Progress] Stage 2 59% —
 XHR 已檢查 2536/2604…
2026-03-02 17:56:48,017 modules.ml_screener [DEBUG] [ML Progress] Stage 2 59% —
 XERS 已檢查 2537/2604…
2026-03-02 17:56:48,017 modules.ml_screener [DEBUG] [ML Progress] Stage 2 59% —
 XIFR 已檢查 2538/2604…
2026-03-02 17:56:48,017 modules.ml_screener [DEBUG] [ML Progress] Stage 2 59% —
 XNCR 已檢查 2539/2604…
2026-03-02 17:56:48,018 modules.ml_screener [DEBUG] [ML Progress] Stage 2 59% —
 XOM 已檢查 2540/2604…
2026-03-02 17:56:48,018 modules.ml_screener [DEBUG] [ML Progress] Stage 2 59% —
 XMTR 已檢查 2541/2604…
2026-03-02 17:56:48,018 modules.ml_screener [INFO] [ML S2 PASS] XPRO ADR=5.8% $
Vol=$18.7M
2026-03-02 17:56:48,018 modules.ml_screener [DEBUG] [ML Progress] Stage 2 59% —
 XPRO 已檢查 2542/2604…
2026-03-02 17:56:48,018 modules.ml_screener [DEBUG] [ML Progress] Stage 2 59% —
 XPEL 已檢查 2543/2604…
2026-03-02 17:56:48,018 modules.ml_screener [DEBUG] [ML Progress] Stage 2 59% —
 XPEV 已檢查 2544/2604…
2026-03-02 17:56:48,018 modules.ml_screener [INFO] [ML S2 PASS] XPO ADR=4.3% $V
ol=$502.6M
2026-03-02 17:56:48,020 modules.ml_screener [DEBUG] [ML Progress] Stage 2 59% —
 XPO 已檢查 2545/2604…
2026-03-02 17:56:48,020 modules.ml_screener [DEBUG] [ML Progress] Stage 2 59% —
 XPER 已檢查 2546/2604…
2026-03-02 17:56:48,020 modules.ml_screener [INFO] [ML S2 PASS] XRAY ADR=5.3% $
Vol=$73.4M
2026-03-02 17:56:48,020 modules.ml_screener [DEBUG] [ML Progress] Stage 2 59% —
 XRAY 已檢查 2547/2604…
2026-03-02 17:56:48,020 modules.ml_screener [DEBUG] [ML Progress] Stage 2 59% —
 XP 已檢查 2548/2604…
2026-03-02 17:56:48,020 modules.ml_screener [DEBUG] [ML Progress] Stage 2 59% —
 XENE 已檢查 2549/2604…
2026-03-02 17:56:48,020 modules.ml_screener [DEBUG] [ML Progress] Stage 2 59% —
 XYL 已檢查 2550/2604…
2026-03-02 17:56:48,020 modules.ml_screener [DEBUG] [ML Progress] Stage 2 59% —
 XYZ 已檢查 2551/2604…
2026-03-02 17:56:48,020 modules.ml_screener [DEBUG] [ML Progress] Stage 2 59% —
 XXI 已檢查 2552/2604…
2026-03-02 17:56:48,020 modules.ml_screener [DEBUG] [ML Progress] Stage 2 59% —
 XWIN 已檢查 2553/2604…
2026-03-02 17:56:48,021 modules.ml_screener [DEBUG] [ML Progress] Stage 2 59% —
 XZO 已檢查 2554/2604…
2026-03-02 17:56:48,021 modules.ml_screener [DEBUG] [ML Progress] Stage 2 59% —
 YELP 已檢查 2555/2604…
2026-03-02 17:56:48,021 modules.ml_screener [DEBUG] [ML Progress] Stage 2 59% —
 YETI 已檢查 2556/2604…
2026-03-02 17:56:48,021 modules.ml_screener [INFO] [ML S2 PASS] YOU ADR=5.6% $V
ol=$80.9M
2026-03-02 17:56:48,021 modules.ml_screener [DEBUG] [ML Progress] Stage 2 59% —
 YOU 已檢查 2557/2604…
2026-03-02 17:56:48,021 modules.ml_screener [DEBUG] [ML Progress] Stage 2 59% —
 YEXT 已檢查 2558/2604…
2026-03-02 17:56:48,021 modules.ml_screener [DEBUG] [ML Progress] Stage 2 59% —
 YMM 已檢查 2559/2604…
2026-03-02 17:56:48,021 modules.ml_screener [DEBUG] [ML Progress] Stage 2 59% —
 YPF 已檢查 2560/2604…
2026-03-02 17:56:48,021 modules.ml_screener [DEBUG] [ML Progress] Stage 2 59% —
 YUM 已檢查 2561/2604…
2026-03-02 17:56:48,021 modules.ml_screener [DEBUG] [ML Progress] Stage 2 59% —
 YUMC 已檢查 2562/2604…
2026-03-02 17:56:48,021 modules.ml_screener [DEBUG] [ML Progress] Stage 2 59% —
 Z 已檢查 2563/2604…
2026-03-02 17:56:48,021 modules.ml_screener [DEBUG] [ML Progress] Stage 2 59% —
 ZBH 已檢查 2564/2604…
2026-03-02 17:56:48,021 modules.ml_screener [DEBUG] [ML Progress] Stage 2 59% —
 ZBRA 已檢查 2565/2604…
2026-03-02 17:56:48,021 modules.ml_screener [DEBUG] [ML Progress] Stage 2 59% —
 ZD 已檢查 2566/2604…
2026-03-02 17:56:48,021 modules.ml_screener [DEBUG] [ML Progress] Stage 2 59% —
 ZETA 已檢查 2567/2604…
2026-03-02 17:56:48,021 modules.ml_screener [DEBUG] [ML Progress] Stage 2 59% —
 ZG 已檢查 2568/2604…
2026-03-02 17:56:48,021 modules.ml_screener [DEBUG] [ML Progress] Stage 2 59% —
 ZIM 已檢查 2569/2604…
2026-03-02 17:56:48,021 modules.ml_screener [DEBUG] [ML Progress] Stage 2 59% —
 ZGN 已檢查 2570/2604…
2026-03-02 17:56:48,021 modules.ml_screener [DEBUG] [ML Progress] Stage 2 59% —
 ZION 已檢查 2571/2604…
2026-03-02 17:56:48,021 modules.ml_screener [DEBUG] [ML Progress] Stage 2 59% —
 ZLAB 已檢查 2572/2604…
2026-03-02 17:56:48,021 modules.ml_screener [DEBUG] [ML Progress] Stage 2 59% —
 ZTO 已檢查 2573/2604…
2026-03-02 17:56:48,021 modules.ml_screener [DEBUG] [ML Progress] Stage 2 59% —
 ZTS 已檢查 2574/2604…
2026-03-02 17:56:48,021 modules.ml_screener [DEBUG] [ML Progress] Stage 2 59% —
 ZS 已檢查 2575/2604…
2026-03-02 17:56:48,021 modules.ml_screener [DEBUG] [ML Progress] Stage 2 59% —
 ZBIO 已檢查 2576/2604…
2026-03-02 17:56:48,021 modules.ml_screener [DEBUG] [ML Progress] Stage 2 59% —
 ZM 已檢查 2577/2604…
2026-03-02 17:56:48,021 modules.ml_screener [DEBUG] [ML Progress] Stage 2 59% —
 ZURA 已檢查 2578/2604…
2026-03-02 17:56:48,021 modules.ml_screener [DEBUG] [ML Progress] Stage 2 59% —
 ZVRA 已檢查 2579/2604…
2026-03-02 17:56:48,021 modules.ml_screener [DEBUG] [ML Progress] Stage 2 59% —
 ZWS 已檢查 2580/2604…
2026-03-02 17:56:48,021 modules.ml_screener [DEBUG] [ML Progress] Stage 2 59% —
 ZYME 已檢查 2581/2604…
2026-03-02 17:56:48,023 modules.ml_screener [DEBUG] [ML Progress] Stage 2 62% —
  317 通過 ADR/EMA/動量過濾
2026-03-02 17:56:48,023 modules.ml_screener [INFO] [ML Stage2] 317 / 2604 passe
d
Traceback (most recent call last):
  File "C:\Users\kellywan\Saved Games\SEPA-StockLab\test_ml_mini.py", line 22, 
in <module>
    df_passed, df_all = run_ml_scan(
                        ~~~~~~~~~~~^
        verbose=True,
        ^^^^^^^^^^^^^
    ...<2 lines>...
        scanner_mode="standard"
        ^^^^^^^^^^^^^^^^^^^^^^^
    )
    ^
  File "C:\Users\kellywan\Saved Games\SEPA-StockLab\modules\ml_screener.py", li
ne 751, in run_ml_scan
    ticker_to_channel = {r["ticker"]: r.get("channel", "") for r in candidates}
                         ~^^^^^^^^^^
TypeError: string indices must be integers, not 'str'
[DEBUG] Starting mini ML scan test...
[DEBUG] Start time: 2026-03-02T17:55:23.571506


[DEBUG] ERROR: string indices must be integers, not 'str'
